[INFO] Scanning for projects...
[INFO] 
[INFO] ----------------------< com.starter:spring-boot >-----------------------
[INFO] Building spring-boot 1.0-SNAPSHOT
[INFO]   from pom.xml
[INFO] --------------------------------[ jar ]---------------------------------
[WARNING] The artifact org.hibernate:hibernate-jpamodelgen:jar:6.2.5.Final has been relocated to org.hibernate.orm:hibernate-jpamodelgen:jar:6.2.5.Final
[INFO] 
[INFO] --- clean:3.3.2:clean (default-clean) @ spring-boot ---
[INFO] Deleting C:\Users\Rahul.S\OneDrive\Desktop\spring-boot-otp\target
[INFO] 
[INFO] --- spring-boot:3.2.3:build-info (default) @ spring-boot ---
[INFO] 
[INFO] --- resources:3.3.1:resources (default-resources) @ spring-boot ---
[INFO] Copying 12 resources from src\main\resources to target\classes
[INFO] 
[INFO] --- compiler:3.11.0:compile (default-compile) @ spring-boot ---
[INFO] Changes detected - recompiling the module! :source
[INFO] Compiling 110 source files with javac [debug release 17] to target\classes
[INFO] Hibernate JPA 2 Static-Metamodel Generator 6.2.5.Final
[INFO] 
[INFO] --- resources:3.3.1:testResources (default-testResources) @ spring-boot ---
[INFO] skip non existing resourceDirectory C:\Users\Rahul.S\OneDrive\Desktop\spring-boot-otp\src\test\resources
[INFO] 
[INFO] --- compiler:3.11.0:testCompile (default-testCompile) @ spring-boot ---
[INFO] Changes detected - recompiling the module! :dependency
[INFO] Compiling 23 source files with javac [debug release 17] to target\test-classes
[INFO] Hibernate JPA 2 Static-Metamodel Generator 6.2.5.Final
[INFO] /C:/Users/Rahul.S/OneDrive/Desktop/spring-boot-otp/src/test/java/com/starter/springboot/service/PasswordChangeAuthorizationServiceTest.java: Some input files use unchecked or unsafe operations.
[INFO] /C:/Users/Rahul.S/OneDrive/Desktop/spring-boot-otp/src/test/java/com/starter/springboot/service/PasswordChangeAuthorizationServiceTest.java: Recompile with -Xlint:unchecked for details.
[INFO] 
[INFO] --- surefire:3.1.2:test (default-test) @ spring-boot ---
[INFO] Using auto detected provider org.apache.maven.surefire.junitplatform.JUnitPlatformProvider
[INFO] 
[INFO] -------------------------------------------------------
[INFO]  T E S T S
[INFO] -------------------------------------------------------
[INFO] Running com.starter.springboot.config.SecurityConfigurationTest
12:58:24.564 [main] INFO org.springframework.test.context.support.AnnotationConfigContextLoaderUtils -- Could not detect default configuration classes for test class [com.starter.springboot.config.SecurityConfigurationTest]: SecurityConfigurationTest does not declare any static, non-private, non-final, nested classes annotated with @Configuration.
12:58:25.011 [main] INFO org.springframework.boot.test.context.SpringBootTestContextBootstrapper -- Found @SpringBootConfiguration com.starter.springboot.Application for test class com.starter.springboot.config.SecurityConfigurationTest

  .   ____          _            __ _ _
 /\\ / ___'_ __ _ _(_)_ __  __ _ \ \ \ \
( ( )\___ | '_ | '_| | '_ \/ _` | \ \ \ \
 \\/  ___)| |_)| | | | | || (_| |  ) ) ) )
  '  |____| .__|_| |_|_| |_\__, | / / / /
 =========|_|==============|___/=/_/_/_/
 :: Spring Boot ::                (v3.2.3)

2025-12-05 12:58:26 - [] - [] - Starting SecurityConfigurationTest using Java 17.0.9 with PID 28648 (started by Rahul.S in C:\Users\Rahul.S\OneDrive\Desktop\spring-boot-otp)
2025-12-05 12:58:26 - [] - [] - The following 1 profile is active: "dev"
2025-12-05 12:58:26 - [] - [] - Loading source class com.starter.springboot.Application
2025-12-05 12:58:26 - [] - [] - Refreshing org.springframework.web.context.support.GenericWebApplicationContext@253b380a
2025-12-05 12:58:31 - [] - [] - Multiple Spring Data modules found, entering strict repository configuration mode
2025-12-05 12:58:31 - [] - [] - Bootstrapping Spring Data JPA repositories in DEFAULT mode.
2025-12-05 12:58:31 - [] - [] - @EnableAutoConfiguration was declared on a class in the package 'com.starter.springboot'. Automatic @Repository and @Entity scanning is enabled.
2025-12-05 12:58:31 - [] - [] - Finished Spring Data repository scanning in 544 ms. Found 5 JPA repository interfaces.
2025-12-05 12:58:31 - [] - [] - Multiple Spring Data modules found, entering strict repository configuration mode
2025-12-05 12:58:31 - [] - [] - Bootstrapping Spring Data Redis repositories in DEFAULT mode.
2025-12-05 12:58:31 - [] - [] - Spring Data Redis - Could not safely identify store assignment for repository candidate interface com.starter.springboot.repository.AuthorityRepository; If you want this repository to be a Redis repository, consider annotating your entities with one of these annotations: org.springframework.data.redis.core.RedisHash (preferred), or consider extending one of the following types with your repository: org.springframework.data.keyvalue.repository.KeyValueRepository
2025-12-05 12:58:31 - [] - [] - Spring Data Redis - Could not safely identify store assignment for repository candidate interface com.starter.springboot.repository.OtpAuditEntryRepository; If you want this repository to be a Redis repository, consider annotating your entities with one of these annotations: org.springframework.data.redis.core.RedisHash (preferred), or consider extending one of the following types with your repository: org.springframework.data.keyvalue.repository.KeyValueRepository
2025-12-05 12:58:31 - [] - [] - Spring Data Redis - Could not safely identify store assignment for repository candidate interface com.starter.springboot.repository.RefreshTokenRepository; If you want this repository to be a Redis repository, consider annotating your entities with one of these annotations: org.springframework.data.redis.core.RedisHash (preferred), or consider extending one of the following types with your repository: org.springframework.data.keyvalue.repository.KeyValueRepository
2025-12-05 12:58:31 - [] - [] - Spring Data Redis - Could not safely identify store assignment for repository candidate interface com.starter.springboot.repository.RoleRepository; If you want this repository to be a Redis repository, consider annotating your entities with one of these annotations: org.springframework.data.redis.core.RedisHash (preferred), or consider extending one of the following types with your repository: org.springframework.data.keyvalue.repository.KeyValueRepository
2025-12-05 12:58:31 - [] - [] - Spring Data Redis - Could not safely identify store assignment for repository candidate interface com.starter.springboot.repository.UserRepository; If you want this repository to be a Redis repository, consider annotating your entities with one of these annotations: org.springframework.data.redis.core.RedisHash (preferred), or consider extending one of the following types with your repository: org.springframework.data.keyvalue.repository.KeyValueRepository
2025-12-05 12:58:31 - [] - [] - Finished Spring Data repository scanning in 34 ms. Found 0 Redis repository interfaces.
2025-12-05 12:58:38 - [] - [] - No LoadTimeWeaver setup: ignoring JPA class transformer
2025-12-05 12:58:38 - [] - [] - MySQL Local Connection - Starting...
2025-12-05 12:58:38 - [] - [] - MySQL Local Connection - Added connection com.mysql.cj.jdbc.ConnectionImpl@7641c4e7
2025-12-05 12:58:38 - [] - [] - MySQL Local Connection - Start completed.
2025-12-05 12:58:39 - [] - [] - HHH90000025: MySQL8Dialect does not need to be specified explicitly using 'hibernate.dialect' (remove the property setting and it will be selected by default)
2025-12-05 12:58:39 - [] - [] - HHH90000026: MySQL8Dialect has been deprecated; use org.hibernate.dialect.MySQLDialect instead
2025-12-05 12:58:42 - [] - [] - Initialized JPA EntityManagerFactory for persistence unit 'default'
2025-12-05 12:58:43 - [] - [] - Hibernate is in classpath; If applicable, HQL parser will be used.
2025-12-05 12:58:46 - [] - [] - 15 mappings in 'requestMappingHandlerMapping'
2025-12-05 12:58:47 - [] - [] - Patterns [/webjars/**, /**, /swagger-ui*/*swagger-initializer.js, /swagger-ui*/**] in 'resourceHandlerMapping'
2025-12-05 12:58:48 - [] - [] - Exposing 10 endpoint(s) beneath base path '/actuator'
2025-12-05 12:58:49 - [] - [] - Will secure any request with [org.springframework.security.web.session.DisableEncodeUrlFilter@2a673ee8, org.springframework.security.web.context.request.async.WebAsyncManagerIntegrationFilter@3177221b, org.springframework.security.web.context.SecurityContextHolderFilter@7e9bb52f, org.springframework.security.web.header.HeaderWriterFilter@2d589ced, org.springframework.web.filter.CorsFilter@ec7c39b, org.springframework.security.web.authentication.logout.LogoutFilter@463b865b, com.starter.springboot.security.jwt.JWTFilter@21890674, com.starter.springboot.config.MDCFilter@6fd77c16, org.springframework.security.web.savedrequest.RequestCacheAwareFilter@2f6a923d, org.springframework.security.web.servletapi.SecurityContextHolderAwareRequestFilter@18e5b50, org.springframework.security.web.authentication.AnonymousAuthenticationFilter@320aecd3, org.springframework.security.web.session.SessionManagementFilter@5a5ba7ff, org.springframework.security.web.access.ExceptionTranslationFilter@4d27716b, org.springframework.security.web.access.intercept.AuthorizationFilter@644e2230]
2025-12-05 12:58:49 - [] - [] - ControllerAdvice beans: 0 @ModelAttribute, 0 @InitBinder, 1 RequestBodyAdvice, 1 ResponseBodyAdvice
2025-12-05 12:58:51 - [] - [] - Mapping filters: webMvcObservationFilter urls=[/*] order=-2147483647, springSecurityFilterChain urls=[/*] order=-100, characterEncodingFilter urls=[/*] order=-2147483648, formContentFilter urls=[/*] order=-9900, requestContextFilter urls=[/*] order=-105, mdcFilter urls=[/*] order=2147483647
2025-12-05 12:58:51 - [] - [] - Mapping servlets: 
2025-12-05 12:58:51 - [] - [] - Filter 'characterEncodingFilter' configured for use
2025-12-05 12:58:51 - [] - [] - Filter 'webMvcObservationFilter' configured for use
2025-12-05 12:58:51 - [] - [] - Filter 'formContentFilter' configured for use
2025-12-05 12:58:51 - [] - [] - Filter 'requestContextFilter' configured for use
2025-12-05 12:58:51 - [] - [] - Filter 'springSecurityFilterChain' configured for use
2025-12-05 12:58:51 - [] - [] - Initializing Spring TestDispatcherServlet ''
2025-12-05 12:58:51 - [] - [] - Initializing Servlet ''
2025-12-05 12:58:51 - [] - [] - Completed initialization in 2 ms
2025-12-05 12:58:51 - [] - [] - Started SecurityConfigurationTest in 25.981 seconds (process running for 29.339)
2025-12-05 12:58:51 - [] - [] - Application availability state LivenessState changed to CORRECT
2025-12-05 12:58:51 - [] - [] - Application availability state ReadinessState changed to ACCEPTING_TRAFFIC
2025-12-05 12:58:51 - [] - [] - No token found in request
2025-12-05 12:58:51 - [7ff3ba25-7c79-4e2f-a6bb-fb5d54137993] - [anonymous] - Mapped to ResourceHttpRequestHandler [classpath [META-INF/resources/], classpath [resources/], classpath [static/], classpath [public/], ServletContext [/]]
2025-12-05 12:58:51 - [7ff3ba25-7c79-4e2f-a6bb-fb5d54137993] - [anonymous] - Resource not found
2025-12-05 12:58:51 - [7ff3ba25-7c79-4e2f-a6bb-fb5d54137993] - [anonymous] - Unhandled exception: NoResourceFoundException - No static resource api/public/test.
2025-12-05 12:58:51 - [7ff3ba25-7c79-4e2f-a6bb-fb5d54137993] - [anonymous] - Using 'application/json', given [*/*] and supported [application/json, application/*+json]
2025-12-05 12:58:51 - [7ff3ba25-7c79-4e2f-a6bb-fb5d54137993] - [anonymous] - Writing [ErrorResponse[timestamp=2025-12-05T07:28:51.848349800Z, status=500, error=Internal Server Error, mes (truncated)...]
2025-12-05 12:58:52 - [] - [] - No token found in request
2025-12-05 12:58:52 - [] - [] - No token found in request
2025-12-05 12:58:52 - [9134883d-d360-41ae-8f8b-e28e3cf39af5] - [anonymous] - Mapped to com.starter.springboot.controller.AuthenticationController#authorize(LoginDTO)
2025-12-05 12:58:52 - [9134883d-d360-41ae-8f8b-e28e3cf39af5] - [anonymous] - Read "application/json;charset=UTF-8" to [com.starter.springboot.dto.LoginDTO@3dd1bec8]
2025-12-05 12:58:52 - [9134883d-d360-41ae-8f8b-e28e3cf39af5] - [anonymous] - Using 'application/json', given [*/*] and supported [application/json, application/*+json]
2025-12-05 12:58:52 - [9134883d-d360-41ae-8f8b-e28e3cf39af5] - [anonymous] - Writing [ErrorResponse[timestamp=2025-12-05T07:28:52.384683Z, status=400, error=Bad Request, message=Validati (truncated)...]
2025-12-05 12:58:52 - [] - [] - No token found in request
2025-12-05 12:58:53 - [] - [] - No token found in request
2025-12-05 12:58:53 - [a78888ca-8754-4138-a3ee-dc0466bf28af] - [user] - Mapped to com.starter.springboot.controller.GreetingController#hello()
2025-12-05 12:58:53 - [a78888ca-8754-4138-a3ee-dc0466bf28af] - [user] - Using 'application/json', given [*/*] and supported [application/json]
2025-12-05 12:58:53 - [a78888ca-8754-4138-a3ee-dc0466bf28af] - [user] - Writing [{message=Hello World!, timestamp=2025-12-05T07:28:53.103607900Z, status=SUCCESS}]
2025-12-05 12:58:53 - [] - [] - No token found in request
2025-12-05 12:58:53 - [50c3189b-a5d1-4c60-b24e-ec59ac75cdad] - [user] - Mapped to Actuator web endpoint 'health'
2025-12-05 12:58:53 - [50c3189b-a5d1-4c60-b24e-ec59ac75cdad] - [user] - Read "application/octet-stream" to []
2025-12-05 12:58:54 - [] - [] - Redis health check failed
org.springframework.data.redis.RedisConnectionFailureException: Unable to connect to Redis
	at org.springframework.data.redis.connection.lettuce.LettuceConnectionFactory$ExceptionTranslatingConnectionProvider.translateException(LettuceConnectionFactory.java:1795)
	at org.springframework.data.redis.connection.lettuce.LettuceConnectionFactory$ExceptionTranslatingConnectionProvider.getConnection(LettuceConnectionFactory.java:1726)
	at org.springframework.data.redis.connection.lettuce.LettuceConnectionFactory$SharedConnection.getNativeConnection(LettuceConnectionFactory.java:1528)
	at org.springframework.data.redis.connection.lettuce.LettuceConnectionFactory$SharedConnection.lambda$getConnection$0(LettuceConnectionFactory.java:1508)
	at org.springframework.data.redis.connection.lettuce.LettuceConnectionFactory.doInLock(LettuceConnectionFactory.java:1469)
	at org.springframework.data.redis.connection.lettuce.LettuceConnectionFactory$SharedConnection.getConnection(LettuceConnectionFactory.java:1505)
	at org.springframework.data.redis.connection.lettuce.LettuceConnectionFactory.getSharedReactiveConnection(LettuceConnectionFactory.java:1216)
	at org.springframework.data.redis.connection.lettuce.LettuceConnectionFactory.getReactiveConnection(LettuceConnectionFactory.java:1091)
	at org.springframework.data.redis.connection.lettuce.LettuceConnectionFactory.getReactiveConnection(LettuceConnectionFactory.java:118)
	at reactor.core.publisher.MonoSupplier.call(MonoSupplier.java:67)
	at reactor.core.publisher.FluxSubscribeOnCallable$CallableSubscribeOnSubscription.run(FluxSubscribeOnCallable.java:228)
	at reactor.core.scheduler.SchedulerTask.call(SchedulerTask.java:68)
	at reactor.core.scheduler.SchedulerTask.call(SchedulerTask.java:28)
	at java.base/java.util.concurrent.FutureTask.run(FutureTask.java:264)
	at java.base/java.util.concurrent.ScheduledThreadPoolExecutor$ScheduledFutureTask.run(ScheduledThreadPoolExecutor.java:304)
	at java.base/java.util.concurrent.ThreadPoolExecutor.runWorker(ThreadPoolExecutor.java:1136)
	at java.base/java.util.concurrent.ThreadPoolExecutor$Worker.run(ThreadPoolExecutor.java:635)
	at java.base/java.lang.Thread.run(Thread.java:840)
Caused by: org.springframework.data.redis.connection.PoolException: Could not get a resource from the pool
	at org.springframework.data.redis.connection.lettuce.LettucePoolingConnectionProvider.getConnection(LettucePoolingConnectionProvider.java:104)
	at org.springframework.data.redis.connection.lettuce.LettuceConnectionFactory$ExceptionTranslatingConnectionProvider.getConnection(LettuceConnectionFactory.java:1724)
	... 16 common frames omitted
Caused by: io.lettuce.core.RedisConnectionException: Unable to connect to localhost/<unresolved>:6379
	at io.lettuce.core.RedisConnectionException.create(RedisConnectionException.java:78)
	at io.lettuce.core.RedisConnectionException.create(RedisConnectionException.java:56)
	at io.lettuce.core.AbstractRedisClient.getConnection(AbstractRedisClient.java:350)
	at io.lettuce.core.RedisClient.connect(RedisClient.java:215)
	at org.springframework.data.redis.connection.lettuce.StandaloneConnectionProvider.lambda$getConnection$1(StandaloneConnectionProvider.java:112)
	at java.base/java.util.Optional.orElseGet(Optional.java:364)
	at org.springframework.data.redis.connection.lettuce.StandaloneConnectionProvider.getConnection(StandaloneConnectionProvider.java:112)
	at org.springframework.data.redis.connection.lettuce.LettucePoolingConnectionProvider.lambda$getConnection$0(LettucePoolingConnectionProvider.java:93)
	at io.lettuce.core.support.ConnectionPoolSupport$RedisPooledObjectFactory.create(ConnectionPoolSupport.java:211)
	at io.lettuce.core.support.ConnectionPoolSupport$RedisPooledObjectFactory.create(ConnectionPoolSupport.java:201)
	at org.apache.commons.pool2.BasePooledObjectFactory.makeObject(BasePooledObjectFactory.java:71)
	at org.apache.commons.pool2.impl.GenericObjectPool.create(GenericObjectPool.java:566)
	at org.apache.commons.pool2.impl.GenericObjectPool.borrowObject(GenericObjectPool.java:306)
	at org.apache.commons.pool2.impl.GenericObjectPool.borrowObject(GenericObjectPool.java:233)
	at io.lettuce.core.support.ConnectionPoolSupport$1.borrowObject(ConnectionPoolSupport.java:122)
	at io.lettuce.core.support.ConnectionPoolSupport$1.borrowObject(ConnectionPoolSupport.java:117)
	at org.springframework.data.redis.connection.lettuce.LettucePoolingConnectionProvider.getConnection(LettucePoolingConnectionProvider.java:99)
	... 17 common frames omitted
Caused by: io.netty.channel.AbstractChannel$AnnotatedConnectException: Connection refused: no further information: localhost/127.0.0.1:6379: localhost/127.0.0.1:6379
Caused by: java.net.ConnectException: Connection refused: no further information: localhost/127.0.0.1:6379
	at java.base/sun.nio.ch.Net.pollConnect(Native Method)
	at java.base/sun.nio.ch.Net.pollConnectNow(Net.java:672)
	at java.base/sun.nio.ch.SocketChannelImpl.finishConnect(SocketChannelImpl.java:946)
	at io.netty.channel.socket.nio.NioSocketChannel.doFinishConnect(NioSocketChannel.java:337)
	at io.netty.channel.nio.AbstractNioChannel$AbstractNioUnsafe.finishConnect(AbstractNioChannel.java:335)
	at io.netty.channel.nio.NioEventLoop.processSelectedKey(NioEventLoop.java:776)
	at io.netty.channel.nio.NioEventLoop.processSelectedKeysOptimized(NioEventLoop.java:724)
	at io.netty.channel.nio.NioEventLoop.processSelectedKeys(NioEventLoop.java:650)
	at io.netty.channel.nio.NioEventLoop.run(NioEventLoop.java:562)
	at io.netty.util.concurrent.SingleThreadEventExecutor$4.run(SingleThreadEventExecutor.java:997)
	at io.netty.util.internal.ThreadExecutorMap$2.run(ThreadExecutorMap.java:74)
	at io.netty.util.concurrent.FastThreadLocalRunnable.run(FastThreadLocalRunnable.java:30)
	at java.base/java.lang.Thread.run(Thread.java:840)
2025-12-05 12:58:54 - [50c3189b-a5d1-4c60-b24e-ec59ac75cdad] - [user] - Using 'application/vnd.spring-boot.actuator.v3+json', given [*/*] and supported [application/vnd.spring-boot.actuator.v3+json, application/vnd.spring-boot.actuator.v2+json, application/json]
2025-12-05 12:58:54 - [50c3189b-a5d1-4c60-b24e-ec59ac75cdad] - [user] - Writing [org.springframework.boot.actuate.health.SystemHealth@400bb27]
2025-12-05 12:58:54 - [] - [] - No token found in request
2025-12-05 12:58:54 - [e51bb01b-8725-42c2-b3b7-43f9844171b9] - [anonymous] - Mapped to org.springdoc.webmvc.api.OpenApiWebMvcResource#openapiJson(HttpServletRequest, String, Locale)
2025-12-05 12:58:56 - [e51bb01b-8725-42c2-b3b7-43f9844171b9] - [anonymous] - Init duration for springdoc-openapi is: 2088 ms
2025-12-05 12:58:56 - [e51bb01b-8725-42c2-b3b7-43f9844171b9] - [anonymous] - Using 'application/json', given [*/*] and supported [application/json]
2025-12-05 12:58:56 - [e51bb01b-8725-42c2-b3b7-43f9844171b9] - [anonymous] - Writing [{123, 34, 111, 112, 101, 110, 97, 112, 105, 34, 58, 34, 51, 46, 48, 46, 49, 34, 44, 34, 105, 110, 10 (truncated)...]
2025-12-05 12:58:56 - [] - [] - No token found in request
2025-12-05 12:58:56 - [32750301-1d87-45e1-854a-6e22ca788a08] - [anonymous] - Mapped to com.starter.springboot.controller.AuthenticationController#authorize(LoginDTO)
2025-12-05 12:58:56 - [32750301-1d87-45e1-854a-6e22ca788a08] - [anonymous] - Read "application/json;charset=UTF-8" to [com.starter.springboot.dto.LoginDTO@195368e2]
2025-12-05 12:58:56 - [32750301-1d87-45e1-854a-6e22ca788a08] - [anonymous] - Using 'application/json', given [*/*] and supported [application/json, application/*+json]
2025-12-05 12:58:56 - [32750301-1d87-45e1-854a-6e22ca788a08] - [anonymous] - Writing [ErrorResponse[timestamp=2025-12-05T07:28:56.449092500Z, status=400, error=Bad Request, message=Valid (truncated)...]
2025-12-05 12:58:56 - [] - [] - No token found in request
2025-12-05 12:58:56 - [fd581397-018b-4822-aa57-ee992e1b25ee] - [anonymous] - Mapped to ResourceHttpRequestHandler [classpath [META-INF/resources/], classpath [resources/], classpath [static/], classpath [public/], ServletContext [/]]
2025-12-05 12:58:56 - [fd581397-018b-4822-aa57-ee992e1b25ee] - [anonymous] - Resource not found
2025-12-05 12:58:56 - [fd581397-018b-4822-aa57-ee992e1b25ee] - [anonymous] - Unhandled exception: NoResourceFoundException - No static resource .
2025-12-05 12:58:56 - [fd581397-018b-4822-aa57-ee992e1b25ee] - [anonymous] - Using 'application/json', given [*/*] and supported [application/json, application/*+json]
2025-12-05 12:58:56 - [fd581397-018b-4822-aa57-ee992e1b25ee] - [anonymous] - Writing [ErrorResponse[timestamp=2025-12-05T07:28:56.495764300Z, status=500, error=Internal Server Error, mes (truncated)...]
2025-12-05 12:58:56 - [] - [] - No token found in request
[INFO] Tests run: 22, Failures: 0, Errors: 0, Skipped: 0, Time elapsed: 32.60 s -- in com.starter.springboot.config.SecurityConfigurationTest
[INFO] Running com.starter.springboot.controller.AuthenticationControllerTest
2025-12-05 12:58:57 - [] - [] - 4 mappings in org.springframework.web.servlet.mvc.method.annotation.RequestMappingHandlerMapping
2025-12-05 12:58:57 - [] - [] - ControllerAdvice beans: 0 @ModelAttribute, 0 @InitBinder, 1 RequestBodyAdvice, 1 ResponseBodyAdvice
2025-12-05 12:58:57 - [] - [] - Initializing Spring TestDispatcherServlet ''
2025-12-05 12:58:57 - [] - [] - Initializing Servlet ''
2025-12-05 12:58:57 - [] - [] - Completed initialization in 2 ms
2025-12-05 12:58:57 - [] - [] - Mapped to com.starter.springboot.controller.AuthenticationController#verifyOtp(VerifyTokenRequestDTO)
2025-12-05 12:58:57 - [] - [] - Read "application/json" to [com.starter.springboot.dto.VerifyTokenRequestDTO@2a76555a]
2025-12-05 12:58:57 - [] - [] - OTP validation failed for user: diona.smith with status INVALID
2025-12-05 12:58:57 - [] - [] - Using 'application/json', given [*/*] and supported [application/json, application/*+json]
2025-12-05 12:58:57 - [] - [] - Writing [AuthResponseDTO[username=diona.smith, status=FAILED, message=Invalid OTP provided., otpRequired=fals (truncated)...]
2025-12-05 12:58:57 - [] - [] - 4 mappings in org.springframework.web.servlet.mvc.method.annotation.RequestMappingHandlerMapping
2025-12-05 12:58:57 - [] - [] - ControllerAdvice beans: 0 @ModelAttribute, 0 @InitBinder, 1 RequestBodyAdvice, 1 ResponseBodyAdvice
2025-12-05 12:58:57 - [] - [] - Initializing Spring TestDispatcherServlet ''
2025-12-05 12:58:57 - [] - [] - Initializing Servlet ''
2025-12-05 12:58:57 - [] - [] - Completed initialization in 0 ms
2025-12-05 12:58:57 - [] - [] - Mapped to com.starter.springboot.controller.AuthenticationController#refreshToken(RefreshTokenRequestDTO)
2025-12-05 12:58:57 - [] - [] - Read "application/json" to [RefreshTokenRequestDTO[refreshToken=expired-refresh-token]]
2025-12-05 12:58:57 - [] - [] - Token refresh failed: Invalid refresh token
2025-12-05 12:58:57 - [] - [] - Using 'application/json', given [*/*] and supported [application/json, application/*+json]
2025-12-05 12:58:57 - [] - [] - Writing [AuthResponseDTO[username=null, status=FAILED, message=Invalid refresh token, otpRequired=false, toke (truncated)...]
2025-12-05 12:58:57 - [] - [] - 4 mappings in org.springframework.web.servlet.mvc.method.annotation.RequestMappingHandlerMapping
2025-12-05 12:58:57 - [] - [] - ControllerAdvice beans: 0 @ModelAttribute, 0 @InitBinder, 1 RequestBodyAdvice, 1 ResponseBodyAdvice
2025-12-05 12:58:57 - [] - [] - Initializing Spring TestDispatcherServlet ''
2025-12-05 12:58:57 - [] - [] - Initializing Servlet ''
2025-12-05 12:58:57 - [] - [] - Completed initialization in 0 ms
2025-12-05 12:58:57 - [] - [] - Mapped to com.starter.springboot.controller.AuthenticationController#googleOAuth(GoogleTokenDTO)
2025-12-05 12:58:57 - [] - [] - Read "application/json" to [com.starter.springboot.dto.GoogleTokenDTO@1f739627]
2025-12-05 12:58:57 - [] - [] - Google OAuth authentication attempt
2025-12-05 12:58:57 - [] - [] - Google OAuth authentication failed: Invalid ID token
2025-12-05 12:58:57 - [] - [] - Using 'application/json', given [*/*] and supported [application/json, application/*+json]
2025-12-05 12:58:57 - [] - [] - Writing [AuthResponseDTO[username=null, status=FAILED, message=Invalid Google ID token, otpRequired=false, to (truncated)...]
2025-12-05 12:58:57 - [] - [] - 4 mappings in org.springframework.web.servlet.mvc.method.annotation.RequestMappingHandlerMapping
2025-12-05 12:58:57 - [] - [] - ControllerAdvice beans: 0 @ModelAttribute, 0 @InitBinder, 1 RequestBodyAdvice, 1 ResponseBodyAdvice
2025-12-05 12:58:57 - [] - [] - Initializing Spring TestDispatcherServlet ''
2025-12-05 12:58:57 - [] - [] - Initializing Servlet ''
2025-12-05 12:58:57 - [] - [] - Completed initialization in 0 ms
2025-12-05 12:58:57 - [] - [] - Mapped to com.starter.springboot.controller.AuthenticationController#googleOAuth(GoogleTokenDTO)
2025-12-05 12:58:57 - [] - [] - Read "application/json" to [com.starter.springboot.dto.GoogleTokenDTO@5dfabe82]
2025-12-05 12:58:57 - [] - [] - Google OAuth authentication attempt
2025-12-05 12:58:57 - [] - [] - Google OAuth authentication successful for user: newuser@gmail.com
2025-12-05 12:58:57 - [] - [] - Using 'application/json', given [*/*] and supported [application/json, application/*+json]
2025-12-05 12:58:57 - [] - [] - Writing [AuthResponseDTO[username=newuser@gmail.com, status=SUCCESS, message=Authentication successful, otpRe (truncated)...]
2025-12-05 12:58:57 - [] - [] - 4 mappings in org.springframework.web.servlet.mvc.method.annotation.RequestMappingHandlerMapping
2025-12-05 12:58:57 - [] - [] - ControllerAdvice beans: 0 @ModelAttribute, 0 @InitBinder, 1 RequestBodyAdvice, 1 ResponseBodyAdvice
2025-12-05 12:58:57 - [] - [] - Initializing Spring TestDispatcherServlet ''
2025-12-05 12:58:57 - [] - [] - Initializing Servlet ''
2025-12-05 12:58:57 - [] - [] - Completed initialization in 1 ms
2025-12-05 12:58:57 - [] - [] - Mapped to com.starter.springboot.controller.AuthenticationController#googleOAuth(GoogleTokenDTO)
2025-12-05 12:58:57 - [] - [] - Read "application/json" to [com.starter.springboot.dto.GoogleTokenDTO@f69187c]
2025-12-05 12:58:57 - [] - [] - Google OAuth authentication attempt
2025-12-05 12:58:57 - [] - [] - Google OAuth authentication failed: Invalid ID token
2025-12-05 12:58:57 - [] - [] - Using 'application/json', given [*/*] and supported [application/json, application/*+json]
2025-12-05 12:58:57 - [] - [] - Writing [AuthResponseDTO[username=null, status=FAILED, message=Invalid Google ID token, otpRequired=false, to (truncated)...]
2025-12-05 12:58:57 - [] - [] - 4 mappings in org.springframework.web.servlet.mvc.method.annotation.RequestMappingHandlerMapping
2025-12-05 12:58:57 - [] - [] - ControllerAdvice beans: 0 @ModelAttribute, 0 @InitBinder, 1 RequestBodyAdvice, 1 ResponseBodyAdvice
2025-12-05 12:58:57 - [] - [] - Initializing Spring TestDispatcherServlet ''
2025-12-05 12:58:57 - [] - [] - Initializing Servlet ''
2025-12-05 12:58:57 - [] - [] - Completed initialization in 0 ms
2025-12-05 12:58:57 - [] - [] - Mapped to com.starter.springboot.controller.AuthenticationController#authorize(LoginDTO)
2025-12-05 12:58:57 - [] - [] - Read "application/json" to [com.starter.springboot.dto.LoginDTO@1849c0af]
2025-12-05 12:58:57 - [] - [] - Authentication attempt for user: diona.smith
2025-12-05 12:58:57 - [] - [] - Authentication failed for user: diona.smith: Account locked
2025-12-05 12:58:57 - [] - [] - Using 'application/json', given [*/*] and supported [application/json, application/*+json]
2025-12-05 12:58:57 - [] - [] - Writing [AuthResponseDTO[username=diona.smith, status=FAILED, message=Account locked, otpRequired=false, toke (truncated)...]
2025-12-05 12:58:57 - [] - [] - 4 mappings in org.springframework.web.servlet.mvc.method.annotation.RequestMappingHandlerMapping
2025-12-05 12:58:57 - [] - [] - ControllerAdvice beans: 0 @ModelAttribute, 0 @InitBinder, 1 RequestBodyAdvice, 1 ResponseBodyAdvice
2025-12-05 12:58:57 - [] - [] - Initializing Spring TestDispatcherServlet ''
2025-12-05 12:58:57 - [] - [] - Initializing Servlet ''
2025-12-05 12:58:57 - [] - [] - Completed initialization in 0 ms
2025-12-05 12:58:57 - [] - [] - Mapped to com.starter.springboot.controller.AuthenticationController#authorize(LoginDTO)
2025-12-05 12:58:57 - [] - [] - Read "application/json" to [com.starter.springboot.dto.LoginDTO@3cb78e36]
2025-12-05 12:58:57 - [] - [] - Authentication attempt for user: diona.smith
2025-12-05 12:58:57 - [] - [] - Authentication failed for user: diona.smith due to bad credentials
2025-12-05 12:58:57 - [] - [] - Using 'application/json', given [*/*] and supported [application/json, application/*+json]
2025-12-05 12:58:57 - [] - [] - Writing [AuthResponseDTO[username=diona.smith, status=FAILED, message=Invalid credentials, otpRequired=false, (truncated)...]
2025-12-05 12:58:57 - [] - [] - 4 mappings in org.springframework.web.servlet.mvc.method.annotation.RequestMappingHandlerMapping
2025-12-05 12:58:57 - [] - [] - ControllerAdvice beans: 0 @ModelAttribute, 0 @InitBinder, 1 RequestBodyAdvice, 1 ResponseBodyAdvice
2025-12-05 12:58:57 - [] - [] - Initializing Spring TestDispatcherServlet ''
2025-12-05 12:58:57 - [] - [] - Initializing Servlet ''
2025-12-05 12:58:57 - [] - [] - Completed initialization in 0 ms
2025-12-05 12:58:57 - [] - [] - Mapped to com.starter.springboot.controller.AuthenticationController#refreshToken(RefreshTokenRequestDTO)
2025-12-05 12:58:57 - [] - [] - Read "application/json" to [RefreshTokenRequestDTO[refreshToken=old-refresh-token-value]]
2025-12-05 12:58:57 - [] - [] - Token refreshed successfully for user: testuser
2025-12-05 12:58:57 - [] - [] - Using 'application/json', given [*/*] and supported [application/json, application/*+json]
2025-12-05 12:58:57 - [] - [] - Writing [AuthResponseDTO[username=testuser, status=SUCCESS, message=Authentication successful, otpRequired=fa (truncated)...]
2025-12-05 12:58:57 - [] - [] - 4 mappings in org.springframework.web.servlet.mvc.method.annotation.RequestMappingHandlerMapping
2025-12-05 12:58:57 - [] - [] - ControllerAdvice beans: 0 @ModelAttribute, 0 @InitBinder, 1 RequestBodyAdvice, 1 ResponseBodyAdvice
2025-12-05 12:58:57 - [] - [] - Initializing Spring TestDispatcherServlet ''
2025-12-05 12:58:57 - [] - [] - Initializing Servlet ''
2025-12-05 12:58:57 - [] - [] - Completed initialization in 0 ms
2025-12-05 12:58:57 - [] - [] - Mapped to com.starter.springboot.controller.AuthenticationController#authorize(LoginDTO)
2025-12-05 12:58:57 - [] - [] - Read "application/json" to [com.starter.springboot.dto.LoginDTO@1f9d6cb3]
2025-12-05 12:58:57 - [] - [] - Authentication attempt for user: diona.smith
2025-12-05 12:58:57 - [] - [] - Authentication completed for user: diona.smith
2025-12-05 12:58:57 - [] - [] - Using 'application/json', given [*/*] and supported [application/json, application/*+json]
2025-12-05 12:58:57 - [] - [] - Writing [AuthResponseDTO[username=diona.smith, status=OTP_PENDING, message=OTP required for authentication, o (truncated)...]
2025-12-05 12:58:57 - [] - [] - 4 mappings in org.springframework.web.servlet.mvc.method.annotation.RequestMappingHandlerMapping
2025-12-05 12:58:57 - [] - [] - ControllerAdvice beans: 0 @ModelAttribute, 0 @InitBinder, 1 RequestBodyAdvice, 1 ResponseBodyAdvice
2025-12-05 12:58:57 - [] - [] - Initializing Spring TestDispatcherServlet ''
2025-12-05 12:58:57 - [] - [] - Initializing Servlet ''
2025-12-05 12:58:57 - [] - [] - Completed initialization in 0 ms
2025-12-05 12:58:57 - [] - [] - Mapped to com.starter.springboot.controller.AuthenticationController#refreshToken(RefreshTokenRequestDTO)
2025-12-05 12:58:57 - [] - [] - Read "application/json" to [RefreshTokenRequestDTO[refreshToken=problematic-token]]
2025-12-05 12:58:57 - [] - [] - Token refresh failed: Database error
2025-12-05 12:58:57 - [] - [] - Using 'application/json', given [*/*] and supported [application/json, application/*+json]
2025-12-05 12:58:57 - [] - [] - Writing [AuthResponseDTO[username=null, status=FAILED, message=Invalid refresh token, otpRequired=false, toke (truncated)...]
2025-12-05 12:58:57 - [] - [] - 4 mappings in org.springframework.web.servlet.mvc.method.annotation.RequestMappingHandlerMapping
2025-12-05 12:58:57 - [] - [] - ControllerAdvice beans: 0 @ModelAttribute, 0 @InitBinder, 1 RequestBodyAdvice, 1 ResponseBodyAdvice
2025-12-05 12:58:57 - [] - [] - Initializing Spring TestDispatcherServlet ''
2025-12-05 12:58:57 - [] - [] - Initializing Servlet ''
2025-12-05 12:58:57 - [] - [] - Completed initialization in 0 ms
2025-12-05 12:58:57 - [] - [] - Mapped to com.starter.springboot.controller.AuthenticationController#verifyOtp(VerifyTokenRequestDTO)
2025-12-05 12:58:57 - [] - [] - Read "application/json" to [com.starter.springboot.dto.VerifyTokenRequestDTO@26ddfb1b]
2025-12-05 12:58:57 - [] - [] - OTP verified successfully for user: diona.smith
2025-12-05 12:58:57 - [] - [] - Using 'application/json', given [*/*] and supported [application/json, application/*+json]
2025-12-05 12:58:57 - [] - [] - Writing [AuthResponseDTO[username=diona.smith, status=SUCCESS, message=Authentication successful, otpRequired (truncated)...]
2025-12-05 12:58:58 - [] - [] - 4 mappings in org.springframework.web.servlet.mvc.method.annotation.RequestMappingHandlerMapping
2025-12-05 12:58:58 - [] - [] - ControllerAdvice beans: 0 @ModelAttribute, 0 @InitBinder, 1 RequestBodyAdvice, 1 ResponseBodyAdvice
2025-12-05 12:58:58 - [] - [] - Initializing Spring TestDispatcherServlet ''
2025-12-05 12:58:58 - [] - [] - Initializing Servlet ''
2025-12-05 12:58:58 - [] - [] - Completed initialization in 0 ms
2025-12-05 12:58:58 - [] - [] - Mapped to com.starter.springboot.controller.AuthenticationController#refreshToken(RefreshTokenRequestDTO)
2025-12-05 12:58:58 - [] - [] - Read "application/json" to [RefreshTokenRequestDTO[refreshToken=null]]
2025-12-05 12:58:58 - [] - [] - Resolved [org.springframework.web.bind.MethodArgumentNotValidException: Validation failed for argument [0] in public org.springframework.http.ResponseEntity<com.starter.springboot.dto.AuthResponseDTO> com.starter.springboot.controller.AuthenticationController.refreshToken(com.starter.springboot.dto.RefreshTokenRequestDTO): [Field error in object 'refreshTokenRequestDTO' on field 'refreshToken': rejected value [null]; codes [NotBlank.refreshTokenRequestDTO.refreshToken,NotBlank.refreshToken,NotBlank.java.lang.String,NotBlank]; arguments [org.springframework.context.support.DefaultMessageSourceResolvable: codes [refreshTokenRequestDTO.refreshToken,refreshToken]; arguments []; default message [refreshToken]]; default message [This field cannot be blank]] ]
2025-12-05 12:58:58 - [] - [] - 4 mappings in org.springframework.web.servlet.mvc.method.annotation.RequestMappingHandlerMapping
2025-12-05 12:58:58 - [] - [] - ControllerAdvice beans: 0 @ModelAttribute, 0 @InitBinder, 1 RequestBodyAdvice, 1 ResponseBodyAdvice
2025-12-05 12:58:58 - [] - [] - Initializing Spring TestDispatcherServlet ''
2025-12-05 12:58:58 - [] - [] - Initializing Servlet ''
2025-12-05 12:58:58 - [] - [] - Completed initialization in 0 ms
2025-12-05 12:58:58 - [] - [] - Mapped to com.starter.springboot.controller.AuthenticationController#authorize(LoginDTO)
2025-12-05 12:58:58 - [] - [] - Read "application/json" to [com.starter.springboot.dto.LoginDTO@3131a06d]
2025-12-05 12:58:58 - [] - [] - Authentication attempt for user: diona.smith
2025-12-05 12:58:58 - [] - [] - Authentication completed for user: diona.smith
2025-12-05 12:58:58 - [] - [] - Using 'application/json', given [*/*] and supported [application/json, application/*+json]
2025-12-05 12:58:58 - [] - [] - Writing [AuthResponseDTO[username=diona.smith, status=SUCCESS, message=null, otpRequired=false, token=com.sta (truncated)...]
2025-12-05 12:58:58 - [] - [] - 4 mappings in org.springframework.web.servlet.mvc.method.annotation.RequestMappingHandlerMapping
2025-12-05 12:58:58 - [] - [] - ControllerAdvice beans: 0 @ModelAttribute, 0 @InitBinder, 1 RequestBodyAdvice, 1 ResponseBodyAdvice
2025-12-05 12:58:58 - [] - [] - Initializing Spring TestDispatcherServlet ''
2025-12-05 12:58:58 - [] - [] - Initializing Servlet ''
2025-12-05 12:58:58 - [] - [] - Completed initialization in 0 ms
2025-12-05 12:58:58 - [] - [] - Mapped to com.starter.springboot.controller.AuthenticationController#refreshToken(RefreshTokenRequestDTO)
2025-12-05 12:58:58 - [] - [] - Read "application/json" to [RefreshTokenRequestDTO[refreshToken=old-refresh-token-value]]
2025-12-05 12:58:58 - [] - [] - Token refreshed successfully for user: diona.smith
2025-12-05 12:58:58 - [] - [] - Using 'application/json', given [*/*] and supported [application/json, application/*+json]
2025-12-05 12:58:58 - [] - [] - Writing [AuthResponseDTO[username=diona.smith, status=SUCCESS, message=Authentication successful, otpRequired (truncated)...]
2025-12-05 12:58:58 - [] - [] - 4 mappings in org.springframework.web.servlet.mvc.method.annotation.RequestMappingHandlerMapping
2025-12-05 12:58:58 - [] - [] - ControllerAdvice beans: 0 @ModelAttribute, 0 @InitBinder, 1 RequestBodyAdvice, 1 ResponseBodyAdvice
2025-12-05 12:58:58 - [] - [] - Initializing Spring TestDispatcherServlet ''
2025-12-05 12:58:58 - [] - [] - Initializing Servlet ''
2025-12-05 12:58:58 - [] - [] - Completed initialization in 0 ms
2025-12-05 12:58:58 - [] - [] - Mapped to com.starter.springboot.controller.AuthenticationController#googleOAuth(GoogleTokenDTO)
2025-12-05 12:58:58 - [] - [] - Read "application/json" to [com.starter.springboot.dto.GoogleTokenDTO@487d4cbb]
2025-12-05 12:58:58 - [] - [] - Google OAuth authentication attempt
2025-12-05 12:58:58 - [] - [] - Google OAuth authentication successful for user: existing@gmail.com
2025-12-05 12:58:58 - [] - [] - Using 'application/json', given [*/*] and supported [application/json, application/*+json]
2025-12-05 12:58:58 - [] - [] - Writing [AuthResponseDTO[username=existing@gmail.com, status=SUCCESS, message=Authentication successful, otpR (truncated)...]
2025-12-05 12:58:58 - [] - [] - 4 mappings in org.springframework.web.servlet.mvc.method.annotation.RequestMappingHandlerMapping
2025-12-05 12:58:58 - [] - [] - ControllerAdvice beans: 0 @ModelAttribute, 0 @InitBinder, 1 RequestBodyAdvice, 1 ResponseBodyAdvice
2025-12-05 12:58:58 - [] - [] - Initializing Spring TestDispatcherServlet ''
2025-12-05 12:58:58 - [] - [] - Initializing Servlet ''
2025-12-05 12:58:58 - [] - [] - Completed initialization in 0 ms
2025-12-05 12:58:58 - [] - [] - Mapped to com.starter.springboot.controller.AuthenticationController#authorize(LoginDTO)
2025-12-05 12:58:58 - [] - [] - Read "application/json" to [com.starter.springboot.dto.LoginDTO@5549bf0]
2025-12-05 12:58:58 - [] - [] - Authentication attempt for user: diona.smith
2025-12-05 12:58:58 - [] - [] - OTP required for user: diona.smith
2025-12-05 12:58:58 - [] - [] - 4 mappings in org.springframework.web.servlet.mvc.method.annotation.RequestMappingHandlerMapping
2025-12-05 12:58:58 - [] - [] - ControllerAdvice beans: 0 @ModelAttribute, 0 @InitBinder, 1 RequestBodyAdvice, 1 ResponseBodyAdvice
2025-12-05 12:58:58 - [] - [] - Initializing Spring TestDispatcherServlet ''
2025-12-05 12:58:58 - [] - [] - Initializing Servlet ''
2025-12-05 12:58:58 - [] - [] - Completed initialization in 0 ms
2025-12-05 12:58:58 - [] - [] - Mapped to com.starter.springboot.controller.AuthenticationController#googleOAuth(GoogleTokenDTO)
2025-12-05 12:58:58 - [] - [] - Read "application/json" to [com.starter.springboot.dto.GoogleTokenDTO@35dba0b4]
2025-12-05 12:58:58 - [] - [] - Resolved [org.springframework.web.bind.MethodArgumentNotValidException: Validation failed for argument [0] in public org.springframework.http.ResponseEntity<com.starter.springboot.dto.AuthResponseDTO> com.starter.springboot.controller.AuthenticationController.googleOAuth(com.starter.springboot.dto.GoogleTokenDTO): [Field error in object 'googleTokenDTO' on field 'idToken': rejected value [null]; codes [NotNull.googleTokenDTO.idToken,NotNull.idToken,NotNull.java.lang.String,NotNull]; arguments [org.springframework.context.support.DefaultMessageSourceResolvable: codes [googleTokenDTO.idToken,idToken]; arguments []; default message [idToken]]; default message [This field is required]] ]
2025-12-05 12:58:58 - [] - [] - 4 mappings in org.springframework.web.servlet.mvc.method.annotation.RequestMappingHandlerMapping
2025-12-05 12:58:58 - [] - [] - ControllerAdvice beans: 0 @ModelAttribute, 0 @InitBinder, 1 RequestBodyAdvice, 1 ResponseBodyAdvice
2025-12-05 12:58:58 - [] - [] - Initializing Spring TestDispatcherServlet ''
2025-12-05 12:58:58 - [] - [] - Initializing Servlet ''
2025-12-05 12:58:58 - [] - [] - Completed initialization in 0 ms
2025-12-05 12:58:58 - [] - [] - Mapped to com.starter.springboot.controller.AuthenticationController#googleOAuth(GoogleTokenDTO)
2025-12-05 12:58:58 - [] - [] - Read "application/json" to [com.starter.springboot.dto.GoogleTokenDTO@4ddb5db0]
2025-12-05 12:58:58 - [] - [] - Google OAuth authentication attempt
2025-12-05 12:58:58 - [] - [] - Google OAuth authentication successful for user: user@gmail.com
2025-12-05 12:58:58 - [] - [] - Using 'application/json', given [*/*] and supported [application/json, application/*+json]
2025-12-05 12:58:58 - [] - [] - Writing [AuthResponseDTO[username=user@gmail.com, status=SUCCESS, message=Authentication successful, otpRequi (truncated)...]
2025-12-05 12:58:58 - [] - [] - 4 mappings in org.springframework.web.servlet.mvc.method.annotation.RequestMappingHandlerMapping
2025-12-05 12:58:58 - [] - [] - ControllerAdvice beans: 0 @ModelAttribute, 0 @InitBinder, 1 RequestBodyAdvice, 1 ResponseBodyAdvice
2025-12-05 12:58:58 - [] - [] - Initializing Spring TestDispatcherServlet ''
2025-12-05 12:58:58 - [] - [] - Initializing Servlet ''
2025-12-05 12:58:58 - [] - [] - Completed initialization in 0 ms
2025-12-05 12:58:58 - [] - [] - Mapped to com.starter.springboot.controller.AuthenticationController#refreshToken(RefreshTokenRequestDTO)
2025-12-05 12:58:58 - [] - [] - Read "application/json" to [RefreshTokenRequestDTO[refreshToken=invalid-refresh-token]]
2025-12-05 12:58:58 - [] - [] - Token refresh failed: Invalid refresh token
2025-12-05 12:58:58 - [] - [] - Using 'application/json', given [*/*] and supported [application/json, application/*+json]
2025-12-05 12:58:58 - [] - [] - Writing [AuthResponseDTO[username=null, status=FAILED, message=Invalid refresh token, otpRequired=false, toke (truncated)...]
2025-12-05 12:58:58 - [] - [] - 4 mappings in org.springframework.web.servlet.mvc.method.annotation.RequestMappingHandlerMapping
2025-12-05 12:58:58 - [] - [] - ControllerAdvice beans: 0 @ModelAttribute, 0 @InitBinder, 1 RequestBodyAdvice, 1 ResponseBodyAdvice
2025-12-05 12:58:58 - [] - [] - Initializing Spring TestDispatcherServlet ''
2025-12-05 12:58:58 - [] - [] - Initializing Servlet ''
2025-12-05 12:58:58 - [] - [] - Completed initialization in 0 ms
2025-12-05 12:58:58 - [] - [] - Mapped to com.starter.springboot.controller.AuthenticationController#authorize(LoginDTO)
2025-12-05 12:58:58 - [] - [] - Read "application/json" to [com.starter.springboot.dto.LoginDTO@12f20b92]
2025-12-05 12:58:58 - [] - [] - Authentication attempt for user: diona.smith
2025-12-05 12:58:58 - [] - [] - Authentication completed for user: diona.smith
2025-12-05 12:58:58 - [] - [] - Using 'application/json', given [*/*] and supported [application/json, application/*+json]
2025-12-05 12:58:58 - [] - [] - Writing [AuthResponseDTO[username=diona.smith, status=SUCCESS, message=null, otpRequired=false, token=com.sta (truncated)...]
2025-12-05 12:58:58 - [] - [] - 4 mappings in org.springframework.web.servlet.mvc.method.annotation.RequestMappingHandlerMapping
2025-12-05 12:58:58 - [] - [] - ControllerAdvice beans: 0 @ModelAttribute, 0 @InitBinder, 1 RequestBodyAdvice, 1 ResponseBodyAdvice
2025-12-05 12:58:58 - [] - [] - Initializing Spring TestDispatcherServlet ''
2025-12-05 12:58:58 - [] - [] - Initializing Servlet ''
2025-12-05 12:58:58 - [] - [] - Completed initialization in 0 ms
2025-12-05 12:58:58 - [] - [] - Mapped to com.starter.springboot.controller.AuthenticationController#refreshToken(RefreshTokenRequestDTO)
2025-12-05 12:58:58 - [] - [] - Read "application/json" to [RefreshTokenRequestDTO[refreshToken=valid-refresh-token]]
2025-12-05 12:58:58 - [] - [] - Token refresh failed: User not found
2025-12-05 12:58:58 - [] - [] - Using 'application/json', given [*/*] and supported [application/json, application/*+json]
2025-12-05 12:58:58 - [] - [] - Writing [AuthResponseDTO[username=null, status=FAILED, message=Invalid refresh token, otpRequired=false, toke (truncated)...]
[INFO] Tests run: 21, Failures: 0, Errors: 0, Skipped: 0, Time elapsed: 1.840 s -- in com.starter.springboot.controller.AuthenticationControllerTest
[INFO] Running com.starter.springboot.controller.PublicUserResourceTest
2025-12-05 12:58:58 - [] - [] - 3 mappings in org.springframework.web.servlet.mvc.method.annotation.RequestMappingHandlerMapping
2025-12-05 12:58:58 - [] - [] - ControllerAdvice beans: 0 @ModelAttribute, 0 @InitBinder, 1 RequestBodyAdvice, 1 ResponseBodyAdvice
2025-12-05 12:58:58 - [] - [] - Initializing Spring TestDispatcherServlet ''
2025-12-05 12:58:58 - [] - [] - Initializing Servlet ''
2025-12-05 12:58:58 - [] - [] - Completed initialization in 0 ms
2025-12-05 12:58:58 - [] - [] - Mapped to com.starter.springboot.controller.PublicUserResource#createUser(UserRequestDTO)
2025-12-05 12:58:58 - [] - [] - Read "application/json" to [com.starter.springboot.dto.UserRequestDTO@c24e06a]
2025-12-05 12:58:58 - [] - [] - 3 mappings in org.springframework.web.servlet.mvc.method.annotation.RequestMappingHandlerMapping
2025-12-05 12:58:58 - [] - [] - ControllerAdvice beans: 0 @ModelAttribute, 0 @InitBinder, 1 RequestBodyAdvice, 1 ResponseBodyAdvice
2025-12-05 12:58:58 - [] - [] - Initializing Spring TestDispatcherServlet ''
2025-12-05 12:58:58 - [] - [] - Initializing Servlet ''
2025-12-05 12:58:58 - [] - [] - Completed initialization in 0 ms
2025-12-05 12:58:58 - [] - [] - Mapped to com.starter.springboot.controller.PublicUserResource#changePasswordPublic(Map)
2025-12-05 12:58:58 - [] - [] - Read "application/json" to [{newPassword=NewSecurePass456, username=Diona.smith, currentPassword=CurrentSecurePass123}]
2025-12-05 12:58:58 - [] - [] - Using 'application/json', given [*/*] and supported [application/json, application/*+json]
2025-12-05 12:58:58 - [] - [] - Writing [UserResponseDTO[id=1, username=Diona.smith, firstName=Diona, lastName=Smith, email=Diona.smith@examp (truncated)...]
2025-12-05 12:58:58 - [] - [] - 3 mappings in org.springframework.web.servlet.mvc.method.annotation.RequestMappingHandlerMapping
2025-12-05 12:58:58 - [] - [] - ControllerAdvice beans: 0 @ModelAttribute, 0 @InitBinder, 1 RequestBodyAdvice, 1 ResponseBodyAdvice
2025-12-05 12:58:58 - [] - [] - Initializing Spring TestDispatcherServlet ''
2025-12-05 12:58:58 - [] - [] - Initializing Servlet ''
2025-12-05 12:58:58 - [] - [] - Completed initialization in 0 ms
2025-12-05 12:58:58 - [] - [] - Mapped to com.starter.springboot.controller.PublicUserResource#createUser(UserRequestDTO)
2025-12-05 12:58:58 - [] - [] - Read "application/json" to [com.starter.springboot.dto.UserRequestDTO@69886465]
2025-12-05 12:58:58 - [] - [] - 3 mappings in org.springframework.web.servlet.mvc.method.annotation.RequestMappingHandlerMapping
2025-12-05 12:58:58 - [] - [] - ControllerAdvice beans: 0 @ModelAttribute, 0 @InitBinder, 1 RequestBodyAdvice, 1 ResponseBodyAdvice
2025-12-05 12:58:58 - [] - [] - Initializing Spring TestDispatcherServlet ''
2025-12-05 12:58:58 - [] - [] - Initializing Servlet ''
2025-12-05 12:58:58 - [] - [] - Completed initialization in 0 ms
2025-12-05 12:58:58 - [] - [] - Mapped to com.starter.springboot.controller.PublicUserResource#changePasswordPublic(Map)
2025-12-05 12:58:58 - [] - [] - Read "application/json" to [{newPassword=newPassword123, userid=1, currentPassword=password}]
2025-12-05 12:58:58 - [] - [] - 3 mappings in org.springframework.web.servlet.mvc.method.annotation.RequestMappingHandlerMapping
2025-12-05 12:58:58 - [] - [] - ControllerAdvice beans: 0 @ModelAttribute, 0 @InitBinder, 1 RequestBodyAdvice, 1 ResponseBodyAdvice
2025-12-05 12:58:58 - [] - [] - Initializing Spring TestDispatcherServlet ''
2025-12-05 12:58:58 - [] - [] - Initializing Servlet ''
2025-12-05 12:58:58 - [] - [] - Completed initialization in 0 ms
2025-12-05 12:58:58 - [] - [] - Mapped to com.starter.springboot.controller.PublicUserResource#changePasswordPublic(Map)
2025-12-05 12:58:58 - [] - [] - Read "application/json" to [{newPassword=weak, userid=1, currentPassword=password}]
2025-12-05 12:58:58 - [] - [] - 3 mappings in org.springframework.web.servlet.mvc.method.annotation.RequestMappingHandlerMapping
2025-12-05 12:58:58 - [] - [] - ControllerAdvice beans: 0 @ModelAttribute, 0 @InitBinder, 1 RequestBodyAdvice, 1 ResponseBodyAdvice
2025-12-05 12:58:58 - [] - [] - Initializing Spring TestDispatcherServlet ''
2025-12-05 12:58:58 - [] - [] - Initializing Servlet ''
2025-12-05 12:58:58 - [] - [] - Completed initialization in 0 ms
2025-12-05 12:58:58 - [] - [] - Mapped to com.starter.springboot.controller.PublicUserResource#changePasswordPublic(Map)
2025-12-05 12:58:58 - [] - [] - Read "application/json" to [{newPassword=NewSecurePass456, userid=1, currentPassword=CurrentSecurePass123}]
2025-12-05 12:58:58 - [] - [] - Using 'application/json', given [*/*] and supported [application/json, application/*+json]
2025-12-05 12:58:58 - [] - [] - Writing [UserResponseDTO[id=1, username=Diona.smith, firstName=Diona, lastName=Smith, email=Diona.smith@examp (truncated)...]
2025-12-05 12:58:58 - [] - [] - 3 mappings in org.springframework.web.servlet.mvc.method.annotation.RequestMappingHandlerMapping
2025-12-05 12:58:58 - [] - [] - ControllerAdvice beans: 0 @ModelAttribute, 0 @InitBinder, 1 RequestBodyAdvice, 1 ResponseBodyAdvice
2025-12-05 12:58:58 - [] - [] - Initializing Spring TestDispatcherServlet ''
2025-12-05 12:58:58 - [] - [] - Initializing Servlet ''
2025-12-05 12:58:58 - [] - [] - Completed initialization in 0 ms
2025-12-05 12:58:58 - [] - [] - Mapped to com.starter.springboot.controller.PublicUserResource#changePasswordPublic(Map)
2025-12-05 12:58:58 - [] - [] - Read "application/json" to [{newPassword=NewSecurePass456, userid=1, currentPassword=WrongSecurePass789}]
2025-12-05 12:58:58 - [] - [] - 3 mappings in org.springframework.web.servlet.mvc.method.annotation.RequestMappingHandlerMapping
2025-12-05 12:58:58 - [] - [] - ControllerAdvice beans: 0 @ModelAttribute, 0 @InitBinder, 1 RequestBodyAdvice, 1 ResponseBodyAdvice
2025-12-05 12:58:58 - [] - [] - Initializing Spring TestDispatcherServlet ''
2025-12-05 12:58:58 - [] - [] - Initializing Servlet ''
2025-12-05 12:58:58 - [] - [] - Completed initialization in 0 ms
2025-12-05 12:58:58 - [] - [] - Mapped to com.starter.springboot.controller.PublicUserResource#changePasswordPublic(Map)
2025-12-05 12:58:58 - [] - [] - Read "application/json" to [{newPassword=NewSecurePass456, userid=invalid-id, currentPassword=CurrentSecurePass123}]
2025-12-05 12:58:58 - [] - [] - 3 mappings in org.springframework.web.servlet.mvc.method.annotation.RequestMappingHandlerMapping
2025-12-05 12:58:58 - [] - [] - ControllerAdvice beans: 0 @ModelAttribute, 0 @InitBinder, 1 RequestBodyAdvice, 1 ResponseBodyAdvice
2025-12-05 12:58:58 - [] - [] - Initializing Spring TestDispatcherServlet ''
2025-12-05 12:58:58 - [] - [] - Initializing Servlet ''
2025-12-05 12:58:58 - [] - [] - Completed initialization in 0 ms
2025-12-05 12:58:58 - [] - [] - Mapped to com.starter.springboot.controller.PublicUserResource#changePasswordPublic(Map)
2025-12-05 12:58:58 - [] - [] - Read "application/json" to [{newPassword=NewSecurePass456, currentPassword=CurrentSecurePass123}]
2025-12-05 12:58:58 - [] - [] - 3 mappings in org.springframework.web.servlet.mvc.method.annotation.RequestMappingHandlerMapping
2025-12-05 12:58:58 - [] - [] - ControllerAdvice beans: 0 @ModelAttribute, 0 @InitBinder, 1 RequestBodyAdvice, 1 ResponseBodyAdvice
2025-12-05 12:58:58 - [] - [] - Initializing Spring TestDispatcherServlet ''
2025-12-05 12:58:58 - [] - [] - Initializing Servlet ''
2025-12-05 12:58:58 - [] - [] - Completed initialization in 1 ms
2025-12-05 12:58:58 - [] - [] - Mapped to com.starter.springboot.controller.PublicUserResource#updateStatus(Long, String, Boolean)
2025-12-05 12:58:58 - [] - [] - Using 'application/json', given [*/*] and supported [application/json, application/*+json]
2025-12-05 12:58:58 - [] - [] - Writing [UserResponseDTO[id=1, username=Diona.smith, firstName=Diona, lastName=Smith, email=Diona.smith@examp (truncated)...]
2025-12-05 12:58:58 - [] - [] - 3 mappings in org.springframework.web.servlet.mvc.method.annotation.RequestMappingHandlerMapping
2025-12-05 12:58:58 - [] - [] - ControllerAdvice beans: 0 @ModelAttribute, 0 @InitBinder, 1 RequestBodyAdvice, 1 ResponseBodyAdvice
2025-12-05 12:58:58 - [] - [] - Initializing Spring TestDispatcherServlet ''
2025-12-05 12:58:58 - [] - [] - Initializing Servlet ''
2025-12-05 12:58:58 - [] - [] - Completed initialization in 1 ms
2025-12-05 12:58:58 - [] - [] - Mapped to com.starter.springboot.controller.PublicUserResource#createUser(UserRequestDTO)
2025-12-05 12:58:58 - [] - [] - Read "application/json" to [com.starter.springboot.dto.UserRequestDTO@43b3e62]
2025-12-05 12:58:58 - [] - [] - Using 'application/json', given [*/*] and supported [application/json, application/*+json]
2025-12-05 12:58:58 - [] - [] - Writing [UserResponseDTO[id=1, username=Diona.smith, firstName=Diona, lastName=Smith, email=Diona.smith@examp (truncated)...]
2025-12-05 12:58:58 - [] - [] - 3 mappings in org.springframework.web.servlet.mvc.method.annotation.RequestMappingHandlerMapping
2025-12-05 12:58:58 - [] - [] - ControllerAdvice beans: 0 @ModelAttribute, 0 @InitBinder, 1 RequestBodyAdvice, 1 ResponseBodyAdvice
2025-12-05 12:58:58 - [] - [] - Initializing Spring TestDispatcherServlet ''
2025-12-05 12:58:58 - [] - [] - Initializing Servlet ''
2025-12-05 12:58:58 - [] - [] - Completed initialization in 0 ms
2025-12-05 12:58:58 - [] - [] - Mapped to com.starter.springboot.controller.PublicUserResource#updateStatus(Long, String, Boolean)
2025-12-05 12:58:58 - [] - [] - Using 'application/json', given [*/*] and supported [application/json, application/*+json]
2025-12-05 12:58:58 - [] - [] - Writing [UserResponseDTO[id=1, username=testuser, firstName=John, lastName=Doe, email=john.doe@example.com, e (truncated)...]
2025-12-05 12:58:58 - [] - [] - 3 mappings in org.springframework.web.servlet.mvc.method.annotation.RequestMappingHandlerMapping
2025-12-05 12:58:58 - [] - [] - ControllerAdvice beans: 0 @ModelAttribute, 0 @InitBinder, 1 RequestBodyAdvice, 1 ResponseBodyAdvice
2025-12-05 12:58:58 - [] - [] - Initializing Spring TestDispatcherServlet ''
2025-12-05 12:58:58 - [] - [] - Initializing Servlet ''
2025-12-05 12:58:58 - [] - [] - Completed initialization in 0 ms
2025-12-05 12:58:58 - [] - [] - Mapped to com.starter.springboot.controller.PublicUserResource#changePasswordPublic(Map)
2025-12-05 12:58:58 - [] - [] - Read "application/json" to [{newPassword=newPassword123, username=nonexistent, currentPassword=password}]
[INFO] Tests run: 13, Failures: 0, Errors: 0, Skipped: 0, Time elapsed: 0.479 s -- in com.starter.springboot.controller.PublicUserResourceTest
[INFO] Running com.starter.springboot.repository.AuthorityRepositoryTest
2025-12-05 12:58:58 - [] - [] - Neither @ContextConfiguration nor @ContextHierarchy found for test class [AuthorityRepositoryTest]: using SpringBootContextLoader
2025-12-05 12:58:58 - [] - [] - Could not detect default configuration classes for test class [com.starter.springboot.repository.AuthorityRepositoryTest]: AuthorityRepositoryTest does not declare any static, non-private, non-final, nested classes annotated with @Configuration.
2025-12-05 12:58:58 - [] - [] - Using ContextCustomizerFactory implementations for test class [AuthorityRepositoryTest]: [ImportsContextCustomizerFactory, ExcludeFilterContextCustomizerFactory, HttpGraphQlTesterContextCustomizerFactory, DuplicateJsonObjectContextCustomizerFactory, MockitoContextCustomizerFactory, TestRestTemplateContextCustomizerFactory, WebTestClientContextCustomizerFactory, OverrideAutoConfigurationContextCustomizerFactory, ObservabilityContextCustomizerFactory, TypeExcludeFiltersContextCustomizerFactory, PropertyMappingContextCustomizerFactory, WebDriverContextCustomizerFactory, MockServerContainerContextCustomizerFactory, DynamicPropertiesContextCustomizerFactory]
2025-12-05 12:58:58 - [] - [] - Using ContextCustomizers for test class [AuthorityRepositoryTest]: [ImportsContextCustomizer, ExcludeFilterContextCustomizer, DuplicateJsonObjectContextCustomizer, MockitoContextCustomizer, DisableAutoConfigurationContextCustomizer, DisableObservabilityContextCustomizer, TypeExcludeFiltersContextCustomizer, PropertyMappingContextCustomizer, WebDriverContextCustomizer]
2025-12-05 12:58:58 - [] - [] - Found @SpringBootConfiguration com.starter.springboot.Application for test class com.starter.springboot.repository.AuthorityRepositoryTest
2025-12-05 12:58:58 - [] - [] - Using TestExecutionListeners for test class [AuthorityRepositoryTest]: [ServletTestExecutionListener, DirtiesContextBeforeModesTestExecutionListener, ApplicationEventsTestExecutionListener, MockitoTestExecutionListener, DependencyInjectionTestExecutionListener, DirtiesContextTestExecutionListener, TransactionalTestExecutionListener, SqlScriptsTestExecutionListener, EventPublishingTestExecutionListener, WithSecurityContextTestExecutionListener, ReactorContextTestExecutionListener, ResetMocksTestExecutionListener, RestDocsTestExecutionListener, MockRestServiceServerResetTestExecutionListener, MockMvcPrintOnlyOnFailureTestExecutionListener, WebDriverTestExecutionListener, MockWebServiceServerTestExecutionListener]
2025-12-05 12:58:59 - [] - [] - Loading from YAML: class path resource [application.yml]
2025-12-05 12:58:59 - [] - [] - Merging document (no matchers set): {spring={application={name=Starter Project}, profiles={active=dev}, jpa={properties={hibernate={generate_statistics=false}}}, web={locale=en_US}, messages={basename=messages, encoding=UTF-8, cache-duration=3600}}, logging={pattern={console=%d{yyyy-MM-dd HH:mm:ss} - [%X{requestId}] - [%X{userId}] - %msg%n, file=%d{yyyy-MM-dd HH:mm:ss} - [%X{requestId}] - [%X{userId}] - [%thread] - %logger{36} - %msg%n}, level={org.springframework.security.authentication.dao.DaoAuthenticationProvider=warn, org.springframework.security.authentication.ProviderManager=warn, org.springframework.web.servlet.mvc.method.annotation.ExceptionHandlerExceptionResolver=info, org.hibernate.engine.internal.StatisticalLoggingSessionEventListener=false, org.springframework.boot.autoconfigure.logging.ConditionEvaluationReportLogger=false, org.hibernate.stat=false, org.hibernate=warn}}, otp={audit-purge={enabled=true, retention-days=90}}, google={oauth={client-id=351355811776-90j5o6amqtsj377lud1df6im5mic1uvb.apps.googleusercontent.com, client-secret=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}}, management={endpoints={web={exposure={include=*}}}}, info={app={name=Spring Boot OTP Authentication, description=Secure One-Time Password (OTP) authentication system with JWT tokens, version=1.0.0, java-version=17, spring-boot-version=3.2.3}, system={os=Windows, architecture=x64}, contact={name=Spring Boot OTP Team, email=frederickraghul@springboot.com}, license={name=MIT License, url=https://opensource.org/licenses/MIT}}}
2025-12-05 12:58:59 - [] - [] - Loaded 1 document from YAML resource: class path resource [application.yml]
2025-12-05 12:58:59 - [] - [] - Loading from YAML: class path resource [application-dev.yml]
2025-12-05 12:58:59 - [] - [] - Merging document (no matchers set): {spring={devtools={restart={enabled=true}}, datasource={url=jdbc:mysql://localhost/otp?useUnicode=true&characterEncoding=utf8&useSSL=false&allowPublicKeyRetrieval=true&serverTimezone=UTC, name=MySQL Local Connection, username=root, password=rahulvj17, driver-class-name=com.mysql.cj.jdbc.Driver, hikari={data-source-properties={cachePrepStmts=true, prepStmtCacheSize=250, prepStmtCacheSqlLimit=2048, useServerPrepStmts=true}}}, sql={init={mode=always, continue-on-error=false, data-locations=classpath:db/init/schema.sql}}, jpa={defer-datasource-initialization=true, hibernate={ddl-auto=update}, database-platform=org.hibernate.dialect.MySQL8Dialect, database=MYSQL, show_sql=false, open-in-view=false, factory-class=org.springframework.data.envers.repository.support.EnversRevisionRepositoryFactoryBean, properties={hibernate.cache.use_second_level_cache=false, hibernate.cache.use_query_cache=false, hibernate.generate_statistics=true, hibernate.format_sql=true}}, data={redis={host=localhost, port=6379}}, mail={host=smtp.gmail.com, port=587, username=frederickraghul@gmail.com, password=hnmnayxuemamvgnl, properties={mail.smtp.auth=true, mail.smtp.starttls.enable=true}}}, otp={expiry-minutes=5, max-attempts=3, attempt-window-minutes=10, audit-purge={enabled=true, retention-days=30}}, jwt={header=Authorization, secret=c3Ryb25nLXNwcmluZy1ib290LXNlY3JldC1rZXktMTIzNDU2Nzg5MA==, expiration=300}, server={port=8080, shutdown=graceful, lifecycle={timeout-per-shutdown-phase=30s}}, management={endpoints={web={exposure={include=health,info,metrics,env,configprops,beans,mappings,threaddump,heapdump,shutdown}, base-path=/actuator}}, endpoint={health={show-details=always}, info={enabled=true}, build={enabled=false}, metrics={enabled=true}, shutdown={enabled=false}}}, info={app={name=Spring Boot OTP Authentication, description=Secure One-Time Password (OTP) authentication system with JWT tokens, version=1.0.0, java-version=17, spring-boot-version=3.2.3}, system={os=Windows, architecture=x64}, contact={name=Spring Boot OTP Team, email=frederickraghul@springboot.com}, license={name=MIT License, url=https://opensource.org/licenses/MIT}}, springdoc={api-docs={path=/v3/api-docs}, swagger-ui={path=/swagger-ui.html, operationsSorter=method, tagsSorter=alpha}}, debug=true, logging={level={org.springframework.security.authentication.dao.DaoAuthenticationProvider=warn, org.springframework.security.authentication.ProviderManager=warn}}}
2025-12-05 12:58:59 - [] - [] - Loaded 1 document from YAML resource: class path resource [application-dev.yml]
2025-12-05 12:58:59 - [] - [] - Activating profiles [dev]

  .   ____          _            __ _ _
 /\\ / ___'_ __ _ _(_)_ __  __ _ \ \ \ \
( ( )\___ | '_ | '_| | '_ \/ _` | \ \ \ \
 \\/  ___)| |_)| | | | | || (_| |  ) ) ) )
  '  |____| .__|_| |_|_| |_\__, | / / / /
 =========|_|==============|___/=/_/_/_/
 :: Spring Boot ::                (v3.2.3)

2025-12-05 12:58:59 - [] - [] - Starting AuthorityRepositoryTest using Java 17.0.9 with PID 28648 (started by Rahul.S in C:\Users\Rahul.S\OneDrive\Desktop\spring-boot-otp)
2025-12-05 12:58:59 - [] - [] - The following 1 profile is active: "dev"
2025-12-05 12:58:59 - [] - [] - Loading source class com.starter.springboot.Application
2025-12-05 12:58:59 - [] - [] - Multiple Spring Data modules found, entering strict repository configuration mode
2025-12-05 12:58:59 - [] - [] - Bootstrapping Spring Data JPA repositories in DEFAULT mode.
2025-12-05 12:58:59 - [] - [] - @EnableAutoConfiguration was declared on a class in the package 'com.starter.springboot'. Automatic @Repository and @Entity scanning is enabled.
2025-12-05 12:58:59 - [] - [] - Finished Spring Data repository scanning in 47 ms. Found 5 JPA repository interfaces.
2025-12-05 12:58:59 - [] - [] - Replacing 'dataSource' DataSource bean with embedded version
2025-12-05 12:58:59 - [] - [] - Starting embedded database: url='jdbc:h2:mem:9dfff068-62cd-4c98-9752-8f1ae30ed5ec;DB_CLOSE_DELAY=-1;DB_CLOSE_ON_EXIT=false', username='sa'
2025-12-05 12:58:59 - [] - [] - No LoadTimeWeaver setup: ignoring JPA class transformer
2025-12-05 12:58:59 - [] - [] - HHH90000025: H2Dialect does not need to be specified explicitly using 'hibernate.dialect' (remove the property setting and it will be selected by default)
2025-12-05 12:59:00 - [] - [] - 
    drop table if exists authority cascade 
Hibernate: 
    drop table if exists authority cascade 
2025-12-05 12:59:00 - [] - [] - 
    drop table if exists otp_audit_entries cascade 
Hibernate: 
    drop table if exists otp_audit_entries cascade 
2025-12-05 12:59:00 - [] - [] - 
    drop table if exists refresh_tokens cascade 
Hibernate: 
    drop table if exists refresh_tokens cascade 
2025-12-05 12:59:00 - [] - [] - 
    drop table if exists role cascade 
Hibernate: 
    drop table if exists role cascade 
2025-12-05 12:59:00 - [] - [] - 
    drop table if exists user_account cascade 
Hibernate: 
    drop table if exists user_account cascade 
2025-12-05 12:59:00 - [] - [] - 
    create table authority (
        created_date timestamp(6) not null,
        id bigint not null,
        last_modified_date timestamp(6),
        created_by varchar(50),
        last_modified_by varchar(50),
        name varchar(50) not null unique,
        description varchar(255),
        primary key (id)
    )
Hibernate: 
    create table authority (
        created_date timestamp(6) not null,
        id bigint not null,
        last_modified_date timestamp(6),
        created_by varchar(50),
        last_modified_by varchar(50),
        name varchar(50) not null unique,
        description varchar(255),
        primary key (id)
    )
2025-12-05 12:59:00 - [] - [] - 
    create table otp_audit_entries (
        issued_on date not null,
        created_date timestamp(6) not null,
        expires_on timestamp(6) not null,
        id bigint not null,
        last_modified_date timestamp(6),
        partner_expiry timestamp(6),
        created_by varchar(50),
        last_modified_by varchar(50),
        username varchar(255) not null,
        primary key (id)
    )
Hibernate: 
    create table otp_audit_entries (
        issued_on date not null,
        created_date timestamp(6) not null,
        expires_on timestamp(6) not null,
        id bigint not null,
        last_modified_date timestamp(6),
        partner_expiry timestamp(6),
        created_by varchar(50),
        last_modified_by varchar(50),
        username varchar(255) not null,
        primary key (id)
    )
2025-12-05 12:59:00 - [] - [] - 
    create table refresh_tokens (
        created_at timestamp(6) with time zone not null,
        expires_at timestamp(6) with time zone not null,
        id bigint generated by default as identity,
        revoked_at timestamp(6) with time zone,
        user_id bigint not null,
        token varchar(500) not null unique,
        replaced_by_token varchar(255),
        primary key (id)
    )
Hibernate: 
    create table refresh_tokens (
        created_at timestamp(6) with time zone not null,
        expires_at timestamp(6) with time zone not null,
        id bigint generated by default as identity,
        revoked_at timestamp(6) with time zone,
        user_id bigint not null,
        token varchar(500) not null unique,
        replaced_by_token varchar(255),
        primary key (id)
    )
2025-12-05 12:59:00 - [] - [] - 
    create table role (
        created_date timestamp(6) not null,
        id bigint not null,
        last_modified_date timestamp(6),
        created_by varchar(50),
        last_modified_by varchar(50),
        description varchar(255),
        name varchar(255) not null,
        primary key (id)
    )
Hibernate: 
    create table role (
        created_date timestamp(6) not null,
        id bigint not null,
        last_modified_date timestamp(6),
        created_by varchar(50),
        last_modified_by varchar(50),
        description varchar(255),
        name varchar(255) not null,
        primary key (id)
    )
2025-12-05 12:59:00 - [] - [] - 
    create table user_account (
        email_verified boolean,
        enabled boolean not null,
        is_otp_required boolean,
        authority_id bigint,
        created_date timestamp(6) not null,
        id bigint not null,
        last_modified_date timestamp(6),
        last_password_reset_date timestamp(6),
        role_id bigint,
        auth_type varchar(20) check (auth_type in ('USERNAME_PASSWORD','GOOGLE_OAUTH')),
        status varchar(20) not null check (status in ('ACTIVE','INACTIVE')),
        created_by varchar(50),
        email varchar(50) not null,
        first_name varchar(50) not null,
        last_modified_by varchar(50),
        last_name varchar(50) not null,
        username varchar(50) not null unique,
        password varchar(100) not null,
        google_id varchar(255),
        primary key (id)
    )
Hibernate: 
    create table user_account (
        email_verified boolean,
        enabled boolean not null,
        is_otp_required boolean,
        authority_id bigint,
        created_date timestamp(6) not null,
        id bigint not null,
        last_modified_date timestamp(6),
        last_password_reset_date timestamp(6),
        role_id bigint,
        auth_type varchar(20) check (auth_type in ('USERNAME_PASSWORD','GOOGLE_OAUTH')),
        status varchar(20) not null check (status in ('ACTIVE','INACTIVE')),
        created_by varchar(50),
        email varchar(50) not null,
        first_name varchar(50) not null,
        last_modified_by varchar(50),
        last_name varchar(50) not null,
        username varchar(50) not null unique,
        password varchar(100) not null,
        google_id varchar(255),
        primary key (id)
    )
2025-12-05 12:59:00 - [] - [] - 
    create index idx_refresh_token_user 
       on refresh_tokens (user_id)
Hibernate: 
    create index idx_refresh_token_user 
       on refresh_tokens (user_id)
2025-12-05 12:59:00 - [] - [] - 
    create index idx_refresh_token_expires 
       on refresh_tokens (expires_at)
Hibernate: 
    create index idx_refresh_token_expires 
       on refresh_tokens (expires_at)
2025-12-05 12:59:00 - [] - [] - 
    alter table if exists user_account 
       add constraint FK6uf6rf05ts6e2qa4jnm2bwexx 
       foreign key (authority_id) 
       references authority
Hibernate: 
    alter table if exists user_account 
       add constraint FK6uf6rf05ts6e2qa4jnm2bwexx 
       foreign key (authority_id) 
       references authority
2025-12-05 12:59:00 - [] - [] - 
    alter table if exists user_account 
       add constraint FK4j8uoaeve853dcbl0tjd0yoq0 
       foreign key (role_id) 
       references role
Hibernate: 
    alter table if exists user_account 
       add constraint FK4j8uoaeve853dcbl0tjd0yoq0 
       foreign key (role_id) 
       references role
2025-12-05 12:59:00 - [] - [] - Initialized JPA EntityManagerFactory for persistence unit 'default'
2025-12-05 12:59:00 - [] - [] - Started AuthorityRepositoryTest in 1.68 seconds (process running for 38.553)
2025-12-05 12:59:00 - [] - [] - 
    select
        a1_0.id,
        a1_0.created_by,
        a1_0.created_date,
        a1_0.description,
        a1_0.last_modified_by,
        a1_0.last_modified_date,
        a1_0.name 
    from
        authority a1_0
Hibernate: 
    select
        a1_0.id,
        a1_0.created_by,
        a1_0.created_date,
        a1_0.description,
        a1_0.last_modified_by,
        a1_0.last_modified_date,
        a1_0.name 
    from
        authority a1_0
2025-12-05 12:59:01 - [] - [] - 
    insert 
    into
        authority
        (created_by, created_date, description, last_modified_by, last_modified_date, name, id) 
    values
        (?, ?, ?, ?, ?, ?, ?)
Hibernate: 
    insert 
    into
        authority
        (created_by, created_date, description, last_modified_by, last_modified_date, name, id) 
    values
        (?, ?, ?, ?, ?, ?, ?)
2025-12-05 12:59:01 - [] - [] - 
    insert 
    into
        authority
        (created_by, created_date, description, last_modified_by, last_modified_date, name, id) 
    values
        (?, ?, ?, ?, ?, ?, ?)
Hibernate: 
    insert 
    into
        authority
        (created_by, created_date, description, last_modified_by, last_modified_date, name, id) 
    values
        (?, ?, ?, ?, ?, ?, ?)
2025-12-05 12:59:01 - [] - [] - 
    insert 
    into
        authority
        (created_by, created_date, description, last_modified_by, last_modified_date, name, id) 
    values
        (?, ?, ?, ?, ?, ?, ?)
Hibernate: 
    insert 
    into
        authority
        (created_by, created_date, description, last_modified_by, last_modified_date, name, id) 
    values
        (?, ?, ?, ?, ?, ?, ?)
2025-12-05 12:59:01 - [] - [] - 
    select
        a1_0.id,
        a1_0.created_by,
        a1_0.created_date,
        a1_0.description,
        a1_0.last_modified_by,
        a1_0.last_modified_date,
        a1_0.name 
    from
        authority a1_0 
    where
        a1_0.name=?
Hibernate: 
    select
        a1_0.id,
        a1_0.created_by,
        a1_0.created_date,
        a1_0.description,
        a1_0.last_modified_by,
        a1_0.last_modified_date,
        a1_0.name 
    from
        authority a1_0 
    where
        a1_0.name=?
2025-12-05 12:59:01 - [] - [] - 
    update
        authority 
    set
        description=?,
        last_modified_by=?,
        last_modified_date=?,
        name=? 
    where
        id=?
Hibernate: 
    update
        authority 
    set
        description=?,
        last_modified_by=?,
        last_modified_date=?,
        name=? 
    where
        id=?
2025-12-05 12:59:01 - [] - [] - 
    select
        a1_0.id,
        a1_0.created_by,
        a1_0.created_date,
        a1_0.description,
        a1_0.last_modified_by,
        a1_0.last_modified_date,
        a1_0.name 
    from
        authority a1_0 
    where
        a1_0.name=?
Hibernate: 
    select
        a1_0.id,
        a1_0.created_by,
        a1_0.created_date,
        a1_0.description,
        a1_0.last_modified_by,
        a1_0.last_modified_date,
        a1_0.name 
    from
        authority a1_0 
    where
        a1_0.name=?
2025-12-05 12:59:01 - [] - [] - 
    select
        a1_0.id,
        a1_0.created_by,
        a1_0.created_date,
        a1_0.description,
        a1_0.last_modified_by,
        a1_0.last_modified_date,
        a1_0.name 
    from
        authority a1_0
Hibernate: 
    select
        a1_0.id,
        a1_0.created_by,
        a1_0.created_date,
        a1_0.description,
        a1_0.last_modified_by,
        a1_0.last_modified_date,
        a1_0.name 
    from
        authority a1_0
2025-12-05 12:59:01 - [] - [] - 
    insert 
    into
        authority
        (created_by, created_date, description, last_modified_by, last_modified_date, name, id) 
    values
        (?, ?, ?, ?, ?, ?, ?)
Hibernate: 
    insert 
    into
        authority
        (created_by, created_date, description, last_modified_by, last_modified_date, name, id) 
    values
        (?, ?, ?, ?, ?, ?, ?)
2025-12-05 12:59:01 - [] - [] - 
    insert 
    into
        authority
        (created_by, created_date, description, last_modified_by, last_modified_date, name, id) 
    values
        (?, ?, ?, ?, ?, ?, ?)
Hibernate: 
    insert 
    into
        authority
        (created_by, created_date, description, last_modified_by, last_modified_date, name, id) 
    values
        (?, ?, ?, ?, ?, ?, ?)
2025-12-05 12:59:01 - [] - [] - 
    insert 
    into
        authority
        (created_by, created_date, description, last_modified_by, last_modified_date, name, id) 
    values
        (?, ?, ?, ?, ?, ?, ?)
Hibernate: 
    insert 
    into
        authority
        (created_by, created_date, description, last_modified_by, last_modified_date, name, id) 
    values
        (?, ?, ?, ?, ?, ?, ?)
2025-12-05 12:59:01 - [] - [] - 
    select
        a1_0.id,
        a1_0.created_by,
        a1_0.created_date,
        a1_0.description,
        a1_0.last_modified_by,
        a1_0.last_modified_date,
        a1_0.name 
    from
        authority a1_0 
    where
        a1_0.name=?
Hibernate: 
    select
        a1_0.id,
        a1_0.created_by,
        a1_0.created_date,
        a1_0.description,
        a1_0.last_modified_by,
        a1_0.last_modified_date,
        a1_0.name 
    from
        authority a1_0 
    where
        a1_0.name=?
2025-12-05 12:59:01 - [] - [] - 
    select
        a1_0.id,
        a1_0.created_by,
        a1_0.created_date,
        a1_0.description,
        a1_0.last_modified_by,
        a1_0.last_modified_date,
        a1_0.name 
    from
        authority a1_0
Hibernate: 
    select
        a1_0.id,
        a1_0.created_by,
        a1_0.created_date,
        a1_0.description,
        a1_0.last_modified_by,
        a1_0.last_modified_date,
        a1_0.name 
    from
        authority a1_0
2025-12-05 12:59:01 - [] - [] - 
    insert 
    into
        authority
        (created_by, created_date, description, last_modified_by, last_modified_date, name, id) 
    values
        (?, ?, ?, ?, ?, ?, ?)
Hibernate: 
    insert 
    into
        authority
        (created_by, created_date, description, last_modified_by, last_modified_date, name, id) 
    values
        (?, ?, ?, ?, ?, ?, ?)
2025-12-05 12:59:01 - [] - [] - 
    insert 
    into
        authority
        (created_by, created_date, description, last_modified_by, last_modified_date, name, id) 
    values
        (?, ?, ?, ?, ?, ?, ?)
Hibernate: 
    insert 
    into
        authority
        (created_by, created_date, description, last_modified_by, last_modified_date, name, id) 
    values
        (?, ?, ?, ?, ?, ?, ?)
2025-12-05 12:59:01 - [] - [] - 
    insert 
    into
        authority
        (created_by, created_date, description, last_modified_by, last_modified_date, name, id) 
    values
        (?, ?, ?, ?, ?, ?, ?)
Hibernate: 
    insert 
    into
        authority
        (created_by, created_date, description, last_modified_by, last_modified_date, name, id) 
    values
        (?, ?, ?, ?, ?, ?, ?)
2025-12-05 12:59:01 - [] - [] - 
    select
        a1_0.id,
        a1_0.created_by,
        a1_0.created_date,
        a1_0.description,
        a1_0.last_modified_by,
        a1_0.last_modified_date,
        a1_0.name 
    from
        authority a1_0 
    where
        a1_0.name=?
Hibernate: 
    select
        a1_0.id,
        a1_0.created_by,
        a1_0.created_date,
        a1_0.description,
        a1_0.last_modified_by,
        a1_0.last_modified_date,
        a1_0.name 
    from
        authority a1_0 
    where
        a1_0.name=?
2025-12-05 12:59:01 - [] - [] - 
    select
        a1_0.id,
        a1_0.created_by,
        a1_0.created_date,
        a1_0.description,
        a1_0.last_modified_by,
        a1_0.last_modified_date,
        a1_0.name 
    from
        authority a1_0
Hibernate: 
    select
        a1_0.id,
        a1_0.created_by,
        a1_0.created_date,
        a1_0.description,
        a1_0.last_modified_by,
        a1_0.last_modified_date,
        a1_0.name 
    from
        authority a1_0
2025-12-05 12:59:01 - [] - [] - 
    insert 
    into
        authority
        (created_by, created_date, description, last_modified_by, last_modified_date, name, id) 
    values
        (?, ?, ?, ?, ?, ?, ?)
Hibernate: 
    insert 
    into
        authority
        (created_by, created_date, description, last_modified_by, last_modified_date, name, id) 
    values
        (?, ?, ?, ?, ?, ?, ?)
2025-12-05 12:59:01 - [] - [] - 
    insert 
    into
        authority
        (created_by, created_date, description, last_modified_by, last_modified_date, name, id) 
    values
        (?, ?, ?, ?, ?, ?, ?)
Hibernate: 
    insert 
    into
        authority
        (created_by, created_date, description, last_modified_by, last_modified_date, name, id) 
    values
        (?, ?, ?, ?, ?, ?, ?)
2025-12-05 12:59:01 - [] - [] - 
    insert 
    into
        authority
        (created_by, created_date, description, last_modified_by, last_modified_date, name, id) 
    values
        (?, ?, ?, ?, ?, ?, ?)
Hibernate: 
    insert 
    into
        authority
        (created_by, created_date, description, last_modified_by, last_modified_date, name, id) 
    values
        (?, ?, ?, ?, ?, ?, ?)
2025-12-05 12:59:01 - [] - [] - 
    delete 
    from
        authority 
    where
        id=?
Hibernate: 
    delete 
    from
        authority 
    where
        id=?
2025-12-05 12:59:01 - [] - [] - 
    select
        a1_0.id,
        a1_0.created_by,
        a1_0.created_date,
        a1_0.description,
        a1_0.last_modified_by,
        a1_0.last_modified_date,
        a1_0.name 
    from
        authority a1_0 
    where
        a1_0.id=?
Hibernate: 
    select
        a1_0.id,
        a1_0.created_by,
        a1_0.created_date,
        a1_0.description,
        a1_0.last_modified_by,
        a1_0.last_modified_date,
        a1_0.name 
    from
        authority a1_0 
    where
        a1_0.id=?
2025-12-05 12:59:01 - [] - [] - 
    select
        a1_0.id,
        a1_0.created_by,
        a1_0.created_date,
        a1_0.description,
        a1_0.last_modified_by,
        a1_0.last_modified_date,
        a1_0.name 
    from
        authority a1_0
Hibernate: 
    select
        a1_0.id,
        a1_0.created_by,
        a1_0.created_date,
        a1_0.description,
        a1_0.last_modified_by,
        a1_0.last_modified_date,
        a1_0.name 
    from
        authority a1_0
2025-12-05 12:59:01 - [] - [] - 
    insert 
    into
        authority
        (created_by, created_date, description, last_modified_by, last_modified_date, name, id) 
    values
        (?, ?, ?, ?, ?, ?, ?)
Hibernate: 
    insert 
    into
        authority
        (created_by, created_date, description, last_modified_by, last_modified_date, name, id) 
    values
        (?, ?, ?, ?, ?, ?, ?)
2025-12-05 12:59:01 - [] - [] - 
    insert 
    into
        authority
        (created_by, created_date, description, last_modified_by, last_modified_date, name, id) 
    values
        (?, ?, ?, ?, ?, ?, ?)
Hibernate: 
    insert 
    into
        authority
        (created_by, created_date, description, last_modified_by, last_modified_date, name, id) 
    values
        (?, ?, ?, ?, ?, ?, ?)
2025-12-05 12:59:01 - [] - [] - 
    insert 
    into
        authority
        (created_by, created_date, description, last_modified_by, last_modified_date, name, id) 
    values
        (?, ?, ?, ?, ?, ?, ?)
Hibernate: 
    insert 
    into
        authority
        (created_by, created_date, description, last_modified_by, last_modified_date, name, id) 
    values
        (?, ?, ?, ?, ?, ?, ?)
2025-12-05 12:59:01 - [] - [] - 
    select
        count(*) 
    from
        authority a1_0
Hibernate: 
    select
        count(*) 
    from
        authority a1_0
2025-12-05 12:59:01 - [] - [] - 
    select
        a1_0.id,
        a1_0.created_by,
        a1_0.created_date,
        a1_0.description,
        a1_0.last_modified_by,
        a1_0.last_modified_date,
        a1_0.name 
    from
        authority a1_0 
    where
        a1_0.id=?
Hibernate: 
    select
        a1_0.id,
        a1_0.created_by,
        a1_0.created_date,
        a1_0.description,
        a1_0.last_modified_by,
        a1_0.last_modified_date,
        a1_0.name 
    from
        authority a1_0 
    where
        a1_0.id=?
2025-12-05 12:59:01 - [] - [] - 
    insert 
    into
        authority
        (created_by, created_date, description, last_modified_by, last_modified_date, name, id) 
    values
        (?, ?, ?, ?, ?, ?, ?)
Hibernate: 
    insert 
    into
        authority
        (created_by, created_date, description, last_modified_by, last_modified_date, name, id) 
    values
        (?, ?, ?, ?, ?, ?, ?)
2025-12-05 12:59:01 - [] - [] - 
    select
        count(*) 
    from
        authority a1_0
Hibernate: 
    select
        count(*) 
    from
        authority a1_0
2025-12-05 12:59:01 - [] - [] - 
    select
        a1_0.id,
        a1_0.created_by,
        a1_0.created_date,
        a1_0.description,
        a1_0.last_modified_by,
        a1_0.last_modified_date,
        a1_0.name 
    from
        authority a1_0
Hibernate: 
    select
        a1_0.id,
        a1_0.created_by,
        a1_0.created_date,
        a1_0.description,
        a1_0.last_modified_by,
        a1_0.last_modified_date,
        a1_0.name 
    from
        authority a1_0
2025-12-05 12:59:01 - [] - [] - 
    insert 
    into
        authority
        (created_by, created_date, description, last_modified_by, last_modified_date, name, id) 
    values
        (?, ?, ?, ?, ?, ?, ?)
Hibernate: 
    insert 
    into
        authority
        (created_by, created_date, description, last_modified_by, last_modified_date, name, id) 
    values
        (?, ?, ?, ?, ?, ?, ?)
2025-12-05 12:59:01 - [] - [] - 
    insert 
    into
        authority
        (created_by, created_date, description, last_modified_by, last_modified_date, name, id) 
    values
        (?, ?, ?, ?, ?, ?, ?)
Hibernate: 
    insert 
    into
        authority
        (created_by, created_date, description, last_modified_by, last_modified_date, name, id) 
    values
        (?, ?, ?, ?, ?, ?, ?)
2025-12-05 12:59:01 - [] - [] - 
    insert 
    into
        authority
        (created_by, created_date, description, last_modified_by, last_modified_date, name, id) 
    values
        (?, ?, ?, ?, ?, ?, ?)
Hibernate: 
    insert 
    into
        authority
        (created_by, created_date, description, last_modified_by, last_modified_date, name, id) 
    values
        (?, ?, ?, ?, ?, ?, ?)
2025-12-05 12:59:01 - [] - [] - 
    select
        a1_0.id,
        a1_0.created_by,
        a1_0.created_date,
        a1_0.description,
        a1_0.last_modified_by,
        a1_0.last_modified_date,
        a1_0.name 
    from
        authority a1_0
Hibernate: 
    select
        a1_0.id,
        a1_0.created_by,
        a1_0.created_date,
        a1_0.description,
        a1_0.last_modified_by,
        a1_0.last_modified_date,
        a1_0.name 
    from
        authority a1_0
2025-12-05 12:59:01 - [] - [] - 
    insert 
    into
        authority
        (created_by, created_date, description, last_modified_by, last_modified_date, name, id) 
    values
        (?, ?, ?, ?, ?, ?, ?)
Hibernate: 
    insert 
    into
        authority
        (created_by, created_date, description, last_modified_by, last_modified_date, name, id) 
    values
        (?, ?, ?, ?, ?, ?, ?)
2025-12-05 12:59:01 - [] - [] - 
    insert 
    into
        authority
        (created_by, created_date, description, last_modified_by, last_modified_date, name, id) 
    values
        (?, ?, ?, ?, ?, ?, ?)
Hibernate: 
    insert 
    into
        authority
        (created_by, created_date, description, last_modified_by, last_modified_date, name, id) 
    values
        (?, ?, ?, ?, ?, ?, ?)
2025-12-05 12:59:01 - [] - [] - 
    insert 
    into
        authority
        (created_by, created_date, description, last_modified_by, last_modified_date, name, id) 
    values
        (?, ?, ?, ?, ?, ?, ?)
Hibernate: 
    insert 
    into
        authority
        (created_by, created_date, description, last_modified_by, last_modified_date, name, id) 
    values
        (?, ?, ?, ?, ?, ?, ?)
2025-12-05 12:59:01 - [] - [] - 
    select
        a1_0.id,
        a1_0.created_by,
        a1_0.created_date,
        a1_0.description,
        a1_0.last_modified_by,
        a1_0.last_modified_date,
        a1_0.name 
    from
        authority a1_0 
    where
        a1_0.id=?
Hibernate: 
    select
        a1_0.id,
        a1_0.created_by,
        a1_0.created_date,
        a1_0.description,
        a1_0.last_modified_by,
        a1_0.last_modified_date,
        a1_0.name 
    from
        authority a1_0 
    where
        a1_0.id=?
2025-12-05 12:59:01 - [] - [] - 
    select
        a1_0.id,
        a1_0.created_by,
        a1_0.created_date,
        a1_0.description,
        a1_0.last_modified_by,
        a1_0.last_modified_date,
        a1_0.name 
    from
        authority a1_0
Hibernate: 
    select
        a1_0.id,
        a1_0.created_by,
        a1_0.created_date,
        a1_0.description,
        a1_0.last_modified_by,
        a1_0.last_modified_date,
        a1_0.name 
    from
        authority a1_0
2025-12-05 12:59:01 - [] - [] - 
    insert 
    into
        authority
        (created_by, created_date, description, last_modified_by, last_modified_date, name, id) 
    values
        (?, ?, ?, ?, ?, ?, ?)
Hibernate: 
    insert 
    into
        authority
        (created_by, created_date, description, last_modified_by, last_modified_date, name, id) 
    values
        (?, ?, ?, ?, ?, ?, ?)
2025-12-05 12:59:01 - [] - [] - 
    insert 
    into
        authority
        (created_by, created_date, description, last_modified_by, last_modified_date, name, id) 
    values
        (?, ?, ?, ?, ?, ?, ?)
Hibernate: 
    insert 
    into
        authority
        (created_by, created_date, description, last_modified_by, last_modified_date, name, id) 
    values
        (?, ?, ?, ?, ?, ?, ?)
2025-12-05 12:59:01 - [] - [] - 
    insert 
    into
        authority
        (created_by, created_date, description, last_modified_by, last_modified_date, name, id) 
    values
        (?, ?, ?, ?, ?, ?, ?)
Hibernate: 
    insert 
    into
        authority
        (created_by, created_date, description, last_modified_by, last_modified_date, name, id) 
    values
        (?, ?, ?, ?, ?, ?, ?)
2025-12-05 12:59:01 - [] - [] - 
    select
        a1_0.id,
        a1_0.created_by,
        a1_0.created_date,
        a1_0.description,
        a1_0.last_modified_by,
        a1_0.last_modified_date,
        a1_0.name 
    from
        authority a1_0
Hibernate: 
    select
        a1_0.id,
        a1_0.created_by,
        a1_0.created_date,
        a1_0.description,
        a1_0.last_modified_by,
        a1_0.last_modified_date,
        a1_0.name 
    from
        authority a1_0
[INFO] Tests run: 8, Failures: 0, Errors: 0, Skipped: 0, Time elapsed: 2.601 s -- in com.starter.springboot.repository.AuthorityRepositoryTest
[INFO] Running com.starter.springboot.repository.OtpAuditEntryRepositoryTest
2025-12-05 12:59:01 - [] - [] - Neither @ContextConfiguration nor @ContextHierarchy found for test class [OtpAuditEntryRepositoryTest]: using SpringBootContextLoader
2025-12-05 12:59:01 - [] - [] - Could not detect default configuration classes for test class [com.starter.springboot.repository.OtpAuditEntryRepositoryTest]: OtpAuditEntryRepositoryTest does not declare any static, non-private, non-final, nested classes annotated with @Configuration.
2025-12-05 12:59:01 - [] - [] - Using ContextCustomizerFactory implementations for test class [OtpAuditEntryRepositoryTest]: [ImportsContextCustomizerFactory, ExcludeFilterContextCustomizerFactory, HttpGraphQlTesterContextCustomizerFactory, DuplicateJsonObjectContextCustomizerFactory, MockitoContextCustomizerFactory, TestRestTemplateContextCustomizerFactory, WebTestClientContextCustomizerFactory, OverrideAutoConfigurationContextCustomizerFactory, ObservabilityContextCustomizerFactory, TypeExcludeFiltersContextCustomizerFactory, PropertyMappingContextCustomizerFactory, WebDriverContextCustomizerFactory, MockServerContainerContextCustomizerFactory, DynamicPropertiesContextCustomizerFactory]
2025-12-05 12:59:01 - [] - [] - Using ContextCustomizers for test class [OtpAuditEntryRepositoryTest]: [ImportsContextCustomizer, ExcludeFilterContextCustomizer, DuplicateJsonObjectContextCustomizer, MockitoContextCustomizer, DisableAutoConfigurationContextCustomizer, DisableObservabilityContextCustomizer, TypeExcludeFiltersContextCustomizer, PropertyMappingContextCustomizer, WebDriverContextCustomizer]
2025-12-05 12:59:01 - [] - [] - Found @SpringBootConfiguration com.starter.springboot.Application for test class com.starter.springboot.repository.OtpAuditEntryRepositoryTest
2025-12-05 12:59:01 - [] - [] - Using TestExecutionListeners for test class [OtpAuditEntryRepositoryTest]: [ServletTestExecutionListener, DirtiesContextBeforeModesTestExecutionListener, ApplicationEventsTestExecutionListener, MockitoTestExecutionListener, DependencyInjectionTestExecutionListener, DirtiesContextTestExecutionListener, TransactionalTestExecutionListener, SqlScriptsTestExecutionListener, EventPublishingTestExecutionListener, WithSecurityContextTestExecutionListener, ReactorContextTestExecutionListener, ResetMocksTestExecutionListener, RestDocsTestExecutionListener, MockRestServiceServerResetTestExecutionListener, MockMvcPrintOnlyOnFailureTestExecutionListener, WebDriverTestExecutionListener, MockWebServiceServerTestExecutionListener]
2025-12-05 12:59:01 - [] - [] - 
    select
        oae1_0.id,
        oae1_0.created_by,
        oae1_0.created_date,
        oae1_0.expires_on,
        oae1_0.issued_on,
        oae1_0.last_modified_by,
        oae1_0.last_modified_date,
        oae1_0.partner_expiry,
        oae1_0.username 
    from
        otp_audit_entries oae1_0
Hibernate: 
    select
        oae1_0.id,
        oae1_0.created_by,
        oae1_0.created_date,
        oae1_0.expires_on,
        oae1_0.issued_on,
        oae1_0.last_modified_by,
        oae1_0.last_modified_date,
        oae1_0.partner_expiry,
        oae1_0.username 
    from
        otp_audit_entries oae1_0
2025-12-05 12:59:01 - [] - [] - 
    insert 
    into
        otp_audit_entries
        (created_by, created_date, expires_on, issued_on, last_modified_by, last_modified_date, partner_expiry, username, id) 
    values
        (?, ?, ?, ?, ?, ?, ?, ?, ?)
Hibernate: 
    insert 
    into
        otp_audit_entries
        (created_by, created_date, expires_on, issued_on, last_modified_by, last_modified_date, partner_expiry, username, id) 
    values
        (?, ?, ?, ?, ?, ?, ?, ?, ?)
2025-12-05 12:59:01 - [] - [] - 
    insert 
    into
        otp_audit_entries
        (created_by, created_date, expires_on, issued_on, last_modified_by, last_modified_date, partner_expiry, username, id) 
    values
        (?, ?, ?, ?, ?, ?, ?, ?, ?)
Hibernate: 
    insert 
    into
        otp_audit_entries
        (created_by, created_date, expires_on, issued_on, last_modified_by, last_modified_date, partner_expiry, username, id) 
    values
        (?, ?, ?, ?, ?, ?, ?, ?, ?)
2025-12-05 12:59:01 - [] - [] - 
    insert 
    into
        otp_audit_entries
        (created_by, created_date, expires_on, issued_on, last_modified_by, last_modified_date, partner_expiry, username, id) 
    values
        (?, ?, ?, ?, ?, ?, ?, ?, ?)
Hibernate: 
    insert 
    into
        otp_audit_entries
        (created_by, created_date, expires_on, issued_on, last_modified_by, last_modified_date, partner_expiry, username, id) 
    values
        (?, ?, ?, ?, ?, ?, ?, ?, ?)
2025-12-05 12:59:01 - [] - [] - 
    select
        oae1_0.id,
        oae1_0.created_by,
        oae1_0.created_date,
        oae1_0.expires_on,
        oae1_0.issued_on,
        oae1_0.last_modified_by,
        oae1_0.last_modified_date,
        oae1_0.partner_expiry,
        oae1_0.username 
    from
        otp_audit_entries oae1_0 
    where
        oae1_0.id=?
Hibernate: 
    select
        oae1_0.id,
        oae1_0.created_by,
        oae1_0.created_date,
        oae1_0.expires_on,
        oae1_0.issued_on,
        oae1_0.last_modified_by,
        oae1_0.last_modified_date,
        oae1_0.partner_expiry,
        oae1_0.username 
    from
        otp_audit_entries oae1_0 
    where
        oae1_0.id=?
2025-12-05 12:59:01 - [] - [] - 
    select
        oae1_0.id,
        oae1_0.created_by,
        oae1_0.created_date,
        oae1_0.expires_on,
        oae1_0.issued_on,
        oae1_0.last_modified_by,
        oae1_0.last_modified_date,
        oae1_0.partner_expiry,
        oae1_0.username 
    from
        otp_audit_entries oae1_0
Hibernate: 
    select
        oae1_0.id,
        oae1_0.created_by,
        oae1_0.created_date,
        oae1_0.expires_on,
        oae1_0.issued_on,
        oae1_0.last_modified_by,
        oae1_0.last_modified_date,
        oae1_0.partner_expiry,
        oae1_0.username 
    from
        otp_audit_entries oae1_0
2025-12-05 12:59:01 - [] - [] - 
    insert 
    into
        otp_audit_entries
        (created_by, created_date, expires_on, issued_on, last_modified_by, last_modified_date, partner_expiry, username, id) 
    values
        (?, ?, ?, ?, ?, ?, ?, ?, ?)
Hibernate: 
    insert 
    into
        otp_audit_entries
        (created_by, created_date, expires_on, issued_on, last_modified_by, last_modified_date, partner_expiry, username, id) 
    values
        (?, ?, ?, ?, ?, ?, ?, ?, ?)
2025-12-05 12:59:01 - [] - [] - 
    insert 
    into
        otp_audit_entries
        (created_by, created_date, expires_on, issued_on, last_modified_by, last_modified_date, partner_expiry, username, id) 
    values
        (?, ?, ?, ?, ?, ?, ?, ?, ?)
Hibernate: 
    insert 
    into
        otp_audit_entries
        (created_by, created_date, expires_on, issued_on, last_modified_by, last_modified_date, partner_expiry, username, id) 
    values
        (?, ?, ?, ?, ?, ?, ?, ?, ?)
2025-12-05 12:59:01 - [] - [] - 
    insert 
    into
        otp_audit_entries
        (created_by, created_date, expires_on, issued_on, last_modified_by, last_modified_date, partner_expiry, username, id) 
    values
        (?, ?, ?, ?, ?, ?, ?, ?, ?)
Hibernate: 
    insert 
    into
        otp_audit_entries
        (created_by, created_date, expires_on, issued_on, last_modified_by, last_modified_date, partner_expiry, username, id) 
    values
        (?, ?, ?, ?, ?, ?, ?, ?, ?)
2025-12-05 12:59:01 - [] - [] - 
    select
        count(*) 
    from
        otp_audit_entries oae1_0
Hibernate: 
    select
        count(*) 
    from
        otp_audit_entries oae1_0
2025-12-05 12:59:01 - [] - [] - 
    select
        oae1_0.id,
        oae1_0.created_by,
        oae1_0.created_date,
        oae1_0.expires_on,
        oae1_0.issued_on,
        oae1_0.last_modified_by,
        oae1_0.last_modified_date,
        oae1_0.partner_expiry,
        oae1_0.username 
    from
        otp_audit_entries oae1_0
Hibernate: 
    select
        oae1_0.id,
        oae1_0.created_by,
        oae1_0.created_date,
        oae1_0.expires_on,
        oae1_0.issued_on,
        oae1_0.last_modified_by,
        oae1_0.last_modified_date,
        oae1_0.partner_expiry,
        oae1_0.username 
    from
        otp_audit_entries oae1_0
2025-12-05 12:59:01 - [] - [] - 
    insert 
    into
        otp_audit_entries
        (created_by, created_date, expires_on, issued_on, last_modified_by, last_modified_date, partner_expiry, username, id) 
    values
        (?, ?, ?, ?, ?, ?, ?, ?, ?)
Hibernate: 
    insert 
    into
        otp_audit_entries
        (created_by, created_date, expires_on, issued_on, last_modified_by, last_modified_date, partner_expiry, username, id) 
    values
        (?, ?, ?, ?, ?, ?, ?, ?, ?)
2025-12-05 12:59:01 - [] - [] - 
    insert 
    into
        otp_audit_entries
        (created_by, created_date, expires_on, issued_on, last_modified_by, last_modified_date, partner_expiry, username, id) 
    values
        (?, ?, ?, ?, ?, ?, ?, ?, ?)
Hibernate: 
    insert 
    into
        otp_audit_entries
        (created_by, created_date, expires_on, issued_on, last_modified_by, last_modified_date, partner_expiry, username, id) 
    values
        (?, ?, ?, ?, ?, ?, ?, ?, ?)
2025-12-05 12:59:01 - [] - [] - 
    insert 
    into
        otp_audit_entries
        (created_by, created_date, expires_on, issued_on, last_modified_by, last_modified_date, partner_expiry, username, id) 
    values
        (?, ?, ?, ?, ?, ?, ?, ?, ?)
Hibernate: 
    insert 
    into
        otp_audit_entries
        (created_by, created_date, expires_on, issued_on, last_modified_by, last_modified_date, partner_expiry, username, id) 
    values
        (?, ?, ?, ?, ?, ?, ?, ?, ?)
2025-12-05 12:59:01 - [] - [] - 
    select
        oae1_0.id,
        oae1_0.created_by,
        oae1_0.created_date,
        oae1_0.expires_on,
        oae1_0.issued_on,
        oae1_0.last_modified_by,
        oae1_0.last_modified_date,
        oae1_0.partner_expiry,
        oae1_0.username 
    from
        otp_audit_entries oae1_0 
    where
        oae1_0.expires_on<?
Hibernate: 
    select
        oae1_0.id,
        oae1_0.created_by,
        oae1_0.created_date,
        oae1_0.expires_on,
        oae1_0.issued_on,
        oae1_0.last_modified_by,
        oae1_0.last_modified_date,
        oae1_0.partner_expiry,
        oae1_0.username 
    from
        otp_audit_entries oae1_0 
    where
        oae1_0.expires_on<?
2025-12-05 12:59:01 - [] - [] - 
    delete 
    from
        otp_audit_entries 
    where
        id=?
Hibernate: 
    delete 
    from
        otp_audit_entries 
    where
        id=?
2025-12-05 12:59:01 - [] - [] - 
    select
        oae1_0.id,
        oae1_0.created_by,
        oae1_0.created_date,
        oae1_0.expires_on,
        oae1_0.issued_on,
        oae1_0.last_modified_by,
        oae1_0.last_modified_date,
        oae1_0.partner_expiry,
        oae1_0.username 
    from
        otp_audit_entries oae1_0 
    where
        oae1_0.id=?
Hibernate: 
    select
        oae1_0.id,
        oae1_0.created_by,
        oae1_0.created_date,
        oae1_0.expires_on,
        oae1_0.issued_on,
        oae1_0.last_modified_by,
        oae1_0.last_modified_date,
        oae1_0.partner_expiry,
        oae1_0.username 
    from
        otp_audit_entries oae1_0 
    where
        oae1_0.id=?
2025-12-05 12:59:01 - [] - [] - 
    select
        oae1_0.id,
        oae1_0.created_by,
        oae1_0.created_date,
        oae1_0.expires_on,
        oae1_0.issued_on,
        oae1_0.last_modified_by,
        oae1_0.last_modified_date,
        oae1_0.partner_expiry,
        oae1_0.username 
    from
        otp_audit_entries oae1_0
Hibernate: 
    select
        oae1_0.id,
        oae1_0.created_by,
        oae1_0.created_date,
        oae1_0.expires_on,
        oae1_0.issued_on,
        oae1_0.last_modified_by,
        oae1_0.last_modified_date,
        oae1_0.partner_expiry,
        oae1_0.username 
    from
        otp_audit_entries oae1_0
2025-12-05 12:59:01 - [] - [] - 
    insert 
    into
        otp_audit_entries
        (created_by, created_date, expires_on, issued_on, last_modified_by, last_modified_date, partner_expiry, username, id) 
    values
        (?, ?, ?, ?, ?, ?, ?, ?, ?)
Hibernate: 
    insert 
    into
        otp_audit_entries
        (created_by, created_date, expires_on, issued_on, last_modified_by, last_modified_date, partner_expiry, username, id) 
    values
        (?, ?, ?, ?, ?, ?, ?, ?, ?)
2025-12-05 12:59:01 - [] - [] - 
    insert 
    into
        otp_audit_entries
        (created_by, created_date, expires_on, issued_on, last_modified_by, last_modified_date, partner_expiry, username, id) 
    values
        (?, ?, ?, ?, ?, ?, ?, ?, ?)
Hibernate: 
    insert 
    into
        otp_audit_entries
        (created_by, created_date, expires_on, issued_on, last_modified_by, last_modified_date, partner_expiry, username, id) 
    values
        (?, ?, ?, ?, ?, ?, ?, ?, ?)
2025-12-05 12:59:01 - [] - [] - 
    insert 
    into
        otp_audit_entries
        (created_by, created_date, expires_on, issued_on, last_modified_by, last_modified_date, partner_expiry, username, id) 
    values
        (?, ?, ?, ?, ?, ?, ?, ?, ?)
Hibernate: 
    insert 
    into
        otp_audit_entries
        (created_by, created_date, expires_on, issued_on, last_modified_by, last_modified_date, partner_expiry, username, id) 
    values
        (?, ?, ?, ?, ?, ?, ?, ?, ?)
2025-12-05 12:59:01 - [] - [] - 
    select
        oae1_0.id,
        oae1_0.created_by,
        oae1_0.created_date,
        oae1_0.expires_on,
        oae1_0.issued_on,
        oae1_0.last_modified_by,
        oae1_0.last_modified_date,
        oae1_0.partner_expiry,
        oae1_0.username 
    from
        otp_audit_entries oae1_0
Hibernate: 
    select
        oae1_0.id,
        oae1_0.created_by,
        oae1_0.created_date,
        oae1_0.expires_on,
        oae1_0.issued_on,
        oae1_0.last_modified_by,
        oae1_0.last_modified_date,
        oae1_0.partner_expiry,
        oae1_0.username 
    from
        otp_audit_entries oae1_0
2025-12-05 12:59:01 - [] - [] - 
    select
        oae1_0.id,
        oae1_0.created_by,
        oae1_0.created_date,
        oae1_0.expires_on,
        oae1_0.issued_on,
        oae1_0.last_modified_by,
        oae1_0.last_modified_date,
        oae1_0.partner_expiry,
        oae1_0.username 
    from
        otp_audit_entries oae1_0
Hibernate: 
    select
        oae1_0.id,
        oae1_0.created_by,
        oae1_0.created_date,
        oae1_0.expires_on,
        oae1_0.issued_on,
        oae1_0.last_modified_by,
        oae1_0.last_modified_date,
        oae1_0.partner_expiry,
        oae1_0.username 
    from
        otp_audit_entries oae1_0
2025-12-05 12:59:01 - [] - [] - 
    insert 
    into
        otp_audit_entries
        (created_by, created_date, expires_on, issued_on, last_modified_by, last_modified_date, partner_expiry, username, id) 
    values
        (?, ?, ?, ?, ?, ?, ?, ?, ?)
Hibernate: 
    insert 
    into
        otp_audit_entries
        (created_by, created_date, expires_on, issued_on, last_modified_by, last_modified_date, partner_expiry, username, id) 
    values
        (?, ?, ?, ?, ?, ?, ?, ?, ?)
2025-12-05 12:59:01 - [] - [] - 
    insert 
    into
        otp_audit_entries
        (created_by, created_date, expires_on, issued_on, last_modified_by, last_modified_date, partner_expiry, username, id) 
    values
        (?, ?, ?, ?, ?, ?, ?, ?, ?)
Hibernate: 
    insert 
    into
        otp_audit_entries
        (created_by, created_date, expires_on, issued_on, last_modified_by, last_modified_date, partner_expiry, username, id) 
    values
        (?, ?, ?, ?, ?, ?, ?, ?, ?)
2025-12-05 12:59:01 - [] - [] - 
    insert 
    into
        otp_audit_entries
        (created_by, created_date, expires_on, issued_on, last_modified_by, last_modified_date, partner_expiry, username, id) 
    values
        (?, ?, ?, ?, ?, ?, ?, ?, ?)
Hibernate: 
    insert 
    into
        otp_audit_entries
        (created_by, created_date, expires_on, issued_on, last_modified_by, last_modified_date, partner_expiry, username, id) 
    values
        (?, ?, ?, ?, ?, ?, ?, ?, ?)
2025-12-05 12:59:01 - [] - [] - 
    select
        oae1_0.id,
        oae1_0.created_by,
        oae1_0.created_date,
        oae1_0.expires_on,
        oae1_0.issued_on,
        oae1_0.last_modified_by,
        oae1_0.last_modified_date,
        oae1_0.partner_expiry,
        oae1_0.username 
    from
        otp_audit_entries oae1_0 
    where
        oae1_0.id=?
Hibernate: 
    select
        oae1_0.id,
        oae1_0.created_by,
        oae1_0.created_date,
        oae1_0.expires_on,
        oae1_0.issued_on,
        oae1_0.last_modified_by,
        oae1_0.last_modified_date,
        oae1_0.partner_expiry,
        oae1_0.username 
    from
        otp_audit_entries oae1_0 
    where
        oae1_0.id=?
2025-12-05 12:59:01 - [] - [] - 
    select
        oae1_0.id,
        oae1_0.created_by,
        oae1_0.created_date,
        oae1_0.expires_on,
        oae1_0.issued_on,
        oae1_0.last_modified_by,
        oae1_0.last_modified_date,
        oae1_0.partner_expiry,
        oae1_0.username 
    from
        otp_audit_entries oae1_0
Hibernate: 
    select
        oae1_0.id,
        oae1_0.created_by,
        oae1_0.created_date,
        oae1_0.expires_on,
        oae1_0.issued_on,
        oae1_0.last_modified_by,
        oae1_0.last_modified_date,
        oae1_0.partner_expiry,
        oae1_0.username 
    from
        otp_audit_entries oae1_0
2025-12-05 12:59:01 - [] - [] - 
    insert 
    into
        otp_audit_entries
        (created_by, created_date, expires_on, issued_on, last_modified_by, last_modified_date, partner_expiry, username, id) 
    values
        (?, ?, ?, ?, ?, ?, ?, ?, ?)
Hibernate: 
    insert 
    into
        otp_audit_entries
        (created_by, created_date, expires_on, issued_on, last_modified_by, last_modified_date, partner_expiry, username, id) 
    values
        (?, ?, ?, ?, ?, ?, ?, ?, ?)
2025-12-05 12:59:01 - [] - [] - 
    insert 
    into
        otp_audit_entries
        (created_by, created_date, expires_on, issued_on, last_modified_by, last_modified_date, partner_expiry, username, id) 
    values
        (?, ?, ?, ?, ?, ?, ?, ?, ?)
Hibernate: 
    insert 
    into
        otp_audit_entries
        (created_by, created_date, expires_on, issued_on, last_modified_by, last_modified_date, partner_expiry, username, id) 
    values
        (?, ?, ?, ?, ?, ?, ?, ?, ?)
2025-12-05 12:59:01 - [] - [] - 
    insert 
    into
        otp_audit_entries
        (created_by, created_date, expires_on, issued_on, last_modified_by, last_modified_date, partner_expiry, username, id) 
    values
        (?, ?, ?, ?, ?, ?, ?, ?, ?)
Hibernate: 
    insert 
    into
        otp_audit_entries
        (created_by, created_date, expires_on, issued_on, last_modified_by, last_modified_date, partner_expiry, username, id) 
    values
        (?, ?, ?, ?, ?, ?, ?, ?, ?)
2025-12-05 12:59:01 - [] - [] - 
    select
        oae1_0.id,
        oae1_0.created_by,
        oae1_0.created_date,
        oae1_0.expires_on,
        oae1_0.issued_on,
        oae1_0.last_modified_by,
        oae1_0.last_modified_date,
        oae1_0.partner_expiry,
        oae1_0.username 
    from
        otp_audit_entries oae1_0 
    where
        oae1_0.expires_on<?
Hibernate: 
    select
        oae1_0.id,
        oae1_0.created_by,
        oae1_0.created_date,
        oae1_0.expires_on,
        oae1_0.issued_on,
        oae1_0.last_modified_by,
        oae1_0.last_modified_date,
        oae1_0.partner_expiry,
        oae1_0.username 
    from
        otp_audit_entries oae1_0 
    where
        oae1_0.expires_on<?
2025-12-05 12:59:01 - [] - [] - 
    select
        oae1_0.id,
        oae1_0.created_by,
        oae1_0.created_date,
        oae1_0.expires_on,
        oae1_0.issued_on,
        oae1_0.last_modified_by,
        oae1_0.last_modified_date,
        oae1_0.partner_expiry,
        oae1_0.username 
    from
        otp_audit_entries oae1_0
Hibernate: 
    select
        oae1_0.id,
        oae1_0.created_by,
        oae1_0.created_date,
        oae1_0.expires_on,
        oae1_0.issued_on,
        oae1_0.last_modified_by,
        oae1_0.last_modified_date,
        oae1_0.partner_expiry,
        oae1_0.username 
    from
        otp_audit_entries oae1_0
2025-12-05 12:59:01 - [] - [] - 
    insert 
    into
        otp_audit_entries
        (created_by, created_date, expires_on, issued_on, last_modified_by, last_modified_date, partner_expiry, username, id) 
    values
        (?, ?, ?, ?, ?, ?, ?, ?, ?)
Hibernate: 
    insert 
    into
        otp_audit_entries
        (created_by, created_date, expires_on, issued_on, last_modified_by, last_modified_date, partner_expiry, username, id) 
    values
        (?, ?, ?, ?, ?, ?, ?, ?, ?)
2025-12-05 12:59:01 - [] - [] - 
    insert 
    into
        otp_audit_entries
        (created_by, created_date, expires_on, issued_on, last_modified_by, last_modified_date, partner_expiry, username, id) 
    values
        (?, ?, ?, ?, ?, ?, ?, ?, ?)
Hibernate: 
    insert 
    into
        otp_audit_entries
        (created_by, created_date, expires_on, issued_on, last_modified_by, last_modified_date, partner_expiry, username, id) 
    values
        (?, ?, ?, ?, ?, ?, ?, ?, ?)
2025-12-05 12:59:01 - [] - [] - 
    insert 
    into
        otp_audit_entries
        (created_by, created_date, expires_on, issued_on, last_modified_by, last_modified_date, partner_expiry, username, id) 
    values
        (?, ?, ?, ?, ?, ?, ?, ?, ?)
Hibernate: 
    insert 
    into
        otp_audit_entries
        (created_by, created_date, expires_on, issued_on, last_modified_by, last_modified_date, partner_expiry, username, id) 
    values
        (?, ?, ?, ?, ?, ?, ?, ?, ?)
2025-12-05 12:59:01 - [] - [] - 
    insert 
    into
        otp_audit_entries
        (created_by, created_date, expires_on, issued_on, last_modified_by, last_modified_date, partner_expiry, username, id) 
    values
        (?, ?, ?, ?, ?, ?, ?, ?, ?)
Hibernate: 
    insert 
    into
        otp_audit_entries
        (created_by, created_date, expires_on, issued_on, last_modified_by, last_modified_date, partner_expiry, username, id) 
    values
        (?, ?, ?, ?, ?, ?, ?, ?, ?)
2025-12-05 12:59:01 - [] - [] - 
    select
        oae1_0.id,
        oae1_0.created_by,
        oae1_0.created_date,
        oae1_0.expires_on,
        oae1_0.issued_on,
        oae1_0.last_modified_by,
        oae1_0.last_modified_date,
        oae1_0.partner_expiry,
        oae1_0.username 
    from
        otp_audit_entries oae1_0 
    where
        oae1_0.expires_on<?
Hibernate: 
    select
        oae1_0.id,
        oae1_0.created_by,
        oae1_0.created_date,
        oae1_0.expires_on,
        oae1_0.issued_on,
        oae1_0.last_modified_by,
        oae1_0.last_modified_date,
        oae1_0.partner_expiry,
        oae1_0.username 
    from
        otp_audit_entries oae1_0 
    where
        oae1_0.expires_on<?
2025-12-05 12:59:01 - [] - [] - 
    delete 
    from
        otp_audit_entries 
    where
        id=?
Hibernate: 
    delete 
    from
        otp_audit_entries 
    where
        id=?
2025-12-05 12:59:01 - [] - [] - 
    delete 
    from
        otp_audit_entries 
    where
        id=?
Hibernate: 
    delete 
    from
        otp_audit_entries 
    where
        id=?
2025-12-05 12:59:01 - [] - [] - 
    select
        count(*) 
    from
        otp_audit_entries oae1_0
Hibernate: 
    select
        count(*) 
    from
        otp_audit_entries oae1_0
2025-12-05 12:59:01 - [] - [] - 
    select
        oae1_0.id,
        oae1_0.created_by,
        oae1_0.created_date,
        oae1_0.expires_on,
        oae1_0.issued_on,
        oae1_0.last_modified_by,
        oae1_0.last_modified_date,
        oae1_0.partner_expiry,
        oae1_0.username 
    from
        otp_audit_entries oae1_0
Hibernate: 
    select
        oae1_0.id,
        oae1_0.created_by,
        oae1_0.created_date,
        oae1_0.expires_on,
        oae1_0.issued_on,
        oae1_0.last_modified_by,
        oae1_0.last_modified_date,
        oae1_0.partner_expiry,
        oae1_0.username 
    from
        otp_audit_entries oae1_0
2025-12-05 12:59:01 - [] - [] - 
    insert 
    into
        otp_audit_entries
        (created_by, created_date, expires_on, issued_on, last_modified_by, last_modified_date, partner_expiry, username, id) 
    values
        (?, ?, ?, ?, ?, ?, ?, ?, ?)
Hibernate: 
    insert 
    into
        otp_audit_entries
        (created_by, created_date, expires_on, issued_on, last_modified_by, last_modified_date, partner_expiry, username, id) 
    values
        (?, ?, ?, ?, ?, ?, ?, ?, ?)
2025-12-05 12:59:01 - [] - [] - 
    insert 
    into
        otp_audit_entries
        (created_by, created_date, expires_on, issued_on, last_modified_by, last_modified_date, partner_expiry, username, id) 
    values
        (?, ?, ?, ?, ?, ?, ?, ?, ?)
Hibernate: 
    insert 
    into
        otp_audit_entries
        (created_by, created_date, expires_on, issued_on, last_modified_by, last_modified_date, partner_expiry, username, id) 
    values
        (?, ?, ?, ?, ?, ?, ?, ?, ?)
2025-12-05 12:59:01 - [] - [] - 
    insert 
    into
        otp_audit_entries
        (created_by, created_date, expires_on, issued_on, last_modified_by, last_modified_date, partner_expiry, username, id) 
    values
        (?, ?, ?, ?, ?, ?, ?, ?, ?)
Hibernate: 
    insert 
    into
        otp_audit_entries
        (created_by, created_date, expires_on, issued_on, last_modified_by, last_modified_date, partner_expiry, username, id) 
    values
        (?, ?, ?, ?, ?, ?, ?, ?, ?)
2025-12-05 12:59:01 - [] - [] - 
    select
        oae1_0.id,
        oae1_0.created_by,
        oae1_0.created_date,
        oae1_0.expires_on,
        oae1_0.issued_on,
        oae1_0.last_modified_by,
        oae1_0.last_modified_date,
        oae1_0.partner_expiry,
        oae1_0.username 
    from
        otp_audit_entries oae1_0
Hibernate: 
    select
        oae1_0.id,
        oae1_0.created_by,
        oae1_0.created_date,
        oae1_0.expires_on,
        oae1_0.issued_on,
        oae1_0.last_modified_by,
        oae1_0.last_modified_date,
        oae1_0.partner_expiry,
        oae1_0.username 
    from
        otp_audit_entries oae1_0
2025-12-05 12:59:01 - [] - [] - 
    insert 
    into
        otp_audit_entries
        (created_by, created_date, expires_on, issued_on, last_modified_by, last_modified_date, partner_expiry, username, id) 
    values
        (?, ?, ?, ?, ?, ?, ?, ?, ?)
Hibernate: 
    insert 
    into
        otp_audit_entries
        (created_by, created_date, expires_on, issued_on, last_modified_by, last_modified_date, partner_expiry, username, id) 
    values
        (?, ?, ?, ?, ?, ?, ?, ?, ?)
2025-12-05 12:59:01 - [] - [] - 
    insert 
    into
        otp_audit_entries
        (created_by, created_date, expires_on, issued_on, last_modified_by, last_modified_date, partner_expiry, username, id) 
    values
        (?, ?, ?, ?, ?, ?, ?, ?, ?)
Hibernate: 
    insert 
    into
        otp_audit_entries
        (created_by, created_date, expires_on, issued_on, last_modified_by, last_modified_date, partner_expiry, username, id) 
    values
        (?, ?, ?, ?, ?, ?, ?, ?, ?)
2025-12-05 12:59:01 - [] - [] - 
    insert 
    into
        otp_audit_entries
        (created_by, created_date, expires_on, issued_on, last_modified_by, last_modified_date, partner_expiry, username, id) 
    values
        (?, ?, ?, ?, ?, ?, ?, ?, ?)
Hibernate: 
    insert 
    into
        otp_audit_entries
        (created_by, created_date, expires_on, issued_on, last_modified_by, last_modified_date, partner_expiry, username, id) 
    values
        (?, ?, ?, ?, ?, ?, ?, ?, ?)
2025-12-05 12:59:01 - [] - [] - 
    delete 
    from
        otp_audit_entries 
    where
        id=?
Hibernate: 
    delete 
    from
        otp_audit_entries 
    where
        id=?
2025-12-05 12:59:01 - [] - [] - 
    select
        oae1_0.id,
        oae1_0.created_by,
        oae1_0.created_date,
        oae1_0.expires_on,
        oae1_0.issued_on,
        oae1_0.last_modified_by,
        oae1_0.last_modified_date,
        oae1_0.partner_expiry,
        oae1_0.username 
    from
        otp_audit_entries oae1_0 
    where
        oae1_0.id=?
Hibernate: 
    select
        oae1_0.id,
        oae1_0.created_by,
        oae1_0.created_date,
        oae1_0.expires_on,
        oae1_0.issued_on,
        oae1_0.last_modified_by,
        oae1_0.last_modified_date,
        oae1_0.partner_expiry,
        oae1_0.username 
    from
        otp_audit_entries oae1_0 
    where
        oae1_0.id=?
2025-12-05 12:59:01 - [] - [] - 
    select
        oae1_0.id,
        oae1_0.created_by,
        oae1_0.created_date,
        oae1_0.expires_on,
        oae1_0.issued_on,
        oae1_0.last_modified_by,
        oae1_0.last_modified_date,
        oae1_0.partner_expiry,
        oae1_0.username 
    from
        otp_audit_entries oae1_0
Hibernate: 
    select
        oae1_0.id,
        oae1_0.created_by,
        oae1_0.created_date,
        oae1_0.expires_on,
        oae1_0.issued_on,
        oae1_0.last_modified_by,
        oae1_0.last_modified_date,
        oae1_0.partner_expiry,
        oae1_0.username 
    from
        otp_audit_entries oae1_0
2025-12-05 12:59:01 - [] - [] - 
    insert 
    into
        otp_audit_entries
        (created_by, created_date, expires_on, issued_on, last_modified_by, last_modified_date, partner_expiry, username, id) 
    values
        (?, ?, ?, ?, ?, ?, ?, ?, ?)
Hibernate: 
    insert 
    into
        otp_audit_entries
        (created_by, created_date, expires_on, issued_on, last_modified_by, last_modified_date, partner_expiry, username, id) 
    values
        (?, ?, ?, ?, ?, ?, ?, ?, ?)
2025-12-05 12:59:01 - [] - [] - 
    insert 
    into
        otp_audit_entries
        (created_by, created_date, expires_on, issued_on, last_modified_by, last_modified_date, partner_expiry, username, id) 
    values
        (?, ?, ?, ?, ?, ?, ?, ?, ?)
Hibernate: 
    insert 
    into
        otp_audit_entries
        (created_by, created_date, expires_on, issued_on, last_modified_by, last_modified_date, partner_expiry, username, id) 
    values
        (?, ?, ?, ?, ?, ?, ?, ?, ?)
2025-12-05 12:59:01 - [] - [] - 
    insert 
    into
        otp_audit_entries
        (created_by, created_date, expires_on, issued_on, last_modified_by, last_modified_date, partner_expiry, username, id) 
    values
        (?, ?, ?, ?, ?, ?, ?, ?, ?)
Hibernate: 
    insert 
    into
        otp_audit_entries
        (created_by, created_date, expires_on, issued_on, last_modified_by, last_modified_date, partner_expiry, username, id) 
    values
        (?, ?, ?, ?, ?, ?, ?, ?, ?)
2025-12-05 12:59:01 - [] - [] - 
    select
        oae1_0.id,
        oae1_0.created_by,
        oae1_0.created_date,
        oae1_0.expires_on,
        oae1_0.issued_on,
        oae1_0.last_modified_by,
        oae1_0.last_modified_date,
        oae1_0.partner_expiry,
        oae1_0.username 
    from
        otp_audit_entries oae1_0 
    where
        oae1_0.expires_on<?
Hibernate: 
    select
        oae1_0.id,
        oae1_0.created_by,
        oae1_0.created_date,
        oae1_0.expires_on,
        oae1_0.issued_on,
        oae1_0.last_modified_by,
        oae1_0.last_modified_date,
        oae1_0.partner_expiry,
        oae1_0.username 
    from
        otp_audit_entries oae1_0 
    where
        oae1_0.expires_on<?
2025-12-05 12:59:01 - [] - [] - 
    delete 
    from
        otp_audit_entries 
    where
        id=?
Hibernate: 
    delete 
    from
        otp_audit_entries 
    where
        id=?
2025-12-05 12:59:01 - [] - [] - 
    select
        oae1_0.id,
        oae1_0.created_by,
        oae1_0.created_date,
        oae1_0.expires_on,
        oae1_0.issued_on,
        oae1_0.last_modified_by,
        oae1_0.last_modified_date,
        oae1_0.partner_expiry,
        oae1_0.username 
    from
        otp_audit_entries oae1_0 
    where
        oae1_0.id=?
Hibernate: 
    select
        oae1_0.id,
        oae1_0.created_by,
        oae1_0.created_date,
        oae1_0.expires_on,
        oae1_0.issued_on,
        oae1_0.last_modified_by,
        oae1_0.last_modified_date,
        oae1_0.partner_expiry,
        oae1_0.username 
    from
        otp_audit_entries oae1_0 
    where
        oae1_0.id=?
[INFO] Tests run: 10, Failures: 0, Errors: 0, Skipped: 0, Time elapsed: 0.367 s -- in com.starter.springboot.repository.OtpAuditEntryRepositoryTest
[INFO] Running com.starter.springboot.repository.RefreshTokenRepositoryTest
2025-12-05 12:59:01 - [] - [] - Neither @ContextConfiguration nor @ContextHierarchy found for test class [RefreshTokenRepositoryTest]: using SpringBootContextLoader
2025-12-05 12:59:01 - [] - [] - Could not detect default configuration classes for test class [com.starter.springboot.repository.RefreshTokenRepositoryTest]: RefreshTokenRepositoryTest does not declare any static, non-private, non-final, nested classes annotated with @Configuration.
2025-12-05 12:59:01 - [] - [] - Using ContextCustomizerFactory implementations for test class [RefreshTokenRepositoryTest]: [ImportsContextCustomizerFactory, ExcludeFilterContextCustomizerFactory, HttpGraphQlTesterContextCustomizerFactory, DuplicateJsonObjectContextCustomizerFactory, MockitoContextCustomizerFactory, TestRestTemplateContextCustomizerFactory, WebTestClientContextCustomizerFactory, OverrideAutoConfigurationContextCustomizerFactory, ObservabilityContextCustomizerFactory, TypeExcludeFiltersContextCustomizerFactory, PropertyMappingContextCustomizerFactory, WebDriverContextCustomizerFactory, MockServerContainerContextCustomizerFactory, DynamicPropertiesContextCustomizerFactory]
2025-12-05 12:59:01 - [] - [] - Using ContextCustomizers for test class [RefreshTokenRepositoryTest]: [ImportsContextCustomizer, ExcludeFilterContextCustomizer, DuplicateJsonObjectContextCustomizer, MockitoContextCustomizer, DisableAutoConfigurationContextCustomizer, DisableObservabilityContextCustomizer, TypeExcludeFiltersContextCustomizer, PropertyMappingContextCustomizer, WebDriverContextCustomizer]
2025-12-05 12:59:01 - [] - [] - Found @SpringBootConfiguration com.starter.springboot.Application for test class com.starter.springboot.repository.RefreshTokenRepositoryTest
2025-12-05 12:59:01 - [] - [] - Using TestExecutionListeners for test class [RefreshTokenRepositoryTest]: [ServletTestExecutionListener, DirtiesContextBeforeModesTestExecutionListener, ApplicationEventsTestExecutionListener, MockitoTestExecutionListener, DependencyInjectionTestExecutionListener, DirtiesContextTestExecutionListener, TransactionalTestExecutionListener, SqlScriptsTestExecutionListener, EventPublishingTestExecutionListener, WithSecurityContextTestExecutionListener, ReactorContextTestExecutionListener, ResetMocksTestExecutionListener, RestDocsTestExecutionListener, MockRestServiceServerResetTestExecutionListener, MockMvcPrintOnlyOnFailureTestExecutionListener, WebDriverTestExecutionListener, MockWebServiceServerTestExecutionListener]
2025-12-05 12:59:01 - [] - [] - 
    select
        rt1_0.id,
        rt1_0.created_at,
        rt1_0.expires_at,
        rt1_0.replaced_by_token,
        rt1_0.revoked_at,
        rt1_0.token,
        rt1_0.user_id 
    from
        refresh_tokens rt1_0
Hibernate: 
    select
        rt1_0.id,
        rt1_0.created_at,
        rt1_0.expires_at,
        rt1_0.replaced_by_token,
        rt1_0.revoked_at,
        rt1_0.token,
        rt1_0.user_id 
    from
        refresh_tokens rt1_0
2025-12-05 12:59:01 - [] - [] - 
    insert 
    into
        refresh_tokens
        (created_at, expires_at, replaced_by_token, revoked_at, token, user_id, id) 
    values
        (?, ?, ?, ?, ?, ?, default)
Hibernate: 
    insert 
    into
        refresh_tokens
        (created_at, expires_at, replaced_by_token, revoked_at, token, user_id, id) 
    values
        (?, ?, ?, ?, ?, ?, default)
2025-12-05 12:59:01 - [] - [] - 
    insert 
    into
        refresh_tokens
        (created_at, expires_at, replaced_by_token, revoked_at, token, user_id, id) 
    values
        (?, ?, ?, ?, ?, ?, default)
Hibernate: 
    insert 
    into
        refresh_tokens
        (created_at, expires_at, replaced_by_token, revoked_at, token, user_id, id) 
    values
        (?, ?, ?, ?, ?, ?, default)
2025-12-05 12:59:01 - [] - [] - 
    insert 
    into
        refresh_tokens
        (created_at, expires_at, replaced_by_token, revoked_at, token, user_id, id) 
    values
        (?, ?, ?, ?, ?, ?, default)
Hibernate: 
    insert 
    into
        refresh_tokens
        (created_at, expires_at, replaced_by_token, revoked_at, token, user_id, id) 
    values
        (?, ?, ?, ?, ?, ?, default)
2025-12-05 12:59:02 - [] - [] - 
    update
        refresh_tokens 
    set
        revoked_at=? 
    where
        user_id=? 
        and revoked_at is null 
        and expires_at>?
Hibernate: 
    update
        refresh_tokens 
    set
        revoked_at=? 
    where
        user_id=? 
        and revoked_at is null 
        and expires_at>?
2025-12-05 12:59:02 - [] - [] - 
    select
        rt1_0.id,
        rt1_0.created_at,
        rt1_0.expires_at,
        rt1_0.replaced_by_token,
        rt1_0.revoked_at,
        rt1_0.token,
        rt1_0.user_id 
    from
        refresh_tokens rt1_0 
    where
        rt1_0.id=?
Hibernate: 
    select
        rt1_0.id,
        rt1_0.created_at,
        rt1_0.expires_at,
        rt1_0.replaced_by_token,
        rt1_0.revoked_at,
        rt1_0.token,
        rt1_0.user_id 
    from
        refresh_tokens rt1_0 
    where
        rt1_0.id=?
2025-12-05 12:59:02 - [] - [] - 
    select
        rt1_0.id,
        rt1_0.created_at,
        rt1_0.expires_at,
        rt1_0.replaced_by_token,
        rt1_0.revoked_at,
        rt1_0.token,
        rt1_0.user_id 
    from
        refresh_tokens rt1_0
Hibernate: 
    select
        rt1_0.id,
        rt1_0.created_at,
        rt1_0.expires_at,
        rt1_0.replaced_by_token,
        rt1_0.revoked_at,
        rt1_0.token,
        rt1_0.user_id 
    from
        refresh_tokens rt1_0
2025-12-05 12:59:02 - [] - [] - 
    insert 
    into
        refresh_tokens
        (created_at, expires_at, replaced_by_token, revoked_at, token, user_id, id) 
    values
        (?, ?, ?, ?, ?, ?, default)
Hibernate: 
    insert 
    into
        refresh_tokens
        (created_at, expires_at, replaced_by_token, revoked_at, token, user_id, id) 
    values
        (?, ?, ?, ?, ?, ?, default)
2025-12-05 12:59:02 - [] - [] - 
    insert 
    into
        refresh_tokens
        (created_at, expires_at, replaced_by_token, revoked_at, token, user_id, id) 
    values
        (?, ?, ?, ?, ?, ?, default)
Hibernate: 
    insert 
    into
        refresh_tokens
        (created_at, expires_at, replaced_by_token, revoked_at, token, user_id, id) 
    values
        (?, ?, ?, ?, ?, ?, default)
2025-12-05 12:59:02 - [] - [] - 
    insert 
    into
        refresh_tokens
        (created_at, expires_at, replaced_by_token, revoked_at, token, user_id, id) 
    values
        (?, ?, ?, ?, ?, ?, default)
Hibernate: 
    insert 
    into
        refresh_tokens
        (created_at, expires_at, replaced_by_token, revoked_at, token, user_id, id) 
    values
        (?, ?, ?, ?, ?, ?, default)
2025-12-05 12:59:02 - [] - [] - 
    select
        rt1_0.id,
        rt1_0.created_at,
        rt1_0.expires_at,
        rt1_0.replaced_by_token,
        rt1_0.revoked_at,
        rt1_0.token,
        rt1_0.user_id 
    from
        refresh_tokens rt1_0 
    where
        rt1_0.token=? 
        and rt1_0.revoked_at is null 
        and rt1_0.expires_at>?
Hibernate: 
    select
        rt1_0.id,
        rt1_0.created_at,
        rt1_0.expires_at,
        rt1_0.replaced_by_token,
        rt1_0.revoked_at,
        rt1_0.token,
        rt1_0.user_id 
    from
        refresh_tokens rt1_0 
    where
        rt1_0.token=? 
        and rt1_0.revoked_at is null 
        and rt1_0.expires_at>?
2025-12-05 12:59:02 - [] - [] - 
    select
        rt1_0.id,
        rt1_0.created_at,
        rt1_0.expires_at,
        rt1_0.replaced_by_token,
        rt1_0.revoked_at,
        rt1_0.token,
        rt1_0.user_id 
    from
        refresh_tokens rt1_0
Hibernate: 
    select
        rt1_0.id,
        rt1_0.created_at,
        rt1_0.expires_at,
        rt1_0.replaced_by_token,
        rt1_0.revoked_at,
        rt1_0.token,
        rt1_0.user_id 
    from
        refresh_tokens rt1_0
2025-12-05 12:59:02 - [] - [] - 
    insert 
    into
        refresh_tokens
        (created_at, expires_at, replaced_by_token, revoked_at, token, user_id, id) 
    values
        (?, ?, ?, ?, ?, ?, default)
Hibernate: 
    insert 
    into
        refresh_tokens
        (created_at, expires_at, replaced_by_token, revoked_at, token, user_id, id) 
    values
        (?, ?, ?, ?, ?, ?, default)
2025-12-05 12:59:02 - [] - [] - 
    insert 
    into
        refresh_tokens
        (created_at, expires_at, replaced_by_token, revoked_at, token, user_id, id) 
    values
        (?, ?, ?, ?, ?, ?, default)
Hibernate: 
    insert 
    into
        refresh_tokens
        (created_at, expires_at, replaced_by_token, revoked_at, token, user_id, id) 
    values
        (?, ?, ?, ?, ?, ?, default)
2025-12-05 12:59:02 - [] - [] - 
    insert 
    into
        refresh_tokens
        (created_at, expires_at, replaced_by_token, revoked_at, token, user_id, id) 
    values
        (?, ?, ?, ?, ?, ?, default)
Hibernate: 
    insert 
    into
        refresh_tokens
        (created_at, expires_at, replaced_by_token, revoked_at, token, user_id, id) 
    values
        (?, ?, ?, ?, ?, ?, default)
2025-12-05 12:59:02 - [] - [] - 
    delete 
    from
        refresh_tokens 
    where
        expires_at<?
Hibernate: 
    delete 
    from
        refresh_tokens 
    where
        expires_at<?
2025-12-05 12:59:02 - [] - [] - 
    select
        rt1_0.id,
        rt1_0.created_at,
        rt1_0.expires_at,
        rt1_0.replaced_by_token,
        rt1_0.revoked_at,
        rt1_0.token,
        rt1_0.user_id 
    from
        refresh_tokens rt1_0 
    where
        rt1_0.id=?
Hibernate: 
    select
        rt1_0.id,
        rt1_0.created_at,
        rt1_0.expires_at,
        rt1_0.replaced_by_token,
        rt1_0.revoked_at,
        rt1_0.token,
        rt1_0.user_id 
    from
        refresh_tokens rt1_0 
    where
        rt1_0.id=?
2025-12-05 12:59:02 - [] - [] - 
    select
        rt1_0.id,
        rt1_0.created_at,
        rt1_0.expires_at,
        rt1_0.replaced_by_token,
        rt1_0.revoked_at,
        rt1_0.token,
        rt1_0.user_id 
    from
        refresh_tokens rt1_0
Hibernate: 
    select
        rt1_0.id,
        rt1_0.created_at,
        rt1_0.expires_at,
        rt1_0.replaced_by_token,
        rt1_0.revoked_at,
        rt1_0.token,
        rt1_0.user_id 
    from
        refresh_tokens rt1_0
2025-12-05 12:59:02 - [] - [] - 
    insert 
    into
        refresh_tokens
        (created_at, expires_at, replaced_by_token, revoked_at, token, user_id, id) 
    values
        (?, ?, ?, ?, ?, ?, default)
Hibernate: 
    insert 
    into
        refresh_tokens
        (created_at, expires_at, replaced_by_token, revoked_at, token, user_id, id) 
    values
        (?, ?, ?, ?, ?, ?, default)
2025-12-05 12:59:02 - [] - [] - 
    insert 
    into
        refresh_tokens
        (created_at, expires_at, replaced_by_token, revoked_at, token, user_id, id) 
    values
        (?, ?, ?, ?, ?, ?, default)
Hibernate: 
    insert 
    into
        refresh_tokens
        (created_at, expires_at, replaced_by_token, revoked_at, token, user_id, id) 
    values
        (?, ?, ?, ?, ?, ?, default)
2025-12-05 12:59:02 - [] - [] - 
    insert 
    into
        refresh_tokens
        (created_at, expires_at, replaced_by_token, revoked_at, token, user_id, id) 
    values
        (?, ?, ?, ?, ?, ?, default)
Hibernate: 
    insert 
    into
        refresh_tokens
        (created_at, expires_at, replaced_by_token, revoked_at, token, user_id, id) 
    values
        (?, ?, ?, ?, ?, ?, default)
2025-12-05 12:59:02 - [] - [] - 
    select
        rt1_0.id,
        rt1_0.created_at,
        rt1_0.expires_at,
        rt1_0.replaced_by_token,
        rt1_0.revoked_at,
        rt1_0.token,
        rt1_0.user_id 
    from
        refresh_tokens rt1_0 
    where
        rt1_0.token=? 
        and rt1_0.revoked_at is null 
        and rt1_0.expires_at>?
Hibernate: 
    select
        rt1_0.id,
        rt1_0.created_at,
        rt1_0.expires_at,
        rt1_0.replaced_by_token,
        rt1_0.revoked_at,
        rt1_0.token,
        rt1_0.user_id 
    from
        refresh_tokens rt1_0 
    where
        rt1_0.token=? 
        and rt1_0.revoked_at is null 
        and rt1_0.expires_at>?
2025-12-05 12:59:02 - [] - [] - 
    select
        rt1_0.id,
        rt1_0.created_at,
        rt1_0.expires_at,
        rt1_0.replaced_by_token,
        rt1_0.revoked_at,
        rt1_0.token,
        rt1_0.user_id 
    from
        refresh_tokens rt1_0
Hibernate: 
    select
        rt1_0.id,
        rt1_0.created_at,
        rt1_0.expires_at,
        rt1_0.replaced_by_token,
        rt1_0.revoked_at,
        rt1_0.token,
        rt1_0.user_id 
    from
        refresh_tokens rt1_0
2025-12-05 12:59:02 - [] - [] - 
    insert 
    into
        refresh_tokens
        (created_at, expires_at, replaced_by_token, revoked_at, token, user_id, id) 
    values
        (?, ?, ?, ?, ?, ?, default)
Hibernate: 
    insert 
    into
        refresh_tokens
        (created_at, expires_at, replaced_by_token, revoked_at, token, user_id, id) 
    values
        (?, ?, ?, ?, ?, ?, default)
2025-12-05 12:59:02 - [] - [] - 
    insert 
    into
        refresh_tokens
        (created_at, expires_at, replaced_by_token, revoked_at, token, user_id, id) 
    values
        (?, ?, ?, ?, ?, ?, default)
Hibernate: 
    insert 
    into
        refresh_tokens
        (created_at, expires_at, replaced_by_token, revoked_at, token, user_id, id) 
    values
        (?, ?, ?, ?, ?, ?, default)
2025-12-05 12:59:02 - [] - [] - 
    insert 
    into
        refresh_tokens
        (created_at, expires_at, replaced_by_token, revoked_at, token, user_id, id) 
    values
        (?, ?, ?, ?, ?, ?, default)
Hibernate: 
    insert 
    into
        refresh_tokens
        (created_at, expires_at, replaced_by_token, revoked_at, token, user_id, id) 
    values
        (?, ?, ?, ?, ?, ?, default)
2025-12-05 12:59:02 - [] - [] - 
    update
        refresh_tokens 
    set
        revoked_at=? 
    where
        user_id=? 
        and revoked_at is null 
        and expires_at>?
Hibernate: 
    update
        refresh_tokens 
    set
        revoked_at=? 
    where
        user_id=? 
        and revoked_at is null 
        and expires_at>?
2025-12-05 12:59:02 - [] - [] - 
    select
        rt1_0.id,
        rt1_0.created_at,
        rt1_0.expires_at,
        rt1_0.replaced_by_token,
        rt1_0.revoked_at,
        rt1_0.token,
        rt1_0.user_id 
    from
        refresh_tokens rt1_0
Hibernate: 
    select
        rt1_0.id,
        rt1_0.created_at,
        rt1_0.expires_at,
        rt1_0.replaced_by_token,
        rt1_0.revoked_at,
        rt1_0.token,
        rt1_0.user_id 
    from
        refresh_tokens rt1_0
2025-12-05 12:59:02 - [] - [] - 
    insert 
    into
        refresh_tokens
        (created_at, expires_at, replaced_by_token, revoked_at, token, user_id, id) 
    values
        (?, ?, ?, ?, ?, ?, default)
Hibernate: 
    insert 
    into
        refresh_tokens
        (created_at, expires_at, replaced_by_token, revoked_at, token, user_id, id) 
    values
        (?, ?, ?, ?, ?, ?, default)
2025-12-05 12:59:02 - [] - [] - 
    insert 
    into
        refresh_tokens
        (created_at, expires_at, replaced_by_token, revoked_at, token, user_id, id) 
    values
        (?, ?, ?, ?, ?, ?, default)
Hibernate: 
    insert 
    into
        refresh_tokens
        (created_at, expires_at, replaced_by_token, revoked_at, token, user_id, id) 
    values
        (?, ?, ?, ?, ?, ?, default)
2025-12-05 12:59:02 - [] - [] - 
    insert 
    into
        refresh_tokens
        (created_at, expires_at, replaced_by_token, revoked_at, token, user_id, id) 
    values
        (?, ?, ?, ?, ?, ?, default)
Hibernate: 
    insert 
    into
        refresh_tokens
        (created_at, expires_at, replaced_by_token, revoked_at, token, user_id, id) 
    values
        (?, ?, ?, ?, ?, ?, default)
2025-12-05 12:59:02 - [] - [] - 
    select
        rt1_0.id,
        rt1_0.created_at,
        rt1_0.expires_at,
        rt1_0.replaced_by_token,
        rt1_0.revoked_at,
        rt1_0.token,
        rt1_0.user_id 
    from
        refresh_tokens rt1_0 
    where
        rt1_0.token=? 
        and rt1_0.revoked_at is null 
        and rt1_0.expires_at>?
Hibernate: 
    select
        rt1_0.id,
        rt1_0.created_at,
        rt1_0.expires_at,
        rt1_0.replaced_by_token,
        rt1_0.revoked_at,
        rt1_0.token,
        rt1_0.user_id 
    from
        refresh_tokens rt1_0 
    where
        rt1_0.token=? 
        and rt1_0.revoked_at is null 
        and rt1_0.expires_at>?
2025-12-05 12:59:02 - [] - [] - 
    select
        rt1_0.id,
        rt1_0.created_at,
        rt1_0.expires_at,
        rt1_0.replaced_by_token,
        rt1_0.revoked_at,
        rt1_0.token,
        rt1_0.user_id 
    from
        refresh_tokens rt1_0
Hibernate: 
    select
        rt1_0.id,
        rt1_0.created_at,
        rt1_0.expires_at,
        rt1_0.replaced_by_token,
        rt1_0.revoked_at,
        rt1_0.token,
        rt1_0.user_id 
    from
        refresh_tokens rt1_0
2025-12-05 12:59:02 - [] - [] - 
    insert 
    into
        refresh_tokens
        (created_at, expires_at, replaced_by_token, revoked_at, token, user_id, id) 
    values
        (?, ?, ?, ?, ?, ?, default)
Hibernate: 
    insert 
    into
        refresh_tokens
        (created_at, expires_at, replaced_by_token, revoked_at, token, user_id, id) 
    values
        (?, ?, ?, ?, ?, ?, default)
2025-12-05 12:59:02 - [] - [] - 
    insert 
    into
        refresh_tokens
        (created_at, expires_at, replaced_by_token, revoked_at, token, user_id, id) 
    values
        (?, ?, ?, ?, ?, ?, default)
Hibernate: 
    insert 
    into
        refresh_tokens
        (created_at, expires_at, replaced_by_token, revoked_at, token, user_id, id) 
    values
        (?, ?, ?, ?, ?, ?, default)
2025-12-05 12:59:02 - [] - [] - 
    insert 
    into
        refresh_tokens
        (created_at, expires_at, replaced_by_token, revoked_at, token, user_id, id) 
    values
        (?, ?, ?, ?, ?, ?, default)
Hibernate: 
    insert 
    into
        refresh_tokens
        (created_at, expires_at, replaced_by_token, revoked_at, token, user_id, id) 
    values
        (?, ?, ?, ?, ?, ?, default)
2025-12-05 12:59:02 - [] - [] - 
    insert 
    into
        refresh_tokens
        (created_at, expires_at, replaced_by_token, revoked_at, token, user_id, id) 
    values
        (?, ?, ?, ?, ?, ?, default)
Hibernate: 
    insert 
    into
        refresh_tokens
        (created_at, expires_at, replaced_by_token, revoked_at, token, user_id, id) 
    values
        (?, ?, ?, ?, ?, ?, default)
2025-12-05 12:59:02 - [] - [] - 
    update
        refresh_tokens 
    set
        revoked_at=? 
    where
        user_id=? 
        and revoked_at is null 
        and expires_at>?
Hibernate: 
    update
        refresh_tokens 
    set
        revoked_at=? 
    where
        user_id=? 
        and revoked_at is null 
        and expires_at>?
2025-12-05 12:59:02 - [] - [] - 
    select
        rt1_0.id,
        rt1_0.created_at,
        rt1_0.expires_at,
        rt1_0.replaced_by_token,
        rt1_0.revoked_at,
        rt1_0.token,
        rt1_0.user_id 
    from
        refresh_tokens rt1_0 
    where
        rt1_0.id=?
Hibernate: 
    select
        rt1_0.id,
        rt1_0.created_at,
        rt1_0.expires_at,
        rt1_0.replaced_by_token,
        rt1_0.revoked_at,
        rt1_0.token,
        rt1_0.user_id 
    from
        refresh_tokens rt1_0 
    where
        rt1_0.id=?
2025-12-05 12:59:02 - [] - [] - 
    select
        rt1_0.id,
        rt1_0.created_at,
        rt1_0.expires_at,
        rt1_0.replaced_by_token,
        rt1_0.revoked_at,
        rt1_0.token,
        rt1_0.user_id 
    from
        refresh_tokens rt1_0 
    where
        rt1_0.id=?
Hibernate: 
    select
        rt1_0.id,
        rt1_0.created_at,
        rt1_0.expires_at,
        rt1_0.replaced_by_token,
        rt1_0.revoked_at,
        rt1_0.token,
        rt1_0.user_id 
    from
        refresh_tokens rt1_0 
    where
        rt1_0.id=?
2025-12-05 12:59:02 - [] - [] - 
    select
        rt1_0.id,
        rt1_0.created_at,
        rt1_0.expires_at,
        rt1_0.replaced_by_token,
        rt1_0.revoked_at,
        rt1_0.token,
        rt1_0.user_id 
    from
        refresh_tokens rt1_0
Hibernate: 
    select
        rt1_0.id,
        rt1_0.created_at,
        rt1_0.expires_at,
        rt1_0.replaced_by_token,
        rt1_0.revoked_at,
        rt1_0.token,
        rt1_0.user_id 
    from
        refresh_tokens rt1_0
2025-12-05 12:59:02 - [] - [] - 
    insert 
    into
        refresh_tokens
        (created_at, expires_at, replaced_by_token, revoked_at, token, user_id, id) 
    values
        (?, ?, ?, ?, ?, ?, default)
Hibernate: 
    insert 
    into
        refresh_tokens
        (created_at, expires_at, replaced_by_token, revoked_at, token, user_id, id) 
    values
        (?, ?, ?, ?, ?, ?, default)
2025-12-05 12:59:02 - [] - [] - 
    insert 
    into
        refresh_tokens
        (created_at, expires_at, replaced_by_token, revoked_at, token, user_id, id) 
    values
        (?, ?, ?, ?, ?, ?, default)
Hibernate: 
    insert 
    into
        refresh_tokens
        (created_at, expires_at, replaced_by_token, revoked_at, token, user_id, id) 
    values
        (?, ?, ?, ?, ?, ?, default)
2025-12-05 12:59:02 - [] - [] - 
    insert 
    into
        refresh_tokens
        (created_at, expires_at, replaced_by_token, revoked_at, token, user_id, id) 
    values
        (?, ?, ?, ?, ?, ?, default)
Hibernate: 
    insert 
    into
        refresh_tokens
        (created_at, expires_at, replaced_by_token, revoked_at, token, user_id, id) 
    values
        (?, ?, ?, ?, ?, ?, default)
2025-12-05 12:59:02 - [] - [] - 
    delete 
    from
        refresh_tokens 
    where
        expires_at<?
Hibernate: 
    delete 
    from
        refresh_tokens 
    where
        expires_at<?
2025-12-05 12:59:02 - [] - [] - 
    delete 
    from
        refresh_tokens 
    where
        expires_at<?
Hibernate: 
    delete 
    from
        refresh_tokens 
    where
        expires_at<?
2025-12-05 12:59:02 - [] - [] - 
    select
        rt1_0.id,
        rt1_0.created_at,
        rt1_0.expires_at,
        rt1_0.replaced_by_token,
        rt1_0.revoked_at,
        rt1_0.token,
        rt1_0.user_id 
    from
        refresh_tokens rt1_0
Hibernate: 
    select
        rt1_0.id,
        rt1_0.created_at,
        rt1_0.expires_at,
        rt1_0.replaced_by_token,
        rt1_0.revoked_at,
        rt1_0.token,
        rt1_0.user_id 
    from
        refresh_tokens rt1_0
2025-12-05 12:59:02 - [] - [] - 
    insert 
    into
        refresh_tokens
        (created_at, expires_at, replaced_by_token, revoked_at, token, user_id, id) 
    values
        (?, ?, ?, ?, ?, ?, default)
Hibernate: 
    insert 
    into
        refresh_tokens
        (created_at, expires_at, replaced_by_token, revoked_at, token, user_id, id) 
    values
        (?, ?, ?, ?, ?, ?, default)
2025-12-05 12:59:02 - [] - [] - 
    insert 
    into
        refresh_tokens
        (created_at, expires_at, replaced_by_token, revoked_at, token, user_id, id) 
    values
        (?, ?, ?, ?, ?, ?, default)
Hibernate: 
    insert 
    into
        refresh_tokens
        (created_at, expires_at, replaced_by_token, revoked_at, token, user_id, id) 
    values
        (?, ?, ?, ?, ?, ?, default)
2025-12-05 12:59:02 - [] - [] - 
    insert 
    into
        refresh_tokens
        (created_at, expires_at, replaced_by_token, revoked_at, token, user_id, id) 
    values
        (?, ?, ?, ?, ?, ?, default)
Hibernate: 
    insert 
    into
        refresh_tokens
        (created_at, expires_at, replaced_by_token, revoked_at, token, user_id, id) 
    values
        (?, ?, ?, ?, ?, ?, default)
2025-12-05 12:59:02 - [] - [] - 
    select
        rt1_0.id,
        rt1_0.created_at,
        rt1_0.expires_at,
        rt1_0.replaced_by_token,
        rt1_0.revoked_at,
        rt1_0.token,
        rt1_0.user_id 
    from
        refresh_tokens rt1_0 
    where
        rt1_0.token=? 
        and rt1_0.revoked_at is null 
        and rt1_0.expires_at>?
Hibernate: 
    select
        rt1_0.id,
        rt1_0.created_at,
        rt1_0.expires_at,
        rt1_0.replaced_by_token,
        rt1_0.revoked_at,
        rt1_0.token,
        rt1_0.user_id 
    from
        refresh_tokens rt1_0 
    where
        rt1_0.token=? 
        and rt1_0.revoked_at is null 
        and rt1_0.expires_at>?
2025-12-05 12:59:02 - [] - [] - 
    select
        rt1_0.id,
        rt1_0.created_at,
        rt1_0.expires_at,
        rt1_0.replaced_by_token,
        rt1_0.revoked_at,
        rt1_0.token,
        rt1_0.user_id 
    from
        refresh_tokens rt1_0
Hibernate: 
    select
        rt1_0.id,
        rt1_0.created_at,
        rt1_0.expires_at,
        rt1_0.replaced_by_token,
        rt1_0.revoked_at,
        rt1_0.token,
        rt1_0.user_id 
    from
        refresh_tokens rt1_0
2025-12-05 12:59:02 - [] - [] - 
    insert 
    into
        refresh_tokens
        (created_at, expires_at, replaced_by_token, revoked_at, token, user_id, id) 
    values
        (?, ?, ?, ?, ?, ?, default)
Hibernate: 
    insert 
    into
        refresh_tokens
        (created_at, expires_at, replaced_by_token, revoked_at, token, user_id, id) 
    values
        (?, ?, ?, ?, ?, ?, default)
2025-12-05 12:59:02 - [] - [] - 
    insert 
    into
        refresh_tokens
        (created_at, expires_at, replaced_by_token, revoked_at, token, user_id, id) 
    values
        (?, ?, ?, ?, ?, ?, default)
Hibernate: 
    insert 
    into
        refresh_tokens
        (created_at, expires_at, replaced_by_token, revoked_at, token, user_id, id) 
    values
        (?, ?, ?, ?, ?, ?, default)
2025-12-05 12:59:02 - [] - [] - 
    insert 
    into
        refresh_tokens
        (created_at, expires_at, replaced_by_token, revoked_at, token, user_id, id) 
    values
        (?, ?, ?, ?, ?, ?, default)
Hibernate: 
    insert 
    into
        refresh_tokens
        (created_at, expires_at, replaced_by_token, revoked_at, token, user_id, id) 
    values
        (?, ?, ?, ?, ?, ?, default)
2025-12-05 12:59:02 - [] - [] - 
    update
        refresh_tokens 
    set
        revoked_at=? 
    where
        user_id=? 
        and revoked_at is null 
        and expires_at>?
Hibernate: 
    update
        refresh_tokens 
    set
        revoked_at=? 
    where
        user_id=? 
        and revoked_at is null 
        and expires_at>?
2025-12-05 12:59:02 - [] - [] - 
    select
        rt1_0.id,
        rt1_0.created_at,
        rt1_0.expires_at,
        rt1_0.replaced_by_token,
        rt1_0.revoked_at,
        rt1_0.token,
        rt1_0.user_id 
    from
        refresh_tokens rt1_0 
    where
        rt1_0.id=?
Hibernate: 
    select
        rt1_0.id,
        rt1_0.created_at,
        rt1_0.expires_at,
        rt1_0.replaced_by_token,
        rt1_0.revoked_at,
        rt1_0.token,
        rt1_0.user_id 
    from
        refresh_tokens rt1_0 
    where
        rt1_0.id=?
2025-12-05 12:59:02 - [] - [] - 
    select
        rt1_0.id,
        rt1_0.created_at,
        rt1_0.expires_at,
        rt1_0.replaced_by_token,
        rt1_0.revoked_at,
        rt1_0.token,
        rt1_0.user_id 
    from
        refresh_tokens rt1_0
Hibernate: 
    select
        rt1_0.id,
        rt1_0.created_at,
        rt1_0.expires_at,
        rt1_0.replaced_by_token,
        rt1_0.revoked_at,
        rt1_0.token,
        rt1_0.user_id 
    from
        refresh_tokens rt1_0
2025-12-05 12:59:02 - [] - [] - 
    insert 
    into
        refresh_tokens
        (created_at, expires_at, replaced_by_token, revoked_at, token, user_id, id) 
    values
        (?, ?, ?, ?, ?, ?, default)
Hibernate: 
    insert 
    into
        refresh_tokens
        (created_at, expires_at, replaced_by_token, revoked_at, token, user_id, id) 
    values
        (?, ?, ?, ?, ?, ?, default)
2025-12-05 12:59:02 - [] - [] - 
    insert 
    into
        refresh_tokens
        (created_at, expires_at, replaced_by_token, revoked_at, token, user_id, id) 
    values
        (?, ?, ?, ?, ?, ?, default)
Hibernate: 
    insert 
    into
        refresh_tokens
        (created_at, expires_at, replaced_by_token, revoked_at, token, user_id, id) 
    values
        (?, ?, ?, ?, ?, ?, default)
2025-12-05 12:59:02 - [] - [] - 
    insert 
    into
        refresh_tokens
        (created_at, expires_at, replaced_by_token, revoked_at, token, user_id, id) 
    values
        (?, ?, ?, ?, ?, ?, default)
Hibernate: 
    insert 
    into
        refresh_tokens
        (created_at, expires_at, replaced_by_token, revoked_at, token, user_id, id) 
    values
        (?, ?, ?, ?, ?, ?, default)
2025-12-05 12:59:02 - [] - [] - 
    delete 
    from
        refresh_tokens 
    where
        expires_at<?
Hibernate: 
    delete 
    from
        refresh_tokens 
    where
        expires_at<?
2025-12-05 12:59:02 - [] - [] - 
    select
        rt1_0.id,
        rt1_0.created_at,
        rt1_0.expires_at,
        rt1_0.replaced_by_token,
        rt1_0.revoked_at,
        rt1_0.token,
        rt1_0.user_id 
    from
        refresh_tokens rt1_0
Hibernate: 
    select
        rt1_0.id,
        rt1_0.created_at,
        rt1_0.expires_at,
        rt1_0.replaced_by_token,
        rt1_0.revoked_at,
        rt1_0.token,
        rt1_0.user_id 
    from
        refresh_tokens rt1_0
2025-12-05 12:59:02 - [] - [] - 
    insert 
    into
        refresh_tokens
        (created_at, expires_at, replaced_by_token, revoked_at, token, user_id, id) 
    values
        (?, ?, ?, ?, ?, ?, default)
Hibernate: 
    insert 
    into
        refresh_tokens
        (created_at, expires_at, replaced_by_token, revoked_at, token, user_id, id) 
    values
        (?, ?, ?, ?, ?, ?, default)
2025-12-05 12:59:02 - [] - [] - 
    insert 
    into
        refresh_tokens
        (created_at, expires_at, replaced_by_token, revoked_at, token, user_id, id) 
    values
        (?, ?, ?, ?, ?, ?, default)
Hibernate: 
    insert 
    into
        refresh_tokens
        (created_at, expires_at, replaced_by_token, revoked_at, token, user_id, id) 
    values
        (?, ?, ?, ?, ?, ?, default)
2025-12-05 12:59:02 - [] - [] - 
    insert 
    into
        refresh_tokens
        (created_at, expires_at, replaced_by_token, revoked_at, token, user_id, id) 
    values
        (?, ?, ?, ?, ?, ?, default)
Hibernate: 
    insert 
    into
        refresh_tokens
        (created_at, expires_at, replaced_by_token, revoked_at, token, user_id, id) 
    values
        (?, ?, ?, ?, ?, ?, default)
2025-12-05 12:59:02 - [] - [] - 
    delete 
    from
        refresh_tokens 
    where
        expires_at<?
Hibernate: 
    delete 
    from
        refresh_tokens 
    where
        expires_at<?
[INFO] Tests run: 12, Failures: 0, Errors: 0, Skipped: 0, Time elapsed: 0.540 s -- in com.starter.springboot.repository.RefreshTokenRepositoryTest
[INFO] Running com.starter.springboot.repository.RoleRepositoryTest
2025-12-05 12:59:02 - [] - [] - Neither @ContextConfiguration nor @ContextHierarchy found for test class [RoleRepositoryTest]: using SpringBootContextLoader
2025-12-05 12:59:02 - [] - [] - Could not detect default configuration classes for test class [com.starter.springboot.repository.RoleRepositoryTest]: RoleRepositoryTest does not declare any static, non-private, non-final, nested classes annotated with @Configuration.
2025-12-05 12:59:02 - [] - [] - Using ContextCustomizerFactory implementations for test class [RoleRepositoryTest]: [ImportsContextCustomizerFactory, ExcludeFilterContextCustomizerFactory, HttpGraphQlTesterContextCustomizerFactory, DuplicateJsonObjectContextCustomizerFactory, MockitoContextCustomizerFactory, TestRestTemplateContextCustomizerFactory, WebTestClientContextCustomizerFactory, OverrideAutoConfigurationContextCustomizerFactory, ObservabilityContextCustomizerFactory, TypeExcludeFiltersContextCustomizerFactory, PropertyMappingContextCustomizerFactory, WebDriverContextCustomizerFactory, MockServerContainerContextCustomizerFactory, DynamicPropertiesContextCustomizerFactory]
2025-12-05 12:59:02 - [] - [] - Using ContextCustomizers for test class [RoleRepositoryTest]: [ImportsContextCustomizer, ExcludeFilterContextCustomizer, DuplicateJsonObjectContextCustomizer, MockitoContextCustomizer, DisableAutoConfigurationContextCustomizer, DisableObservabilityContextCustomizer, TypeExcludeFiltersContextCustomizer, PropertyMappingContextCustomizer, WebDriverContextCustomizer]
2025-12-05 12:59:02 - [] - [] - Found @SpringBootConfiguration com.starter.springboot.Application for test class com.starter.springboot.repository.RoleRepositoryTest
2025-12-05 12:59:02 - [] - [] - Using TestExecutionListeners for test class [RoleRepositoryTest]: [ServletTestExecutionListener, DirtiesContextBeforeModesTestExecutionListener, ApplicationEventsTestExecutionListener, MockitoTestExecutionListener, DependencyInjectionTestExecutionListener, DirtiesContextTestExecutionListener, TransactionalTestExecutionListener, SqlScriptsTestExecutionListener, EventPublishingTestExecutionListener, WithSecurityContextTestExecutionListener, ReactorContextTestExecutionListener, ResetMocksTestExecutionListener, RestDocsTestExecutionListener, MockRestServiceServerResetTestExecutionListener, MockMvcPrintOnlyOnFailureTestExecutionListener, WebDriverTestExecutionListener, MockWebServiceServerTestExecutionListener]
2025-12-05 12:59:02 - [] - [] - 
    select
        r1_0.id,
        r1_0.created_by,
        r1_0.created_date,
        r1_0.description,
        r1_0.last_modified_by,
        r1_0.last_modified_date,
        r1_0.name 
    from
        role r1_0
Hibernate: 
    select
        r1_0.id,
        r1_0.created_by,
        r1_0.created_date,
        r1_0.description,
        r1_0.last_modified_by,
        r1_0.last_modified_date,
        r1_0.name 
    from
        role r1_0
2025-12-05 12:59:02 - [] - [] - 
    insert 
    into
        role
        (created_date, description, last_modified_date, name, id) 
    values
        (?, ?, ?, ?, ?)
Hibernate: 
    insert 
    into
        role
        (created_date, description, last_modified_date, name, id) 
    values
        (?, ?, ?, ?, ?)
2025-12-05 12:59:02 - [] - [] - 
    insert 
    into
        role
        (created_date, description, last_modified_date, name, id) 
    values
        (?, ?, ?, ?, ?)
Hibernate: 
    insert 
    into
        role
        (created_date, description, last_modified_date, name, id) 
    values
        (?, ?, ?, ?, ?)
2025-12-05 12:59:02 - [] - [] - 
    select
        r1_0.id,
        r1_0.created_by,
        r1_0.created_date,
        r1_0.description,
        r1_0.last_modified_by,
        r1_0.last_modified_date,
        r1_0.name 
    from
        role r1_0 
    where
        r1_0.name=?
Hibernate: 
    select
        r1_0.id,
        r1_0.created_by,
        r1_0.created_date,
        r1_0.description,
        r1_0.last_modified_by,
        r1_0.last_modified_date,
        r1_0.name 
    from
        role r1_0 
    where
        r1_0.name=?
2025-12-05 12:59:02 - [] - [] - 
    select
        r1_0.id,
        r1_0.created_by,
        r1_0.created_date,
        r1_0.description,
        r1_0.last_modified_by,
        r1_0.last_modified_date,
        r1_0.name 
    from
        role r1_0
Hibernate: 
    select
        r1_0.id,
        r1_0.created_by,
        r1_0.created_date,
        r1_0.description,
        r1_0.last_modified_by,
        r1_0.last_modified_date,
        r1_0.name 
    from
        role r1_0
2025-12-05 12:59:02 - [] - [] - 
    insert 
    into
        role
        (created_date, description, last_modified_date, name, id) 
    values
        (?, ?, ?, ?, ?)
Hibernate: 
    insert 
    into
        role
        (created_date, description, last_modified_date, name, id) 
    values
        (?, ?, ?, ?, ?)
2025-12-05 12:59:02 - [] - [] - 
    insert 
    into
        role
        (created_date, description, last_modified_date, name, id) 
    values
        (?, ?, ?, ?, ?)
Hibernate: 
    insert 
    into
        role
        (created_date, description, last_modified_date, name, id) 
    values
        (?, ?, ?, ?, ?)
2025-12-05 12:59:02 - [] - [] - 
    select
        r1_0.id,
        r1_0.created_by,
        r1_0.created_date,
        r1_0.description,
        r1_0.last_modified_by,
        r1_0.last_modified_date,
        r1_0.name 
    from
        role r1_0 
    where
        r1_0.id=?
Hibernate: 
    select
        r1_0.id,
        r1_0.created_by,
        r1_0.created_date,
        r1_0.description,
        r1_0.last_modified_by,
        r1_0.last_modified_date,
        r1_0.name 
    from
        role r1_0 
    where
        r1_0.id=?
2025-12-05 12:59:02 - [] - [] - 
    select
        r1_0.id,
        r1_0.created_by,
        r1_0.created_date,
        r1_0.description,
        r1_0.last_modified_by,
        r1_0.last_modified_date,
        r1_0.name 
    from
        role r1_0
Hibernate: 
    select
        r1_0.id,
        r1_0.created_by,
        r1_0.created_date,
        r1_0.description,
        r1_0.last_modified_by,
        r1_0.last_modified_date,
        r1_0.name 
    from
        role r1_0
2025-12-05 12:59:02 - [] - [] - 
    insert 
    into
        role
        (created_date, description, last_modified_date, name, id) 
    values
        (?, ?, ?, ?, ?)
Hibernate: 
    insert 
    into
        role
        (created_date, description, last_modified_date, name, id) 
    values
        (?, ?, ?, ?, ?)
2025-12-05 12:59:02 - [] - [] - 
    insert 
    into
        role
        (created_date, description, last_modified_date, name, id) 
    values
        (?, ?, ?, ?, ?)
Hibernate: 
    insert 
    into
        role
        (created_date, description, last_modified_date, name, id) 
    values
        (?, ?, ?, ?, ?)
2025-12-05 12:59:02 - [] - [] - 
    select
        r1_0.id,
        r1_0.created_by,
        r1_0.created_date,
        r1_0.description,
        r1_0.last_modified_by,
        r1_0.last_modified_date,
        r1_0.name 
    from
        role r1_0 
    where
        r1_0.name=?
Hibernate: 
    select
        r1_0.id,
        r1_0.created_by,
        r1_0.created_date,
        r1_0.description,
        r1_0.last_modified_by,
        r1_0.last_modified_date,
        r1_0.name 
    from
        role r1_0 
    where
        r1_0.name=?
2025-12-05 12:59:02 - [] - [] - 
    select
        r1_0.id,
        r1_0.created_by,
        r1_0.created_date,
        r1_0.description,
        r1_0.last_modified_by,
        r1_0.last_modified_date,
        r1_0.name 
    from
        role r1_0
Hibernate: 
    select
        r1_0.id,
        r1_0.created_by,
        r1_0.created_date,
        r1_0.description,
        r1_0.last_modified_by,
        r1_0.last_modified_date,
        r1_0.name 
    from
        role r1_0
2025-12-05 12:59:02 - [] - [] - 
    insert 
    into
        role
        (created_date, description, last_modified_date, name, id) 
    values
        (?, ?, ?, ?, ?)
Hibernate: 
    insert 
    into
        role
        (created_date, description, last_modified_date, name, id) 
    values
        (?, ?, ?, ?, ?)
2025-12-05 12:59:02 - [] - [] - 
    insert 
    into
        role
        (created_date, description, last_modified_date, name, id) 
    values
        (?, ?, ?, ?, ?)
Hibernate: 
    insert 
    into
        role
        (created_date, description, last_modified_date, name, id) 
    values
        (?, ?, ?, ?, ?)
2025-12-05 12:59:02 - [] - [] - 
    select
        r1_0.id,
        r1_0.created_by,
        r1_0.created_date,
        r1_0.description,
        r1_0.last_modified_by,
        r1_0.last_modified_date,
        r1_0.name 
    from
        role r1_0 
    where
        r1_0.name=?
Hibernate: 
    select
        r1_0.id,
        r1_0.created_by,
        r1_0.created_date,
        r1_0.description,
        r1_0.last_modified_by,
        r1_0.last_modified_date,
        r1_0.name 
    from
        role r1_0 
    where
        r1_0.name=?
2025-12-05 12:59:02 - [] - [] - 
    update
        role 
    set
        description=?,
        last_modified_date=? 
    where
        id=?
Hibernate: 
    update
        role 
    set
        description=?,
        last_modified_date=? 
    where
        id=?
2025-12-05 12:59:02 - [] - [] - 
    select
        r1_0.id,
        r1_0.created_by,
        r1_0.created_date,
        r1_0.description,
        r1_0.last_modified_by,
        r1_0.last_modified_date,
        r1_0.name 
    from
        role r1_0 
    where
        r1_0.name=?
Hibernate: 
    select
        r1_0.id,
        r1_0.created_by,
        r1_0.created_date,
        r1_0.description,
        r1_0.last_modified_by,
        r1_0.last_modified_date,
        r1_0.name 
    from
        role r1_0 
    where
        r1_0.name=?
2025-12-05 12:59:02 - [] - [] - 
    select
        r1_0.id,
        r1_0.created_by,
        r1_0.created_date,
        r1_0.description,
        r1_0.last_modified_by,
        r1_0.last_modified_date,
        r1_0.name 
    from
        role r1_0
Hibernate: 
    select
        r1_0.id,
        r1_0.created_by,
        r1_0.created_date,
        r1_0.description,
        r1_0.last_modified_by,
        r1_0.last_modified_date,
        r1_0.name 
    from
        role r1_0
2025-12-05 12:59:02 - [] - [] - 
    insert 
    into
        role
        (created_date, description, last_modified_date, name, id) 
    values
        (?, ?, ?, ?, ?)
Hibernate: 
    insert 
    into
        role
        (created_date, description, last_modified_date, name, id) 
    values
        (?, ?, ?, ?, ?)
2025-12-05 12:59:02 - [] - [] - 
    insert 
    into
        role
        (created_date, description, last_modified_date, name, id) 
    values
        (?, ?, ?, ?, ?)
Hibernate: 
    insert 
    into
        role
        (created_date, description, last_modified_date, name, id) 
    values
        (?, ?, ?, ?, ?)
2025-12-05 12:59:02 - [] - [] - 
    select
        r1_0.id,
        r1_0.created_by,
        r1_0.created_date,
        r1_0.description,
        r1_0.last_modified_by,
        r1_0.last_modified_date,
        r1_0.name 
    from
        role r1_0
Hibernate: 
    select
        r1_0.id,
        r1_0.created_by,
        r1_0.created_date,
        r1_0.description,
        r1_0.last_modified_by,
        r1_0.last_modified_date,
        r1_0.name 
    from
        role r1_0
2025-12-05 12:59:02 - [] - [] - 
    select
        r1_0.id,
        r1_0.created_by,
        r1_0.created_date,
        r1_0.description,
        r1_0.last_modified_by,
        r1_0.last_modified_date,
        r1_0.name 
    from
        role r1_0
Hibernate: 
    select
        r1_0.id,
        r1_0.created_by,
        r1_0.created_date,
        r1_0.description,
        r1_0.last_modified_by,
        r1_0.last_modified_date,
        r1_0.name 
    from
        role r1_0
2025-12-05 12:59:02 - [] - [] - 
    insert 
    into
        role
        (created_date, description, last_modified_date, name, id) 
    values
        (?, ?, ?, ?, ?)
Hibernate: 
    insert 
    into
        role
        (created_date, description, last_modified_date, name, id) 
    values
        (?, ?, ?, ?, ?)
2025-12-05 12:59:02 - [] - [] - 
    insert 
    into
        role
        (created_date, description, last_modified_date, name, id) 
    values
        (?, ?, ?, ?, ?)
Hibernate: 
    insert 
    into
        role
        (created_date, description, last_modified_date, name, id) 
    values
        (?, ?, ?, ?, ?)
2025-12-05 12:59:02 - [] - [] - 
    delete 
    from
        role 
    where
        id=?
Hibernate: 
    delete 
    from
        role 
    where
        id=?
2025-12-05 12:59:02 - [] - [] - 
    select
        r1_0.id,
        r1_0.created_by,
        r1_0.created_date,
        r1_0.description,
        r1_0.last_modified_by,
        r1_0.last_modified_date,
        r1_0.name 
    from
        role r1_0 
    where
        r1_0.id=?
Hibernate: 
    select
        r1_0.id,
        r1_0.created_by,
        r1_0.created_date,
        r1_0.description,
        r1_0.last_modified_by,
        r1_0.last_modified_date,
        r1_0.name 
    from
        role r1_0 
    where
        r1_0.id=?
2025-12-05 12:59:02 - [] - [] - 
    select
        r1_0.id,
        r1_0.created_by,
        r1_0.created_date,
        r1_0.description,
        r1_0.last_modified_by,
        r1_0.last_modified_date,
        r1_0.name 
    from
        role r1_0
Hibernate: 
    select
        r1_0.id,
        r1_0.created_by,
        r1_0.created_date,
        r1_0.description,
        r1_0.last_modified_by,
        r1_0.last_modified_date,
        r1_0.name 
    from
        role r1_0
2025-12-05 12:59:02 - [] - [] - 
    insert 
    into
        role
        (created_date, description, last_modified_date, name, id) 
    values
        (?, ?, ?, ?, ?)
Hibernate: 
    insert 
    into
        role
        (created_date, description, last_modified_date, name, id) 
    values
        (?, ?, ?, ?, ?)
2025-12-05 12:59:02 - [] - [] - 
    insert 
    into
        role
        (created_date, description, last_modified_date, name, id) 
    values
        (?, ?, ?, ?, ?)
Hibernate: 
    insert 
    into
        role
        (created_date, description, last_modified_date, name, id) 
    values
        (?, ?, ?, ?, ?)
2025-12-05 12:59:02 - [] - [] - 
    select
        r1_0.id,
        r1_0.created_by,
        r1_0.created_date,
        r1_0.description,
        r1_0.last_modified_by,
        r1_0.last_modified_date,
        r1_0.name 
    from
        role r1_0
Hibernate: 
    select
        r1_0.id,
        r1_0.created_by,
        r1_0.created_date,
        r1_0.description,
        r1_0.last_modified_by,
        r1_0.last_modified_date,
        r1_0.name 
    from
        role r1_0
2025-12-05 12:59:02 - [] - [] - 
    insert 
    into
        role
        (created_date, description, last_modified_date, name, id) 
    values
        (?, ?, ?, ?, ?)
Hibernate: 
    insert 
    into
        role
        (created_date, description, last_modified_date, name, id) 
    values
        (?, ?, ?, ?, ?)
2025-12-05 12:59:02 - [] - [] - 
    insert 
    into
        role
        (created_date, description, last_modified_date, name, id) 
    values
        (?, ?, ?, ?, ?)
Hibernate: 
    insert 
    into
        role
        (created_date, description, last_modified_date, name, id) 
    values
        (?, ?, ?, ?, ?)
2025-12-05 12:59:02 - [] - [] - 
    select
        count(*) 
    from
        role r1_0
Hibernate: 
    select
        count(*) 
    from
        role r1_0
2025-12-05 12:59:02 - [] - [] - 
    select
        r1_0.id,
        r1_0.created_by,
        r1_0.created_date,
        r1_0.description,
        r1_0.last_modified_by,
        r1_0.last_modified_date,
        r1_0.name 
    from
        role r1_0 
    where
        r1_0.id=?
Hibernate: 
    select
        r1_0.id,
        r1_0.created_by,
        r1_0.created_date,
        r1_0.description,
        r1_0.last_modified_by,
        r1_0.last_modified_date,
        r1_0.name 
    from
        role r1_0 
    where
        r1_0.id=?
2025-12-05 12:59:02 - [] - [] - 
    insert 
    into
        role
        (created_date, description, last_modified_date, name, id) 
    values
        (?, ?, ?, ?, ?)
Hibernate: 
    insert 
    into
        role
        (created_date, description, last_modified_date, name, id) 
    values
        (?, ?, ?, ?, ?)
2025-12-05 12:59:02 - [] - [] - 
    select
        count(*) 
    from
        role r1_0
Hibernate: 
    select
        count(*) 
    from
        role r1_0
[INFO] Tests run: 8, Failures: 0, Errors: 0, Skipped: 0, Time elapsed: 0.214 s -- in com.starter.springboot.repository.RoleRepositoryTest
[INFO] Running com.starter.springboot.repository.UserRepositoryTest
2025-12-05 12:59:02 - [] - [] - Neither @ContextConfiguration nor @ContextHierarchy found for test class [UserRepositoryTest]: using SpringBootContextLoader
2025-12-05 12:59:02 - [] - [] - Could not detect default configuration classes for test class [com.starter.springboot.repository.UserRepositoryTest]: UserRepositoryTest does not declare any static, non-private, non-final, nested classes annotated with @Configuration.
2025-12-05 12:59:02 - [] - [] - Using ContextCustomizerFactory implementations for test class [UserRepositoryTest]: [ImportsContextCustomizerFactory, ExcludeFilterContextCustomizerFactory, HttpGraphQlTesterContextCustomizerFactory, DuplicateJsonObjectContextCustomizerFactory, MockitoContextCustomizerFactory, TestRestTemplateContextCustomizerFactory, WebTestClientContextCustomizerFactory, OverrideAutoConfigurationContextCustomizerFactory, ObservabilityContextCustomizerFactory, TypeExcludeFiltersContextCustomizerFactory, PropertyMappingContextCustomizerFactory, WebDriverContextCustomizerFactory, MockServerContainerContextCustomizerFactory, DynamicPropertiesContextCustomizerFactory]
2025-12-05 12:59:02 - [] - [] - Using ContextCustomizers for test class [UserRepositoryTest]: [ImportsContextCustomizer, ExcludeFilterContextCustomizer, DuplicateJsonObjectContextCustomizer, MockitoContextCustomizer, DisableAutoConfigurationContextCustomizer, DisableObservabilityContextCustomizer, TypeExcludeFiltersContextCustomizer, PropertyMappingContextCustomizer, WebDriverContextCustomizer]
2025-12-05 12:59:02 - [] - [] - Found @SpringBootConfiguration com.starter.springboot.Application for test class com.starter.springboot.repository.UserRepositoryTest
2025-12-05 12:59:02 - [] - [] - Using TestExecutionListeners for test class [UserRepositoryTest]: [ServletTestExecutionListener, DirtiesContextBeforeModesTestExecutionListener, ApplicationEventsTestExecutionListener, MockitoTestExecutionListener, DependencyInjectionTestExecutionListener, DirtiesContextTestExecutionListener, TransactionalTestExecutionListener, SqlScriptsTestExecutionListener, EventPublishingTestExecutionListener, WithSecurityContextTestExecutionListener, ReactorContextTestExecutionListener, ResetMocksTestExecutionListener, RestDocsTestExecutionListener, MockRestServiceServerResetTestExecutionListener, MockMvcPrintOnlyOnFailureTestExecutionListener, WebDriverTestExecutionListener, MockWebServiceServerTestExecutionListener]
2025-12-05 12:59:02 - [] - [] - 
    select
        u1_0.id,
        u1_0.auth_type,
        u1_0.authority_id,
        u1_0.created_by,
        u1_0.created_date,
        u1_0.email,
        u1_0.email_verified,
        u1_0.enabled,
        u1_0.first_name,
        u1_0.google_id,
        u1_0.is_otp_required,
        u1_0.last_modified_by,
        u1_0.last_modified_date,
        u1_0.last_name,
        u1_0.last_password_reset_date,
        u1_0.password,
        u1_0.role_id,
        u1_0.status,
        u1_0.username 
    from
        user_account u1_0
Hibernate: 
    select
        u1_0.id,
        u1_0.auth_type,
        u1_0.authority_id,
        u1_0.created_by,
        u1_0.created_date,
        u1_0.email,
        u1_0.email_verified,
        u1_0.enabled,
        u1_0.first_name,
        u1_0.google_id,
        u1_0.is_otp_required,
        u1_0.last_modified_by,
        u1_0.last_modified_date,
        u1_0.last_name,
        u1_0.last_password_reset_date,
        u1_0.password,
        u1_0.role_id,
        u1_0.status,
        u1_0.username 
    from
        user_account u1_0
2025-12-05 12:59:02 - [] - [] - 
    insert 
    into
        role
        (created_date, description, last_modified_date, name, id) 
    values
        (?, ?, ?, ?, ?)
Hibernate: 
    insert 
    into
        role
        (created_date, description, last_modified_date, name, id) 
    values
        (?, ?, ?, ?, ?)
2025-12-05 12:59:02 - [] - [] - 
    insert 
    into
        authority
        (created_by, created_date, description, last_modified_by, last_modified_date, name, id) 
    values
        (?, ?, ?, ?, ?, ?, ?)
Hibernate: 
    insert 
    into
        authority
        (created_by, created_date, description, last_modified_by, last_modified_date, name, id) 
    values
        (?, ?, ?, ?, ?, ?, ?)
2025-12-05 12:59:02 - [] - [] - 
    insert 
    into
        user_account
        (auth_type, authority_id, created_by, created_date, email, email_verified, enabled, first_name, google_id, is_otp_required, last_modified_by, last_modified_date, last_name, last_password_reset_date, password, role_id, status, username, id) 
    values
        (?, ?, ?, ?, ?, ?, ?, ?, ?, ?, ?, ?, ?, ?, ?, ?, ?, ?, ?)
Hibernate: 
    insert 
    into
        user_account
        (auth_type, authority_id, created_by, created_date, email, email_verified, enabled, first_name, google_id, is_otp_required, last_modified_by, last_modified_date, last_name, last_password_reset_date, password, role_id, status, username, id) 
    values
        (?, ?, ?, ?, ?, ?, ?, ?, ?, ?, ?, ?, ?, ?, ?, ?, ?, ?, ?)
2025-12-05 12:59:02 - [] - [] - 
    select
        u1_0.id,
        u1_0.auth_type,
        u1_0.authority_id,
        u1_0.created_by,
        u1_0.created_date,
        u1_0.email,
        u1_0.email_verified,
        u1_0.enabled,
        u1_0.first_name,
        u1_0.google_id,
        u1_0.is_otp_required,
        u1_0.last_modified_by,
        u1_0.last_modified_date,
        u1_0.last_name,
        u1_0.last_password_reset_date,
        u1_0.password,
        u1_0.role_id,
        u1_0.status,
        u1_0.username 
    from
        user_account u1_0 
    where
        u1_0.google_id=?
Hibernate: 
    select
        u1_0.id,
        u1_0.auth_type,
        u1_0.authority_id,
        u1_0.created_by,
        u1_0.created_date,
        u1_0.email,
        u1_0.email_verified,
        u1_0.enabled,
        u1_0.first_name,
        u1_0.google_id,
        u1_0.is_otp_required,
        u1_0.last_modified_by,
        u1_0.last_modified_date,
        u1_0.last_name,
        u1_0.last_password_reset_date,
        u1_0.password,
        u1_0.role_id,
        u1_0.status,
        u1_0.username 
    from
        user_account u1_0 
    where
        u1_0.google_id=?
2025-12-05 12:59:02 - [] - [] - 
    select
        u1_0.id,
        u1_0.auth_type,
        u1_0.authority_id,
        u1_0.created_by,
        u1_0.created_date,
        u1_0.email,
        u1_0.email_verified,
        u1_0.enabled,
        u1_0.first_name,
        u1_0.google_id,
        u1_0.is_otp_required,
        u1_0.last_modified_by,
        u1_0.last_modified_date,
        u1_0.last_name,
        u1_0.last_password_reset_date,
        u1_0.password,
        u1_0.role_id,
        u1_0.status,
        u1_0.username 
    from
        user_account u1_0
Hibernate: 
    select
        u1_0.id,
        u1_0.auth_type,
        u1_0.authority_id,
        u1_0.created_by,
        u1_0.created_date,
        u1_0.email,
        u1_0.email_verified,
        u1_0.enabled,
        u1_0.first_name,
        u1_0.google_id,
        u1_0.is_otp_required,
        u1_0.last_modified_by,
        u1_0.last_modified_date,
        u1_0.last_name,
        u1_0.last_password_reset_date,
        u1_0.password,
        u1_0.role_id,
        u1_0.status,
        u1_0.username 
    from
        user_account u1_0
2025-12-05 12:59:02 - [] - [] - 
    insert 
    into
        role
        (created_date, description, last_modified_date, name, id) 
    values
        (?, ?, ?, ?, ?)
Hibernate: 
    insert 
    into
        role
        (created_date, description, last_modified_date, name, id) 
    values
        (?, ?, ?, ?, ?)
2025-12-05 12:59:02 - [] - [] - 
    insert 
    into
        authority
        (created_by, created_date, description, last_modified_by, last_modified_date, name, id) 
    values
        (?, ?, ?, ?, ?, ?, ?)
Hibernate: 
    insert 
    into
        authority
        (created_by, created_date, description, last_modified_by, last_modified_date, name, id) 
    values
        (?, ?, ?, ?, ?, ?, ?)
2025-12-05 12:59:02 - [] - [] - 
    insert 
    into
        user_account
        (auth_type, authority_id, created_by, created_date, email, email_verified, enabled, first_name, google_id, is_otp_required, last_modified_by, last_modified_date, last_name, last_password_reset_date, password, role_id, status, username, id) 
    values
        (?, ?, ?, ?, ?, ?, ?, ?, ?, ?, ?, ?, ?, ?, ?, ?, ?, ?, ?)
Hibernate: 
    insert 
    into
        user_account
        (auth_type, authority_id, created_by, created_date, email, email_verified, enabled, first_name, google_id, is_otp_required, last_modified_by, last_modified_date, last_name, last_password_reset_date, password, role_id, status, username, id) 
    values
        (?, ?, ?, ?, ?, ?, ?, ?, ?, ?, ?, ?, ?, ?, ?, ?, ?, ?, ?)
2025-12-05 12:59:02 - [] - [] - 
    select
        u1_0.id,
        u1_0.auth_type,
        u1_0.authority_id,
        u1_0.created_by,
        u1_0.created_date,
        u1_0.email,
        u1_0.email_verified,
        u1_0.enabled,
        u1_0.first_name,
        u1_0.google_id,
        u1_0.is_otp_required,
        u1_0.last_modified_by,
        u1_0.last_modified_date,
        u1_0.last_name,
        u1_0.last_password_reset_date,
        u1_0.password,
        u1_0.role_id,
        u1_0.status,
        u1_0.username 
    from
        user_account u1_0 
    where
        u1_0.username=?
Hibernate: 
    select
        u1_0.id,
        u1_0.auth_type,
        u1_0.authority_id,
        u1_0.created_by,
        u1_0.created_date,
        u1_0.email,
        u1_0.email_verified,
        u1_0.enabled,
        u1_0.first_name,
        u1_0.google_id,
        u1_0.is_otp_required,
        u1_0.last_modified_by,
        u1_0.last_modified_date,
        u1_0.last_name,
        u1_0.last_password_reset_date,
        u1_0.password,
        u1_0.role_id,
        u1_0.status,
        u1_0.username 
    from
        user_account u1_0 
    where
        u1_0.username=?
2025-12-05 12:59:02 - [] - [] - 
    update
        user_account 
    set
        auth_type=?,
        authority_id=?,
        email=?,
        email_verified=?,
        enabled=?,
        first_name=?,
        google_id=?,
        is_otp_required=?,
        last_modified_by=?,
        last_modified_date=?,
        last_name=?,
        last_password_reset_date=?,
        password=?,
        role_id=?,
        status=?,
        username=? 
    where
        id=?
Hibernate: 
    update
        user_account 
    set
        auth_type=?,
        authority_id=?,
        email=?,
        email_verified=?,
        enabled=?,
        first_name=?,
        google_id=?,
        is_otp_required=?,
        last_modified_by=?,
        last_modified_date=?,
        last_name=?,
        last_password_reset_date=?,
        password=?,
        role_id=?,
        status=?,
        username=? 
    where
        id=?
2025-12-05 12:59:02 - [] - [] - 
    select
        u1_0.id,
        u1_0.auth_type,
        u1_0.authority_id,
        u1_0.created_by,
        u1_0.created_date,
        u1_0.email,
        u1_0.email_verified,
        u1_0.enabled,
        u1_0.first_name,
        u1_0.google_id,
        u1_0.is_otp_required,
        u1_0.last_modified_by,
        u1_0.last_modified_date,
        u1_0.last_name,
        u1_0.last_password_reset_date,
        u1_0.password,
        u1_0.role_id,
        u1_0.status,
        u1_0.username 
    from
        user_account u1_0 
    where
        u1_0.username=?
Hibernate: 
    select
        u1_0.id,
        u1_0.auth_type,
        u1_0.authority_id,
        u1_0.created_by,
        u1_0.created_date,
        u1_0.email,
        u1_0.email_verified,
        u1_0.enabled,
        u1_0.first_name,
        u1_0.google_id,
        u1_0.is_otp_required,
        u1_0.last_modified_by,
        u1_0.last_modified_date,
        u1_0.last_name,
        u1_0.last_password_reset_date,
        u1_0.password,
        u1_0.role_id,
        u1_0.status,
        u1_0.username 
    from
        user_account u1_0 
    where
        u1_0.username=?
2025-12-05 12:59:02 - [] - [] - 
    select
        a1_0.id,
        a1_0.created_by,
        a1_0.created_date,
        a1_0.description,
        a1_0.last_modified_by,
        a1_0.last_modified_date,
        a1_0.name 
    from
        authority a1_0 
    where
        a1_0.id=?
Hibernate: 
    select
        a1_0.id,
        a1_0.created_by,
        a1_0.created_date,
        a1_0.description,
        a1_0.last_modified_by,
        a1_0.last_modified_date,
        a1_0.name 
    from
        authority a1_0 
    where
        a1_0.id=?
2025-12-05 12:59:02 - [] - [] - 
    select
        r1_0.id,
        r1_0.created_by,
        r1_0.created_date,
        r1_0.description,
        r1_0.last_modified_by,
        r1_0.last_modified_date,
        r1_0.name 
    from
        role r1_0 
    where
        r1_0.id=?
Hibernate: 
    select
        r1_0.id,
        r1_0.created_by,
        r1_0.created_date,
        r1_0.description,
        r1_0.last_modified_by,
        r1_0.last_modified_date,
        r1_0.name 
    from
        role r1_0 
    where
        r1_0.id=?
2025-12-05 12:59:02 - [] - [] - 
    select
        u1_0.id,
        u1_0.auth_type,
        u1_0.authority_id,
        u1_0.created_by,
        u1_0.created_date,
        u1_0.email,
        u1_0.email_verified,
        u1_0.enabled,
        u1_0.first_name,
        u1_0.google_id,
        u1_0.is_otp_required,
        u1_0.last_modified_by,
        u1_0.last_modified_date,
        u1_0.last_name,
        u1_0.last_password_reset_date,
        u1_0.password,
        u1_0.role_id,
        u1_0.status,
        u1_0.username 
    from
        user_account u1_0
Hibernate: 
    select
        u1_0.id,
        u1_0.auth_type,
        u1_0.authority_id,
        u1_0.created_by,
        u1_0.created_date,
        u1_0.email,
        u1_0.email_verified,
        u1_0.enabled,
        u1_0.first_name,
        u1_0.google_id,
        u1_0.is_otp_required,
        u1_0.last_modified_by,
        u1_0.last_modified_date,
        u1_0.last_name,
        u1_0.last_password_reset_date,
        u1_0.password,
        u1_0.role_id,
        u1_0.status,
        u1_0.username 
    from
        user_account u1_0
2025-12-05 12:59:02 - [] - [] - 
    insert 
    into
        role
        (created_date, description, last_modified_date, name, id) 
    values
        (?, ?, ?, ?, ?)
Hibernate: 
    insert 
    into
        role
        (created_date, description, last_modified_date, name, id) 
    values
        (?, ?, ?, ?, ?)
2025-12-05 12:59:02 - [] - [] - 
    insert 
    into
        authority
        (created_by, created_date, description, last_modified_by, last_modified_date, name, id) 
    values
        (?, ?, ?, ?, ?, ?, ?)
Hibernate: 
    insert 
    into
        authority
        (created_by, created_date, description, last_modified_by, last_modified_date, name, id) 
    values
        (?, ?, ?, ?, ?, ?, ?)
2025-12-05 12:59:02 - [] - [] - 
    insert 
    into
        user_account
        (auth_type, authority_id, created_by, created_date, email, email_verified, enabled, first_name, google_id, is_otp_required, last_modified_by, last_modified_date, last_name, last_password_reset_date, password, role_id, status, username, id) 
    values
        (?, ?, ?, ?, ?, ?, ?, ?, ?, ?, ?, ?, ?, ?, ?, ?, ?, ?, ?)
Hibernate: 
    insert 
    into
        user_account
        (auth_type, authority_id, created_by, created_date, email, email_verified, enabled, first_name, google_id, is_otp_required, last_modified_by, last_modified_date, last_name, last_password_reset_date, password, role_id, status, username, id) 
    values
        (?, ?, ?, ?, ?, ?, ?, ?, ?, ?, ?, ?, ?, ?, ?, ?, ?, ?, ?)
2025-12-05 12:59:02 - [] - [] - 
    select
        u1_0.id,
        u1_0.auth_type,
        u1_0.authority_id,
        u1_0.created_by,
        u1_0.created_date,
        u1_0.email,
        u1_0.email_verified,
        u1_0.enabled,
        u1_0.first_name,
        u1_0.google_id,
        u1_0.is_otp_required,
        u1_0.last_modified_by,
        u1_0.last_modified_date,
        u1_0.last_name,
        u1_0.last_password_reset_date,
        u1_0.password,
        u1_0.role_id,
        u1_0.status,
        u1_0.username 
    from
        user_account u1_0 
    where
        u1_0.username=?
Hibernate: 
    select
        u1_0.id,
        u1_0.auth_type,
        u1_0.authority_id,
        u1_0.created_by,
        u1_0.created_date,
        u1_0.email,
        u1_0.email_verified,
        u1_0.enabled,
        u1_0.first_name,
        u1_0.google_id,
        u1_0.is_otp_required,
        u1_0.last_modified_by,
        u1_0.last_modified_date,
        u1_0.last_name,
        u1_0.last_password_reset_date,
        u1_0.password,
        u1_0.role_id,
        u1_0.status,
        u1_0.username 
    from
        user_account u1_0 
    where
        u1_0.username=?
2025-12-05 12:59:02 - [] - [] - 
    select
        u1_0.id,
        u1_0.auth_type,
        u1_0.authority_id,
        u1_0.created_by,
        u1_0.created_date,
        u1_0.email,
        u1_0.email_verified,
        u1_0.enabled,
        u1_0.first_name,
        u1_0.google_id,
        u1_0.is_otp_required,
        u1_0.last_modified_by,
        u1_0.last_modified_date,
        u1_0.last_name,
        u1_0.last_password_reset_date,
        u1_0.password,
        u1_0.role_id,
        u1_0.status,
        u1_0.username 
    from
        user_account u1_0
Hibernate: 
    select
        u1_0.id,
        u1_0.auth_type,
        u1_0.authority_id,
        u1_0.created_by,
        u1_0.created_date,
        u1_0.email,
        u1_0.email_verified,
        u1_0.enabled,
        u1_0.first_name,
        u1_0.google_id,
        u1_0.is_otp_required,
        u1_0.last_modified_by,
        u1_0.last_modified_date,
        u1_0.last_name,
        u1_0.last_password_reset_date,
        u1_0.password,
        u1_0.role_id,
        u1_0.status,
        u1_0.username 
    from
        user_account u1_0
2025-12-05 12:59:02 - [] - [] - 
    insert 
    into
        role
        (created_date, description, last_modified_date, name, id) 
    values
        (?, ?, ?, ?, ?)
Hibernate: 
    insert 
    into
        role
        (created_date, description, last_modified_date, name, id) 
    values
        (?, ?, ?, ?, ?)
2025-12-05 12:59:02 - [] - [] - 
    insert 
    into
        authority
        (created_by, created_date, description, last_modified_by, last_modified_date, name, id) 
    values
        (?, ?, ?, ?, ?, ?, ?)
Hibernate: 
    insert 
    into
        authority
        (created_by, created_date, description, last_modified_by, last_modified_date, name, id) 
    values
        (?, ?, ?, ?, ?, ?, ?)
2025-12-05 12:59:02 - [] - [] - 
    insert 
    into
        user_account
        (auth_type, authority_id, created_by, created_date, email, email_verified, enabled, first_name, google_id, is_otp_required, last_modified_by, last_modified_date, last_name, last_password_reset_date, password, role_id, status, username, id) 
    values
        (?, ?, ?, ?, ?, ?, ?, ?, ?, ?, ?, ?, ?, ?, ?, ?, ?, ?, ?)
Hibernate: 
    insert 
    into
        user_account
        (auth_type, authority_id, created_by, created_date, email, email_verified, enabled, first_name, google_id, is_otp_required, last_modified_by, last_modified_date, last_name, last_password_reset_date, password, role_id, status, username, id) 
    values
        (?, ?, ?, ?, ?, ?, ?, ?, ?, ?, ?, ?, ?, ?, ?, ?, ?, ?, ?)
2025-12-05 12:59:02 - [] - [] - 
    select
        u1_0.id,
        u1_0.auth_type,
        a1_0.id,
        a1_0.created_by,
        a1_0.created_date,
        a1_0.description,
        a1_0.last_modified_by,
        a1_0.last_modified_date,
        a1_0.name,
        u1_0.created_by,
        u1_0.created_date,
        u1_0.email,
        u1_0.email_verified,
        u1_0.enabled,
        u1_0.first_name,
        u1_0.google_id,
        u1_0.is_otp_required,
        u1_0.last_modified_by,
        u1_0.last_modified_date,
        u1_0.last_name,
        u1_0.last_password_reset_date,
        u1_0.password,
        r1_0.id,
        r1_0.created_by,
        r1_0.created_date,
        r1_0.description,
        r1_0.last_modified_by,
        r1_0.last_modified_date,
        r1_0.name,
        u1_0.status,
        u1_0.username 
    from
        user_account u1_0 
    left join
        authority a1_0 
            on a1_0.id=u1_0.authority_id 
    left join
        role r1_0 
            on r1_0.id=u1_0.role_id 
    where
        u1_0.id=?
Hibernate: 
    select
        u1_0.id,
        u1_0.auth_type,
        a1_0.id,
        a1_0.created_by,
        a1_0.created_date,
        a1_0.description,
        a1_0.last_modified_by,
        a1_0.last_modified_date,
        a1_0.name,
        u1_0.created_by,
        u1_0.created_date,
        u1_0.email,
        u1_0.email_verified,
        u1_0.enabled,
        u1_0.first_name,
        u1_0.google_id,
        u1_0.is_otp_required,
        u1_0.last_modified_by,
        u1_0.last_modified_date,
        u1_0.last_name,
        u1_0.last_password_reset_date,
        u1_0.password,
        r1_0.id,
        r1_0.created_by,
        r1_0.created_date,
        r1_0.description,
        r1_0.last_modified_by,
        r1_0.last_modified_date,
        r1_0.name,
        u1_0.status,
        u1_0.username 
    from
        user_account u1_0 
    left join
        authority a1_0 
            on a1_0.id=u1_0.authority_id 
    left join
        role r1_0 
            on r1_0.id=u1_0.role_id 
    where
        u1_0.id=?
2025-12-05 12:59:02 - [] - [] - 
    insert 
    into
        user_account
        (auth_type, authority_id, created_by, created_date, email, email_verified, enabled, first_name, google_id, is_otp_required, last_modified_by, last_modified_date, last_name, last_password_reset_date, password, role_id, status, username, id) 
    values
        (?, ?, ?, ?, ?, ?, ?, ?, ?, ?, ?, ?, ?, ?, ?, ?, ?, ?, ?)
Hibernate: 
    insert 
    into
        user_account
        (auth_type, authority_id, created_by, created_date, email, email_verified, enabled, first_name, google_id, is_otp_required, last_modified_by, last_modified_date, last_name, last_password_reset_date, password, role_id, status, username, id) 
    values
        (?, ?, ?, ?, ?, ?, ?, ?, ?, ?, ?, ?, ?, ?, ?, ?, ?, ?, ?)
2025-12-05 12:59:02 - [] - [] - 
    update
        user_account 
    set
        auth_type=?,
        authority_id=?,
        email=?,
        email_verified=?,
        enabled=?,
        first_name=?,
        google_id=?,
        is_otp_required=?,
        last_modified_by=?,
        last_modified_date=?,
        last_name=?,
        last_password_reset_date=?,
        password=?,
        role_id=?,
        status=?,
        username=? 
    where
        id=?
Hibernate: 
    update
        user_account 
    set
        auth_type=?,
        authority_id=?,
        email=?,
        email_verified=?,
        enabled=?,
        first_name=?,
        google_id=?,
        is_otp_required=?,
        last_modified_by=?,
        last_modified_date=?,
        last_name=?,
        last_password_reset_date=?,
        password=?,
        role_id=?,
        status=?,
        username=? 
    where
        id=?
2025-12-05 12:59:02 - [] - [] - 
    select
        u1_0.id,
        u1_0.auth_type,
        u1_0.authority_id,
        u1_0.created_by,
        u1_0.created_date,
        u1_0.email,
        u1_0.email_verified,
        u1_0.enabled,
        u1_0.first_name,
        u1_0.google_id,
        u1_0.is_otp_required,
        u1_0.last_modified_by,
        u1_0.last_modified_date,
        u1_0.last_name,
        u1_0.last_password_reset_date,
        u1_0.password,
        u1_0.role_id,
        u1_0.status,
        u1_0.username 
    from
        user_account u1_0 
    where
        u1_0.google_id=?
Hibernate: 
    select
        u1_0.id,
        u1_0.auth_type,
        u1_0.authority_id,
        u1_0.created_by,
        u1_0.created_date,
        u1_0.email,
        u1_0.email_verified,
        u1_0.enabled,
        u1_0.first_name,
        u1_0.google_id,
        u1_0.is_otp_required,
        u1_0.last_modified_by,
        u1_0.last_modified_date,
        u1_0.last_name,
        u1_0.last_password_reset_date,
        u1_0.password,
        u1_0.role_id,
        u1_0.status,
        u1_0.username 
    from
        user_account u1_0 
    where
        u1_0.google_id=?
2025-12-05 12:59:02 - [] - [] - 
    select
        u1_0.id,
        u1_0.auth_type,
        u1_0.authority_id,
        u1_0.created_by,
        u1_0.created_date,
        u1_0.email,
        u1_0.email_verified,
        u1_0.enabled,
        u1_0.first_name,
        u1_0.google_id,
        u1_0.is_otp_required,
        u1_0.last_modified_by,
        u1_0.last_modified_date,
        u1_0.last_name,
        u1_0.last_password_reset_date,
        u1_0.password,
        u1_0.role_id,
        u1_0.status,
        u1_0.username 
    from
        user_account u1_0
Hibernate: 
    select
        u1_0.id,
        u1_0.auth_type,
        u1_0.authority_id,
        u1_0.created_by,
        u1_0.created_date,
        u1_0.email,
        u1_0.email_verified,
        u1_0.enabled,
        u1_0.first_name,
        u1_0.google_id,
        u1_0.is_otp_required,
        u1_0.last_modified_by,
        u1_0.last_modified_date,
        u1_0.last_name,
        u1_0.last_password_reset_date,
        u1_0.password,
        u1_0.role_id,
        u1_0.status,
        u1_0.username 
    from
        user_account u1_0
2025-12-05 12:59:02 - [] - [] - 
    insert 
    into
        role
        (created_date, description, last_modified_date, name, id) 
    values
        (?, ?, ?, ?, ?)
Hibernate: 
    insert 
    into
        role
        (created_date, description, last_modified_date, name, id) 
    values
        (?, ?, ?, ?, ?)
2025-12-05 12:59:02 - [] - [] - 
    insert 
    into
        authority
        (created_by, created_date, description, last_modified_by, last_modified_date, name, id) 
    values
        (?, ?, ?, ?, ?, ?, ?)
Hibernate: 
    insert 
    into
        authority
        (created_by, created_date, description, last_modified_by, last_modified_date, name, id) 
    values
        (?, ?, ?, ?, ?, ?, ?)
2025-12-05 12:59:02 - [] - [] - 
    insert 
    into
        user_account
        (auth_type, authority_id, created_by, created_date, email, email_verified, enabled, first_name, google_id, is_otp_required, last_modified_by, last_modified_date, last_name, last_password_reset_date, password, role_id, status, username, id) 
    values
        (?, ?, ?, ?, ?, ?, ?, ?, ?, ?, ?, ?, ?, ?, ?, ?, ?, ?, ?)
Hibernate: 
    insert 
    into
        user_account
        (auth_type, authority_id, created_by, created_date, email, email_verified, enabled, first_name, google_id, is_otp_required, last_modified_by, last_modified_date, last_name, last_password_reset_date, password, role_id, status, username, id) 
    values
        (?, ?, ?, ?, ?, ?, ?, ?, ?, ?, ?, ?, ?, ?, ?, ?, ?, ?, ?)
2025-12-05 12:59:02 - [] - [] - 
    select
        u1_0.id,
        u1_0.auth_type,
        u1_0.authority_id,
        u1_0.created_by,
        u1_0.created_date,
        u1_0.email,
        u1_0.email_verified,
        u1_0.enabled,
        u1_0.first_name,
        u1_0.google_id,
        u1_0.is_otp_required,
        u1_0.last_modified_by,
        u1_0.last_modified_date,
        u1_0.last_name,
        u1_0.last_password_reset_date,
        u1_0.password,
        u1_0.role_id,
        u1_0.status,
        u1_0.username 
    from
        user_account u1_0 
    where
        u1_0.username=?
Hibernate: 
    select
        u1_0.id,
        u1_0.auth_type,
        u1_0.authority_id,
        u1_0.created_by,
        u1_0.created_date,
        u1_0.email,
        u1_0.email_verified,
        u1_0.enabled,
        u1_0.first_name,
        u1_0.google_id,
        u1_0.is_otp_required,
        u1_0.last_modified_by,
        u1_0.last_modified_date,
        u1_0.last_name,
        u1_0.last_password_reset_date,
        u1_0.password,
        u1_0.role_id,
        u1_0.status,
        u1_0.username 
    from
        user_account u1_0 
    where
        u1_0.username=?
2025-12-05 12:59:02 - [] - [] - 
    select
        u1_0.id,
        u1_0.auth_type,
        u1_0.authority_id,
        u1_0.created_by,
        u1_0.created_date,
        u1_0.email,
        u1_0.email_verified,
        u1_0.enabled,
        u1_0.first_name,
        u1_0.google_id,
        u1_0.is_otp_required,
        u1_0.last_modified_by,
        u1_0.last_modified_date,
        u1_0.last_name,
        u1_0.last_password_reset_date,
        u1_0.password,
        u1_0.role_id,
        u1_0.status,
        u1_0.username 
    from
        user_account u1_0
Hibernate: 
    select
        u1_0.id,
        u1_0.auth_type,
        u1_0.authority_id,
        u1_0.created_by,
        u1_0.created_date,
        u1_0.email,
        u1_0.email_verified,
        u1_0.enabled,
        u1_0.first_name,
        u1_0.google_id,
        u1_0.is_otp_required,
        u1_0.last_modified_by,
        u1_0.last_modified_date,
        u1_0.last_name,
        u1_0.last_password_reset_date,
        u1_0.password,
        u1_0.role_id,
        u1_0.status,
        u1_0.username 
    from
        user_account u1_0
2025-12-05 12:59:02 - [] - [] - 
    insert 
    into
        role
        (created_date, description, last_modified_date, name, id) 
    values
        (?, ?, ?, ?, ?)
Hibernate: 
    insert 
    into
        role
        (created_date, description, last_modified_date, name, id) 
    values
        (?, ?, ?, ?, ?)
2025-12-05 12:59:02 - [] - [] - 
    insert 
    into
        authority
        (created_by, created_date, description, last_modified_by, last_modified_date, name, id) 
    values
        (?, ?, ?, ?, ?, ?, ?)
Hibernate: 
    insert 
    into
        authority
        (created_by, created_date, description, last_modified_by, last_modified_date, name, id) 
    values
        (?, ?, ?, ?, ?, ?, ?)
2025-12-05 12:59:02 - [] - [] - 
    insert 
    into
        user_account
        (auth_type, authority_id, created_by, created_date, email, email_verified, enabled, first_name, google_id, is_otp_required, last_modified_by, last_modified_date, last_name, last_password_reset_date, password, role_id, status, username, id) 
    values
        (?, ?, ?, ?, ?, ?, ?, ?, ?, ?, ?, ?, ?, ?, ?, ?, ?, ?, ?)
Hibernate: 
    insert 
    into
        user_account
        (auth_type, authority_id, created_by, created_date, email, email_verified, enabled, first_name, google_id, is_otp_required, last_modified_by, last_modified_date, last_name, last_password_reset_date, password, role_id, status, username, id) 
    values
        (?, ?, ?, ?, ?, ?, ?, ?, ?, ?, ?, ?, ?, ?, ?, ?, ?, ?, ?)
2025-12-05 12:59:02 - [] - [] - 
    select
        u1_0.id,
        u1_0.auth_type,
        u1_0.authority_id,
        u1_0.created_by,
        u1_0.created_date,
        u1_0.email,
        u1_0.email_verified,
        u1_0.enabled,
        u1_0.first_name,
        u1_0.google_id,
        u1_0.is_otp_required,
        u1_0.last_modified_by,
        u1_0.last_modified_date,
        u1_0.last_name,
        u1_0.last_password_reset_date,
        u1_0.password,
        u1_0.role_id,
        u1_0.status,
        u1_0.username 
    from
        user_account u1_0
Hibernate: 
    select
        u1_0.id,
        u1_0.auth_type,
        u1_0.authority_id,
        u1_0.created_by,
        u1_0.created_date,
        u1_0.email,
        u1_0.email_verified,
        u1_0.enabled,
        u1_0.first_name,
        u1_0.google_id,
        u1_0.is_otp_required,
        u1_0.last_modified_by,
        u1_0.last_modified_date,
        u1_0.last_name,
        u1_0.last_password_reset_date,
        u1_0.password,
        u1_0.role_id,
        u1_0.status,
        u1_0.username 
    from
        user_account u1_0
2025-12-05 12:59:02 - [] - [] - 
    insert 
    into
        role
        (created_date, description, last_modified_date, name, id) 
    values
        (?, ?, ?, ?, ?)
Hibernate: 
    insert 
    into
        role
        (created_date, description, last_modified_date, name, id) 
    values
        (?, ?, ?, ?, ?)
2025-12-05 12:59:02 - [] - [] - 
    insert 
    into
        authority
        (created_by, created_date, description, last_modified_by, last_modified_date, name, id) 
    values
        (?, ?, ?, ?, ?, ?, ?)
Hibernate: 
    insert 
    into
        authority
        (created_by, created_date, description, last_modified_by, last_modified_date, name, id) 
    values
        (?, ?, ?, ?, ?, ?, ?)
2025-12-05 12:59:02 - [] - [] - 
    insert 
    into
        user_account
        (auth_type, authority_id, created_by, created_date, email, email_verified, enabled, first_name, google_id, is_otp_required, last_modified_by, last_modified_date, last_name, last_password_reset_date, password, role_id, status, username, id) 
    values
        (?, ?, ?, ?, ?, ?, ?, ?, ?, ?, ?, ?, ?, ?, ?, ?, ?, ?, ?)
Hibernate: 
    insert 
    into
        user_account
        (auth_type, authority_id, created_by, created_date, email, email_verified, enabled, first_name, google_id, is_otp_required, last_modified_by, last_modified_date, last_name, last_password_reset_date, password, role_id, status, username, id) 
    values
        (?, ?, ?, ?, ?, ?, ?, ?, ?, ?, ?, ?, ?, ?, ?, ?, ?, ?, ?)
2025-12-05 12:59:02 - [] - [] - 
    delete 
    from
        user_account 
    where
        id=?
Hibernate: 
    delete 
    from
        user_account 
    where
        id=?
2025-12-05 12:59:02 - [] - [] - 
    select
        u1_0.id,
        u1_0.auth_type,
        a1_0.id,
        a1_0.created_by,
        a1_0.created_date,
        a1_0.description,
        a1_0.last_modified_by,
        a1_0.last_modified_date,
        a1_0.name,
        u1_0.created_by,
        u1_0.created_date,
        u1_0.email,
        u1_0.email_verified,
        u1_0.enabled,
        u1_0.first_name,
        u1_0.google_id,
        u1_0.is_otp_required,
        u1_0.last_modified_by,
        u1_0.last_modified_date,
        u1_0.last_name,
        u1_0.last_password_reset_date,
        u1_0.password,
        r1_0.id,
        r1_0.created_by,
        r1_0.created_date,
        r1_0.description,
        r1_0.last_modified_by,
        r1_0.last_modified_date,
        r1_0.name,
        u1_0.status,
        u1_0.username 
    from
        user_account u1_0 
    left join
        authority a1_0 
            on a1_0.id=u1_0.authority_id 
    left join
        role r1_0 
            on r1_0.id=u1_0.role_id 
    where
        u1_0.id=?
Hibernate: 
    select
        u1_0.id,
        u1_0.auth_type,
        a1_0.id,
        a1_0.created_by,
        a1_0.created_date,
        a1_0.description,
        a1_0.last_modified_by,
        a1_0.last_modified_date,
        a1_0.name,
        u1_0.created_by,
        u1_0.created_date,
        u1_0.email,
        u1_0.email_verified,
        u1_0.enabled,
        u1_0.first_name,
        u1_0.google_id,
        u1_0.is_otp_required,
        u1_0.last_modified_by,
        u1_0.last_modified_date,
        u1_0.last_name,
        u1_0.last_password_reset_date,
        u1_0.password,
        r1_0.id,
        r1_0.created_by,
        r1_0.created_date,
        r1_0.description,
        r1_0.last_modified_by,
        r1_0.last_modified_date,
        r1_0.name,
        u1_0.status,
        u1_0.username 
    from
        user_account u1_0 
    left join
        authority a1_0 
            on a1_0.id=u1_0.authority_id 
    left join
        role r1_0 
            on r1_0.id=u1_0.role_id 
    where
        u1_0.id=?
2025-12-05 12:59:02 - [] - [] - 
    select
        u1_0.id,
        u1_0.auth_type,
        u1_0.authority_id,
        u1_0.created_by,
        u1_0.created_date,
        u1_0.email,
        u1_0.email_verified,
        u1_0.enabled,
        u1_0.first_name,
        u1_0.google_id,
        u1_0.is_otp_required,
        u1_0.last_modified_by,
        u1_0.last_modified_date,
        u1_0.last_name,
        u1_0.last_password_reset_date,
        u1_0.password,
        u1_0.role_id,
        u1_0.status,
        u1_0.username 
    from
        user_account u1_0
Hibernate: 
    select
        u1_0.id,
        u1_0.auth_type,
        u1_0.authority_id,
        u1_0.created_by,
        u1_0.created_date,
        u1_0.email,
        u1_0.email_verified,
        u1_0.enabled,
        u1_0.first_name,
        u1_0.google_id,
        u1_0.is_otp_required,
        u1_0.last_modified_by,
        u1_0.last_modified_date,
        u1_0.last_name,
        u1_0.last_password_reset_date,
        u1_0.password,
        u1_0.role_id,
        u1_0.status,
        u1_0.username 
    from
        user_account u1_0
2025-12-05 12:59:02 - [] - [] - 
    insert 
    into
        role
        (created_date, description, last_modified_date, name, id) 
    values
        (?, ?, ?, ?, ?)
Hibernate: 
    insert 
    into
        role
        (created_date, description, last_modified_date, name, id) 
    values
        (?, ?, ?, ?, ?)
2025-12-05 12:59:02 - [] - [] - 
    insert 
    into
        authority
        (created_by, created_date, description, last_modified_by, last_modified_date, name, id) 
    values
        (?, ?, ?, ?, ?, ?, ?)
Hibernate: 
    insert 
    into
        authority
        (created_by, created_date, description, last_modified_by, last_modified_date, name, id) 
    values
        (?, ?, ?, ?, ?, ?, ?)
2025-12-05 12:59:02 - [] - [] - 
    insert 
    into
        user_account
        (auth_type, authority_id, created_by, created_date, email, email_verified, enabled, first_name, google_id, is_otp_required, last_modified_by, last_modified_date, last_name, last_password_reset_date, password, role_id, status, username, id) 
    values
        (?, ?, ?, ?, ?, ?, ?, ?, ?, ?, ?, ?, ?, ?, ?, ?, ?, ?, ?)
Hibernate: 
    insert 
    into
        user_account
        (auth_type, authority_id, created_by, created_date, email, email_verified, enabled, first_name, google_id, is_otp_required, last_modified_by, last_modified_date, last_name, last_password_reset_date, password, role_id, status, username, id) 
    values
        (?, ?, ?, ?, ?, ?, ?, ?, ?, ?, ?, ?, ?, ?, ?, ?, ?, ?, ?)
2025-12-05 12:59:02 - [] - [] - 
    select
        u1_0.id,
        u1_0.auth_type,
        u1_0.authority_id,
        u1_0.created_by,
        u1_0.created_date,
        u1_0.email,
        u1_0.email_verified,
        u1_0.enabled,
        u1_0.first_name,
        u1_0.google_id,
        u1_0.is_otp_required,
        u1_0.last_modified_by,
        u1_0.last_modified_date,
        u1_0.last_name,
        u1_0.last_password_reset_date,
        u1_0.password,
        u1_0.role_id,
        u1_0.status,
        u1_0.username 
    from
        user_account u1_0 
    where
        u1_0.username=?
Hibernate: 
    select
        u1_0.id,
        u1_0.auth_type,
        u1_0.authority_id,
        u1_0.created_by,
        u1_0.created_date,
        u1_0.email,
        u1_0.email_verified,
        u1_0.enabled,
        u1_0.first_name,
        u1_0.google_id,
        u1_0.is_otp_required,
        u1_0.last_modified_by,
        u1_0.last_modified_date,
        u1_0.last_name,
        u1_0.last_password_reset_date,
        u1_0.password,
        u1_0.role_id,
        u1_0.status,
        u1_0.username 
    from
        user_account u1_0 
    where
        u1_0.username=?
2025-12-05 12:59:02 - [] - [] - 
    update
        user_account 
    set
        auth_type=?,
        authority_id=?,
        email=?,
        email_verified=?,
        enabled=?,
        first_name=?,
        google_id=?,
        is_otp_required=?,
        last_modified_by=?,
        last_modified_date=?,
        last_name=?,
        last_password_reset_date=?,
        password=?,
        role_id=?,
        status=?,
        username=? 
    where
        id=?
Hibernate: 
    update
        user_account 
    set
        auth_type=?,
        authority_id=?,
        email=?,
        email_verified=?,
        enabled=?,
        first_name=?,
        google_id=?,
        is_otp_required=?,
        last_modified_by=?,
        last_modified_date=?,
        last_name=?,
        last_password_reset_date=?,
        password=?,
        role_id=?,
        status=?,
        username=? 
    where
        id=?
2025-12-05 12:59:02 - [] - [] - 
    select
        u1_0.id,
        u1_0.auth_type,
        u1_0.authority_id,
        u1_0.created_by,
        u1_0.created_date,
        u1_0.email,
        u1_0.email_verified,
        u1_0.enabled,
        u1_0.first_name,
        u1_0.google_id,
        u1_0.is_otp_required,
        u1_0.last_modified_by,
        u1_0.last_modified_date,
        u1_0.last_name,
        u1_0.last_password_reset_date,
        u1_0.password,
        u1_0.role_id,
        u1_0.status,
        u1_0.username 
    from
        user_account u1_0 
    where
        u1_0.username=?
Hibernate: 
    select
        u1_0.id,
        u1_0.auth_type,
        u1_0.authority_id,
        u1_0.created_by,
        u1_0.created_date,
        u1_0.email,
        u1_0.email_verified,
        u1_0.enabled,
        u1_0.first_name,
        u1_0.google_id,
        u1_0.is_otp_required,
        u1_0.last_modified_by,
        u1_0.last_modified_date,
        u1_0.last_name,
        u1_0.last_password_reset_date,
        u1_0.password,
        u1_0.role_id,
        u1_0.status,
        u1_0.username 
    from
        user_account u1_0 
    where
        u1_0.username=?
2025-12-05 12:59:02 - [] - [] - 
    select
        a1_0.id,
        a1_0.created_by,
        a1_0.created_date,
        a1_0.description,
        a1_0.last_modified_by,
        a1_0.last_modified_date,
        a1_0.name 
    from
        authority a1_0 
    where
        a1_0.id=?
Hibernate: 
    select
        a1_0.id,
        a1_0.created_by,
        a1_0.created_date,
        a1_0.description,
        a1_0.last_modified_by,
        a1_0.last_modified_date,
        a1_0.name 
    from
        authority a1_0 
    where
        a1_0.id=?
2025-12-05 12:59:02 - [] - [] - 
    select
        r1_0.id,
        r1_0.created_by,
        r1_0.created_date,
        r1_0.description,
        r1_0.last_modified_by,
        r1_0.last_modified_date,
        r1_0.name 
    from
        role r1_0 
    where
        r1_0.id=?
Hibernate: 
    select
        r1_0.id,
        r1_0.created_by,
        r1_0.created_date,
        r1_0.description,
        r1_0.last_modified_by,
        r1_0.last_modified_date,
        r1_0.name 
    from
        role r1_0 
    where
        r1_0.id=?
2025-12-05 12:59:02 - [] - [] - 
    select
        u1_0.id,
        u1_0.auth_type,
        u1_0.authority_id,
        u1_0.created_by,
        u1_0.created_date,
        u1_0.email,
        u1_0.email_verified,
        u1_0.enabled,
        u1_0.first_name,
        u1_0.google_id,
        u1_0.is_otp_required,
        u1_0.last_modified_by,
        u1_0.last_modified_date,
        u1_0.last_name,
        u1_0.last_password_reset_date,
        u1_0.password,
        u1_0.role_id,
        u1_0.status,
        u1_0.username 
    from
        user_account u1_0
Hibernate: 
    select
        u1_0.id,
        u1_0.auth_type,
        u1_0.authority_id,
        u1_0.created_by,
        u1_0.created_date,
        u1_0.email,
        u1_0.email_verified,
        u1_0.enabled,
        u1_0.first_name,
        u1_0.google_id,
        u1_0.is_otp_required,
        u1_0.last_modified_by,
        u1_0.last_modified_date,
        u1_0.last_name,
        u1_0.last_password_reset_date,
        u1_0.password,
        u1_0.role_id,
        u1_0.status,
        u1_0.username 
    from
        user_account u1_0
2025-12-05 12:59:02 - [] - [] - 
    insert 
    into
        role
        (created_date, description, last_modified_date, name, id) 
    values
        (?, ?, ?, ?, ?)
Hibernate: 
    insert 
    into
        role
        (created_date, description, last_modified_date, name, id) 
    values
        (?, ?, ?, ?, ?)
2025-12-05 12:59:02 - [] - [] - 
    insert 
    into
        authority
        (created_by, created_date, description, last_modified_by, last_modified_date, name, id) 
    values
        (?, ?, ?, ?, ?, ?, ?)
Hibernate: 
    insert 
    into
        authority
        (created_by, created_date, description, last_modified_by, last_modified_date, name, id) 
    values
        (?, ?, ?, ?, ?, ?, ?)
2025-12-05 12:59:02 - [] - [] - 
    insert 
    into
        user_account
        (auth_type, authority_id, created_by, created_date, email, email_verified, enabled, first_name, google_id, is_otp_required, last_modified_by, last_modified_date, last_name, last_password_reset_date, password, role_id, status, username, id) 
    values
        (?, ?, ?, ?, ?, ?, ?, ?, ?, ?, ?, ?, ?, ?, ?, ?, ?, ?, ?)
Hibernate: 
    insert 
    into
        user_account
        (auth_type, authority_id, created_by, created_date, email, email_verified, enabled, first_name, google_id, is_otp_required, last_modified_by, last_modified_date, last_name, last_password_reset_date, password, role_id, status, username, id) 
    values
        (?, ?, ?, ?, ?, ?, ?, ?, ?, ?, ?, ?, ?, ?, ?, ?, ?, ?, ?)
2025-12-05 12:59:02 - [] - [] - 
    select
        u1_0.id,
        u1_0.auth_type,
        a1_0.id,
        a1_0.created_by,
        a1_0.created_date,
        a1_0.description,
        a1_0.last_modified_by,
        a1_0.last_modified_date,
        a1_0.name,
        u1_0.created_by,
        u1_0.created_date,
        u1_0.email,
        u1_0.email_verified,
        u1_0.enabled,
        u1_0.first_name,
        u1_0.google_id,
        u1_0.is_otp_required,
        u1_0.last_modified_by,
        u1_0.last_modified_date,
        u1_0.last_name,
        u1_0.last_password_reset_date,
        u1_0.password,
        r1_0.id,
        r1_0.created_by,
        r1_0.created_date,
        r1_0.description,
        r1_0.last_modified_by,
        r1_0.last_modified_date,
        r1_0.name,
        u1_0.status,
        u1_0.username 
    from
        user_account u1_0 
    left join
        authority a1_0 
            on a1_0.id=u1_0.authority_id 
    left join
        role r1_0 
            on r1_0.id=u1_0.role_id 
    where
        u1_0.id=?
Hibernate: 
    select
        u1_0.id,
        u1_0.auth_type,
        a1_0.id,
        a1_0.created_by,
        a1_0.created_date,
        a1_0.description,
        a1_0.last_modified_by,
        a1_0.last_modified_date,
        a1_0.name,
        u1_0.created_by,
        u1_0.created_date,
        u1_0.email,
        u1_0.email_verified,
        u1_0.enabled,
        u1_0.first_name,
        u1_0.google_id,
        u1_0.is_otp_required,
        u1_0.last_modified_by,
        u1_0.last_modified_date,
        u1_0.last_name,
        u1_0.last_password_reset_date,
        u1_0.password,
        r1_0.id,
        r1_0.created_by,
        r1_0.created_date,
        r1_0.description,
        r1_0.last_modified_by,
        r1_0.last_modified_date,
        r1_0.name,
        u1_0.status,
        u1_0.username 
    from
        user_account u1_0 
    left join
        authority a1_0 
            on a1_0.id=u1_0.authority_id 
    left join
        role r1_0 
            on r1_0.id=u1_0.role_id 
    where
        u1_0.id=?
2025-12-05 12:59:02 - [] - [] - 
    select
        u1_0.id,
        u1_0.auth_type,
        u1_0.authority_id,
        u1_0.created_by,
        u1_0.created_date,
        u1_0.email,
        u1_0.email_verified,
        u1_0.enabled,
        u1_0.first_name,
        u1_0.google_id,
        u1_0.is_otp_required,
        u1_0.last_modified_by,
        u1_0.last_modified_date,
        u1_0.last_name,
        u1_0.last_password_reset_date,
        u1_0.password,
        u1_0.role_id,
        u1_0.status,
        u1_0.username 
    from
        user_account u1_0
Hibernate: 
    select
        u1_0.id,
        u1_0.auth_type,
        u1_0.authority_id,
        u1_0.created_by,
        u1_0.created_date,
        u1_0.email,
        u1_0.email_verified,
        u1_0.enabled,
        u1_0.first_name,
        u1_0.google_id,
        u1_0.is_otp_required,
        u1_0.last_modified_by,
        u1_0.last_modified_date,
        u1_0.last_name,
        u1_0.last_password_reset_date,
        u1_0.password,
        u1_0.role_id,
        u1_0.status,
        u1_0.username 
    from
        user_account u1_0
2025-12-05 12:59:02 - [] - [] - 
    insert 
    into
        role
        (created_date, description, last_modified_date, name, id) 
    values
        (?, ?, ?, ?, ?)
Hibernate: 
    insert 
    into
        role
        (created_date, description, last_modified_date, name, id) 
    values
        (?, ?, ?, ?, ?)
2025-12-05 12:59:02 - [] - [] - 
    insert 
    into
        authority
        (created_by, created_date, description, last_modified_by, last_modified_date, name, id) 
    values
        (?, ?, ?, ?, ?, ?, ?)
Hibernate: 
    insert 
    into
        authority
        (created_by, created_date, description, last_modified_by, last_modified_date, name, id) 
    values
        (?, ?, ?, ?, ?, ?, ?)
2025-12-05 12:59:02 - [] - [] - 
    insert 
    into
        user_account
        (auth_type, authority_id, created_by, created_date, email, email_verified, enabled, first_name, google_id, is_otp_required, last_modified_by, last_modified_date, last_name, last_password_reset_date, password, role_id, status, username, id) 
    values
        (?, ?, ?, ?, ?, ?, ?, ?, ?, ?, ?, ?, ?, ?, ?, ?, ?, ?, ?)
Hibernate: 
    insert 
    into
        user_account
        (auth_type, authority_id, created_by, created_date, email, email_verified, enabled, first_name, google_id, is_otp_required, last_modified_by, last_modified_date, last_name, last_password_reset_date, password, role_id, status, username, id) 
    values
        (?, ?, ?, ?, ?, ?, ?, ?, ?, ?, ?, ?, ?, ?, ?, ?, ?, ?, ?)
2025-12-05 12:59:02 - [] - [] - 
    update
        user_account 
    set
        auth_type=?,
        authority_id=?,
        email=?,
        email_verified=?,
        enabled=?,
        first_name=?,
        google_id=?,
        is_otp_required=?,
        last_modified_by=?,
        last_modified_date=?,
        last_name=?,
        last_password_reset_date=?,
        password=?,
        role_id=?,
        status=?,
        username=? 
    where
        id=?
Hibernate: 
    update
        user_account 
    set
        auth_type=?,
        authority_id=?,
        email=?,
        email_verified=?,
        enabled=?,
        first_name=?,
        google_id=?,
        is_otp_required=?,
        last_modified_by=?,
        last_modified_date=?,
        last_name=?,
        last_password_reset_date=?,
        password=?,
        role_id=?,
        status=?,
        username=? 
    where
        id=?
2025-12-05 12:59:02 - [] - [] - 
    select
        u1_0.id,
        u1_0.auth_type,
        u1_0.authority_id,
        u1_0.created_by,
        u1_0.created_date,
        u1_0.email,
        u1_0.email_verified,
        u1_0.enabled,
        u1_0.first_name,
        u1_0.google_id,
        u1_0.is_otp_required,
        u1_0.last_modified_by,
        u1_0.last_modified_date,
        u1_0.last_name,
        u1_0.last_password_reset_date,
        u1_0.password,
        u1_0.role_id,
        u1_0.status,
        u1_0.username 
    from
        user_account u1_0 
    where
        u1_0.google_id=?
Hibernate: 
    select
        u1_0.id,
        u1_0.auth_type,
        u1_0.authority_id,
        u1_0.created_by,
        u1_0.created_date,
        u1_0.email,
        u1_0.email_verified,
        u1_0.enabled,
        u1_0.first_name,
        u1_0.google_id,
        u1_0.is_otp_required,
        u1_0.last_modified_by,
        u1_0.last_modified_date,
        u1_0.last_name,
        u1_0.last_password_reset_date,
        u1_0.password,
        u1_0.role_id,
        u1_0.status,
        u1_0.username 
    from
        user_account u1_0 
    where
        u1_0.google_id=?
2025-12-05 12:59:02 - [] - [] - 
    select
        u1_0.id,
        u1_0.auth_type,
        u1_0.authority_id,
        u1_0.created_by,
        u1_0.created_date,
        u1_0.email,
        u1_0.email_verified,
        u1_0.enabled,
        u1_0.first_name,
        u1_0.google_id,
        u1_0.is_otp_required,
        u1_0.last_modified_by,
        u1_0.last_modified_date,
        u1_0.last_name,
        u1_0.last_password_reset_date,
        u1_0.password,
        u1_0.role_id,
        u1_0.status,
        u1_0.username 
    from
        user_account u1_0
Hibernate: 
    select
        u1_0.id,
        u1_0.auth_type,
        u1_0.authority_id,
        u1_0.created_by,
        u1_0.created_date,
        u1_0.email,
        u1_0.email_verified,
        u1_0.enabled,
        u1_0.first_name,
        u1_0.google_id,
        u1_0.is_otp_required,
        u1_0.last_modified_by,
        u1_0.last_modified_date,
        u1_0.last_name,
        u1_0.last_password_reset_date,
        u1_0.password,
        u1_0.role_id,
        u1_0.status,
        u1_0.username 
    from
        user_account u1_0
2025-12-05 12:59:02 - [] - [] - 
    insert 
    into
        role
        (created_date, description, last_modified_date, name, id) 
    values
        (?, ?, ?, ?, ?)
Hibernate: 
    insert 
    into
        role
        (created_date, description, last_modified_date, name, id) 
    values
        (?, ?, ?, ?, ?)
2025-12-05 12:59:02 - [] - [] - 
    insert 
    into
        authority
        (created_by, created_date, description, last_modified_by, last_modified_date, name, id) 
    values
        (?, ?, ?, ?, ?, ?, ?)
Hibernate: 
    insert 
    into
        authority
        (created_by, created_date, description, last_modified_by, last_modified_date, name, id) 
    values
        (?, ?, ?, ?, ?, ?, ?)
2025-12-05 12:59:02 - [] - [] - 
    insert 
    into
        user_account
        (auth_type, authority_id, created_by, created_date, email, email_verified, enabled, first_name, google_id, is_otp_required, last_modified_by, last_modified_date, last_name, last_password_reset_date, password, role_id, status, username, id) 
    values
        (?, ?, ?, ?, ?, ?, ?, ?, ?, ?, ?, ?, ?, ?, ?, ?, ?, ?, ?)
Hibernate: 
    insert 
    into
        user_account
        (auth_type, authority_id, created_by, created_date, email, email_verified, enabled, first_name, google_id, is_otp_required, last_modified_by, last_modified_date, last_name, last_password_reset_date, password, role_id, status, username, id) 
    values
        (?, ?, ?, ?, ?, ?, ?, ?, ?, ?, ?, ?, ?, ?, ?, ?, ?, ?, ?)
2025-12-05 12:59:02 - [] - [] - 
    select
        u1_0.id,
        u1_0.auth_type,
        a1_0.id,
        a1_0.created_by,
        a1_0.created_date,
        a1_0.description,
        a1_0.last_modified_by,
        a1_0.last_modified_date,
        a1_0.name,
        u1_0.created_by,
        u1_0.created_date,
        u1_0.email,
        u1_0.email_verified,
        u1_0.enabled,
        u1_0.first_name,
        u1_0.google_id,
        u1_0.is_otp_required,
        u1_0.last_modified_by,
        u1_0.last_modified_date,
        u1_0.last_name,
        u1_0.last_password_reset_date,
        u1_0.password,
        r1_0.id,
        r1_0.created_by,
        r1_0.created_date,
        r1_0.description,
        r1_0.last_modified_by,
        r1_0.last_modified_date,
        r1_0.name,
        u1_0.status,
        u1_0.username 
    from
        user_account u1_0 
    left join
        authority a1_0 
            on a1_0.id=u1_0.authority_id 
    left join
        role r1_0 
            on r1_0.id=u1_0.role_id 
    where
        u1_0.id=?
Hibernate: 
    select
        u1_0.id,
        u1_0.auth_type,
        a1_0.id,
        a1_0.created_by,
        a1_0.created_date,
        a1_0.description,
        a1_0.last_modified_by,
        a1_0.last_modified_date,
        a1_0.name,
        u1_0.created_by,
        u1_0.created_date,
        u1_0.email,
        u1_0.email_verified,
        u1_0.enabled,
        u1_0.first_name,
        u1_0.google_id,
        u1_0.is_otp_required,
        u1_0.last_modified_by,
        u1_0.last_modified_date,
        u1_0.last_name,
        u1_0.last_password_reset_date,
        u1_0.password,
        r1_0.id,
        r1_0.created_by,
        r1_0.created_date,
        r1_0.description,
        r1_0.last_modified_by,
        r1_0.last_modified_date,
        r1_0.name,
        u1_0.status,
        u1_0.username 
    from
        user_account u1_0 
    left join
        authority a1_0 
            on a1_0.id=u1_0.authority_id 
    left join
        role r1_0 
            on r1_0.id=u1_0.role_id 
    where
        u1_0.id=?
2025-12-05 12:59:02 - [] - [] - 
    insert 
    into
        user_account
        (auth_type, authority_id, created_by, created_date, email, email_verified, enabled, first_name, google_id, is_otp_required, last_modified_by, last_modified_date, last_name, last_password_reset_date, password, role_id, status, username, id) 
    values
        (?, ?, ?, ?, ?, ?, ?, ?, ?, ?, ?, ?, ?, ?, ?, ?, ?, ?, ?)
Hibernate: 
    insert 
    into
        user_account
        (auth_type, authority_id, created_by, created_date, email, email_verified, enabled, first_name, google_id, is_otp_required, last_modified_by, last_modified_date, last_name, last_password_reset_date, password, role_id, status, username, id) 
    values
        (?, ?, ?, ?, ?, ?, ?, ?, ?, ?, ?, ?, ?, ?, ?, ?, ?, ?, ?)
2025-12-05 12:59:02 - [] - [] - 
    select
        count(*) 
    from
        user_account u1_0
Hibernate: 
    select
        count(*) 
    from
        user_account u1_0
[INFO] Tests run: 11, Failures: 0, Errors: 0, Skipped: 0, Time elapsed: 0.345 s -- in com.starter.springboot.repository.UserRepositoryTest
[INFO] Running com.starter.springboot.security.jwt.TokenProviderTest
2025-12-05 12:59:03 - [] - [] - Failed to create refresh token: Cannot invoke "com.starter.springboot.entity.RefreshToken.getToken()" because "refreshToken" is null
2025-12-05 12:59:03 - [] - [] - Redis whitelist check failed: Redis connection failed
2025-12-05 12:59:03 - [] - [] - Failed to create refresh token: Cannot invoke "com.starter.springboot.entity.RefreshToken.getToken()" because "refreshToken" is null
2025-12-05 12:59:03 - [] - [] - Rejecting JWT for user testuser: issuedAt=Fri Dec 05 12:59:03 IST 2025 <= lastPasswordResetDate=Fri Dec 05 13:00:03 IST 2025
2025-12-05 12:59:03 - [] - [] - Failed to create refresh token: Cannot invoke "com.starter.springboot.entity.RefreshToken.getToken()" because "refreshToken" is null
2025-12-05 12:59:03 - [] - [] - Failed to register jti in redis whitelist: Redis connection failed
2025-12-05 12:59:03 - [] - [] - Invalid JWT token: Malformed JWT JSON: ?{?'
2025-12-05 12:59:03 - [] - [] - Failed to create refresh token: Cannot invoke "com.starter.springboot.entity.RefreshToken.getToken()" because "refreshToken" is null
2025-12-05 12:59:03 - [] - [] - Failed to cache user details for OTP: Redis connection failed
2025-12-05 12:59:03 - [] - [] - User not found while validating JWT: testuser
2025-12-05 12:59:03 - [] - [] - JTI for user testuser is not whitelisted in redis
2025-12-05 12:59:03 - [] - [] - Failed to retrieve cached user details for OTP: Unexpected character ('i' (code 105)): was expecting double-quote to start field name
 at [Source: (String)"{invalid json}"; line: 1, column: 3]
[INFO] Tests run: 23, Failures: 0, Errors: 0, Skipped: 0, Time elapsed: 0.891 s -- in com.starter.springboot.security.jwt.TokenProviderTest
[INFO] Running com.starter.springboot.security.OtpAwareAuthenticationProviderTest
2025-12-05 12:59:04 - [] - [] - Invalid password for 'diona.smith'
2025-12-05 12:59:04 - [] - [] - User 'diona.smith' authenticated. OTP Required: true
2025-12-05 12:59:04 - [] - [] - User 'diona.smith' is not activated
2025-12-05 12:59:04 - [] - [] - User 'diona.smith' authenticated. OTP Required: true
2025-12-05 12:59:04 - [] - [] - User 'testuser' authenticated. OTP Required: true
2025-12-05 12:59:04 - [] - [] - User 'diona.smith' not found
2025-12-05 12:59:04 - [] - [] - User 'diona.smith' authenticated. OTP Required: false
2025-12-05 12:59:04 - [] - [] - User 'diona.smith' authenticated. OTP Required: true
2025-12-05 12:59:04 - [] - [] - User 'diona.smith' authenticated. OTP Required: true
2025-12-05 12:59:04 - [] - [] - User 'diona.smith' is not activated
2025-12-05 12:59:04 - [] - [] - User 'diona.smith' authenticated. OTP Required: true
[INFO] Tests run: 13, Failures: 0, Errors: 0, Skipped: 0, Time elapsed: 0.237 s -- in com.starter.springboot.security.OtpAwareAuthenticationProviderTest
[INFO] Running com.starter.springboot.service.AuthCacheServiceTest
2025-12-05 12:59:04 - [] - [] - Cleared authentication cache for user: testuser
2025-12-05 12:59:04 - [] - [] - Cleared authentication cache for user: testuser
2025-12-05 12:59:04 - [] - [] - Cleared authentication cache for user: testuser
2025-12-05 12:59:04 - [] - [] - Failed to remove token whitelist for user testuser (ID: 1): Token removal failed
2025-12-05 12:59:04 - [] - [] - Failed to clear authentication cache for user testuser: Redis connection failed
2025-12-05 12:59:04 - [] - [] - Cleared authentication cache for user: TESTUSER
2025-12-05 12:59:04 - [] - [] - Failed to clear all authentication caches: Redis connection failed
2025-12-05 12:59:04 - [] - [] - Failed to clear authentication cache for user testuser: Redis connection failed
2025-12-05 12:59:04 - [] - [] - Cleared token whitelist for user: testuser (ID: 1)
2025-12-05 12:59:04 - [] - [] - Cannot clear auth cache for empty username
2025-12-05 12:59:04 - [] - [] - Cleared authentication cache for user: TESTUSER
2025-12-05 12:59:04 - [] - [] - Cleared token whitelist for user: TESTUSER (ID: 1)
2025-12-05 12:59:04 - [] - [] - Cleared authentication cache for 3 users
2025-12-05 12:59:04 - [] - [] - Cannot clear auth cache for empty username
2025-12-05 12:59:04 - [] - [] - Cleared authentication cache for user: testuser
2025-12-05 12:59:04 - [] - [] - Cleared token whitelist for user: testuser (ID: 1)
[INFO] Tests run: 14, Failures: 0, Errors: 0, Skipped: 0, Time elapsed: 0.070 s -- in com.starter.springboot.service.AuthCacheServiceTest
[INFO] Running com.starter.springboot.service.EmailServiceTest
2025-12-05 12:59:04 - [] - [] - Sending e-mail error: Mail server error
2025-12-05 12:59:04 - [] - [] - Email successfully sent to: test1@example.com,test2@example.com,test3@example.com
2025-12-05 12:59:04 - [] - [] - Email successfully sent to: test@example.com
2025-12-05 12:59:04 - [] - [] - Email successfully sent to: test@example.com,user@example.com
2025-12-05 12:59:04 - [] - [] - Email successfully sent to: test@example.com
2025-12-05 12:59:04 - [] - [] - No recipients provided for email with subject: Test Subject
2025-12-05 12:59:04 - [] - [] - No recipients provided for email with subject: Test Subject
2025-12-05 12:59:04 - [] - [] - Email successfully sent to: test@example.com
2025-12-05 12:59:04 - [] - [] - Sending e-mail error: Unexpected error
2025-12-05 12:59:04 - [] - [] - Email successfully sent to: test@example.com
[INFO] Tests run: 10, Failures: 0, Errors: 0, Skipped: 0, Time elapsed: 0.323 s -- in com.starter.springboot.service.EmailServiceTest
[INFO] Running com.starter.springboot.service.impl.GoogleOAuthServiceTest
2025-12-05 12:59:05 - [] - [] - Successfully verified Google ID token for user: test@example.com
2025-12-05 12:59:05 - [] - [] - Successfully verified Google ID token for user: test@example.com
2025-12-05 12:59:05 - [] - [] - Successfully verified Google ID token for user: test@example.com
2025-12-05 12:59:05 - [] - [] - Failed to verify Google ID token: Google Client ID not configured
2025-12-05 12:59:05 - [] - [] - Invalid Google ID token
2025-12-05 12:59:05 - [] - [] - Failed to verify Google ID token: Network error
2025-12-05 12:59:05 - [] - [] - Successfully verified Google ID token for user: test@example.com
2025-12-05 12:59:05 - [] - [] - Failed to verify Google ID token: Token verification failed
2025-12-05 12:59:05 - [] - [] - Failed to verify Google ID token: Google Client ID not configured
[INFO] Tests run: 9, Failures: 0, Errors: 0, Skipped: 0, Time elapsed: 0.895 s -- in com.starter.springboot.service.impl.GoogleOAuthServiceTest
[INFO] Running com.starter.springboot.service.OtpAuditRetentionServiceTest
2025-12-05 12:59:05 - [] - [] - Purged 5 OTP audit entries with expiry before 2025-11-05
[INFO] Tests run: 3, Failures: 0, Errors: 0, Skipped: 0, Time elapsed: 0.278 s -- in com.starter.springboot.service.OtpAuditRetentionServiceTest
[INFO] Running com.starter.springboot.service.OtpAuditServiceImplTest
[INFO] Tests run: 3, Failures: 0, Errors: 0, Skipped: 0, Time elapsed: 0.034 s -- in com.starter.springboot.service.OtpAuditServiceImplTest
[INFO] Running com.starter.springboot.service.OtpGeneratorTest
2025-12-05 12:59:05 - [] - [] - Failed to store OTP for key test@example.com: Redis connection failed
[INFO] Tests run: 16, Failures: 0, Errors: 0, Skipped: 0, Time elapsed: 0.149 s -- in com.starter.springboot.service.OtpGeneratorTest
[INFO] Running com.starter.springboot.service.OtpNotificationServiceImplTest
2025-12-05 12:59:06 - [] - [] - No email found for username: testUser
2025-12-05 12:59:06 - [] - [] - Error initiating OTP email dispatch to: test@example.com
java.lang.RuntimeException: Email service error
	at com.starter.springboot.service.impl.OtpNotificationServiceImpl.sendOtpEmailAsync(OtpNotificationServiceImpl.java:66)
	at com.starter.springboot.service.OtpNotificationServiceImplTest.shouldHandleEmailServiceException(OtpNotificationServiceImplTest.java:147)
	at java.base/jdk.internal.reflect.NativeMethodAccessorImpl.invoke0(Native Method)
	at java.base/jdk.internal.reflect.NativeMethodAccessorImpl.invoke(NativeMethodAccessorImpl.java:77)
	at java.base/jdk.internal.reflect.DelegatingMethodAccessorImpl.invoke(DelegatingMethodAccessorImpl.java:43)
	at java.base/java.lang.reflect.Method.invoke(Method.java:568)
	at org.junit.platform.commons.util.ReflectionUtils.invokeMethod(ReflectionUtils.java:728)
	at org.junit.jupiter.engine.execution.MethodInvocation.proceed(MethodInvocation.java:60)
	at org.junit.jupiter.engine.execution.InvocationInterceptorChain$ValidatingInvocation.proceed(InvocationInterceptorChain.java:131)
	at org.junit.jupiter.engine.extension.TimeoutExtension.intercept(TimeoutExtension.java:156)
	at org.junit.jupiter.engine.extension.TimeoutExtension.interceptTestableMethod(TimeoutExtension.java:147)
	at org.junit.jupiter.engine.extension.TimeoutExtension.interceptTestMethod(TimeoutExtension.java:86)
	at org.junit.jupiter.engine.execution.InterceptingExecutableInvoker$ReflectiveInterceptorCall.lambda$ofVoidMethod$0(InterceptingExecutableInvoker.java:103)
	at org.junit.jupiter.engine.execution.InterceptingExecutableInvoker.lambda$invoke$0(InterceptingExecutableInvoker.java:93)
	at org.junit.jupiter.engine.execution.InvocationInterceptorChain$InterceptedInvocation.proceed(InvocationInterceptorChain.java:106)
	at org.junit.jupiter.engine.execution.InvocationInterceptorChain.proceed(InvocationInterceptorChain.java:64)
	at org.junit.jupiter.engine.execution.InvocationInterceptorChain.chainAndInvoke(InvocationInterceptorChain.java:45)
	at org.junit.jupiter.engine.execution.InvocationInterceptorChain.invoke(InvocationInterceptorChain.java:37)
	at org.junit.jupiter.engine.execution.InterceptingExecutableInvoker.invoke(InterceptingExecutableInvoker.java:92)
	at org.junit.jupiter.engine.execution.InterceptingExecutableInvoker.invoke(InterceptingExecutableInvoker.java:86)
	at org.junit.jupiter.engine.descriptor.TestMethodTestDescriptor.lambda$invokeTestMethod$7(TestMethodTestDescriptor.java:218)
	at org.junit.platform.engine.support.hierarchical.ThrowableCollector.execute(ThrowableCollector.java:73)
	at org.junit.jupiter.engine.descriptor.TestMethodTestDescriptor.invokeTestMethod(TestMethodTestDescriptor.java:214)
	at org.junit.jupiter.engine.descriptor.TestMethodTestDescriptor.execute(TestMethodTestDescriptor.java:139)
	at org.junit.jupiter.engine.descriptor.TestMethodTestDescriptor.execute(TestMethodTestDescriptor.java:69)
	at org.junit.platform.engine.support.hierarchical.NodeTestTask.lambda$executeRecursively$6(NodeTestTask.java:151)
	at org.junit.platform.engine.support.hierarchical.ThrowableCollector.execute(ThrowableCollector.java:73)
	at org.junit.platform.engine.support.hierarchical.NodeTestTask.lambda$executeRecursively$8(NodeTestTask.java:141)
	at org.junit.platform.engine.support.hierarchical.Node.around(Node.java:137)
	at org.junit.platform.engine.support.hierarchical.NodeTestTask.lambda$executeRecursively$9(NodeTestTask.java:139)
	at org.junit.platform.engine.support.hierarchical.ThrowableCollector.execute(ThrowableCollector.java:73)
	at org.junit.platform.engine.support.hierarchical.NodeTestTask.executeRecursively(NodeTestTask.java:138)
	at org.junit.platform.engine.support.hierarchical.NodeTestTask.execute(NodeTestTask.java:95)
	at java.base/java.util.ArrayList.forEach(ArrayList.java:1511)
	at org.junit.platform.engine.support.hierarchical.SameThreadHierarchicalTestExecutorService.invokeAll(SameThreadHierarchicalTestExecutorService.java:41)
	at org.junit.platform.engine.support.hierarchical.NodeTestTask.lambda$executeRecursively$6(NodeTestTask.java:155)
	at org.junit.platform.engine.support.hierarchical.ThrowableCollector.execute(ThrowableCollector.java:73)
	at org.junit.platform.engine.support.hierarchical.NodeTestTask.lambda$executeRecursively$8(NodeTestTask.java:141)
	at org.junit.platform.engine.support.hierarchical.Node.around(Node.java:137)
	at org.junit.platform.engine.support.hierarchical.NodeTestTask.lambda$executeRecursively$9(NodeTestTask.java:139)
	at org.junit.platform.engine.support.hierarchical.ThrowableCollector.execute(ThrowableCollector.java:73)
	at org.junit.platform.engine.support.hierarchical.NodeTestTask.executeRecursively(NodeTestTask.java:138)
	at org.junit.platform.engine.support.hierarchical.NodeTestTask.execute(NodeTestTask.java:95)
	at java.base/java.util.ArrayList.forEach(ArrayList.java:1511)
	at org.junit.platform.engine.support.hierarchical.SameThreadHierarchicalTestExecutorService.invokeAll(SameThreadHierarchicalTestExecutorService.java:41)
	at org.junit.platform.engine.support.hierarchical.NodeTestTask.lambda$executeRecursively$6(NodeTestTask.java:155)
	at org.junit.platform.engine.support.hierarchical.ThrowableCollector.execute(ThrowableCollector.java:73)
	at org.junit.platform.engine.support.hierarchical.NodeTestTask.lambda$executeRecursively$8(NodeTestTask.java:141)
	at org.junit.platform.engine.support.hierarchical.Node.around(Node.java:137)
	at org.junit.platform.engine.support.hierarchical.NodeTestTask.lambda$executeRecursively$9(NodeTestTask.java:139)
	at org.junit.platform.engine.support.hierarchical.ThrowableCollector.execute(ThrowableCollector.java:73)
	at org.junit.platform.engine.support.hierarchical.NodeTestTask.executeRecursively(NodeTestTask.java:138)
	at org.junit.platform.engine.support.hierarchical.NodeTestTask.execute(NodeTestTask.java:95)
	at org.junit.platform.engine.support.hierarchical.SameThreadHierarchicalTestExecutorService.submit(SameThreadHierarchicalTestExecutorService.java:35)
	at org.junit.platform.engine.support.hierarchical.HierarchicalTestExecutor.execute(HierarchicalTestExecutor.java:57)
	at org.junit.platform.engine.support.hierarchical.HierarchicalTestEngine.execute(HierarchicalTestEngine.java:54)
	at org.junit.platform.launcher.core.EngineExecutionOrchestrator.execute(EngineExecutionOrchestrator.java:198)
	at org.junit.platform.launcher.core.EngineExecutionOrchestrator.execute(EngineExecutionOrchestrator.java:169)
	at org.junit.platform.launcher.core.EngineExecutionOrchestrator.execute(EngineExecutionOrchestrator.java:93)
	at org.junit.platform.launcher.core.EngineExecutionOrchestrator.lambda$execute$0(EngineExecutionOrchestrator.java:58)
	at org.junit.platform.launcher.core.EngineExecutionOrchestrator.withInterceptedStreams(EngineExecutionOrchestrator.java:141)
	at org.junit.platform.launcher.core.EngineExecutionOrchestrator.execute(EngineExecutionOrchestrator.java:57)
	at org.junit.platform.launcher.core.DefaultLauncher.execute(DefaultLauncher.java:103)
	at org.junit.platform.launcher.core.DefaultLauncher.execute(DefaultLauncher.java:85)
	at org.junit.platform.launcher.core.DelegatingLauncher.execute(DelegatingLauncher.java:47)
	at org.apache.maven.surefire.junitplatform.LazyLauncher.execute(LazyLauncher.java:56)
	at org.apache.maven.surefire.junitplatform.JUnitPlatformProvider.execute(JUnitPlatformProvider.java:184)
	at org.apache.maven.surefire.junitplatform.JUnitPlatformProvider.invokeAllTests(JUnitPlatformProvider.java:148)
	at org.apache.maven.surefire.junitplatform.JUnitPlatformProvider.invoke(JUnitPlatformProvider.java:122)
	at org.apache.maven.surefire.booter.ForkedBooter.runSuitesInProcess(ForkedBooter.java:385)
	at org.apache.maven.surefire.booter.ForkedBooter.execute(ForkedBooter.java:162)
	at org.apache.maven.surefire.booter.ForkedBooter.run(ForkedBooter.java:507)
	at org.apache.maven.surefire.booter.ForkedBooter.main(ForkedBooter.java:495)
2025-12-05 12:59:06 - [] - [] - No email found for username: testUser
[INFO] Tests run: 10, Failures: 0, Errors: 0, Skipped: 0, Time elapsed: 0.132 s -- in com.starter.springboot.service.OtpNotificationServiceImplTest
[INFO] Running com.starter.springboot.service.OtpRateLimiterImplTest
2025-12-05 12:59:06 - [] - [] - Invalid timestamp format in Redis for key: otp:testUser:last_sent
2025-12-05 12:59:06 - [] - [] - OTP rate limit exceeded for key: testUser. Last sent 5 seconds ago, 10 seconds remaining
2025-12-05 12:59:06 - [] - [] - OTP request limit exceeded for key: testUser
[INFO] Tests run: 9, Failures: 0, Errors: 0, Skipped: 0, Time elapsed: 0.045 s -- in com.starter.springboot.service.OtpRateLimiterImplTest
[INFO] Running com.starter.springboot.service.OtpServiceTest
2025-12-05 12:59:06 - [] - [] - Failed to send OTP email to: test@example.com
2025-12-05 12:59:06 - [] - [] - OTP generator returned error code for key: testuser
[INFO] Tests run: 15, Failures: 0, Errors: 0, Skipped: 0, Time elapsed: 0.286 s -- in com.starter.springboot.service.OtpServiceTest
[INFO] Running com.starter.springboot.service.PasswordChangeAuthorizationServiceTest
2025-12-05 12:59:06 - [] - [] - Unauthorized password change attempt: User authenticatedUser attempted to change password for user targetUser
2025-12-05 12:59:06 - [] - [] - Authenticated user has no username
2025-12-05 12:59:06 - [] - [] - No authenticated user found in security context
2025-12-05 12:59:06 - [] - [] - No authenticated user found in security context
2025-12-05 12:59:06 - [] - [] - Unauthorized password change attempt: User authenticatedUser attempted to change password for user targetUser
[INFO] Tests run: 17, Failures: 0, Errors: 0, Skipped: 0, Time elapsed: 0.262 s -- in com.starter.springboot.service.PasswordChangeAuthorizationServiceTest
[INFO] Running com.starter.springboot.service.RedisTokenServiceTest
2025-12-05 12:59:06 - [] - [] - Failed to remove whitelist for user 123: Redis connection failed
2025-12-05 12:59:06 - [] - [] - Failed to register jti for user 123: Redis connection failed
2025-12-05 12:59:06 - [] - [] - Failed to check jti whitelist for user 123: Redis connection failed
[INFO] Tests run: 17, Failures: 0, Errors: 0, Skipped: 0, Time elapsed: 0.077 s -- in com.starter.springboot.service.RedisTokenServiceTest
[INFO] Running com.starter.springboot.service.RefreshTokenServiceTest
2025-12-05 12:59:06 - [] - [] - Invalid or expired refresh token
2025-12-05 12:59:07 - [] - [] - Invalid or expired refresh token
2025-12-05 12:59:07 - [] - [] - Invalid or expired refresh token
2025-12-05 12:59:07 - [] - [] - Cleaned up 10 expired refresh tokens
[INFO] Tests run: 19, Failures: 0, Errors: 0, Skipped: 0, Time elapsed: 0.281 s -- in com.starter.springboot.service.RefreshTokenServiceTest
[INFO] Running com.starter.springboot.service.UserServiceTest
2025-12-05 12:59:07 - [] - [] - New Google OAuth user created: noname@gmail.com
2025-12-05 12:59:07 - [] - [] - Google OAuth user already exists: test@example.com
2025-12-05 12:59:07 - [] - [] - Cleared authentication cache, token whitelist, and refresh tokens for user after password change: testuser
2025-12-05 12:59:07 - [] - [] - Linked existing user to Google OAuth: test@example.com
2025-12-05 12:59:07 - [] - [] - New Google OAuth user created: short@gmail.com
2025-12-05 12:59:07 - [] - [] - Cleared authentication cache, token whitelist, and refresh tokens for user after password change: testuser
2025-12-05 12:59:07 - [] - [] - Failed to clear caches for user testuser: Redis connection failed
2025-12-05 12:59:07 - [] - [] - New Google OAuth user created: otp@gmail.com
2025-12-05 12:59:07 - [] - [] - New Google OAuth user created: newgoogleuser@gmail.com
[INFO] Tests run: 25, Failures: 0, Errors: 0, Skipped: 0, Time elapsed: 0.723 s -- in com.starter.springboot.service.UserServiceTest
[INFO] 
[INFO] Results:
[INFO] 
[INFO] Tests run: 308, Failures: 0, Errors: 0, Skipped: 0
[INFO] 
[INFO] ------------------------------------------------------------------------
[INFO] BUILD SUCCESS
[INFO] ------------------------------------------------------------------------
[INFO] Total time:  01:08 min
[INFO] Finished at: 2025-12-05T12:59:08+05:30
[INFO] ------------------------------------------------------------------------
