[INFO] Scanning for projects...
[INFO] 
[INFO] ----------------------< com.starter:spring-boot >-----------------------
[INFO] Building spring-boot 1.0-SNAPSHOT
[INFO]   from pom.xml
[INFO] --------------------------------[ jar ]---------------------------------
[WARNING] The artifact org.hibernate:hibernate-jpamodelgen:jar:6.2.5.Final has been relocated to org.hibernate.orm:hibernate-jpamodelgen:jar:6.2.5.Final
[INFO] 
[INFO] --- spring-boot:3.2.3:build-info (default) @ spring-boot ---
[INFO] 
[INFO] --- resources:3.3.1:resources (default-resources) @ spring-boot ---
[INFO] Copying 5 resources from src\main\resources to target\classes
[INFO] 
[INFO] --- compiler:3.11.0:compile (default-compile) @ spring-boot ---
[INFO] Nothing to compile - all classes are up to date
[INFO] 
[INFO] --- resources:3.3.1:testResources (default-testResources) @ spring-boot ---
[INFO] skip non existing resourceDirectory C:\Users\Rahul.S\OneDrive\Desktop\spring-boot-otp\src\test\resources
[INFO] 
[INFO] --- compiler:3.11.0:testCompile (default-testCompile) @ spring-boot ---
[INFO] Nothing to compile - all classes are up to date
[INFO] 
[INFO] --- surefire:3.1.2:test (default-test) @ spring-boot ---
[INFO] Using auto detected provider org.apache.maven.surefire.junitplatform.JUnitPlatformProvider
[INFO] 
[INFO] -------------------------------------------------------
[INFO]  T E S T S
[INFO] -------------------------------------------------------
[INFO] Running com.starter.springboot.config.SecurityConfigurationTest
15:41:24.448 [main] INFO org.springframework.test.context.support.AnnotationConfigContextLoaderUtils -- Could not detect default configuration classes for test class [com.starter.springboot.config.SecurityConfigurationTest]: SecurityConfigurationTest does not declare any static, non-private, non-final, nested classes annotated with @Configuration.
15:41:24.664 [main] INFO org.springframework.boot.test.context.SpringBootTestContextBootstrapper -- Found @SpringBootConfiguration com.starter.springboot.Application for test class com.starter.springboot.config.SecurityConfigurationTest

  .   ____          _            __ _ _
 /\\ / ___'_ __ _ _(_)_ __  __ _ \ \ \ \
( ( )\___ | '_ | '_| | '_ \/ _` | \ \ \ \
 \\/  ___)| |_)| | | | | || (_| |  ) ) ) )
  '  |____| .__|_| |_|_| |_\__, | / / / /
 =========|_|==============|___/=/_/_/_/
 :: Spring Boot ::                (v3.2.3)

2025-11-20T15:41:25.320+05:30  INFO 33892 --- [Starter Project] [           main] c.s.s.config.SecurityConfigurationTest   : Starting SecurityConfigurationTest using Java 17.0.9 with PID 33892 (started by Rahul.S in C:\Users\Rahul.S\OneDrive\Desktop\spring-boot-otp)
2025-11-20T15:41:25.322+05:30  INFO 33892 --- [Starter Project] [           main] c.s.s.config.SecurityConfigurationTest   : The following 1 profile is active: "dev"
2025-11-20T15:41:25.323+05:30 DEBUG 33892 --- [Starter Project] [           main] o.s.boot.SpringApplication               : Loading source class com.starter.springboot.Application
2025-11-20T15:41:25.350+05:30 DEBUG 33892 --- [Starter Project] [           main] o.s.w.c.s.GenericWebApplicationContext   : Refreshing org.springframework.web.context.support.GenericWebApplicationContext@53e3a87a
2025-11-20T15:41:27.472+05:30  INFO 33892 --- [Starter Project] [           main] .s.d.r.c.RepositoryConfigurationDelegate : Multiple Spring Data modules found, entering strict repository configuration mode
2025-11-20T15:41:27.474+05:30  INFO 33892 --- [Starter Project] [           main] .s.d.r.c.RepositoryConfigurationDelegate : Bootstrapping Spring Data JPA repositories in DEFAULT mode.
2025-11-20T15:41:27.504+05:30 DEBUG 33892 --- [Starter Project] [           main] o.s.b.a.AutoConfigurationPackages        : @EnableAutoConfiguration was declared on a class in the package 'com.starter.springboot'. Automatic @Repository and @Entity scanning is enabled.
2025-11-20T15:41:27.748+05:30  INFO 33892 --- [Starter Project] [           main] .s.d.r.c.RepositoryConfigurationDelegate : Finished Spring Data repository scanning in 262 ms. Found 5 JPA repository interfaces.
2025-11-20T15:41:27.765+05:30  INFO 33892 --- [Starter Project] [           main] .s.d.r.c.RepositoryConfigurationDelegate : Multiple Spring Data modules found, entering strict repository configuration mode
2025-11-20T15:41:27.766+05:30  INFO 33892 --- [Starter Project] [           main] .s.d.r.c.RepositoryConfigurationDelegate : Bootstrapping Spring Data Redis repositories in DEFAULT mode.
2025-11-20T15:41:27.799+05:30  INFO 33892 --- [Starter Project] [           main] .RepositoryConfigurationExtensionSupport : Spring Data Redis - Could not safely identify store assignment for repository candidate interface com.starter.springboot.repository.AuthorityRepository; If you want this repository to be a Redis repository, consider annotating your entities with one of these annotations: org.springframework.data.redis.core.RedisHash (preferred), or consider extending one of the following types with your repository: org.springframework.data.keyvalue.repository.KeyValueRepository
2025-11-20T15:41:27.800+05:30  INFO 33892 --- [Starter Project] [           main] .RepositoryConfigurationExtensionSupport : Spring Data Redis - Could not safely identify store assignment for repository candidate interface com.starter.springboot.repository.OtpAuditEntryRepository; If you want this repository to be a Redis repository, consider annotating your entities with one of these annotations: org.springframework.data.redis.core.RedisHash (preferred), or consider extending one of the following types with your repository: org.springframework.data.keyvalue.repository.KeyValueRepository
2025-11-20T15:41:27.801+05:30  INFO 33892 --- [Starter Project] [           main] .RepositoryConfigurationExtensionSupport : Spring Data Redis - Could not safely identify store assignment for repository candidate interface com.starter.springboot.repository.RefreshTokenRepository; If you want this repository to be a Redis repository, consider annotating your entities with one of these annotations: org.springframework.data.redis.core.RedisHash (preferred), or consider extending one of the following types with your repository: org.springframework.data.keyvalue.repository.KeyValueRepository
2025-11-20T15:41:27.802+05:30  INFO 33892 --- [Starter Project] [           main] .RepositoryConfigurationExtensionSupport : Spring Data Redis - Could not safely identify store assignment for repository candidate interface com.starter.springboot.repository.RoleRepository; If you want this repository to be a Redis repository, consider annotating your entities with one of these annotations: org.springframework.data.redis.core.RedisHash (preferred), or consider extending one of the following types with your repository: org.springframework.data.keyvalue.repository.KeyValueRepository
2025-11-20T15:41:27.803+05:30  INFO 33892 --- [Starter Project] [           main] .RepositoryConfigurationExtensionSupport : Spring Data Redis - Could not safely identify store assignment for repository candidate interface com.starter.springboot.repository.UserRepository; If you want this repository to be a Redis repository, consider annotating your entities with one of these annotations: org.springframework.data.redis.core.RedisHash (preferred), or consider extending one of the following types with your repository: org.springframework.data.keyvalue.repository.KeyValueRepository
2025-11-20T15:41:27.803+05:30  INFO 33892 --- [Starter Project] [           main] .s.d.r.c.RepositoryConfigurationDelegate : Finished Spring Data repository scanning in 24 ms. Found 0 Redis repository interfaces.
OpenJDK 64-Bit Server VM warning: Sharing is only supported for boot loader classes because bootstrap classpath has been appended
2025-11-20T15:41:31.584+05:30  INFO 33892 --- [Starter Project] [           main] o.s.o.j.p.SpringPersistenceUnitInfo      : No LoadTimeWeaver setup: ignoring JPA class transformer
2025-11-20T15:41:31.648+05:30  INFO 33892 --- [Starter Project] [           main] com.zaxxer.hikari.HikariDataSource       : MySQL Local Connection - Starting...
2025-11-20T15:41:32.078+05:30  INFO 33892 --- [Starter Project] [           main] com.zaxxer.hikari.pool.HikariPool        : MySQL Local Connection - Added connection com.mysql.cj.jdbc.ConnectionImpl@390e814c
2025-11-20T15:41:32.083+05:30  INFO 33892 --- [Starter Project] [           main] com.zaxxer.hikari.HikariDataSource       : MySQL Local Connection - Start completed.
2025-11-20T15:41:32.172+05:30  WARN 33892 --- [Starter Project] [           main] org.hibernate.orm.deprecation            : HHH90000025: MySQL8Dialect does not need to be specified explicitly using 'hibernate.dialect' (remove the property setting and it will be selected by default)
2025-11-20T15:41:32.176+05:30  WARN 33892 --- [Starter Project] [           main] org.hibernate.orm.deprecation            : HHH90000026: MySQL8Dialect has been deprecated; use org.hibernate.dialect.MySQLDialect instead
2025-11-20T15:41:34.549+05:30  INFO 33892 --- [Starter Project] [           main] j.LocalContainerEntityManagerFactoryBean : Initialized JPA EntityManagerFactory for persistence unit 'default'
2025-11-20T15:41:35.761+05:30  INFO 33892 --- [Starter Project] [           main] o.s.d.j.r.query.QueryEnhancerFactory     : Hibernate is in classpath; If applicable, HQL parser will be used.
2025-11-20T15:41:37.211+05:30 DEBUG 33892 --- [Starter Project] [           main] s.w.s.m.m.a.RequestMappingHandlerMapping : 14 mappings in 'requestMappingHandlerMapping'
2025-11-20T15:41:37.468+05:30 DEBUG 33892 --- [Starter Project] [           main] o.s.w.s.handler.SimpleUrlHandlerMapping  : Patterns [/webjars/**, /**, /swagger-ui*/*swagger-initializer.js, /swagger-ui*/**] in 'resourceHandlerMapping'
2025-11-20T15:41:38.189+05:30  INFO 33892 --- [Starter Project] [           main] o.s.b.a.e.web.EndpointLinksResolver      : Exposing 10 endpoint(s) beneath base path '/actuator'
2025-11-20T15:41:38.303+05:30  INFO 33892 --- [Starter Project] [           main] o.s.s.web.DefaultSecurityFilterChain     : Will secure any request with [org.springframework.security.web.session.DisableEncodeUrlFilter@2e1e46e7, org.springframework.security.web.context.request.async.WebAsyncManagerIntegrationFilter@edb28f6, org.springframework.security.web.context.SecurityContextHolderFilter@2101e969, org.springframework.security.web.header.HeaderWriterFilter@64f514d2, org.springframework.web.filter.CorsFilter@10eddc8b, org.springframework.security.web.authentication.logout.LogoutFilter@4111c517, com.starter.springboot.security.jwt.JWTFilter@cb715b9, org.springframework.security.web.savedrequest.RequestCacheAwareFilter@2cb34e1e, org.springframework.security.web.servletapi.SecurityContextHolderAwareRequestFilter@22272bac, org.springframework.security.web.authentication.AnonymousAuthenticationFilter@50c253b6, org.springframework.security.web.session.SessionManagementFilter@56dde963, org.springframework.security.web.access.ExceptionTranslationFilter@102d4cea, org.springframework.security.web.access.intercept.AuthorizationFilter@6cd8b2de]
2025-11-20T15:41:38.678+05:30 DEBUG 33892 --- [Starter Project] [           main] s.w.s.m.m.a.RequestMappingHandlerAdapter : ControllerAdvice beans: 0 @ModelAttribute, 0 @InitBinder, 1 RequestBodyAdvice, 1 ResponseBodyAdvice
2025-11-20T15:41:39.576+05:30 DEBUG 33892 --- [Starter Project] [           main] o.s.b.w.s.ServletContextInitializerBeans : Mapping filters: webMvcObservationFilter urls=[/*] order=-2147483647, springSecurityFilterChain urls=[/*] order=-100, characterEncodingFilter urls=[/*] order=-2147483648, formContentFilter urls=[/*] order=-9900, requestContextFilter urls=[/*] order=-105
2025-11-20T15:41:39.576+05:30 DEBUG 33892 --- [Starter Project] [           main] o.s.b.w.s.ServletContextInitializerBeans : Mapping servlets: 
2025-11-20T15:41:39.608+05:30 DEBUG 33892 --- [Starter Project] [           main] s.b.w.s.f.OrderedCharacterEncodingFilter : Filter 'characterEncodingFilter' configured for use
2025-11-20T15:41:39.608+05:30 DEBUG 33892 --- [Starter Project] [           main] o.s.w.f.ServerHttpObservationFilter      : Filter 'webMvcObservationFilter' configured for use
2025-11-20T15:41:39.608+05:30 DEBUG 33892 --- [Starter Project] [           main] o.s.b.w.s.f.OrderedFormContentFilter     : Filter 'formContentFilter' configured for use
2025-11-20T15:41:39.608+05:30 DEBUG 33892 --- [Starter Project] [           main] o.s.b.w.s.f.OrderedRequestContextFilter  : Filter 'requestContextFilter' configured for use
2025-11-20T15:41:39.608+05:30 DEBUG 33892 --- [Starter Project] [           main] .DelegatingFilterProxyRegistrationBean$1 : Filter 'springSecurityFilterChain' configured for use
2025-11-20T15:41:39.610+05:30  INFO 33892 --- [Starter Project] [           main] o.s.b.t.m.w.SpringBootMockServletContext : Initializing Spring TestDispatcherServlet ''
2025-11-20T15:41:39.612+05:30  INFO 33892 --- [Starter Project] [           main] o.s.t.web.servlet.TestDispatcherServlet  : Initializing Servlet ''
2025-11-20T15:41:39.617+05:30  INFO 33892 --- [Starter Project] [           main] o.s.t.web.servlet.TestDispatcherServlet  : Completed initialization in 5 ms
2025-11-20T15:41:39.787+05:30  INFO 33892 --- [Starter Project] [           main] c.s.s.config.SecurityConfigurationTest   : Started SecurityConfigurationTest in 14.904 seconds (process running for 16.517)
2025-11-20T15:41:39.852+05:30 DEBUG 33892 --- [Starter Project] [           main] o.s.b.a.ApplicationAvailabilityBean      : Application availability state LivenessState changed to CORRECT
2025-11-20T15:41:39.855+05:30 DEBUG 33892 --- [Starter Project] [           main] o.s.b.a.ApplicationAvailabilityBean      : Application availability state ReadinessState changed to ACCEPTING_TRAFFIC
2025-11-20T15:41:40.034+05:30 DEBUG 33892 --- [Starter Project] [           main] o.s.w.s.handler.SimpleUrlHandlerMapping  : Mapped to ResourceHttpRequestHandler [classpath [META-INF/resources/], classpath [resources/], classpath [static/], classpath [public/], ServletContext [/]]
2025-11-20T15:41:40.037+05:30 DEBUG 33892 --- [Starter Project] [           main] o.s.w.s.r.ResourceHttpRequestHandler     : Resource not found
2025-11-20T15:41:40.044+05:30 ERROR 33892 --- [Starter Project] [           main] c.s.s.exception.RestExceptionHandler     : Unhandled exception: NoResourceFoundException - No static resource api/public/test.
2025-11-20T15:41:40.127+05:30 DEBUG 33892 --- [Starter Project] [           main] o.s.w.s.m.m.a.HttpEntityMethodProcessor  : Using 'application/json', given [*/*] and supported [application/json, application/*+json]
2025-11-20T15:41:40.133+05:30 DEBUG 33892 --- [Starter Project] [           main] o.s.w.s.m.m.a.HttpEntityMethodProcessor  : Writing [ErrorResponse[timestamp=2025-11-20T10:11:40.045853Z, status=500, error=Internal Server Error, messag (truncated)...]
2025-11-20T15:41:40.235+05:30 DEBUG 33892 --- [Starter Project] [           main] s.w.s.m.m.a.RequestMappingHandlerMapping : Mapped to com.starter.springboot.controller.AuthenticationController#authorize(LoginDTO)
2025-11-20T15:41:40.291+05:30 DEBUG 33892 --- [Starter Project] [           main] m.m.a.RequestResponseBodyMethodProcessor : Read "application/json;charset=UTF-8" to [com.starter.springboot.dto.LoginDTO@16727a8c]
2025-11-20T15:41:40.332+05:30 DEBUG 33892 --- [Starter Project] [           main] o.s.w.s.m.m.a.HttpEntityMethodProcessor  : Using 'application/json', given [*/*] and supported [application/json, application/*+json]
2025-11-20T15:41:40.332+05:30 DEBUG 33892 --- [Starter Project] [           main] o.s.w.s.m.m.a.HttpEntityMethodProcessor  : Writing [ErrorResponse[timestamp=2025-11-20T10:11:40.332608400Z, status=400, error=Bad Request, message=Valid (truncated)...]
2025-11-20T15:41:40.864+05:30 DEBUG 33892 --- [Starter Project] [           main] s.w.s.m.m.a.RequestMappingHandlerMapping : Mapped to com.starter.springboot.controller.GreetingController#hello()
2025-11-20T15:41:40.887+05:30 DEBUG 33892 --- [Starter Project] [           main] o.s.w.s.m.m.a.HttpEntityMethodProcessor  : Using 'application/json', given [*/*] and supported [application/json]
2025-11-20T15:41:40.889+05:30 DEBUG 33892 --- [Starter Project] [           main] o.s.w.s.m.m.a.HttpEntityMethodProcessor  : Writing [{message=Hello World!, timestamp=2025-11-20T10:11:40.886258300Z, status=SUCCESS}]
2025-11-20T15:41:41.088+05:30 DEBUG 33892 --- [Starter Project] [           main] s.b.a.e.w.s.WebMvcEndpointHandlerMapping : Mapped to Actuator web endpoint 'health'
2025-11-20T15:41:41.091+05:30 DEBUG 33892 --- [Starter Project] [           main] m.m.a.RequestResponseBodyMethodProcessor : Read "application/octet-stream" to []
2025-11-20T15:41:41.585+05:30  WARN 33892 --- [Starter Project] [oundedElastic-1] o.s.b.a.d.r.RedisReactiveHealthIndicator : Redis health check failed

org.springframework.data.redis.RedisConnectionFailureException: Unable to connect to Redis
	at org.springframework.data.redis.connection.lettuce.LettuceConnectionFactory$ExceptionTranslatingConnectionProvider.translateException(LettuceConnectionFactory.java:1795) ~[spring-data-redis-3.2.3.jar:3.2.3]
	at org.springframework.data.redis.connection.lettuce.LettuceConnectionFactory$ExceptionTranslatingConnectionProvider.getConnection(LettuceConnectionFactory.java:1726) ~[spring-data-redis-3.2.3.jar:3.2.3]
	at org.springframework.data.redis.connection.lettuce.LettuceConnectionFactory$SharedConnection.getNativeConnection(LettuceConnectionFactory.java:1528) ~[spring-data-redis-3.2.3.jar:3.2.3]
	at org.springframework.data.redis.connection.lettuce.LettuceConnectionFactory$SharedConnection.lambda$getConnection$0(LettuceConnectionFactory.java:1508) ~[spring-data-redis-3.2.3.jar:3.2.3]
	at org.springframework.data.redis.connection.lettuce.LettuceConnectionFactory.doInLock(LettuceConnectionFactory.java:1469) ~[spring-data-redis-3.2.3.jar:3.2.3]
	at org.springframework.data.redis.connection.lettuce.LettuceConnectionFactory$SharedConnection.getConnection(LettuceConnectionFactory.java:1505) ~[spring-data-redis-3.2.3.jar:3.2.3]
	at org.springframework.data.redis.connection.lettuce.LettuceConnectionFactory.getSharedReactiveConnection(LettuceConnectionFactory.java:1216) ~[spring-data-redis-3.2.3.jar:3.2.3]
	at org.springframework.data.redis.connection.lettuce.LettuceConnectionFactory.getReactiveConnection(LettuceConnectionFactory.java:1091) ~[spring-data-redis-3.2.3.jar:3.2.3]
	at org.springframework.data.redis.connection.lettuce.LettuceConnectionFactory.getReactiveConnection(LettuceConnectionFactory.java:118) ~[spring-data-redis-3.2.3.jar:3.2.3]
	at reactor.core.publisher.MonoSupplier.call(MonoSupplier.java:67) ~[reactor-core-3.6.3.jar:3.6.3]
	at reactor.core.publisher.FluxSubscribeOnCallable$CallableSubscribeOnSubscription.run(FluxSubscribeOnCallable.java:228) ~[reactor-core-3.6.3.jar:3.6.3]
	at reactor.core.scheduler.SchedulerTask.call(SchedulerTask.java:68) ~[reactor-core-3.6.3.jar:3.6.3]
	at reactor.core.scheduler.SchedulerTask.call(SchedulerTask.java:28) ~[reactor-core-3.6.3.jar:3.6.3]
	at java.base/java.util.concurrent.FutureTask.run(FutureTask.java:264) ~[na:na]
	at java.base/java.util.concurrent.ScheduledThreadPoolExecutor$ScheduledFutureTask.run(ScheduledThreadPoolExecutor.java:304) ~[na:na]
	at java.base/java.util.concurrent.ThreadPoolExecutor.runWorker(ThreadPoolExecutor.java:1136) ~[na:na]
	at java.base/java.util.concurrent.ThreadPoolExecutor$Worker.run(ThreadPoolExecutor.java:635) ~[na:na]
	at java.base/java.lang.Thread.run(Thread.java:840) ~[na:na]
Caused by: org.springframework.data.redis.connection.PoolException: Could not get a resource from the pool
	at org.springframework.data.redis.connection.lettuce.LettucePoolingConnectionProvider.getConnection(LettucePoolingConnectionProvider.java:104) ~[spring-data-redis-3.2.3.jar:3.2.3]
	at org.springframework.data.redis.connection.lettuce.LettuceConnectionFactory$ExceptionTranslatingConnectionProvider.getConnection(LettuceConnectionFactory.java:1724) ~[spring-data-redis-3.2.3.jar:3.2.3]
	... 16 common frames omitted
Caused by: io.lettuce.core.RedisConnectionException: Unable to connect to localhost/<unresolved>:6379
	at io.lettuce.core.RedisConnectionException.create(RedisConnectionException.java:78) ~[lettuce-core-6.3.1.RELEASE.jar:6.3.1.RELEASE/12e6995]
	at io.lettuce.core.RedisConnectionException.create(RedisConnectionException.java:56) ~[lettuce-core-6.3.1.RELEASE.jar:6.3.1.RELEASE/12e6995]
	at io.lettuce.core.AbstractRedisClient.getConnection(AbstractRedisClient.java:350) ~[lettuce-core-6.3.1.RELEASE.jar:6.3.1.RELEASE/12e6995]
	at io.lettuce.core.RedisClient.connect(RedisClient.java:215) ~[lettuce-core-6.3.1.RELEASE.jar:6.3.1.RELEASE/12e6995]
	at org.springframework.data.redis.connection.lettuce.StandaloneConnectionProvider.lambda$getConnection$1(StandaloneConnectionProvider.java:112) ~[spring-data-redis-3.2.3.jar:3.2.3]
	at java.base/java.util.Optional.orElseGet(Optional.java:364) ~[na:na]
	at org.springframework.data.redis.connection.lettuce.StandaloneConnectionProvider.getConnection(StandaloneConnectionProvider.java:112) ~[spring-data-redis-3.2.3.jar:3.2.3]
	at org.springframework.data.redis.connection.lettuce.LettucePoolingConnectionProvider.lambda$getConnection$0(LettucePoolingConnectionProvider.java:93) ~[spring-data-redis-3.2.3.jar:3.2.3]
	at io.lettuce.core.support.ConnectionPoolSupport$RedisPooledObjectFactory.create(ConnectionPoolSupport.java:211) ~[lettuce-core-6.3.1.RELEASE.jar:6.3.1.RELEASE/12e6995]
	at io.lettuce.core.support.ConnectionPoolSupport$RedisPooledObjectFactory.create(ConnectionPoolSupport.java:201) ~[lettuce-core-6.3.1.RELEASE.jar:6.3.1.RELEASE/12e6995]
	at org.apache.commons.pool2.BasePooledObjectFactory.makeObject(BasePooledObjectFactory.java:71) ~[commons-pool2-2.12.0.jar:2.12.0]
	at org.apache.commons.pool2.impl.GenericObjectPool.create(GenericObjectPool.java:566) ~[commons-pool2-2.12.0.jar:2.12.0]
	at org.apache.commons.pool2.impl.GenericObjectPool.borrowObject(GenericObjectPool.java:306) ~[commons-pool2-2.12.0.jar:2.12.0]
	at org.apache.commons.pool2.impl.GenericObjectPool.borrowObject(GenericObjectPool.java:233) ~[commons-pool2-2.12.0.jar:2.12.0]
	at io.lettuce.core.support.ConnectionPoolSupport$1.borrowObject(ConnectionPoolSupport.java:122) ~[lettuce-core-6.3.1.RELEASE.jar:6.3.1.RELEASE/12e6995]
	at io.lettuce.core.support.ConnectionPoolSupport$1.borrowObject(ConnectionPoolSupport.java:117) ~[lettuce-core-6.3.1.RELEASE.jar:6.3.1.RELEASE/12e6995]
	at org.springframework.data.redis.connection.lettuce.LettucePoolingConnectionProvider.getConnection(LettucePoolingConnectionProvider.java:99) ~[spring-data-redis-3.2.3.jar:3.2.3]
	... 17 common frames omitted
Caused by: io.netty.channel.AbstractChannel$AnnotatedConnectException: Connection refused: no further information: localhost/127.0.0.1:6379: localhost/127.0.0.1:6379
Caused by: java.net.ConnectException: Connection refused: no further information: localhost/127.0.0.1:6379
	at java.base/sun.nio.ch.Net.pollConnect(Native Method) ~[na:na]
	at java.base/sun.nio.ch.Net.pollConnectNow(Net.java:672) ~[na:na]
	at java.base/sun.nio.ch.SocketChannelImpl.finishConnect(SocketChannelImpl.java:946) ~[na:na]
	at io.netty.channel.socket.nio.NioSocketChannel.doFinishConnect(NioSocketChannel.java:337) ~[netty-transport-4.1.107.Final.jar:4.1.107.Final]
	at io.netty.channel.nio.AbstractNioChannel$AbstractNioUnsafe.finishConnect(AbstractNioChannel.java:335) ~[netty-transport-4.1.107.Final.jar:4.1.107.Final]
	at io.netty.channel.nio.NioEventLoop.processSelectedKey(NioEventLoop.java:776) ~[netty-transport-4.1.107.Final.jar:4.1.107.Final]
	at io.netty.channel.nio.NioEventLoop.processSelectedKeysOptimized(NioEventLoop.java:724) ~[netty-transport-4.1.107.Final.jar:4.1.107.Final]
	at io.netty.channel.nio.NioEventLoop.processSelectedKeys(NioEventLoop.java:650) ~[netty-transport-4.1.107.Final.jar:4.1.107.Final]
	at io.netty.channel.nio.NioEventLoop.run(NioEventLoop.java:562) ~[netty-transport-4.1.107.Final.jar:4.1.107.Final]
	at io.netty.util.concurrent.SingleThreadEventExecutor$4.run(SingleThreadEventExecutor.java:997) ~[netty-common-4.1.107.Final.jar:4.1.107.Final]
	at io.netty.util.internal.ThreadExecutorMap$2.run(ThreadExecutorMap.java:74) ~[netty-common-4.1.107.Final.jar:4.1.107.Final]
	at io.netty.util.concurrent.FastThreadLocalRunnable.run(FastThreadLocalRunnable.java:30) ~[netty-common-4.1.107.Final.jar:4.1.107.Final]
	at java.base/java.lang.Thread.run(Thread.java:840) ~[na:na]

2025-11-20T15:41:41.593+05:30 DEBUG 33892 --- [Starter Project] [           main] o.s.w.s.m.m.a.HttpEntityMethodProcessor  : Using 'application/vnd.spring-boot.actuator.v3+json', given [*/*] and supported [application/vnd.spring-boot.actuator.v3+json, application/vnd.spring-boot.actuator.v2+json, application/json]
2025-11-20T15:41:41.602+05:30 DEBUG 33892 --- [Starter Project] [           main] o.s.w.s.m.m.a.HttpEntityMethodProcessor  : Writing [org.springframework.boot.actuate.health.SystemHealth@1cfc47f9]
2025-11-20T15:41:41.617+05:30 DEBUG 33892 --- [Starter Project] [           main] s.w.s.m.m.a.RequestMappingHandlerMapping : Mapped to org.springdoc.webmvc.api.OpenApiWebMvcResource#openapiJson(HttpServletRequest, String, Locale)
2025-11-20T15:41:42.223+05:30  INFO 33892 --- [Starter Project] [           main] o.springdoc.api.AbstractOpenApiResource  : Init duration for springdoc-openapi is: 594 ms
2025-11-20T15:41:42.243+05:30 DEBUG 33892 --- [Starter Project] [           main] m.m.a.RequestResponseBodyMethodProcessor : Using 'application/json', given [*/*] and supported [application/json]
2025-11-20T15:41:42.247+05:30 DEBUG 33892 --- [Starter Project] [           main] m.m.a.RequestResponseBodyMethodProcessor : Writing [{123, 34, 111, 112, 101, 110, 97, 112, 105, 34, 58, 34, 51, 46, 48, 46, 49, 34, 44, 34, 105, 110, 10 (truncated)...]
2025-11-20T15:41:42.267+05:30 DEBUG 33892 --- [Starter Project] [           main] s.w.s.m.m.a.RequestMappingHandlerMapping : Mapped to com.starter.springboot.controller.AuthenticationController#authorize(LoginDTO)
2025-11-20T15:41:42.268+05:30 DEBUG 33892 --- [Starter Project] [           main] m.m.a.RequestResponseBodyMethodProcessor : Read "application/json;charset=UTF-8" to [com.starter.springboot.dto.LoginDTO@43d5258c]
2025-11-20T15:41:42.269+05:30 DEBUG 33892 --- [Starter Project] [           main] o.s.w.s.m.m.a.HttpEntityMethodProcessor  : Using 'application/json', given [*/*] and supported [application/json, application/*+json]
2025-11-20T15:41:42.270+05:30 DEBUG 33892 --- [Starter Project] [           main] o.s.w.s.m.m.a.HttpEntityMethodProcessor  : Writing [ErrorResponse[timestamp=2025-11-20T10:11:42.269225700Z, status=400, error=Bad Request, message=Valid (truncated)...]
2025-11-20T15:41:42.295+05:30 DEBUG 33892 --- [Starter Project] [           main] o.s.w.s.handler.SimpleUrlHandlerMapping  : Mapped to ResourceHttpRequestHandler [classpath [META-INF/resources/], classpath [resources/], classpath [static/], classpath [public/], ServletContext [/]]
2025-11-20T15:41:42.296+05:30 DEBUG 33892 --- [Starter Project] [           main] o.s.w.s.r.ResourceHttpRequestHandler     : Resource not found
2025-11-20T15:41:42.296+05:30 ERROR 33892 --- [Starter Project] [           main] c.s.s.exception.RestExceptionHandler     : Unhandled exception: NoResourceFoundException - No static resource .
2025-11-20T15:41:42.296+05:30 DEBUG 33892 --- [Starter Project] [           main] o.s.w.s.m.m.a.HttpEntityMethodProcessor  : Using 'application/json', given [*/*] and supported [application/json, application/*+json]
2025-11-20T15:41:42.297+05:30 DEBUG 33892 --- [Starter Project] [           main] o.s.w.s.m.m.a.HttpEntityMethodProcessor  : Writing [ErrorResponse[timestamp=2025-11-20T10:11:42.296233900Z, status=500, error=Internal Server Error, mes (truncated)...]
[INFO] Tests run: 22, Failures: 0, Errors: 0, Skipped: 0, Time elapsed: 18.15 s -- in com.starter.springboot.config.SecurityConfigurationTest
[INFO] Running com.starter.springboot.controller.AuthenticationControllerTest
2025-11-20T15:41:42.588+05:30 DEBUG 33892 --- [Starter Project] [           main] s.w.s.m.m.a.RequestMappingHandlerMapping : 3 mappings in org.springframework.web.servlet.mvc.method.annotation.RequestMappingHandlerMapping
2025-11-20T15:41:42.589+05:30 DEBUG 33892 --- [Starter Project] [           main] s.w.s.m.m.a.RequestMappingHandlerAdapter : ControllerAdvice beans: 0 @ModelAttribute, 0 @InitBinder, 1 RequestBodyAdvice, 1 ResponseBodyAdvice
2025-11-20T15:41:42.590+05:30  INFO 33892 --- [Starter Project] [           main] o.s.mock.web.MockServletContext          : Initializing Spring TestDispatcherServlet ''
2025-11-20T15:41:42.590+05:30  INFO 33892 --- [Starter Project] [           main] o.s.t.web.servlet.TestDispatcherServlet  : Initializing Servlet ''
2025-11-20T15:41:42.591+05:30  INFO 33892 --- [Starter Project] [           main] o.s.t.web.servlet.TestDispatcherServlet  : Completed initialization in 1 ms
2025-11-20T15:41:42.601+05:30 DEBUG 33892 --- [Starter Project] [           main] s.w.s.m.m.a.RequestMappingHandlerMapping : Mapped to com.starter.springboot.controller.AuthenticationController#verifyOtp(VerifyTokenRequestDTO)
2025-11-20T15:41:42.603+05:30 DEBUG 33892 --- [Starter Project] [           main] m.m.a.RequestResponseBodyMethodProcessor : Read "application/json" to [com.starter.springboot.dto.VerifyTokenRequestDTO@6d363cf8]
2025-11-20T15:41:42.615+05:30  WARN 33892 --- [Starter Project] [           main] c.s.s.c.AuthenticationController         : OTP validation failed for user: diona.smith with status INVALID
2025-11-20T15:41:42.617+05:30 DEBUG 33892 --- [Starter Project] [           main] o.s.w.s.m.m.a.HttpEntityMethodProcessor  : Using 'application/json', given [*/*] and supported [application/json, application/*+json]
2025-11-20T15:41:42.624+05:30 DEBUG 33892 --- [Starter Project] [           main] o.s.w.s.m.m.a.HttpEntityMethodProcessor  : Writing [AuthResponseDTO[username=diona.smith, status=FAILED, message=Invalid OTP provided., otpRequired=fals (truncated)...]
2025-11-20T15:41:42.696+05:30 DEBUG 33892 --- [Starter Project] [           main] s.w.s.m.m.a.RequestMappingHandlerMapping : 3 mappings in org.springframework.web.servlet.mvc.method.annotation.RequestMappingHandlerMapping
2025-11-20T15:41:42.697+05:30 DEBUG 33892 --- [Starter Project] [           main] s.w.s.m.m.a.RequestMappingHandlerAdapter : ControllerAdvice beans: 0 @ModelAttribute, 0 @InitBinder, 1 RequestBodyAdvice, 1 ResponseBodyAdvice
2025-11-20T15:41:42.698+05:30  INFO 33892 --- [Starter Project] [           main] o.s.mock.web.MockServletContext          : Initializing Spring TestDispatcherServlet ''
2025-11-20T15:41:42.698+05:30  INFO 33892 --- [Starter Project] [           main] o.s.t.web.servlet.TestDispatcherServlet  : Initializing Servlet ''
2025-11-20T15:41:42.698+05:30  INFO 33892 --- [Starter Project] [           main] o.s.t.web.servlet.TestDispatcherServlet  : Completed initialization in 0 ms
2025-11-20T15:41:42.701+05:30 DEBUG 33892 --- [Starter Project] [           main] s.w.s.m.m.a.RequestMappingHandlerMapping : Mapped to com.starter.springboot.controller.AuthenticationController#refreshToken(RefreshTokenRequestDTO)
2025-11-20T15:41:42.706+05:30 DEBUG 33892 --- [Starter Project] [           main] m.m.a.RequestResponseBodyMethodProcessor : Read "application/json" to [RefreshTokenRequestDTO[refreshToken=expired-refresh-token]]
2025-11-20T15:41:42.711+05:30  WARN 33892 --- [Starter Project] [           main] c.s.s.c.AuthenticationController         : Token refresh failed: Invalid refresh token
2025-11-20T15:41:42.712+05:30 DEBUG 33892 --- [Starter Project] [           main] o.s.w.s.m.m.a.HttpEntityMethodProcessor  : Using 'application/json', given [*/*] and supported [application/json, application/*+json]
2025-11-20T15:41:42.713+05:30 DEBUG 33892 --- [Starter Project] [           main] o.s.w.s.m.m.a.HttpEntityMethodProcessor  : Writing [AuthResponseDTO[username=null, status=FAILED, message=Invalid refresh token, otpRequired=false, toke (truncated)...]
2025-11-20T15:41:42.722+05:30 DEBUG 33892 --- [Starter Project] [           main] s.w.s.m.m.a.RequestMappingHandlerMapping : 3 mappings in org.springframework.web.servlet.mvc.method.annotation.RequestMappingHandlerMapping
2025-11-20T15:41:42.723+05:30 DEBUG 33892 --- [Starter Project] [           main] s.w.s.m.m.a.RequestMappingHandlerAdapter : ControllerAdvice beans: 0 @ModelAttribute, 0 @InitBinder, 1 RequestBodyAdvice, 1 ResponseBodyAdvice
2025-11-20T15:41:42.724+05:30  INFO 33892 --- [Starter Project] [           main] o.s.mock.web.MockServletContext          : Initializing Spring TestDispatcherServlet ''
2025-11-20T15:41:42.724+05:30  INFO 33892 --- [Starter Project] [           main] o.s.t.web.servlet.TestDispatcherServlet  : Initializing Servlet ''
2025-11-20T15:41:42.724+05:30  INFO 33892 --- [Starter Project] [           main] o.s.t.web.servlet.TestDispatcherServlet  : Completed initialization in 0 ms
2025-11-20T15:41:42.728+05:30 DEBUG 33892 --- [Starter Project] [           main] s.w.s.m.m.a.RequestMappingHandlerMapping : Mapped to com.starter.springboot.controller.AuthenticationController#authorize(LoginDTO)
2025-11-20T15:41:42.730+05:30 DEBUG 33892 --- [Starter Project] [           main] m.m.a.RequestResponseBodyMethodProcessor : Read "application/json" to [com.starter.springboot.dto.LoginDTO@11f4ffb]
2025-11-20T15:41:42.732+05:30  INFO 33892 --- [Starter Project] [           main] c.s.s.c.AuthenticationController         : Authentication attempt for user: diona.smith
2025-11-20T15:41:42.733+05:30  WARN 33892 --- [Starter Project] [           main] c.s.s.c.AuthenticationController         : Authentication failed for user: diona.smith: Account locked
2025-11-20T15:41:42.734+05:30 DEBUG 33892 --- [Starter Project] [           main] o.s.w.s.m.m.a.HttpEntityMethodProcessor  : Using 'application/json', given [*/*] and supported [application/json, application/*+json]
2025-11-20T15:41:42.734+05:30 DEBUG 33892 --- [Starter Project] [           main] o.s.w.s.m.m.a.HttpEntityMethodProcessor  : Writing [AuthResponseDTO[username=diona.smith, status=FAILED, message=Account locked, otpRequired=false, toke (truncated)...]
2025-11-20T15:41:42.747+05:30 DEBUG 33892 --- [Starter Project] [           main] s.w.s.m.m.a.RequestMappingHandlerMapping : 3 mappings in org.springframework.web.servlet.mvc.method.annotation.RequestMappingHandlerMapping
2025-11-20T15:41:42.749+05:30 DEBUG 33892 --- [Starter Project] [           main] s.w.s.m.m.a.RequestMappingHandlerAdapter : ControllerAdvice beans: 0 @ModelAttribute, 0 @InitBinder, 1 RequestBodyAdvice, 1 ResponseBodyAdvice
2025-11-20T15:41:42.749+05:30  INFO 33892 --- [Starter Project] [           main] o.s.mock.web.MockServletContext          : Initializing Spring TestDispatcherServlet ''
2025-11-20T15:41:42.749+05:30  INFO 33892 --- [Starter Project] [           main] o.s.t.web.servlet.TestDispatcherServlet  : Initializing Servlet ''
2025-11-20T15:41:42.749+05:30  INFO 33892 --- [Starter Project] [           main] o.s.t.web.servlet.TestDispatcherServlet  : Completed initialization in 0 ms
2025-11-20T15:41:42.751+05:30 DEBUG 33892 --- [Starter Project] [           main] s.w.s.m.m.a.RequestMappingHandlerMapping : Mapped to com.starter.springboot.controller.AuthenticationController#authorize(LoginDTO)
2025-11-20T15:41:42.752+05:30 DEBUG 33892 --- [Starter Project] [           main] m.m.a.RequestResponseBodyMethodProcessor : Read "application/json" to [com.starter.springboot.dto.LoginDTO@6fcd6a7e]
2025-11-20T15:41:42.756+05:30  INFO 33892 --- [Starter Project] [           main] c.s.s.c.AuthenticationController         : Authentication attempt for user: diona.smith
2025-11-20T15:41:42.756+05:30  WARN 33892 --- [Starter Project] [           main] c.s.s.c.AuthenticationController         : Authentication failed for user: diona.smith due to bad credentials
2025-11-20T15:41:42.758+05:30 DEBUG 33892 --- [Starter Project] [           main] o.s.w.s.m.m.a.HttpEntityMethodProcessor  : Using 'application/json', given [*/*] and supported [application/json, application/*+json]
2025-11-20T15:41:42.758+05:30 DEBUG 33892 --- [Starter Project] [           main] o.s.w.s.m.m.a.HttpEntityMethodProcessor  : Writing [AuthResponseDTO[username=diona.smith, status=FAILED, message=Invalid credentials, otpRequired=false, (truncated)...]
2025-11-20T15:41:42.768+05:30 DEBUG 33892 --- [Starter Project] [           main] s.w.s.m.m.a.RequestMappingHandlerMapping : 3 mappings in org.springframework.web.servlet.mvc.method.annotation.RequestMappingHandlerMapping
2025-11-20T15:41:42.769+05:30 DEBUG 33892 --- [Starter Project] [           main] s.w.s.m.m.a.RequestMappingHandlerAdapter : ControllerAdvice beans: 0 @ModelAttribute, 0 @InitBinder, 1 RequestBodyAdvice, 1 ResponseBodyAdvice
2025-11-20T15:41:42.770+05:30  INFO 33892 --- [Starter Project] [           main] o.s.mock.web.MockServletContext          : Initializing Spring TestDispatcherServlet ''
2025-11-20T15:41:42.770+05:30  INFO 33892 --- [Starter Project] [           main] o.s.t.web.servlet.TestDispatcherServlet  : Initializing Servlet ''
2025-11-20T15:41:42.770+05:30  INFO 33892 --- [Starter Project] [           main] o.s.t.web.servlet.TestDispatcherServlet  : Completed initialization in 0 ms
2025-11-20T15:41:42.775+05:30 DEBUG 33892 --- [Starter Project] [           main] s.w.s.m.m.a.RequestMappingHandlerMapping : Mapped to com.starter.springboot.controller.AuthenticationController#refreshToken(RefreshTokenRequestDTO)
2025-11-20T15:41:42.777+05:30 DEBUG 33892 --- [Starter Project] [           main] m.m.a.RequestResponseBodyMethodProcessor : Read "application/json" to [RefreshTokenRequestDTO[refreshToken=old-refresh-token-value]]
2025-11-20T15:41:42.781+05:30  INFO 33892 --- [Starter Project] [           main] c.s.s.c.AuthenticationController         : Token refreshed successfully for user: testuser
2025-11-20T15:41:42.783+05:30 DEBUG 33892 --- [Starter Project] [           main] o.s.w.s.m.m.a.HttpEntityMethodProcessor  : Using 'application/json', given [*/*] and supported [application/json, application/*+json]
2025-11-20T15:41:42.784+05:30 DEBUG 33892 --- [Starter Project] [           main] o.s.w.s.m.m.a.HttpEntityMethodProcessor  : Writing [AuthResponseDTO[username=testuser, status=SUCCESS, message=Authentication successful, otpRequired=fa (truncated)...]
2025-11-20T15:41:42.796+05:30 DEBUG 33892 --- [Starter Project] [           main] s.w.s.m.m.a.RequestMappingHandlerMapping : 3 mappings in org.springframework.web.servlet.mvc.method.annotation.RequestMappingHandlerMapping
2025-11-20T15:41:42.798+05:30 DEBUG 33892 --- [Starter Project] [           main] s.w.s.m.m.a.RequestMappingHandlerAdapter : ControllerAdvice beans: 0 @ModelAttribute, 0 @InitBinder, 1 RequestBodyAdvice, 1 ResponseBodyAdvice
2025-11-20T15:41:42.799+05:30  INFO 33892 --- [Starter Project] [           main] o.s.mock.web.MockServletContext          : Initializing Spring TestDispatcherServlet ''
2025-11-20T15:41:42.799+05:30  INFO 33892 --- [Starter Project] [           main] o.s.t.web.servlet.TestDispatcherServlet  : Initializing Servlet ''
2025-11-20T15:41:42.799+05:30  INFO 33892 --- [Starter Project] [           main] o.s.t.web.servlet.TestDispatcherServlet  : Completed initialization in 0 ms
2025-11-20T15:41:42.802+05:30 DEBUG 33892 --- [Starter Project] [           main] s.w.s.m.m.a.RequestMappingHandlerMapping : Mapped to com.starter.springboot.controller.AuthenticationController#authorize(LoginDTO)
2025-11-20T15:41:42.803+05:30 DEBUG 33892 --- [Starter Project] [           main] m.m.a.RequestResponseBodyMethodProcessor : Read "application/json" to [com.starter.springboot.dto.LoginDTO@1105a7e0]
2025-11-20T15:41:42.807+05:30  INFO 33892 --- [Starter Project] [           main] c.s.s.c.AuthenticationController         : Authentication attempt for user: diona.smith
2025-11-20T15:41:42.808+05:30  INFO 33892 --- [Starter Project] [           main] c.s.s.c.AuthenticationController         : Authentication completed for user: diona.smith
2025-11-20T15:41:42.811+05:30 DEBUG 33892 --- [Starter Project] [           main] o.s.w.s.m.m.a.HttpEntityMethodProcessor  : Using 'application/json', given [*/*] and supported [application/json, application/*+json]
2025-11-20T15:41:42.812+05:30 DEBUG 33892 --- [Starter Project] [           main] o.s.w.s.m.m.a.HttpEntityMethodProcessor  : Writing [AuthResponseDTO[username=diona.smith, status=OTP_PENDING, message=OTP required for authentication, o (truncated)...]
2025-11-20T15:41:42.825+05:30 DEBUG 33892 --- [Starter Project] [           main] s.w.s.m.m.a.RequestMappingHandlerMapping : 3 mappings in org.springframework.web.servlet.mvc.method.annotation.RequestMappingHandlerMapping
2025-11-20T15:41:42.828+05:30 DEBUG 33892 --- [Starter Project] [           main] s.w.s.m.m.a.RequestMappingHandlerAdapter : ControllerAdvice beans: 0 @ModelAttribute, 0 @InitBinder, 1 RequestBodyAdvice, 1 ResponseBodyAdvice
2025-11-20T15:41:42.828+05:30  INFO 33892 --- [Starter Project] [           main] o.s.mock.web.MockServletContext          : Initializing Spring TestDispatcherServlet ''
2025-11-20T15:41:42.828+05:30  INFO 33892 --- [Starter Project] [           main] o.s.t.web.servlet.TestDispatcherServlet  : Initializing Servlet ''
2025-11-20T15:41:42.828+05:30  INFO 33892 --- [Starter Project] [           main] o.s.t.web.servlet.TestDispatcherServlet  : Completed initialization in 0 ms
2025-11-20T15:41:42.830+05:30 DEBUG 33892 --- [Starter Project] [           main] s.w.s.m.m.a.RequestMappingHandlerMapping : Mapped to com.starter.springboot.controller.AuthenticationController#refreshToken(RefreshTokenRequestDTO)
2025-11-20T15:41:42.831+05:30 DEBUG 33892 --- [Starter Project] [           main] m.m.a.RequestResponseBodyMethodProcessor : Read "application/json" to [RefreshTokenRequestDTO[refreshToken=problematic-token]]
2025-11-20T15:41:42.834+05:30  WARN 33892 --- [Starter Project] [           main] c.s.s.c.AuthenticationController         : Token refresh failed: Database error
2025-11-20T15:41:42.835+05:30 DEBUG 33892 --- [Starter Project] [           main] o.s.w.s.m.m.a.HttpEntityMethodProcessor  : Using 'application/json', given [*/*] and supported [application/json, application/*+json]
2025-11-20T15:41:42.836+05:30 DEBUG 33892 --- [Starter Project] [           main] o.s.w.s.m.m.a.HttpEntityMethodProcessor  : Writing [AuthResponseDTO[username=null, status=FAILED, message=Invalid refresh token, otpRequired=false, toke (truncated)...]
2025-11-20T15:41:42.845+05:30 DEBUG 33892 --- [Starter Project] [           main] s.w.s.m.m.a.RequestMappingHandlerMapping : 3 mappings in org.springframework.web.servlet.mvc.method.annotation.RequestMappingHandlerMapping
2025-11-20T15:41:42.846+05:30 DEBUG 33892 --- [Starter Project] [           main] s.w.s.m.m.a.RequestMappingHandlerAdapter : ControllerAdvice beans: 0 @ModelAttribute, 0 @InitBinder, 1 RequestBodyAdvice, 1 ResponseBodyAdvice
2025-11-20T15:41:42.847+05:30  INFO 33892 --- [Starter Project] [           main] o.s.mock.web.MockServletContext          : Initializing Spring TestDispatcherServlet ''
2025-11-20T15:41:42.847+05:30  INFO 33892 --- [Starter Project] [           main] o.s.t.web.servlet.TestDispatcherServlet  : Initializing Servlet ''
2025-11-20T15:41:42.847+05:30  INFO 33892 --- [Starter Project] [           main] o.s.t.web.servlet.TestDispatcherServlet  : Completed initialization in 0 ms
2025-11-20T15:41:42.848+05:30 DEBUG 33892 --- [Starter Project] [           main] s.w.s.m.m.a.RequestMappingHandlerMapping : Mapped to com.starter.springboot.controller.AuthenticationController#verifyOtp(VerifyTokenRequestDTO)
2025-11-20T15:41:42.850+05:30 DEBUG 33892 --- [Starter Project] [           main] m.m.a.RequestResponseBodyMethodProcessor : Read "application/json" to [com.starter.springboot.dto.VerifyTokenRequestDTO@43885360]
2025-11-20T15:41:42.853+05:30  INFO 33892 --- [Starter Project] [           main] c.s.s.c.AuthenticationController         : OTP verified successfully for user: diona.smith
2025-11-20T15:41:42.855+05:30 DEBUG 33892 --- [Starter Project] [           main] o.s.w.s.m.m.a.HttpEntityMethodProcessor  : Using 'application/json', given [*/*] and supported [application/json, application/*+json]
2025-11-20T15:41:42.855+05:30 DEBUG 33892 --- [Starter Project] [           main] o.s.w.s.m.m.a.HttpEntityMethodProcessor  : Writing [AuthResponseDTO[username=diona.smith, status=SUCCESS, message=Authentication successful, otpRequired (truncated)...]
2025-11-20T15:41:42.868+05:30 DEBUG 33892 --- [Starter Project] [           main] s.w.s.m.m.a.RequestMappingHandlerMapping : 3 mappings in org.springframework.web.servlet.mvc.method.annotation.RequestMappingHandlerMapping
2025-11-20T15:41:42.872+05:30 DEBUG 33892 --- [Starter Project] [           main] s.w.s.m.m.a.RequestMappingHandlerAdapter : ControllerAdvice beans: 0 @ModelAttribute, 0 @InitBinder, 1 RequestBodyAdvice, 1 ResponseBodyAdvice
2025-11-20T15:41:42.873+05:30  INFO 33892 --- [Starter Project] [           main] o.s.mock.web.MockServletContext          : Initializing Spring TestDispatcherServlet ''
2025-11-20T15:41:42.873+05:30  INFO 33892 --- [Starter Project] [           main] o.s.t.web.servlet.TestDispatcherServlet  : Initializing Servlet ''
2025-11-20T15:41:42.873+05:30  INFO 33892 --- [Starter Project] [           main] o.s.t.web.servlet.TestDispatcherServlet  : Completed initialization in 0 ms
2025-11-20T15:41:42.874+05:30 DEBUG 33892 --- [Starter Project] [           main] s.w.s.m.m.a.RequestMappingHandlerMapping : Mapped to com.starter.springboot.controller.AuthenticationController#refreshToken(RefreshTokenRequestDTO)
2025-11-20T15:41:42.876+05:30 DEBUG 33892 --- [Starter Project] [           main] m.m.a.RequestResponseBodyMethodProcessor : Read "application/json" to [RefreshTokenRequestDTO[refreshToken=null]]
2025-11-20T15:41:42.882+05:30  WARN 33892 --- [Starter Project] [           main] .w.s.m.s.DefaultHandlerExceptionResolver : Resolved [org.springframework.web.bind.MethodArgumentNotValidException: Validation failed for argument [0] in public org.springframework.http.ResponseEntity<com.starter.springboot.dto.AuthResponseDTO> com.starter.springboot.controller.AuthenticationController.refreshToken(com.starter.springboot.dto.RefreshTokenRequestDTO): [Field error in object 'refreshTokenRequestDTO' on field 'refreshToken': rejected value [null]; codes [NotBlank.refreshTokenRequestDTO.refreshToken,NotBlank.refreshToken,NotBlank.java.lang.String,NotBlank]; arguments [org.springframework.context.support.DefaultMessageSourceResolvable: codes [refreshTokenRequestDTO.refreshToken,refreshToken]; arguments []; default message [refreshToken]]; default message [Refresh token is required]] ]
2025-11-20T15:41:42.889+05:30 DEBUG 33892 --- [Starter Project] [           main] s.w.s.m.m.a.RequestMappingHandlerMapping : 3 mappings in org.springframework.web.servlet.mvc.method.annotation.RequestMappingHandlerMapping
2025-11-20T15:41:42.891+05:30 DEBUG 33892 --- [Starter Project] [           main] s.w.s.m.m.a.RequestMappingHandlerAdapter : ControllerAdvice beans: 0 @ModelAttribute, 0 @InitBinder, 1 RequestBodyAdvice, 1 ResponseBodyAdvice
2025-11-20T15:41:42.891+05:30  INFO 33892 --- [Starter Project] [           main] o.s.mock.web.MockServletContext          : Initializing Spring TestDispatcherServlet ''
2025-11-20T15:41:42.891+05:30  INFO 33892 --- [Starter Project] [           main] o.s.t.web.servlet.TestDispatcherServlet  : Initializing Servlet ''
2025-11-20T15:41:42.892+05:30  INFO 33892 --- [Starter Project] [           main] o.s.t.web.servlet.TestDispatcherServlet  : Completed initialization in 1 ms
2025-11-20T15:41:42.894+05:30 DEBUG 33892 --- [Starter Project] [           main] s.w.s.m.m.a.RequestMappingHandlerMapping : Mapped to com.starter.springboot.controller.AuthenticationController#authorize(LoginDTO)
2025-11-20T15:41:42.896+05:30 DEBUG 33892 --- [Starter Project] [           main] m.m.a.RequestResponseBodyMethodProcessor : Read "application/json" to [com.starter.springboot.dto.LoginDTO@2fa9b863]
2025-11-20T15:41:42.899+05:30  INFO 33892 --- [Starter Project] [           main] c.s.s.c.AuthenticationController         : Authentication attempt for user: diona.smith
2025-11-20T15:41:42.900+05:30  INFO 33892 --- [Starter Project] [           main] c.s.s.c.AuthenticationController         : Authentication completed for user: diona.smith
2025-11-20T15:41:42.901+05:30 DEBUG 33892 --- [Starter Project] [           main] o.s.w.s.m.m.a.HttpEntityMethodProcessor  : Using 'application/json', given [*/*] and supported [application/json, application/*+json]
2025-11-20T15:41:42.902+05:30 DEBUG 33892 --- [Starter Project] [           main] o.s.w.s.m.m.a.HttpEntityMethodProcessor  : Writing [AuthResponseDTO[username=diona.smith, status=SUCCESS, message=null, otpRequired=false, token=com.sta (truncated)...]
2025-11-20T15:41:42.913+05:30 DEBUG 33892 --- [Starter Project] [           main] s.w.s.m.m.a.RequestMappingHandlerMapping : 3 mappings in org.springframework.web.servlet.mvc.method.annotation.RequestMappingHandlerMapping
2025-11-20T15:41:42.915+05:30 DEBUG 33892 --- [Starter Project] [           main] s.w.s.m.m.a.RequestMappingHandlerAdapter : ControllerAdvice beans: 0 @ModelAttribute, 0 @InitBinder, 1 RequestBodyAdvice, 1 ResponseBodyAdvice
2025-11-20T15:41:42.916+05:30  INFO 33892 --- [Starter Project] [           main] o.s.mock.web.MockServletContext          : Initializing Spring TestDispatcherServlet ''
2025-11-20T15:41:42.916+05:30  INFO 33892 --- [Starter Project] [           main] o.s.t.web.servlet.TestDispatcherServlet  : Initializing Servlet ''
2025-11-20T15:41:42.916+05:30  INFO 33892 --- [Starter Project] [           main] o.s.t.web.servlet.TestDispatcherServlet  : Completed initialization in 0 ms
2025-11-20T15:41:42.919+05:30 DEBUG 33892 --- [Starter Project] [           main] s.w.s.m.m.a.RequestMappingHandlerMapping : Mapped to com.starter.springboot.controller.AuthenticationController#refreshToken(RefreshTokenRequestDTO)
2025-11-20T15:41:42.920+05:30 DEBUG 33892 --- [Starter Project] [           main] m.m.a.RequestResponseBodyMethodProcessor : Read "application/json" to [RefreshTokenRequestDTO[refreshToken=old-refresh-token-value]]
2025-11-20T15:41:42.922+05:30  INFO 33892 --- [Starter Project] [           main] c.s.s.c.AuthenticationController         : Token refreshed successfully for user: diona.smith
2025-11-20T15:41:42.924+05:30 DEBUG 33892 --- [Starter Project] [           main] o.s.w.s.m.m.a.HttpEntityMethodProcessor  : Using 'application/json', given [*/*] and supported [application/json, application/*+json]
2025-11-20T15:41:42.924+05:30 DEBUG 33892 --- [Starter Project] [           main] o.s.w.s.m.m.a.HttpEntityMethodProcessor  : Writing [AuthResponseDTO[username=diona.smith, status=SUCCESS, message=Authentication successful, otpRequired (truncated)...]
2025-11-20T15:41:42.937+05:30 DEBUG 33892 --- [Starter Project] [           main] s.w.s.m.m.a.RequestMappingHandlerMapping : 3 mappings in org.springframework.web.servlet.mvc.method.annotation.RequestMappingHandlerMapping
2025-11-20T15:41:42.940+05:30 DEBUG 33892 --- [Starter Project] [           main] s.w.s.m.m.a.RequestMappingHandlerAdapter : ControllerAdvice beans: 0 @ModelAttribute, 0 @InitBinder, 1 RequestBodyAdvice, 1 ResponseBodyAdvice
2025-11-20T15:41:42.940+05:30  INFO 33892 --- [Starter Project] [           main] o.s.mock.web.MockServletContext          : Initializing Spring TestDispatcherServlet ''
2025-11-20T15:41:42.940+05:30  INFO 33892 --- [Starter Project] [           main] o.s.t.web.servlet.TestDispatcherServlet  : Initializing Servlet ''
2025-11-20T15:41:42.940+05:30  INFO 33892 --- [Starter Project] [           main] o.s.t.web.servlet.TestDispatcherServlet  : Completed initialization in 0 ms
2025-11-20T15:41:42.942+05:30 DEBUG 33892 --- [Starter Project] [           main] s.w.s.m.m.a.RequestMappingHandlerMapping : Mapped to com.starter.springboot.controller.AuthenticationController#authorize(LoginDTO)
2025-11-20T15:41:42.944+05:30 DEBUG 33892 --- [Starter Project] [           main] m.m.a.RequestResponseBodyMethodProcessor : Read "application/json" to [com.starter.springboot.dto.LoginDTO@182c3b79]
2025-11-20T15:41:42.946+05:30  INFO 33892 --- [Starter Project] [           main] c.s.s.c.AuthenticationController         : Authentication attempt for user: diona.smith
2025-11-20T15:41:42.947+05:30  INFO 33892 --- [Starter Project] [           main] c.s.s.c.AuthenticationController         : OTP required for user: diona.smith
2025-11-20T15:41:42.955+05:30 DEBUG 33892 --- [Starter Project] [           main] s.w.s.m.m.a.RequestMappingHandlerMapping : 3 mappings in org.springframework.web.servlet.mvc.method.annotation.RequestMappingHandlerMapping
2025-11-20T15:41:42.956+05:30 DEBUG 33892 --- [Starter Project] [           main] s.w.s.m.m.a.RequestMappingHandlerAdapter : ControllerAdvice beans: 0 @ModelAttribute, 0 @InitBinder, 1 RequestBodyAdvice, 1 ResponseBodyAdvice
2025-11-20T15:41:42.957+05:30  INFO 33892 --- [Starter Project] [           main] o.s.mock.web.MockServletContext          : Initializing Spring TestDispatcherServlet ''
2025-11-20T15:41:42.957+05:30  INFO 33892 --- [Starter Project] [           main] o.s.t.web.servlet.TestDispatcherServlet  : Initializing Servlet ''
2025-11-20T15:41:42.958+05:30  INFO 33892 --- [Starter Project] [           main] o.s.t.web.servlet.TestDispatcherServlet  : Completed initialization in 1 ms
2025-11-20T15:41:42.960+05:30 DEBUG 33892 --- [Starter Project] [           main] s.w.s.m.m.a.RequestMappingHandlerMapping : Mapped to com.starter.springboot.controller.AuthenticationController#refreshToken(RefreshTokenRequestDTO)
2025-11-20T15:41:42.962+05:30 DEBUG 33892 --- [Starter Project] [           main] m.m.a.RequestResponseBodyMethodProcessor : Read "application/json" to [RefreshTokenRequestDTO[refreshToken=invalid-refresh-token]]
2025-11-20T15:41:42.964+05:30  WARN 33892 --- [Starter Project] [           main] c.s.s.c.AuthenticationController         : Token refresh failed: Invalid refresh token
2025-11-20T15:41:42.965+05:30 DEBUG 33892 --- [Starter Project] [           main] o.s.w.s.m.m.a.HttpEntityMethodProcessor  : Using 'application/json', given [*/*] and supported [application/json, application/*+json]
2025-11-20T15:41:42.966+05:30 DEBUG 33892 --- [Starter Project] [           main] o.s.w.s.m.m.a.HttpEntityMethodProcessor  : Writing [AuthResponseDTO[username=null, status=FAILED, message=Invalid refresh token, otpRequired=false, toke (truncated)...]
2025-11-20T15:41:42.976+05:30 DEBUG 33892 --- [Starter Project] [           main] s.w.s.m.m.a.RequestMappingHandlerMapping : 3 mappings in org.springframework.web.servlet.mvc.method.annotation.RequestMappingHandlerMapping
2025-11-20T15:41:42.978+05:30 DEBUG 33892 --- [Starter Project] [           main] s.w.s.m.m.a.RequestMappingHandlerAdapter : ControllerAdvice beans: 0 @ModelAttribute, 0 @InitBinder, 1 RequestBodyAdvice, 1 ResponseBodyAdvice
2025-11-20T15:41:42.979+05:30  INFO 33892 --- [Starter Project] [           main] o.s.mock.web.MockServletContext          : Initializing Spring TestDispatcherServlet ''
2025-11-20T15:41:42.979+05:30  INFO 33892 --- [Starter Project] [           main] o.s.t.web.servlet.TestDispatcherServlet  : Initializing Servlet ''
2025-11-20T15:41:42.979+05:30  INFO 33892 --- [Starter Project] [           main] o.s.t.web.servlet.TestDispatcherServlet  : Completed initialization in 0 ms
2025-11-20T15:41:42.981+05:30 DEBUG 33892 --- [Starter Project] [           main] s.w.s.m.m.a.RequestMappingHandlerMapping : Mapped to com.starter.springboot.controller.AuthenticationController#authorize(LoginDTO)
2025-11-20T15:41:42.983+05:30 DEBUG 33892 --- [Starter Project] [           main] m.m.a.RequestResponseBodyMethodProcessor : Read "application/json" to [com.starter.springboot.dto.LoginDTO@59412c]
2025-11-20T15:41:42.986+05:30  INFO 33892 --- [Starter Project] [           main] c.s.s.c.AuthenticationController         : Authentication attempt for user: diona.smith
2025-11-20T15:41:42.987+05:30  INFO 33892 --- [Starter Project] [           main] c.s.s.c.AuthenticationController         : Authentication completed for user: diona.smith
2025-11-20T15:41:42.988+05:30 DEBUG 33892 --- [Starter Project] [           main] o.s.w.s.m.m.a.HttpEntityMethodProcessor  : Using 'application/json', given [*/*] and supported [application/json, application/*+json]
2025-11-20T15:41:42.988+05:30 DEBUG 33892 --- [Starter Project] [           main] o.s.w.s.m.m.a.HttpEntityMethodProcessor  : Writing [AuthResponseDTO[username=diona.smith, status=SUCCESS, message=null, otpRequired=false, token=com.sta (truncated)...]
2025-11-20T15:41:42.999+05:30 DEBUG 33892 --- [Starter Project] [           main] s.w.s.m.m.a.RequestMappingHandlerMapping : 3 mappings in org.springframework.web.servlet.mvc.method.annotation.RequestMappingHandlerMapping
2025-11-20T15:41:43.001+05:30 DEBUG 33892 --- [Starter Project] [           main] s.w.s.m.m.a.RequestMappingHandlerAdapter : ControllerAdvice beans: 0 @ModelAttribute, 0 @InitBinder, 1 RequestBodyAdvice, 1 ResponseBodyAdvice
2025-11-20T15:41:43.001+05:30  INFO 33892 --- [Starter Project] [           main] o.s.mock.web.MockServletContext          : Initializing Spring TestDispatcherServlet ''
2025-11-20T15:41:43.001+05:30  INFO 33892 --- [Starter Project] [           main] o.s.t.web.servlet.TestDispatcherServlet  : Initializing Servlet ''
2025-11-20T15:41:43.001+05:30  INFO 33892 --- [Starter Project] [           main] o.s.t.web.servlet.TestDispatcherServlet  : Completed initialization in 0 ms
2025-11-20T15:41:43.003+05:30 DEBUG 33892 --- [Starter Project] [           main] s.w.s.m.m.a.RequestMappingHandlerMapping : Mapped to com.starter.springboot.controller.AuthenticationController#refreshToken(RefreshTokenRequestDTO)
2025-11-20T15:41:43.004+05:30 DEBUG 33892 --- [Starter Project] [           main] m.m.a.RequestResponseBodyMethodProcessor : Read "application/json" to [RefreshTokenRequestDTO[refreshToken=valid-refresh-token]]
2025-11-20T15:41:43.008+05:30  WARN 33892 --- [Starter Project] [           main] c.s.s.c.AuthenticationController         : Token refresh failed: User not found
2025-11-20T15:41:43.009+05:30 DEBUG 33892 --- [Starter Project] [           main] o.s.w.s.m.m.a.HttpEntityMethodProcessor  : Using 'application/json', given [*/*] and supported [application/json, application/*+json]
2025-11-20T15:41:43.009+05:30 DEBUG 33892 --- [Starter Project] [           main] o.s.w.s.m.m.a.HttpEntityMethodProcessor  : Writing [AuthResponseDTO[username=null, status=FAILED, message=Invalid refresh token, otpRequired=false, toke (truncated)...]
[INFO] Tests run: 15, Failures: 0, Errors: 0, Skipped: 0, Time elapsed: 0.676 s -- in com.starter.springboot.controller.AuthenticationControllerTest
[INFO] Running com.starter.springboot.controller.PublicUserResourceTest
2025-11-20T15:41:43.087+05:30 DEBUG 33892 --- [Starter Project] [           main] s.w.s.m.m.a.RequestMappingHandlerMapping : 3 mappings in org.springframework.web.servlet.mvc.method.annotation.RequestMappingHandlerMapping
2025-11-20T15:41:43.089+05:30 DEBUG 33892 --- [Starter Project] [           main] s.w.s.m.m.a.RequestMappingHandlerAdapter : ControllerAdvice beans: 0 @ModelAttribute, 0 @InitBinder, 1 RequestBodyAdvice, 1 ResponseBodyAdvice
2025-11-20T15:41:43.089+05:30  INFO 33892 --- [Starter Project] [           main] o.s.mock.web.MockServletContext          : Initializing Spring TestDispatcherServlet ''
2025-11-20T15:41:43.089+05:30  INFO 33892 --- [Starter Project] [           main] o.s.t.web.servlet.TestDispatcherServlet  : Initializing Servlet ''
2025-11-20T15:41:43.090+05:30  INFO 33892 --- [Starter Project] [           main] o.s.t.web.servlet.TestDispatcherServlet  : Completed initialization in 0 ms
2025-11-20T15:41:43.094+05:30 DEBUG 33892 --- [Starter Project] [           main] s.w.s.m.m.a.RequestMappingHandlerMapping : Mapped to com.starter.springboot.controller.PublicUserResource#createUser(UserRequestDTO)
2025-11-20T15:41:43.100+05:30 DEBUG 33892 --- [Starter Project] [           main] m.m.a.RequestResponseBodyMethodProcessor : Read "application/json" to [com.starter.springboot.dto.UserRequestDTO@3d4cae3f]
2025-11-20T15:41:43.125+05:30 DEBUG 33892 --- [Starter Project] [           main] s.w.s.m.m.a.RequestMappingHandlerMapping : 3 mappings in org.springframework.web.servlet.mvc.method.annotation.RequestMappingHandlerMapping
2025-11-20T15:41:43.127+05:30 DEBUG 33892 --- [Starter Project] [           main] s.w.s.m.m.a.RequestMappingHandlerAdapter : ControllerAdvice beans: 0 @ModelAttribute, 0 @InitBinder, 1 RequestBodyAdvice, 1 ResponseBodyAdvice
2025-11-20T15:41:43.129+05:30  INFO 33892 --- [Starter Project] [           main] o.s.mock.web.MockServletContext          : Initializing Spring TestDispatcherServlet ''
2025-11-20T15:41:43.129+05:30  INFO 33892 --- [Starter Project] [           main] o.s.t.web.servlet.TestDispatcherServlet  : Initializing Servlet ''
2025-11-20T15:41:43.129+05:30  INFO 33892 --- [Starter Project] [           main] o.s.t.web.servlet.TestDispatcherServlet  : Completed initialization in 0 ms
2025-11-20T15:41:43.130+05:30 DEBUG 33892 --- [Starter Project] [           main] s.w.s.m.m.a.RequestMappingHandlerMapping : Mapped to com.starter.springboot.controller.PublicUserResource#changePasswordPublic(Map)
2025-11-20T15:41:43.131+05:30 DEBUG 33892 --- [Starter Project] [           main] m.m.a.RequestResponseBodyMethodProcessor : Read "application/json" to [{newPassword=NewSecurePass456, username=Diona.smith, currentPassword=CurrentSecurePass123}]
2025-11-20T15:41:43.132+05:30 DEBUG 33892 --- [Starter Project] [           main] o.s.w.s.m.m.a.HttpEntityMethodProcessor  : Using 'application/json', given [*/*] and supported [application/json, application/*+json]
2025-11-20T15:41:43.133+05:30 DEBUG 33892 --- [Starter Project] [           main] o.s.w.s.m.m.a.HttpEntityMethodProcessor  : Writing [UserResponseDTO[id=1, username=Diona.smith, firstName=Diona, lastName=Smith, email=Diona.smith@examp (truncated)...]
2025-11-20T15:41:43.143+05:30 DEBUG 33892 --- [Starter Project] [           main] s.w.s.m.m.a.RequestMappingHandlerMapping : 3 mappings in org.springframework.web.servlet.mvc.method.annotation.RequestMappingHandlerMapping
2025-11-20T15:41:43.145+05:30 DEBUG 33892 --- [Starter Project] [           main] s.w.s.m.m.a.RequestMappingHandlerAdapter : ControllerAdvice beans: 0 @ModelAttribute, 0 @InitBinder, 1 RequestBodyAdvice, 1 ResponseBodyAdvice
2025-11-20T15:41:43.145+05:30  INFO 33892 --- [Starter Project] [           main] o.s.mock.web.MockServletContext          : Initializing Spring TestDispatcherServlet ''
2025-11-20T15:41:43.145+05:30  INFO 33892 --- [Starter Project] [           main] o.s.t.web.servlet.TestDispatcherServlet  : Initializing Servlet ''
2025-11-20T15:41:43.145+05:30  INFO 33892 --- [Starter Project] [           main] o.s.t.web.servlet.TestDispatcherServlet  : Completed initialization in 0 ms
2025-11-20T15:41:43.147+05:30 DEBUG 33892 --- [Starter Project] [           main] s.w.s.m.m.a.RequestMappingHandlerMapping : Mapped to com.starter.springboot.controller.PublicUserResource#createUser(UserRequestDTO)
2025-11-20T15:41:43.149+05:30 DEBUG 33892 --- [Starter Project] [           main] m.m.a.RequestResponseBodyMethodProcessor : Read "application/json" to [com.starter.springboot.dto.UserRequestDTO@7a234d98]
2025-11-20T15:41:43.165+05:30 DEBUG 33892 --- [Starter Project] [           main] s.w.s.m.m.a.RequestMappingHandlerMapping : 3 mappings in org.springframework.web.servlet.mvc.method.annotation.RequestMappingHandlerMapping
2025-11-20T15:41:43.167+05:30 DEBUG 33892 --- [Starter Project] [           main] s.w.s.m.m.a.RequestMappingHandlerAdapter : ControllerAdvice beans: 0 @ModelAttribute, 0 @InitBinder, 1 RequestBodyAdvice, 1 ResponseBodyAdvice
2025-11-20T15:41:43.167+05:30  INFO 33892 --- [Starter Project] [           main] o.s.mock.web.MockServletContext          : Initializing Spring TestDispatcherServlet ''
2025-11-20T15:41:43.167+05:30  INFO 33892 --- [Starter Project] [           main] o.s.t.web.servlet.TestDispatcherServlet  : Initializing Servlet ''
2025-11-20T15:41:43.167+05:30  INFO 33892 --- [Starter Project] [           main] o.s.t.web.servlet.TestDispatcherServlet  : Completed initialization in 0 ms
2025-11-20T15:41:43.169+05:30 DEBUG 33892 --- [Starter Project] [           main] s.w.s.m.m.a.RequestMappingHandlerMapping : Mapped to com.starter.springboot.controller.PublicUserResource#changePasswordPublic(Map)
2025-11-20T15:41:43.170+05:30 DEBUG 33892 --- [Starter Project] [           main] m.m.a.RequestResponseBodyMethodProcessor : Read "application/json" to [{newPassword=newPassword123, userid=1, currentPassword=password}]
2025-11-20T15:41:43.182+05:30 DEBUG 33892 --- [Starter Project] [           main] s.w.s.m.m.a.RequestMappingHandlerMapping : 3 mappings in org.springframework.web.servlet.mvc.method.annotation.RequestMappingHandlerMapping
2025-11-20T15:41:43.183+05:30 DEBUG 33892 --- [Starter Project] [           main] s.w.s.m.m.a.RequestMappingHandlerAdapter : ControllerAdvice beans: 0 @ModelAttribute, 0 @InitBinder, 1 RequestBodyAdvice, 1 ResponseBodyAdvice
2025-11-20T15:41:43.184+05:30  INFO 33892 --- [Starter Project] [           main] o.s.mock.web.MockServletContext          : Initializing Spring TestDispatcherServlet ''
2025-11-20T15:41:43.184+05:30  INFO 33892 --- [Starter Project] [           main] o.s.t.web.servlet.TestDispatcherServlet  : Initializing Servlet ''
2025-11-20T15:41:43.184+05:30  INFO 33892 --- [Starter Project] [           main] o.s.t.web.servlet.TestDispatcherServlet  : Completed initialization in 0 ms
2025-11-20T15:41:43.185+05:30 DEBUG 33892 --- [Starter Project] [           main] s.w.s.m.m.a.RequestMappingHandlerMapping : Mapped to com.starter.springboot.controller.PublicUserResource#changePasswordPublic(Map)
2025-11-20T15:41:43.186+05:30 DEBUG 33892 --- [Starter Project] [           main] m.m.a.RequestResponseBodyMethodProcessor : Read "application/json" to [{newPassword=weak, userid=1, currentPassword=password}]
2025-11-20T15:41:43.195+05:30 DEBUG 33892 --- [Starter Project] [           main] s.w.s.m.m.a.RequestMappingHandlerMapping : 3 mappings in org.springframework.web.servlet.mvc.method.annotation.RequestMappingHandlerMapping
2025-11-20T15:41:43.197+05:30 DEBUG 33892 --- [Starter Project] [           main] s.w.s.m.m.a.RequestMappingHandlerAdapter : ControllerAdvice beans: 0 @ModelAttribute, 0 @InitBinder, 1 RequestBodyAdvice, 1 ResponseBodyAdvice
2025-11-20T15:41:43.197+05:30  INFO 33892 --- [Starter Project] [           main] o.s.mock.web.MockServletContext          : Initializing Spring TestDispatcherServlet ''
2025-11-20T15:41:43.197+05:30  INFO 33892 --- [Starter Project] [           main] o.s.t.web.servlet.TestDispatcherServlet  : Initializing Servlet ''
2025-11-20T15:41:43.197+05:30  INFO 33892 --- [Starter Project] [           main] o.s.t.web.servlet.TestDispatcherServlet  : Completed initialization in 0 ms
2025-11-20T15:41:43.199+05:30 DEBUG 33892 --- [Starter Project] [           main] s.w.s.m.m.a.RequestMappingHandlerMapping : Mapped to com.starter.springboot.controller.PublicUserResource#changePasswordPublic(Map)
2025-11-20T15:41:43.200+05:30 DEBUG 33892 --- [Starter Project] [           main] m.m.a.RequestResponseBodyMethodProcessor : Read "application/json" to [{newPassword=NewSecurePass456, userid=1, currentPassword=CurrentSecurePass123}]
2025-11-20T15:41:43.202+05:30 DEBUG 33892 --- [Starter Project] [           main] o.s.w.s.m.m.a.HttpEntityMethodProcessor  : Using 'application/json', given [*/*] and supported [application/json, application/*+json]
2025-11-20T15:41:43.202+05:30 DEBUG 33892 --- [Starter Project] [           main] o.s.w.s.m.m.a.HttpEntityMethodProcessor  : Writing [UserResponseDTO[id=1, username=Diona.smith, firstName=Diona, lastName=Smith, email=Diona.smith@examp (truncated)...]
2025-11-20T15:41:43.211+05:30 DEBUG 33892 --- [Starter Project] [           main] s.w.s.m.m.a.RequestMappingHandlerMapping : 3 mappings in org.springframework.web.servlet.mvc.method.annotation.RequestMappingHandlerMapping
2025-11-20T15:41:43.213+05:30 DEBUG 33892 --- [Starter Project] [           main] s.w.s.m.m.a.RequestMappingHandlerAdapter : ControllerAdvice beans: 0 @ModelAttribute, 0 @InitBinder, 1 RequestBodyAdvice, 1 ResponseBodyAdvice
2025-11-20T15:41:43.214+05:30  INFO 33892 --- [Starter Project] [           main] o.s.mock.web.MockServletContext          : Initializing Spring TestDispatcherServlet ''
2025-11-20T15:41:43.214+05:30  INFO 33892 --- [Starter Project] [           main] o.s.t.web.servlet.TestDispatcherServlet  : Initializing Servlet ''
2025-11-20T15:41:43.214+05:30  INFO 33892 --- [Starter Project] [           main] o.s.t.web.servlet.TestDispatcherServlet  : Completed initialization in 0 ms
2025-11-20T15:41:43.216+05:30 DEBUG 33892 --- [Starter Project] [           main] s.w.s.m.m.a.RequestMappingHandlerMapping : Mapped to com.starter.springboot.controller.PublicUserResource#changePasswordPublic(Map)
2025-11-20T15:41:43.217+05:30 DEBUG 33892 --- [Starter Project] [           main] m.m.a.RequestResponseBodyMethodProcessor : Read "application/json" to [{newPassword=NewSecurePass456, userid=1, currentPassword=WrongSecurePass789}]
2025-11-20T15:41:43.225+05:30 DEBUG 33892 --- [Starter Project] [           main] s.w.s.m.m.a.RequestMappingHandlerMapping : 3 mappings in org.springframework.web.servlet.mvc.method.annotation.RequestMappingHandlerMapping
2025-11-20T15:41:43.227+05:30 DEBUG 33892 --- [Starter Project] [           main] s.w.s.m.m.a.RequestMappingHandlerAdapter : ControllerAdvice beans: 0 @ModelAttribute, 0 @InitBinder, 1 RequestBodyAdvice, 1 ResponseBodyAdvice
2025-11-20T15:41:43.228+05:30  INFO 33892 --- [Starter Project] [           main] o.s.mock.web.MockServletContext          : Initializing Spring TestDispatcherServlet ''
2025-11-20T15:41:43.228+05:30  INFO 33892 --- [Starter Project] [           main] o.s.t.web.servlet.TestDispatcherServlet  : Initializing Servlet ''
2025-11-20T15:41:43.228+05:30  INFO 33892 --- [Starter Project] [           main] o.s.t.web.servlet.TestDispatcherServlet  : Completed initialization in 0 ms
2025-11-20T15:41:43.229+05:30 DEBUG 33892 --- [Starter Project] [           main] s.w.s.m.m.a.RequestMappingHandlerMapping : Mapped to com.starter.springboot.controller.PublicUserResource#changePasswordPublic(Map)
2025-11-20T15:41:43.230+05:30 DEBUG 33892 --- [Starter Project] [           main] m.m.a.RequestResponseBodyMethodProcessor : Read "application/json" to [{newPassword=NewSecurePass456, userid=invalid-id, currentPassword=CurrentSecurePass123}]
2025-11-20T15:41:43.237+05:30 DEBUG 33892 --- [Starter Project] [           main] s.w.s.m.m.a.RequestMappingHandlerMapping : 3 mappings in org.springframework.web.servlet.mvc.method.annotation.RequestMappingHandlerMapping
2025-11-20T15:41:43.239+05:30 DEBUG 33892 --- [Starter Project] [           main] s.w.s.m.m.a.RequestMappingHandlerAdapter : ControllerAdvice beans: 0 @ModelAttribute, 0 @InitBinder, 1 RequestBodyAdvice, 1 ResponseBodyAdvice
2025-11-20T15:41:43.239+05:30  INFO 33892 --- [Starter Project] [           main] o.s.mock.web.MockServletContext          : Initializing Spring TestDispatcherServlet ''
2025-11-20T15:41:43.239+05:30  INFO 33892 --- [Starter Project] [           main] o.s.t.web.servlet.TestDispatcherServlet  : Initializing Servlet ''
2025-11-20T15:41:43.240+05:30  INFO 33892 --- [Starter Project] [           main] o.s.t.web.servlet.TestDispatcherServlet  : Completed initialization in 1 ms
2025-11-20T15:41:43.241+05:30 DEBUG 33892 --- [Starter Project] [           main] s.w.s.m.m.a.RequestMappingHandlerMapping : Mapped to com.starter.springboot.controller.PublicUserResource#changePasswordPublic(Map)
2025-11-20T15:41:43.242+05:30 DEBUG 33892 --- [Starter Project] [           main] m.m.a.RequestResponseBodyMethodProcessor : Read "application/json" to [{newPassword=NewSecurePass456, currentPassword=CurrentSecurePass123}]
2025-11-20T15:41:43.251+05:30 DEBUG 33892 --- [Starter Project] [           main] s.w.s.m.m.a.RequestMappingHandlerMapping : 3 mappings in org.springframework.web.servlet.mvc.method.annotation.RequestMappingHandlerMapping
2025-11-20T15:41:43.252+05:30 DEBUG 33892 --- [Starter Project] [           main] s.w.s.m.m.a.RequestMappingHandlerAdapter : ControllerAdvice beans: 0 @ModelAttribute, 0 @InitBinder, 1 RequestBodyAdvice, 1 ResponseBodyAdvice
2025-11-20T15:41:43.252+05:30  INFO 33892 --- [Starter Project] [           main] o.s.mock.web.MockServletContext          : Initializing Spring TestDispatcherServlet ''
2025-11-20T15:41:43.252+05:30  INFO 33892 --- [Starter Project] [           main] o.s.t.web.servlet.TestDispatcherServlet  : Initializing Servlet ''
2025-11-20T15:41:43.254+05:30  INFO 33892 --- [Starter Project] [           main] o.s.t.web.servlet.TestDispatcherServlet  : Completed initialization in 2 ms
2025-11-20T15:41:43.255+05:30 DEBUG 33892 --- [Starter Project] [           main] s.w.s.m.m.a.RequestMappingHandlerMapping : Mapped to com.starter.springboot.controller.PublicUserResource#updateStatus(Long, String, Boolean)
2025-11-20T15:41:43.258+05:30 DEBUG 33892 --- [Starter Project] [           main] o.s.w.s.m.m.a.HttpEntityMethodProcessor  : Using 'application/json', given [*/*] and supported [application/json, application/*+json]
2025-11-20T15:41:43.258+05:30 DEBUG 33892 --- [Starter Project] [           main] o.s.w.s.m.m.a.HttpEntityMethodProcessor  : Writing [UserResponseDTO[id=1, username=Diona.smith, firstName=Diona, lastName=Smith, email=Diona.smith@examp (truncated)...]
2025-11-20T15:41:43.265+05:30 DEBUG 33892 --- [Starter Project] [           main] s.w.s.m.m.a.RequestMappingHandlerMapping : 3 mappings in org.springframework.web.servlet.mvc.method.annotation.RequestMappingHandlerMapping
2025-11-20T15:41:43.266+05:30 DEBUG 33892 --- [Starter Project] [           main] s.w.s.m.m.a.RequestMappingHandlerAdapter : ControllerAdvice beans: 0 @ModelAttribute, 0 @InitBinder, 1 RequestBodyAdvice, 1 ResponseBodyAdvice
2025-11-20T15:41:43.266+05:30  INFO 33892 --- [Starter Project] [           main] o.s.mock.web.MockServletContext          : Initializing Spring TestDispatcherServlet ''
2025-11-20T15:41:43.266+05:30  INFO 33892 --- [Starter Project] [           main] o.s.t.web.servlet.TestDispatcherServlet  : Initializing Servlet ''
2025-11-20T15:41:43.266+05:30  INFO 33892 --- [Starter Project] [           main] o.s.t.web.servlet.TestDispatcherServlet  : Completed initialization in 0 ms
2025-11-20T15:41:43.268+05:30 DEBUG 33892 --- [Starter Project] [           main] s.w.s.m.m.a.RequestMappingHandlerMapping : Mapped to com.starter.springboot.controller.PublicUserResource#createUser(UserRequestDTO)
2025-11-20T15:41:43.271+05:30 DEBUG 33892 --- [Starter Project] [           main] m.m.a.RequestResponseBodyMethodProcessor : Read "application/json" to [com.starter.springboot.dto.UserRequestDTO@25639962]
2025-11-20T15:41:43.276+05:30 DEBUG 33892 --- [Starter Project] [           main] o.s.w.s.m.m.a.HttpEntityMethodProcessor  : Using 'application/json', given [*/*] and supported [application/json, application/*+json]
2025-11-20T15:41:43.276+05:30 DEBUG 33892 --- [Starter Project] [           main] o.s.w.s.m.m.a.HttpEntityMethodProcessor  : Writing [UserResponseDTO[id=1, username=Diona.smith, firstName=Diona, lastName=Smith, email=Diona.smith@examp (truncated)...]
2025-11-20T15:41:43.283+05:30 DEBUG 33892 --- [Starter Project] [           main] s.w.s.m.m.a.RequestMappingHandlerMapping : 3 mappings in org.springframework.web.servlet.mvc.method.annotation.RequestMappingHandlerMapping
2025-11-20T15:41:43.286+05:30 DEBUG 33892 --- [Starter Project] [           main] s.w.s.m.m.a.RequestMappingHandlerAdapter : ControllerAdvice beans: 0 @ModelAttribute, 0 @InitBinder, 1 RequestBodyAdvice, 1 ResponseBodyAdvice
2025-11-20T15:41:43.287+05:30  INFO 33892 --- [Starter Project] [           main] o.s.mock.web.MockServletContext          : Initializing Spring TestDispatcherServlet ''
2025-11-20T15:41:43.287+05:30  INFO 33892 --- [Starter Project] [           main] o.s.t.web.servlet.TestDispatcherServlet  : Initializing Servlet ''
2025-11-20T15:41:43.287+05:30  INFO 33892 --- [Starter Project] [           main] o.s.t.web.servlet.TestDispatcherServlet  : Completed initialization in 0 ms
2025-11-20T15:41:43.288+05:30 DEBUG 33892 --- [Starter Project] [           main] s.w.s.m.m.a.RequestMappingHandlerMapping : Mapped to com.starter.springboot.controller.PublicUserResource#updateStatus(Long, String, Boolean)
2025-11-20T15:41:43.290+05:30 DEBUG 33892 --- [Starter Project] [           main] o.s.w.s.m.m.a.HttpEntityMethodProcessor  : Using 'application/json', given [*/*] and supported [application/json, application/*+json]
2025-11-20T15:41:43.290+05:30 DEBUG 33892 --- [Starter Project] [           main] o.s.w.s.m.m.a.HttpEntityMethodProcessor  : Writing [UserResponseDTO[id=1, username=testuser, firstName=John, lastName=Doe, email=john.doe@example.com, e (truncated)...]
2025-11-20T15:41:43.299+05:30 DEBUG 33892 --- [Starter Project] [           main] s.w.s.m.m.a.RequestMappingHandlerMapping : 3 mappings in org.springframework.web.servlet.mvc.method.annotation.RequestMappingHandlerMapping
2025-11-20T15:41:43.300+05:30 DEBUG 33892 --- [Starter Project] [           main] s.w.s.m.m.a.RequestMappingHandlerAdapter : ControllerAdvice beans: 0 @ModelAttribute, 0 @InitBinder, 1 RequestBodyAdvice, 1 ResponseBodyAdvice
2025-11-20T15:41:43.301+05:30  INFO 33892 --- [Starter Project] [           main] o.s.mock.web.MockServletContext          : Initializing Spring TestDispatcherServlet ''
2025-11-20T15:41:43.301+05:30  INFO 33892 --- [Starter Project] [           main] o.s.t.web.servlet.TestDispatcherServlet  : Initializing Servlet ''
2025-11-20T15:41:43.301+05:30  INFO 33892 --- [Starter Project] [           main] o.s.t.web.servlet.TestDispatcherServlet  : Completed initialization in 0 ms
2025-11-20T15:41:43.303+05:30 DEBUG 33892 --- [Starter Project] [           main] s.w.s.m.m.a.RequestMappingHandlerMapping : Mapped to com.starter.springboot.controller.PublicUserResource#changePasswordPublic(Map)
2025-11-20T15:41:43.304+05:30 DEBUG 33892 --- [Starter Project] [           main] m.m.a.RequestResponseBodyMethodProcessor : Read "application/json" to [{newPassword=newPassword123, username=nonexistent, currentPassword=password}]
[INFO] Tests run: 13, Failures: 0, Errors: 0, Skipped: 0, Time elapsed: 0.291 s -- in com.starter.springboot.controller.PublicUserResourceTest
[INFO] Running com.starter.springboot.repository.AuthorityRepositoryTest
2025-11-20T15:41:43.317+05:30 DEBUG 33892 --- [Starter Project] [           main] b.t.a.o.j.DataJpaTestContextBootstrapper : Neither @ContextConfiguration nor @ContextHierarchy found for test class [AuthorityRepositoryTest]: using SpringBootContextLoader
2025-11-20T15:41:43.318+05:30  INFO 33892 --- [Starter Project] [           main] t.c.s.AnnotationConfigContextLoaderUtils : Could not detect default configuration classes for test class [com.starter.springboot.repository.AuthorityRepositoryTest]: AuthorityRepositoryTest does not declare any static, non-private, non-final, nested classes annotated with @Configuration.
2025-11-20T15:41:43.319+05:30 DEBUG 33892 --- [Starter Project] [           main] b.t.a.o.j.DataJpaTestContextBootstrapper : Using ContextCustomizerFactory implementations for test class [AuthorityRepositoryTest]: [ImportsContextCustomizerFactory, ExcludeFilterContextCustomizerFactory, HttpGraphQlTesterContextCustomizerFactory, DuplicateJsonObjectContextCustomizerFactory, MockitoContextCustomizerFactory, TestRestTemplateContextCustomizerFactory, WebTestClientContextCustomizerFactory, OverrideAutoConfigurationContextCustomizerFactory, ObservabilityContextCustomizerFactory, TypeExcludeFiltersContextCustomizerFactory, PropertyMappingContextCustomizerFactory, WebDriverContextCustomizerFactory, MockServerContainerContextCustomizerFactory, DynamicPropertiesContextCustomizerFactory]
2025-11-20T15:41:43.338+05:30 DEBUG 33892 --- [Starter Project] [           main] b.t.a.o.j.DataJpaTestContextBootstrapper : Using ContextCustomizers for test class [AuthorityRepositoryTest]: [ImportsContextCustomizer, ExcludeFilterContextCustomizer, DuplicateJsonObjectContextCustomizer, MockitoContextCustomizer, DisableAutoConfigurationContextCustomizer, DisableObservabilityContextCustomizer, TypeExcludeFiltersContextCustomizer, PropertyMappingContextCustomizer, WebDriverContextCustomizer]
2025-11-20T15:41:43.360+05:30  INFO 33892 --- [Starter Project] [           main] .b.t.c.SpringBootTestContextBootstrapper : Found @SpringBootConfiguration com.starter.springboot.Application for test class com.starter.springboot.repository.AuthorityRepositoryTest
2025-11-20T15:41:43.361+05:30 DEBUG 33892 --- [Starter Project] [           main] b.t.a.o.j.DataJpaTestContextBootstrapper : Using TestExecutionListeners for test class [AuthorityRepositoryTest]: [ServletTestExecutionListener, DirtiesContextBeforeModesTestExecutionListener, ApplicationEventsTestExecutionListener, MockitoTestExecutionListener, DependencyInjectionTestExecutionListener, DirtiesContextTestExecutionListener, TransactionalTestExecutionListener, SqlScriptsTestExecutionListener, EventPublishingTestExecutionListener, WithSecurityContextTestExecutionListener, ReactorContextTestExecutionListener, ResetMocksTestExecutionListener, RestDocsTestExecutionListener, MockRestServiceServerResetTestExecutionListener, MockMvcPrintOnlyOnFailureTestExecutionListener, WebDriverTestExecutionListener, MockWebServiceServerTestExecutionListener]
2025-11-20T15:41:43.377+05:30 DEBUG 33892 --- [Starter Project] [           main] o.s.boot.env.OriginTrackedYamlLoader     : Loading from YAML: class path resource [application.yml]
2025-11-20T15:41:43.383+05:30 DEBUG 33892 --- [Starter Project] [           main] o.s.boot.env.OriginTrackedYamlLoader     : Merging document (no matchers set): {spring={application={name=Starter Project}, profiles={active=dev}, jpa={properties={hibernate={generate_statistics=false}}}}, logging={level={org.springframework.security.authentication.dao.DaoAuthenticationProvider=warn, org.springframework.security.authentication.ProviderManager=warn, org.springframework.web.servlet.mvc.method.annotation.ExceptionHandlerExceptionResolver=info, org.hibernate.engine.internal.StatisticalLoggingSessionEventListener=false, org.springframework.boot.autoconfigure.logging.ConditionEvaluationReportLogger=false, org.hibernate.stat=false, org.hibernate=warn}}, otp={audit-purge={enabled=true, retention-days=90}}, management={endpoints={web={exposure={include=*}}}}, info={app={name=Spring Boot OTP Authentication, description=Secure One-Time Password (OTP) authentication system with JWT tokens, version=1.0.0, java-version=17, spring-boot-version=3.2.3}, system={os=Windows, architecture=x64}, contact={name=Spring Boot OTP Team, email=frederickraghul@springboot.com}, license={name=MIT License, url=https://opensource.org/licenses/MIT}}}
2025-11-20T15:41:43.386+05:30 DEBUG 33892 --- [Starter Project] [           main] o.s.boot.env.OriginTrackedYamlLoader     : Loaded 1 document from YAML resource: class path resource [application.yml]
2025-11-20T15:41:43.396+05:30 DEBUG 33892 --- [Starter Project] [           main] o.s.boot.env.OriginTrackedYamlLoader     : Loading from YAML: class path resource [application-dev.yml]
2025-11-20T15:41:43.404+05:30 DEBUG 33892 --- [Starter Project] [           main] o.s.boot.env.OriginTrackedYamlLoader     : Merging document (no matchers set): {spring={devtools={restart={enabled=true}}, datasource={url=jdbc:mysql://localhost/otp?useUnicode=true&characterEncoding=utf8&useSSL=false&allowPublicKeyRetrieval=true&serverTimezone=UTC, name=MySQL Local Connection, username=root, password=rahulvj17, driver-class-name=com.mysql.cj.jdbc.Driver, hikari={data-source-properties={cachePrepStmts=true, prepStmtCacheSize=250, prepStmtCacheSqlLimit=2048, useServerPrepStmts=true}}}, sql={init={mode=always, continue-on-error=false, data-locations=classpath:db/init/schema.sql}}, jpa={defer-datasource-initialization=true, hibernate={ddl-auto=update}, database-platform=org.hibernate.dialect.MySQL8Dialect, database=MYSQL, show_sql=false, open-in-view=false, factory-class=org.springframework.data.envers.repository.support.EnversRevisionRepositoryFactoryBean, properties={hibernate.cache.use_second_level_cache=false, hibernate.cache.use_query_cache=false, hibernate.generate_statistics=true, hibernate.format_sql=true}}, data={redis={host=localhost, port=6379}}, mail={host=smtp.gmail.com, port=587, username=frederickraghul@gmail.com, password=hnmnayxuemamvgnl, properties={mail.smtp.auth=true, mail.smtp.starttls.enable=true}}}, otp={expiry-minutes=5, max-attempts=3, attempt-window-minutes=10, audit-purge={enabled=true, retention-days=30}}, jwt={header=Authorization, secret=c3Ryb25nLXNwcmluZy1ib290LXNlY3JldC1rZXktMTIzNDU2Nzg5MA==, expiration=300}, server={port=8080, shutdown=graceful, lifecycle={timeout-per-shutdown-phase=30s}}, management={endpoints={web={exposure={include=health,info,metrics,env,configprops,beans,mappings,threaddump,heapdump,shutdown}, base-path=/actuator}}, endpoint={health={show-details=always}, info={enabled=true}, build={enabled=false}, metrics={enabled=true}, shutdown={enabled=false}}}, info={app={name=Spring Boot OTP Authentication, description=Secure One-Time Password (OTP) authentication system with JWT tokens, version=1.0.0, java-version=17, spring-boot-version=3.2.3}, system={os=Windows, architecture=x64}, contact={name=Spring Boot OTP Team, email=frederickraghul@springboot.com}, license={name=MIT License, url=https://opensource.org/licenses/MIT}}, springdoc={api-docs={path=/v3/api-docs}, swagger-ui={path=/swagger-ui.html, operationsSorter=method, tagsSorter=alpha}}, debug=true, logging={level={org.springframework.security.authentication.dao.DaoAuthenticationProvider=warn, org.springframework.security.authentication.ProviderManager=warn}}}
2025-11-20T15:41:43.405+05:30 DEBUG 33892 --- [Starter Project] [           main] o.s.boot.env.OriginTrackedYamlLoader     : Loaded 1 document from YAML resource: class path resource [application-dev.yml]
2025-11-20T15:41:43.408+05:30 DEBUG 33892 --- [Starter Project] [           main] o.s.boot.ApplicationEnvironment          : Activating profiles [dev]

  .   ____          _            __ _ _
 /\\ / ___'_ __ _ _(_)_ __  __ _ \ \ \ \
( ( )\___ | '_ | '_| | '_ \/ _` | \ \ \ \
 \\/  ___)| |_)| | | | | || (_| |  ) ) ) )
  '  |____| .__|_| |_|_| |_\__, | / / / /
 =========|_|==============|___/=/_/_/_/
 :: Spring Boot ::                (v3.2.3)

2025-11-20T15:41:43.420+05:30  INFO 33892 --- [Starter Project] [           main] c.s.s.r.AuthorityRepositoryTest          : Starting AuthorityRepositoryTest using Java 17.0.9 with PID 33892 (started by Rahul.S in C:\Users\Rahul.S\OneDrive\Desktop\spring-boot-otp)
2025-11-20T15:41:43.420+05:30  INFO 33892 --- [Starter Project] [           main] c.s.s.r.AuthorityRepositoryTest          : The following 1 profile is active: "dev"
2025-11-20T15:41:43.420+05:30 DEBUG 33892 --- [Starter Project] [           main] o.s.boot.SpringApplication               : Loading source class com.starter.springboot.Application
2025-11-20T15:41:43.581+05:30  INFO 33892 --- [Starter Project] [           main] .s.d.r.c.RepositoryConfigurationDelegate : Multiple Spring Data modules found, entering strict repository configuration mode
2025-11-20T15:41:43.581+05:30  INFO 33892 --- [Starter Project] [           main] .s.d.r.c.RepositoryConfigurationDelegate : Bootstrapping Spring Data JPA repositories in DEFAULT mode.
2025-11-20T15:41:43.583+05:30 DEBUG 33892 --- [Starter Project] [           main] o.s.b.a.AutoConfigurationPackages        : @EnableAutoConfiguration was declared on a class in the package 'com.starter.springboot'. Automatic @Repository and @Entity scanning is enabled.
2025-11-20T15:41:43.617+05:30  INFO 33892 --- [Starter Project] [           main] .s.d.r.c.RepositoryConfigurationDelegate : Finished Spring Data repository scanning in 35 ms. Found 5 JPA repository interfaces.
2025-11-20T15:41:43.629+05:30  INFO 33892 --- [Starter Project] [           main] beddedDataSourceBeanFactoryPostProcessor : Replacing 'dataSource' DataSource bean with embedded version
2025-11-20T15:41:43.661+05:30  INFO 33892 --- [Starter Project] [           main] o.s.j.d.e.EmbeddedDatabaseFactory        : Starting embedded database: url='jdbc:h2:mem:0fb9e845-32fe-45c6-a3a7-d7f2038a51e5;DB_CLOSE_DELAY=-1;DB_CLOSE_ON_EXIT=false', username='sa'
2025-11-20T15:41:43.937+05:30  INFO 33892 --- [Starter Project] [           main] o.s.o.j.p.SpringPersistenceUnitInfo      : No LoadTimeWeaver setup: ignoring JPA class transformer
2025-11-20T15:41:43.949+05:30  WARN 33892 --- [Starter Project] [           main] org.hibernate.orm.deprecation            : HHH90000025: H2Dialect does not need to be specified explicitly using 'hibernate.dialect' (remove the property setting and it will be selected by default)
2025-11-20T15:41:44.172+05:30 DEBUG 33892 --- [Starter Project] [           main] org.hibernate.SQL                        : 
    drop table if exists authority cascade 
Hibernate: 
    drop table if exists authority cascade 
2025-11-20T15:41:44.179+05:30 DEBUG 33892 --- [Starter Project] [           main] org.hibernate.SQL                        : 
    drop table if exists otp_audit_entries cascade 
Hibernate: 
    drop table if exists otp_audit_entries cascade 
2025-11-20T15:41:44.179+05:30 DEBUG 33892 --- [Starter Project] [           main] org.hibernate.SQL                        : 
    drop table if exists refresh_tokens cascade 
Hibernate: 
    drop table if exists refresh_tokens cascade 
2025-11-20T15:41:44.179+05:30 DEBUG 33892 --- [Starter Project] [           main] org.hibernate.SQL                        : 
    drop table if exists role cascade 
Hibernate: 
    drop table if exists role cascade 
2025-11-20T15:41:44.179+05:30 DEBUG 33892 --- [Starter Project] [           main] org.hibernate.SQL                        : 
    drop table if exists user_account cascade 
Hibernate: 
    drop table if exists user_account cascade 
2025-11-20T15:41:44.187+05:30 DEBUG 33892 --- [Starter Project] [           main] org.hibernate.SQL                        : 
    create table authority (
        created_date timestamp(6) not null,
        id bigint not null,
        last_modified_date timestamp(6),
        created_by varchar(50),
        last_modified_by varchar(50),
        name varchar(50) not null unique,
        description varchar(255),
        primary key (id)
    )
Hibernate: 
    create table authority (
        created_date timestamp(6) not null,
        id bigint not null,
        last_modified_date timestamp(6),
        created_by varchar(50),
        last_modified_by varchar(50),
        name varchar(50) not null unique,
        description varchar(255),
        primary key (id)
    )
2025-11-20T15:41:44.198+05:30 DEBUG 33892 --- [Starter Project] [           main] org.hibernate.SQL                        : 
    create table otp_audit_entries (
        issued_on date not null,
        created_date timestamp(6) not null,
        expires_on timestamp(6) not null,
        id bigint not null,
        last_modified_date timestamp(6),
        partner_expiry timestamp(6),
        created_by varchar(50),
        last_modified_by varchar(50),
        username varchar(255) not null,
        primary key (id)
    )
Hibernate: 
    create table otp_audit_entries (
        issued_on date not null,
        created_date timestamp(6) not null,
        expires_on timestamp(6) not null,
        id bigint not null,
        last_modified_date timestamp(6),
        partner_expiry timestamp(6),
        created_by varchar(50),
        last_modified_by varchar(50),
        username varchar(255) not null,
        primary key (id)
    )
2025-11-20T15:41:44.200+05:30 DEBUG 33892 --- [Starter Project] [           main] org.hibernate.SQL                        : 
    create table refresh_tokens (
        created_at timestamp(6) with time zone not null,
        expires_at timestamp(6) with time zone not null,
        id bigint generated by default as identity,
        revoked_at timestamp(6) with time zone,
        user_id bigint not null,
        token varchar(500) not null unique,
        replaced_by_token varchar(255),
        primary key (id)
    )
Hibernate: 
    create table refresh_tokens (
        created_at timestamp(6) with time zone not null,
        expires_at timestamp(6) with time zone not null,
        id bigint generated by default as identity,
        revoked_at timestamp(6) with time zone,
        user_id bigint not null,
        token varchar(500) not null unique,
        replaced_by_token varchar(255),
        primary key (id)
    )
2025-11-20T15:41:44.208+05:30 DEBUG 33892 --- [Starter Project] [           main] org.hibernate.SQL                        : 
    create table role (
        created_date timestamp(6) not null,
        id bigint not null,
        last_modified_date timestamp(6),
        created_by varchar(50),
        last_modified_by varchar(50),
        description varchar(255),
        name varchar(255) not null,
        primary key (id)
    )
Hibernate: 
    create table role (
        created_date timestamp(6) not null,
        id bigint not null,
        last_modified_date timestamp(6),
        created_by varchar(50),
        last_modified_by varchar(50),
        description varchar(255),
        name varchar(255) not null,
        primary key (id)
    )
2025-11-20T15:41:44.210+05:30 DEBUG 33892 --- [Starter Project] [           main] org.hibernate.SQL                        : 
    create table user_account (
        enabled boolean not null,
        is_otp_required boolean,
        authority_id bigint,
        created_date timestamp(6) not null,
        id bigint not null,
        last_modified_date timestamp(6),
        last_password_reset_date timestamp(6),
        role_id bigint,
        status varchar(20) not null check (status in ('ACTIVE','INACTIVE')),
        created_by varchar(50),
        email varchar(50) not null,
        first_name varchar(50) not null,
        last_modified_by varchar(50),
        last_name varchar(50) not null,
        username varchar(50) not null unique,
        password varchar(100) not null,
        primary key (id)
    )
Hibernate: 
    create table user_account (
        enabled boolean not null,
        is_otp_required boolean,
        authority_id bigint,
        created_date timestamp(6) not null,
        id bigint not null,
        last_modified_date timestamp(6),
        last_password_reset_date timestamp(6),
        role_id bigint,
        status varchar(20) not null check (status in ('ACTIVE','INACTIVE')),
        created_by varchar(50),
        email varchar(50) not null,
        first_name varchar(50) not null,
        last_modified_by varchar(50),
        last_name varchar(50) not null,
        username varchar(50) not null unique,
        password varchar(100) not null,
        primary key (id)
    )
2025-11-20T15:41:44.221+05:30 DEBUG 33892 --- [Starter Project] [           main] org.hibernate.SQL                        : 
    create index idx_refresh_token_user 
       on refresh_tokens (user_id)
Hibernate: 
    create index idx_refresh_token_user 
       on refresh_tokens (user_id)
2025-11-20T15:41:44.222+05:30 DEBUG 33892 --- [Starter Project] [           main] org.hibernate.SQL                        : 
    create index idx_refresh_token_expires 
       on refresh_tokens (expires_at)
Hibernate: 
    create index idx_refresh_token_expires 
       on refresh_tokens (expires_at)
2025-11-20T15:41:44.223+05:30 DEBUG 33892 --- [Starter Project] [           main] org.hibernate.SQL                        : 
    alter table if exists user_account 
       add constraint FK6uf6rf05ts6e2qa4jnm2bwexx 
       foreign key (authority_id) 
       references authority
Hibernate: 
    alter table if exists user_account 
       add constraint FK6uf6rf05ts6e2qa4jnm2bwexx 
       foreign key (authority_id) 
       references authority
2025-11-20T15:41:44.239+05:30 DEBUG 33892 --- [Starter Project] [           main] org.hibernate.SQL                        : 
    alter table if exists user_account 
       add constraint FK4j8uoaeve853dcbl0tjd0yoq0 
       foreign key (role_id) 
       references role
Hibernate: 
    alter table if exists user_account 
       add constraint FK4j8uoaeve853dcbl0tjd0yoq0 
       foreign key (role_id) 
       references role
2025-11-20T15:41:44.246+05:30  INFO 33892 --- [Starter Project] [           main] j.LocalContainerEntityManagerFactoryBean : Initialized JPA EntityManagerFactory for persistence unit 'default'
2025-11-20T15:41:44.422+05:30  INFO 33892 --- [Starter Project] [           main] c.s.s.r.AuthorityRepositoryTest          : Started AuthorityRepositoryTest in 1.056 seconds (process running for 21.153)
2025-11-20T15:41:44.606+05:30 DEBUG 33892 --- [Starter Project] [           main] org.hibernate.SQL                        : 
    select
        a1_0.id,
        a1_0.created_by,
        a1_0.created_date,
        a1_0.description,
        a1_0.last_modified_by,
        a1_0.last_modified_date,
        a1_0.name 
    from
        authority a1_0
Hibernate: 
    select
        a1_0.id,
        a1_0.created_by,
        a1_0.created_date,
        a1_0.description,
        a1_0.last_modified_by,
        a1_0.last_modified_date,
        a1_0.name 
    from
        authority a1_0
2025-11-20T15:41:44.699+05:30 DEBUG 33892 --- [Starter Project] [           main] org.hibernate.SQL                        : 
    insert 
    into
        authority
        (created_by, created_date, description, last_modified_by, last_modified_date, name, id) 
    values
        (?, ?, ?, ?, ?, ?, ?)
Hibernate: 
    insert 
    into
        authority
        (created_by, created_date, description, last_modified_by, last_modified_date, name, id) 
    values
        (?, ?, ?, ?, ?, ?, ?)
2025-11-20T15:41:44.709+05:30 DEBUG 33892 --- [Starter Project] [           main] org.hibernate.SQL                        : 
    insert 
    into
        authority
        (created_by, created_date, description, last_modified_by, last_modified_date, name, id) 
    values
        (?, ?, ?, ?, ?, ?, ?)
Hibernate: 
    insert 
    into
        authority
        (created_by, created_date, description, last_modified_by, last_modified_date, name, id) 
    values
        (?, ?, ?, ?, ?, ?, ?)
2025-11-20T15:41:44.710+05:30 DEBUG 33892 --- [Starter Project] [           main] org.hibernate.SQL                        : 
    insert 
    into
        authority
        (created_by, created_date, description, last_modified_by, last_modified_date, name, id) 
    values
        (?, ?, ?, ?, ?, ?, ?)
Hibernate: 
    insert 
    into
        authority
        (created_by, created_date, description, last_modified_by, last_modified_date, name, id) 
    values
        (?, ?, ?, ?, ?, ?, ?)
2025-11-20T15:41:44.732+05:30 DEBUG 33892 --- [Starter Project] [           main] org.hibernate.SQL                        : 
    select
        a1_0.id,
        a1_0.created_by,
        a1_0.created_date,
        a1_0.description,
        a1_0.last_modified_by,
        a1_0.last_modified_date,
        a1_0.name 
    from
        authority a1_0 
    where
        a1_0.name=?
Hibernate: 
    select
        a1_0.id,
        a1_0.created_by,
        a1_0.created_date,
        a1_0.description,
        a1_0.last_modified_by,
        a1_0.last_modified_date,
        a1_0.name 
    from
        authority a1_0 
    where
        a1_0.name=?
2025-11-20T15:41:44.745+05:30 DEBUG 33892 --- [Starter Project] [           main] org.hibernate.SQL                        : 
    update
        authority 
    set
        description=?,
        last_modified_by=?,
        last_modified_date=?,
        name=? 
    where
        id=?
Hibernate: 
    update
        authority 
    set
        description=?,
        last_modified_by=?,
        last_modified_date=?,
        name=? 
    where
        id=?
2025-11-20T15:41:44.750+05:30 DEBUG 33892 --- [Starter Project] [           main] org.hibernate.SQL                        : 
    select
        a1_0.id,
        a1_0.created_by,
        a1_0.created_date,
        a1_0.description,
        a1_0.last_modified_by,
        a1_0.last_modified_date,
        a1_0.name 
    from
        authority a1_0 
    where
        a1_0.name=?
Hibernate: 
    select
        a1_0.id,
        a1_0.created_by,
        a1_0.created_date,
        a1_0.description,
        a1_0.last_modified_by,
        a1_0.last_modified_date,
        a1_0.name 
    from
        authority a1_0 
    where
        a1_0.name=?
2025-11-20T15:41:44.764+05:30 DEBUG 33892 --- [Starter Project] [           main] org.hibernate.SQL                        : 
    select
        a1_0.id,
        a1_0.created_by,
        a1_0.created_date,
        a1_0.description,
        a1_0.last_modified_by,
        a1_0.last_modified_date,
        a1_0.name 
    from
        authority a1_0
Hibernate: 
    select
        a1_0.id,
        a1_0.created_by,
        a1_0.created_date,
        a1_0.description,
        a1_0.last_modified_by,
        a1_0.last_modified_date,
        a1_0.name 
    from
        authority a1_0
2025-11-20T15:41:44.767+05:30 DEBUG 33892 --- [Starter Project] [           main] org.hibernate.SQL                        : 
    insert 
    into
        authority
        (created_by, created_date, description, last_modified_by, last_modified_date, name, id) 
    values
        (?, ?, ?, ?, ?, ?, ?)
Hibernate: 
    insert 
    into
        authority
        (created_by, created_date, description, last_modified_by, last_modified_date, name, id) 
    values
        (?, ?, ?, ?, ?, ?, ?)
2025-11-20T15:41:44.768+05:30 DEBUG 33892 --- [Starter Project] [           main] org.hibernate.SQL                        : 
    insert 
    into
        authority
        (created_by, created_date, description, last_modified_by, last_modified_date, name, id) 
    values
        (?, ?, ?, ?, ?, ?, ?)
Hibernate: 
    insert 
    into
        authority
        (created_by, created_date, description, last_modified_by, last_modified_date, name, id) 
    values
        (?, ?, ?, ?, ?, ?, ?)
2025-11-20T15:41:44.769+05:30 DEBUG 33892 --- [Starter Project] [           main] org.hibernate.SQL                        : 
    insert 
    into
        authority
        (created_by, created_date, description, last_modified_by, last_modified_date, name, id) 
    values
        (?, ?, ?, ?, ?, ?, ?)
Hibernate: 
    insert 
    into
        authority
        (created_by, created_date, description, last_modified_by, last_modified_date, name, id) 
    values
        (?, ?, ?, ?, ?, ?, ?)
2025-11-20T15:41:44.771+05:30 DEBUG 33892 --- [Starter Project] [           main] org.hibernate.SQL                        : 
    select
        a1_0.id,
        a1_0.created_by,
        a1_0.created_date,
        a1_0.description,
        a1_0.last_modified_by,
        a1_0.last_modified_date,
        a1_0.name 
    from
        authority a1_0 
    where
        a1_0.name=?
Hibernate: 
    select
        a1_0.id,
        a1_0.created_by,
        a1_0.created_date,
        a1_0.description,
        a1_0.last_modified_by,
        a1_0.last_modified_date,
        a1_0.name 
    from
        authority a1_0 
    where
        a1_0.name=?
2025-11-20T15:41:44.779+05:30 DEBUG 33892 --- [Starter Project] [           main] org.hibernate.SQL                        : 
    select
        a1_0.id,
        a1_0.created_by,
        a1_0.created_date,
        a1_0.description,
        a1_0.last_modified_by,
        a1_0.last_modified_date,
        a1_0.name 
    from
        authority a1_0
Hibernate: 
    select
        a1_0.id,
        a1_0.created_by,
        a1_0.created_date,
        a1_0.description,
        a1_0.last_modified_by,
        a1_0.last_modified_date,
        a1_0.name 
    from
        authority a1_0
2025-11-20T15:41:44.783+05:30 DEBUG 33892 --- [Starter Project] [           main] org.hibernate.SQL                        : 
    insert 
    into
        authority
        (created_by, created_date, description, last_modified_by, last_modified_date, name, id) 
    values
        (?, ?, ?, ?, ?, ?, ?)
Hibernate: 
    insert 
    into
        authority
        (created_by, created_date, description, last_modified_by, last_modified_date, name, id) 
    values
        (?, ?, ?, ?, ?, ?, ?)
2025-11-20T15:41:44.785+05:30 DEBUG 33892 --- [Starter Project] [           main] org.hibernate.SQL                        : 
    insert 
    into
        authority
        (created_by, created_date, description, last_modified_by, last_modified_date, name, id) 
    values
        (?, ?, ?, ?, ?, ?, ?)
Hibernate: 
    insert 
    into
        authority
        (created_by, created_date, description, last_modified_by, last_modified_date, name, id) 
    values
        (?, ?, ?, ?, ?, ?, ?)
2025-11-20T15:41:44.786+05:30 DEBUG 33892 --- [Starter Project] [           main] org.hibernate.SQL                        : 
    insert 
    into
        authority
        (created_by, created_date, description, last_modified_by, last_modified_date, name, id) 
    values
        (?, ?, ?, ?, ?, ?, ?)
Hibernate: 
    insert 
    into
        authority
        (created_by, created_date, description, last_modified_by, last_modified_date, name, id) 
    values
        (?, ?, ?, ?, ?, ?, ?)
2025-11-20T15:41:44.789+05:30 DEBUG 33892 --- [Starter Project] [           main] org.hibernate.SQL                        : 
    select
        a1_0.id,
        a1_0.created_by,
        a1_0.created_date,
        a1_0.description,
        a1_0.last_modified_by,
        a1_0.last_modified_date,
        a1_0.name 
    from
        authority a1_0 
    where
        a1_0.name=?
Hibernate: 
    select
        a1_0.id,
        a1_0.created_by,
        a1_0.created_date,
        a1_0.description,
        a1_0.last_modified_by,
        a1_0.last_modified_date,
        a1_0.name 
    from
        authority a1_0 
    where
        a1_0.name=?
2025-11-20T15:41:44.797+05:30 DEBUG 33892 --- [Starter Project] [           main] org.hibernate.SQL                        : 
    select
        a1_0.id,
        a1_0.created_by,
        a1_0.created_date,
        a1_0.description,
        a1_0.last_modified_by,
        a1_0.last_modified_date,
        a1_0.name 
    from
        authority a1_0
Hibernate: 
    select
        a1_0.id,
        a1_0.created_by,
        a1_0.created_date,
        a1_0.description,
        a1_0.last_modified_by,
        a1_0.last_modified_date,
        a1_0.name 
    from
        authority a1_0
2025-11-20T15:41:44.800+05:30 DEBUG 33892 --- [Starter Project] [           main] org.hibernate.SQL                        : 
    insert 
    into
        authority
        (created_by, created_date, description, last_modified_by, last_modified_date, name, id) 
    values
        (?, ?, ?, ?, ?, ?, ?)
Hibernate: 
    insert 
    into
        authority
        (created_by, created_date, description, last_modified_by, last_modified_date, name, id) 
    values
        (?, ?, ?, ?, ?, ?, ?)
2025-11-20T15:41:44.800+05:30 DEBUG 33892 --- [Starter Project] [           main] org.hibernate.SQL                        : 
    insert 
    into
        authority
        (created_by, created_date, description, last_modified_by, last_modified_date, name, id) 
    values
        (?, ?, ?, ?, ?, ?, ?)
Hibernate: 
    insert 
    into
        authority
        (created_by, created_date, description, last_modified_by, last_modified_date, name, id) 
    values
        (?, ?, ?, ?, ?, ?, ?)
2025-11-20T15:41:44.802+05:30 DEBUG 33892 --- [Starter Project] [           main] org.hibernate.SQL                        : 
    insert 
    into
        authority
        (created_by, created_date, description, last_modified_by, last_modified_date, name, id) 
    values
        (?, ?, ?, ?, ?, ?, ?)
Hibernate: 
    insert 
    into
        authority
        (created_by, created_date, description, last_modified_by, last_modified_date, name, id) 
    values
        (?, ?, ?, ?, ?, ?, ?)
2025-11-20T15:41:44.815+05:30 DEBUG 33892 --- [Starter Project] [           main] org.hibernate.SQL                        : 
    delete 
    from
        authority 
    where
        id=?
Hibernate: 
    delete 
    from
        authority 
    where
        id=?
2025-11-20T15:41:44.820+05:30 DEBUG 33892 --- [Starter Project] [           main] org.hibernate.SQL                        : 
    select
        a1_0.id,
        a1_0.created_by,
        a1_0.created_date,
        a1_0.description,
        a1_0.last_modified_by,
        a1_0.last_modified_date,
        a1_0.name 
    from
        authority a1_0 
    where
        a1_0.id=?
Hibernate: 
    select
        a1_0.id,
        a1_0.created_by,
        a1_0.created_date,
        a1_0.description,
        a1_0.last_modified_by,
        a1_0.last_modified_date,
        a1_0.name 
    from
        authority a1_0 
    where
        a1_0.id=?
2025-11-20T15:41:44.826+05:30 DEBUG 33892 --- [Starter Project] [           main] org.hibernate.SQL                        : 
    select
        a1_0.id,
        a1_0.created_by,
        a1_0.created_date,
        a1_0.description,
        a1_0.last_modified_by,
        a1_0.last_modified_date,
        a1_0.name 
    from
        authority a1_0
Hibernate: 
    select
        a1_0.id,
        a1_0.created_by,
        a1_0.created_date,
        a1_0.description,
        a1_0.last_modified_by,
        a1_0.last_modified_date,
        a1_0.name 
    from
        authority a1_0
2025-11-20T15:41:44.829+05:30 DEBUG 33892 --- [Starter Project] [           main] org.hibernate.SQL                        : 
    insert 
    into
        authority
        (created_by, created_date, description, last_modified_by, last_modified_date, name, id) 
    values
        (?, ?, ?, ?, ?, ?, ?)
Hibernate: 
    insert 
    into
        authority
        (created_by, created_date, description, last_modified_by, last_modified_date, name, id) 
    values
        (?, ?, ?, ?, ?, ?, ?)
2025-11-20T15:41:44.830+05:30 DEBUG 33892 --- [Starter Project] [           main] org.hibernate.SQL                        : 
    insert 
    into
        authority
        (created_by, created_date, description, last_modified_by, last_modified_date, name, id) 
    values
        (?, ?, ?, ?, ?, ?, ?)
Hibernate: 
    insert 
    into
        authority
        (created_by, created_date, description, last_modified_by, last_modified_date, name, id) 
    values
        (?, ?, ?, ?, ?, ?, ?)
2025-11-20T15:41:44.831+05:30 DEBUG 33892 --- [Starter Project] [           main] org.hibernate.SQL                        : 
    insert 
    into
        authority
        (created_by, created_date, description, last_modified_by, last_modified_date, name, id) 
    values
        (?, ?, ?, ?, ?, ?, ?)
Hibernate: 
    insert 
    into
        authority
        (created_by, created_date, description, last_modified_by, last_modified_date, name, id) 
    values
        (?, ?, ?, ?, ?, ?, ?)
2025-11-20T15:41:44.886+05:30 DEBUG 33892 --- [Starter Project] [           main] org.hibernate.SQL                        : 
    select
        count(*) 
    from
        authority a1_0
Hibernate: 
    select
        count(*) 
    from
        authority a1_0
2025-11-20T15:41:44.889+05:30 DEBUG 33892 --- [Starter Project] [           main] org.hibernate.SQL                        : 
    select
        a1_0.id,
        a1_0.created_by,
        a1_0.created_date,
        a1_0.description,
        a1_0.last_modified_by,
        a1_0.last_modified_date,
        a1_0.name 
    from
        authority a1_0 
    where
        a1_0.id=?
Hibernate: 
    select
        a1_0.id,
        a1_0.created_by,
        a1_0.created_date,
        a1_0.description,
        a1_0.last_modified_by,
        a1_0.last_modified_date,
        a1_0.name 
    from
        authority a1_0 
    where
        a1_0.id=?
2025-11-20T15:41:44.896+05:30 DEBUG 33892 --- [Starter Project] [           main] org.hibernate.SQL                        : 
    insert 
    into
        authority
        (created_by, created_date, description, last_modified_by, last_modified_date, name, id) 
    values
        (?, ?, ?, ?, ?, ?, ?)
Hibernate: 
    insert 
    into
        authority
        (created_by, created_date, description, last_modified_by, last_modified_date, name, id) 
    values
        (?, ?, ?, ?, ?, ?, ?)
2025-11-20T15:41:44.899+05:30 DEBUG 33892 --- [Starter Project] [           main] org.hibernate.SQL                        : 
    select
        count(*) 
    from
        authority a1_0
Hibernate: 
    select
        count(*) 
    from
        authority a1_0
2025-11-20T15:41:44.907+05:30 DEBUG 33892 --- [Starter Project] [           main] org.hibernate.SQL                        : 
    select
        a1_0.id,
        a1_0.created_by,
        a1_0.created_date,
        a1_0.description,
        a1_0.last_modified_by,
        a1_0.last_modified_date,
        a1_0.name 
    from
        authority a1_0
Hibernate: 
    select
        a1_0.id,
        a1_0.created_by,
        a1_0.created_date,
        a1_0.description,
        a1_0.last_modified_by,
        a1_0.last_modified_date,
        a1_0.name 
    from
        authority a1_0
2025-11-20T15:41:44.910+05:30 DEBUG 33892 --- [Starter Project] [           main] org.hibernate.SQL                        : 
    insert 
    into
        authority
        (created_by, created_date, description, last_modified_by, last_modified_date, name, id) 
    values
        (?, ?, ?, ?, ?, ?, ?)
Hibernate: 
    insert 
    into
        authority
        (created_by, created_date, description, last_modified_by, last_modified_date, name, id) 
    values
        (?, ?, ?, ?, ?, ?, ?)
2025-11-20T15:41:44.912+05:30 DEBUG 33892 --- [Starter Project] [           main] org.hibernate.SQL                        : 
    insert 
    into
        authority
        (created_by, created_date, description, last_modified_by, last_modified_date, name, id) 
    values
        (?, ?, ?, ?, ?, ?, ?)
Hibernate: 
    insert 
    into
        authority
        (created_by, created_date, description, last_modified_by, last_modified_date, name, id) 
    values
        (?, ?, ?, ?, ?, ?, ?)
2025-11-20T15:41:44.913+05:30 DEBUG 33892 --- [Starter Project] [           main] org.hibernate.SQL                        : 
    insert 
    into
        authority
        (created_by, created_date, description, last_modified_by, last_modified_date, name, id) 
    values
        (?, ?, ?, ?, ?, ?, ?)
Hibernate: 
    insert 
    into
        authority
        (created_by, created_date, description, last_modified_by, last_modified_date, name, id) 
    values
        (?, ?, ?, ?, ?, ?, ?)
2025-11-20T15:41:44.923+05:30 DEBUG 33892 --- [Starter Project] [           main] org.hibernate.SQL                        : 
    select
        a1_0.id,
        a1_0.created_by,
        a1_0.created_date,
        a1_0.description,
        a1_0.last_modified_by,
        a1_0.last_modified_date,
        a1_0.name 
    from
        authority a1_0
Hibernate: 
    select
        a1_0.id,
        a1_0.created_by,
        a1_0.created_date,
        a1_0.description,
        a1_0.last_modified_by,
        a1_0.last_modified_date,
        a1_0.name 
    from
        authority a1_0
2025-11-20T15:41:44.926+05:30 DEBUG 33892 --- [Starter Project] [           main] org.hibernate.SQL                        : 
    insert 
    into
        authority
        (created_by, created_date, description, last_modified_by, last_modified_date, name, id) 
    values
        (?, ?, ?, ?, ?, ?, ?)
Hibernate: 
    insert 
    into
        authority
        (created_by, created_date, description, last_modified_by, last_modified_date, name, id) 
    values
        (?, ?, ?, ?, ?, ?, ?)
2025-11-20T15:41:44.928+05:30 DEBUG 33892 --- [Starter Project] [           main] org.hibernate.SQL                        : 
    insert 
    into
        authority
        (created_by, created_date, description, last_modified_by, last_modified_date, name, id) 
    values
        (?, ?, ?, ?, ?, ?, ?)
Hibernate: 
    insert 
    into
        authority
        (created_by, created_date, description, last_modified_by, last_modified_date, name, id) 
    values
        (?, ?, ?, ?, ?, ?, ?)
2025-11-20T15:41:44.929+05:30 DEBUG 33892 --- [Starter Project] [           main] org.hibernate.SQL                        : 
    insert 
    into
        authority
        (created_by, created_date, description, last_modified_by, last_modified_date, name, id) 
    values
        (?, ?, ?, ?, ?, ?, ?)
Hibernate: 
    insert 
    into
        authority
        (created_by, created_date, description, last_modified_by, last_modified_date, name, id) 
    values
        (?, ?, ?, ?, ?, ?, ?)
2025-11-20T15:41:44.930+05:30 DEBUG 33892 --- [Starter Project] [           main] org.hibernate.SQL                        : 
    select
        a1_0.id,
        a1_0.created_by,
        a1_0.created_date,
        a1_0.description,
        a1_0.last_modified_by,
        a1_0.last_modified_date,
        a1_0.name 
    from
        authority a1_0 
    where
        a1_0.id=?
Hibernate: 
    select
        a1_0.id,
        a1_0.created_by,
        a1_0.created_date,
        a1_0.description,
        a1_0.last_modified_by,
        a1_0.last_modified_date,
        a1_0.name 
    from
        authority a1_0 
    where
        a1_0.id=?
2025-11-20T15:41:44.940+05:30 DEBUG 33892 --- [Starter Project] [           main] org.hibernate.SQL                        : 
    select
        a1_0.id,
        a1_0.created_by,
        a1_0.created_date,
        a1_0.description,
        a1_0.last_modified_by,
        a1_0.last_modified_date,
        a1_0.name 
    from
        authority a1_0
Hibernate: 
    select
        a1_0.id,
        a1_0.created_by,
        a1_0.created_date,
        a1_0.description,
        a1_0.last_modified_by,
        a1_0.last_modified_date,
        a1_0.name 
    from
        authority a1_0
2025-11-20T15:41:44.944+05:30 DEBUG 33892 --- [Starter Project] [           main] org.hibernate.SQL                        : 
    insert 
    into
        authority
        (created_by, created_date, description, last_modified_by, last_modified_date, name, id) 
    values
        (?, ?, ?, ?, ?, ?, ?)
Hibernate: 
    insert 
    into
        authority
        (created_by, created_date, description, last_modified_by, last_modified_date, name, id) 
    values
        (?, ?, ?, ?, ?, ?, ?)
2025-11-20T15:41:44.946+05:30 DEBUG 33892 --- [Starter Project] [           main] org.hibernate.SQL                        : 
    insert 
    into
        authority
        (created_by, created_date, description, last_modified_by, last_modified_date, name, id) 
    values
        (?, ?, ?, ?, ?, ?, ?)
Hibernate: 
    insert 
    into
        authority
        (created_by, created_date, description, last_modified_by, last_modified_date, name, id) 
    values
        (?, ?, ?, ?, ?, ?, ?)
2025-11-20T15:41:44.947+05:30 DEBUG 33892 --- [Starter Project] [           main] org.hibernate.SQL                        : 
    insert 
    into
        authority
        (created_by, created_date, description, last_modified_by, last_modified_date, name, id) 
    values
        (?, ?, ?, ?, ?, ?, ?)
Hibernate: 
    insert 
    into
        authority
        (created_by, created_date, description, last_modified_by, last_modified_date, name, id) 
    values
        (?, ?, ?, ?, ?, ?, ?)
2025-11-20T15:41:44.950+05:30 DEBUG 33892 --- [Starter Project] [           main] org.hibernate.SQL                        : 
    select
        a1_0.id,
        a1_0.created_by,
        a1_0.created_date,
        a1_0.description,
        a1_0.last_modified_by,
        a1_0.last_modified_date,
        a1_0.name 
    from
        authority a1_0
Hibernate: 
    select
        a1_0.id,
        a1_0.created_by,
        a1_0.created_date,
        a1_0.description,
        a1_0.last_modified_by,
        a1_0.last_modified_date,
        a1_0.name 
    from
        authority a1_0
[INFO] Tests run: 8, Failures: 0, Errors: 0, Skipped: 0, Time elapsed: 1.639 s -- in com.starter.springboot.repository.AuthorityRepositoryTest
[INFO] Running com.starter.springboot.repository.OtpAuditEntryRepositoryTest
2025-11-20T15:41:44.958+05:30 DEBUG 33892 --- [Starter Project] [           main] b.t.a.o.j.DataJpaTestContextBootstrapper : Neither @ContextConfiguration nor @ContextHierarchy found for test class [OtpAuditEntryRepositoryTest]: using SpringBootContextLoader
2025-11-20T15:41:44.959+05:30  INFO 33892 --- [Starter Project] [           main] t.c.s.AnnotationConfigContextLoaderUtils : Could not detect default configuration classes for test class [com.starter.springboot.repository.OtpAuditEntryRepositoryTest]: OtpAuditEntryRepositoryTest does not declare any static, non-private, non-final, nested classes annotated with @Configuration.
2025-11-20T15:41:44.960+05:30 DEBUG 33892 --- [Starter Project] [           main] b.t.a.o.j.DataJpaTestContextBootstrapper : Using ContextCustomizerFactory implementations for test class [OtpAuditEntryRepositoryTest]: [ImportsContextCustomizerFactory, ExcludeFilterContextCustomizerFactory, HttpGraphQlTesterContextCustomizerFactory, DuplicateJsonObjectContextCustomizerFactory, MockitoContextCustomizerFactory, TestRestTemplateContextCustomizerFactory, WebTestClientContextCustomizerFactory, OverrideAutoConfigurationContextCustomizerFactory, ObservabilityContextCustomizerFactory, TypeExcludeFiltersContextCustomizerFactory, PropertyMappingContextCustomizerFactory, WebDriverContextCustomizerFactory, MockServerContainerContextCustomizerFactory, DynamicPropertiesContextCustomizerFactory]
2025-11-20T15:41:44.975+05:30 DEBUG 33892 --- [Starter Project] [           main] b.t.a.o.j.DataJpaTestContextBootstrapper : Using ContextCustomizers for test class [OtpAuditEntryRepositoryTest]: [ImportsContextCustomizer, ExcludeFilterContextCustomizer, DuplicateJsonObjectContextCustomizer, MockitoContextCustomizer, DisableAutoConfigurationContextCustomizer, DisableObservabilityContextCustomizer, TypeExcludeFiltersContextCustomizer, PropertyMappingContextCustomizer, WebDriverContextCustomizer]
2025-11-20T15:41:44.976+05:30  INFO 33892 --- [Starter Project] [           main] .b.t.c.SpringBootTestContextBootstrapper : Found @SpringBootConfiguration com.starter.springboot.Application for test class com.starter.springboot.repository.OtpAuditEntryRepositoryTest
2025-11-20T15:41:44.977+05:30 DEBUG 33892 --- [Starter Project] [           main] b.t.a.o.j.DataJpaTestContextBootstrapper : Using TestExecutionListeners for test class [OtpAuditEntryRepositoryTest]: [ServletTestExecutionListener, DirtiesContextBeforeModesTestExecutionListener, ApplicationEventsTestExecutionListener, MockitoTestExecutionListener, DependencyInjectionTestExecutionListener, DirtiesContextTestExecutionListener, TransactionalTestExecutionListener, SqlScriptsTestExecutionListener, EventPublishingTestExecutionListener, WithSecurityContextTestExecutionListener, ReactorContextTestExecutionListener, ResetMocksTestExecutionListener, RestDocsTestExecutionListener, MockRestServiceServerResetTestExecutionListener, MockMvcPrintOnlyOnFailureTestExecutionListener, WebDriverTestExecutionListener, MockWebServiceServerTestExecutionListener]
2025-11-20T15:41:44.987+05:30 DEBUG 33892 --- [Starter Project] [           main] org.hibernate.SQL                        : 
    select
        oae1_0.id,
        oae1_0.created_by,
        oae1_0.created_date,
        oae1_0.expires_on,
        oae1_0.issued_on,
        oae1_0.last_modified_by,
        oae1_0.last_modified_date,
        oae1_0.partner_expiry,
        oae1_0.username 
    from
        otp_audit_entries oae1_0
Hibernate: 
    select
        oae1_0.id,
        oae1_0.created_by,
        oae1_0.created_date,
        oae1_0.expires_on,
        oae1_0.issued_on,
        oae1_0.last_modified_by,
        oae1_0.last_modified_date,
        oae1_0.partner_expiry,
        oae1_0.username 
    from
        otp_audit_entries oae1_0
2025-11-20T15:41:44.995+05:30 DEBUG 33892 --- [Starter Project] [           main] org.hibernate.SQL                        : 
    insert 
    into
        otp_audit_entries
        (created_by, created_date, expires_on, issued_on, last_modified_by, last_modified_date, partner_expiry, username, id) 
    values
        (?, ?, ?, ?, ?, ?, ?, ?, ?)
Hibernate: 
    insert 
    into
        otp_audit_entries
        (created_by, created_date, expires_on, issued_on, last_modified_by, last_modified_date, partner_expiry, username, id) 
    values
        (?, ?, ?, ?, ?, ?, ?, ?, ?)
2025-11-20T15:41:44.997+05:30 DEBUG 33892 --- [Starter Project] [           main] org.hibernate.SQL                        : 
    insert 
    into
        otp_audit_entries
        (created_by, created_date, expires_on, issued_on, last_modified_by, last_modified_date, partner_expiry, username, id) 
    values
        (?, ?, ?, ?, ?, ?, ?, ?, ?)
Hibernate: 
    insert 
    into
        otp_audit_entries
        (created_by, created_date, expires_on, issued_on, last_modified_by, last_modified_date, partner_expiry, username, id) 
    values
        (?, ?, ?, ?, ?, ?, ?, ?, ?)
2025-11-20T15:41:44.998+05:30 DEBUG 33892 --- [Starter Project] [           main] org.hibernate.SQL                        : 
    insert 
    into
        otp_audit_entries
        (created_by, created_date, expires_on, issued_on, last_modified_by, last_modified_date, partner_expiry, username, id) 
    values
        (?, ?, ?, ?, ?, ?, ?, ?, ?)
Hibernate: 
    insert 
    into
        otp_audit_entries
        (created_by, created_date, expires_on, issued_on, last_modified_by, last_modified_date, partner_expiry, username, id) 
    values
        (?, ?, ?, ?, ?, ?, ?, ?, ?)
2025-11-20T15:41:45.000+05:30 DEBUG 33892 --- [Starter Project] [           main] org.hibernate.SQL                        : 
    select
        oae1_0.id,
        oae1_0.created_by,
        oae1_0.created_date,
        oae1_0.expires_on,
        oae1_0.issued_on,
        oae1_0.last_modified_by,
        oae1_0.last_modified_date,
        oae1_0.partner_expiry,
        oae1_0.username 
    from
        otp_audit_entries oae1_0 
    where
        oae1_0.id=?
Hibernate: 
    select
        oae1_0.id,
        oae1_0.created_by,
        oae1_0.created_date,
        oae1_0.expires_on,
        oae1_0.issued_on,
        oae1_0.last_modified_by,
        oae1_0.last_modified_date,
        oae1_0.partner_expiry,
        oae1_0.username 
    from
        otp_audit_entries oae1_0 
    where
        oae1_0.id=?
2025-11-20T15:41:45.010+05:30 DEBUG 33892 --- [Starter Project] [           main] org.hibernate.SQL                        : 
    select
        oae1_0.id,
        oae1_0.created_by,
        oae1_0.created_date,
        oae1_0.expires_on,
        oae1_0.issued_on,
        oae1_0.last_modified_by,
        oae1_0.last_modified_date,
        oae1_0.partner_expiry,
        oae1_0.username 
    from
        otp_audit_entries oae1_0
Hibernate: 
    select
        oae1_0.id,
        oae1_0.created_by,
        oae1_0.created_date,
        oae1_0.expires_on,
        oae1_0.issued_on,
        oae1_0.last_modified_by,
        oae1_0.last_modified_date,
        oae1_0.partner_expiry,
        oae1_0.username 
    from
        otp_audit_entries oae1_0
2025-11-20T15:41:45.013+05:30 DEBUG 33892 --- [Starter Project] [           main] org.hibernate.SQL                        : 
    insert 
    into
        otp_audit_entries
        (created_by, created_date, expires_on, issued_on, last_modified_by, last_modified_date, partner_expiry, username, id) 
    values
        (?, ?, ?, ?, ?, ?, ?, ?, ?)
Hibernate: 
    insert 
    into
        otp_audit_entries
        (created_by, created_date, expires_on, issued_on, last_modified_by, last_modified_date, partner_expiry, username, id) 
    values
        (?, ?, ?, ?, ?, ?, ?, ?, ?)
2025-11-20T15:41:45.015+05:30 DEBUG 33892 --- [Starter Project] [           main] org.hibernate.SQL                        : 
    insert 
    into
        otp_audit_entries
        (created_by, created_date, expires_on, issued_on, last_modified_by, last_modified_date, partner_expiry, username, id) 
    values
        (?, ?, ?, ?, ?, ?, ?, ?, ?)
Hibernate: 
    insert 
    into
        otp_audit_entries
        (created_by, created_date, expires_on, issued_on, last_modified_by, last_modified_date, partner_expiry, username, id) 
    values
        (?, ?, ?, ?, ?, ?, ?, ?, ?)
2025-11-20T15:41:45.016+05:30 DEBUG 33892 --- [Starter Project] [           main] org.hibernate.SQL                        : 
    insert 
    into
        otp_audit_entries
        (created_by, created_date, expires_on, issued_on, last_modified_by, last_modified_date, partner_expiry, username, id) 
    values
        (?, ?, ?, ?, ?, ?, ?, ?, ?)
Hibernate: 
    insert 
    into
        otp_audit_entries
        (created_by, created_date, expires_on, issued_on, last_modified_by, last_modified_date, partner_expiry, username, id) 
    values
        (?, ?, ?, ?, ?, ?, ?, ?, ?)
2025-11-20T15:41:45.018+05:30 DEBUG 33892 --- [Starter Project] [           main] org.hibernate.SQL                        : 
    select
        count(*) 
    from
        otp_audit_entries oae1_0
Hibernate: 
    select
        count(*) 
    from
        otp_audit_entries oae1_0
2025-11-20T15:41:45.027+05:30 DEBUG 33892 --- [Starter Project] [           main] org.hibernate.SQL                        : 
    select
        oae1_0.id,
        oae1_0.created_by,
        oae1_0.created_date,
        oae1_0.expires_on,
        oae1_0.issued_on,
        oae1_0.last_modified_by,
        oae1_0.last_modified_date,
        oae1_0.partner_expiry,
        oae1_0.username 
    from
        otp_audit_entries oae1_0
Hibernate: 
    select
        oae1_0.id,
        oae1_0.created_by,
        oae1_0.created_date,
        oae1_0.expires_on,
        oae1_0.issued_on,
        oae1_0.last_modified_by,
        oae1_0.last_modified_date,
        oae1_0.partner_expiry,
        oae1_0.username 
    from
        otp_audit_entries oae1_0
2025-11-20T15:41:45.030+05:30 DEBUG 33892 --- [Starter Project] [           main] org.hibernate.SQL                        : 
    insert 
    into
        otp_audit_entries
        (created_by, created_date, expires_on, issued_on, last_modified_by, last_modified_date, partner_expiry, username, id) 
    values
        (?, ?, ?, ?, ?, ?, ?, ?, ?)
Hibernate: 
    insert 
    into
        otp_audit_entries
        (created_by, created_date, expires_on, issued_on, last_modified_by, last_modified_date, partner_expiry, username, id) 
    values
        (?, ?, ?, ?, ?, ?, ?, ?, ?)
2025-11-20T15:41:45.031+05:30 DEBUG 33892 --- [Starter Project] [           main] org.hibernate.SQL                        : 
    insert 
    into
        otp_audit_entries
        (created_by, created_date, expires_on, issued_on, last_modified_by, last_modified_date, partner_expiry, username, id) 
    values
        (?, ?, ?, ?, ?, ?, ?, ?, ?)
Hibernate: 
    insert 
    into
        otp_audit_entries
        (created_by, created_date, expires_on, issued_on, last_modified_by, last_modified_date, partner_expiry, username, id) 
    values
        (?, ?, ?, ?, ?, ?, ?, ?, ?)
2025-11-20T15:41:45.032+05:30 DEBUG 33892 --- [Starter Project] [           main] org.hibernate.SQL                        : 
    insert 
    into
        otp_audit_entries
        (created_by, created_date, expires_on, issued_on, last_modified_by, last_modified_date, partner_expiry, username, id) 
    values
        (?, ?, ?, ?, ?, ?, ?, ?, ?)
Hibernate: 
    insert 
    into
        otp_audit_entries
        (created_by, created_date, expires_on, issued_on, last_modified_by, last_modified_date, partner_expiry, username, id) 
    values
        (?, ?, ?, ?, ?, ?, ?, ?, ?)
2025-11-20T15:41:45.036+05:30 DEBUG 33892 --- [Starter Project] [           main] org.hibernate.SQL                        : 
    select
        oae1_0.id,
        oae1_0.created_by,
        oae1_0.created_date,
        oae1_0.expires_on,
        oae1_0.issued_on,
        oae1_0.last_modified_by,
        oae1_0.last_modified_date,
        oae1_0.partner_expiry,
        oae1_0.username 
    from
        otp_audit_entries oae1_0 
    where
        oae1_0.expires_on<?
Hibernate: 
    select
        oae1_0.id,
        oae1_0.created_by,
        oae1_0.created_date,
        oae1_0.expires_on,
        oae1_0.issued_on,
        oae1_0.last_modified_by,
        oae1_0.last_modified_date,
        oae1_0.partner_expiry,
        oae1_0.username 
    from
        otp_audit_entries oae1_0 
    where
        oae1_0.expires_on<?
2025-11-20T15:41:45.038+05:30 DEBUG 33892 --- [Starter Project] [           main] org.hibernate.SQL                        : 
    delete 
    from
        otp_audit_entries 
    where
        id=?
Hibernate: 
    delete 
    from
        otp_audit_entries 
    where
        id=?
2025-11-20T15:41:45.039+05:30 DEBUG 33892 --- [Starter Project] [           main] org.hibernate.SQL                        : 
    select
        oae1_0.id,
        oae1_0.created_by,
        oae1_0.created_date,
        oae1_0.expires_on,
        oae1_0.issued_on,
        oae1_0.last_modified_by,
        oae1_0.last_modified_date,
        oae1_0.partner_expiry,
        oae1_0.username 
    from
        otp_audit_entries oae1_0 
    where
        oae1_0.id=?
Hibernate: 
    select
        oae1_0.id,
        oae1_0.created_by,
        oae1_0.created_date,
        oae1_0.expires_on,
        oae1_0.issued_on,
        oae1_0.last_modified_by,
        oae1_0.last_modified_date,
        oae1_0.partner_expiry,
        oae1_0.username 
    from
        otp_audit_entries oae1_0 
    where
        oae1_0.id=?
2025-11-20T15:41:45.048+05:30 DEBUG 33892 --- [Starter Project] [           main] org.hibernate.SQL                        : 
    select
        oae1_0.id,
        oae1_0.created_by,
        oae1_0.created_date,
        oae1_0.expires_on,
        oae1_0.issued_on,
        oae1_0.last_modified_by,
        oae1_0.last_modified_date,
        oae1_0.partner_expiry,
        oae1_0.username 
    from
        otp_audit_entries oae1_0
Hibernate: 
    select
        oae1_0.id,
        oae1_0.created_by,
        oae1_0.created_date,
        oae1_0.expires_on,
        oae1_0.issued_on,
        oae1_0.last_modified_by,
        oae1_0.last_modified_date,
        oae1_0.partner_expiry,
        oae1_0.username 
    from
        otp_audit_entries oae1_0
2025-11-20T15:41:45.051+05:30 DEBUG 33892 --- [Starter Project] [           main] org.hibernate.SQL                        : 
    insert 
    into
        otp_audit_entries
        (created_by, created_date, expires_on, issued_on, last_modified_by, last_modified_date, partner_expiry, username, id) 
    values
        (?, ?, ?, ?, ?, ?, ?, ?, ?)
Hibernate: 
    insert 
    into
        otp_audit_entries
        (created_by, created_date, expires_on, issued_on, last_modified_by, last_modified_date, partner_expiry, username, id) 
    values
        (?, ?, ?, ?, ?, ?, ?, ?, ?)
2025-11-20T15:41:45.052+05:30 DEBUG 33892 --- [Starter Project] [           main] org.hibernate.SQL                        : 
    insert 
    into
        otp_audit_entries
        (created_by, created_date, expires_on, issued_on, last_modified_by, last_modified_date, partner_expiry, username, id) 
    values
        (?, ?, ?, ?, ?, ?, ?, ?, ?)
Hibernate: 
    insert 
    into
        otp_audit_entries
        (created_by, created_date, expires_on, issued_on, last_modified_by, last_modified_date, partner_expiry, username, id) 
    values
        (?, ?, ?, ?, ?, ?, ?, ?, ?)
2025-11-20T15:41:45.052+05:30 DEBUG 33892 --- [Starter Project] [           main] org.hibernate.SQL                        : 
    insert 
    into
        otp_audit_entries
        (created_by, created_date, expires_on, issued_on, last_modified_by, last_modified_date, partner_expiry, username, id) 
    values
        (?, ?, ?, ?, ?, ?, ?, ?, ?)
Hibernate: 
    insert 
    into
        otp_audit_entries
        (created_by, created_date, expires_on, issued_on, last_modified_by, last_modified_date, partner_expiry, username, id) 
    values
        (?, ?, ?, ?, ?, ?, ?, ?, ?)
2025-11-20T15:41:45.054+05:30 DEBUG 33892 --- [Starter Project] [           main] org.hibernate.SQL                        : 
    select
        oae1_0.id,
        oae1_0.created_by,
        oae1_0.created_date,
        oae1_0.expires_on,
        oae1_0.issued_on,
        oae1_0.last_modified_by,
        oae1_0.last_modified_date,
        oae1_0.partner_expiry,
        oae1_0.username 
    from
        otp_audit_entries oae1_0
Hibernate: 
    select
        oae1_0.id,
        oae1_0.created_by,
        oae1_0.created_date,
        oae1_0.expires_on,
        oae1_0.issued_on,
        oae1_0.last_modified_by,
        oae1_0.last_modified_date,
        oae1_0.partner_expiry,
        oae1_0.username 
    from
        otp_audit_entries oae1_0
2025-11-20T15:41:45.062+05:30 DEBUG 33892 --- [Starter Project] [           main] org.hibernate.SQL                        : 
    select
        oae1_0.id,
        oae1_0.created_by,
        oae1_0.created_date,
        oae1_0.expires_on,
        oae1_0.issued_on,
        oae1_0.last_modified_by,
        oae1_0.last_modified_date,
        oae1_0.partner_expiry,
        oae1_0.username 
    from
        otp_audit_entries oae1_0
Hibernate: 
    select
        oae1_0.id,
        oae1_0.created_by,
        oae1_0.created_date,
        oae1_0.expires_on,
        oae1_0.issued_on,
        oae1_0.last_modified_by,
        oae1_0.last_modified_date,
        oae1_0.partner_expiry,
        oae1_0.username 
    from
        otp_audit_entries oae1_0
2025-11-20T15:41:45.064+05:30 DEBUG 33892 --- [Starter Project] [           main] org.hibernate.SQL                        : 
    insert 
    into
        otp_audit_entries
        (created_by, created_date, expires_on, issued_on, last_modified_by, last_modified_date, partner_expiry, username, id) 
    values
        (?, ?, ?, ?, ?, ?, ?, ?, ?)
Hibernate: 
    insert 
    into
        otp_audit_entries
        (created_by, created_date, expires_on, issued_on, last_modified_by, last_modified_date, partner_expiry, username, id) 
    values
        (?, ?, ?, ?, ?, ?, ?, ?, ?)
2025-11-20T15:41:45.065+05:30 DEBUG 33892 --- [Starter Project] [           main] org.hibernate.SQL                        : 
    insert 
    into
        otp_audit_entries
        (created_by, created_date, expires_on, issued_on, last_modified_by, last_modified_date, partner_expiry, username, id) 
    values
        (?, ?, ?, ?, ?, ?, ?, ?, ?)
Hibernate: 
    insert 
    into
        otp_audit_entries
        (created_by, created_date, expires_on, issued_on, last_modified_by, last_modified_date, partner_expiry, username, id) 
    values
        (?, ?, ?, ?, ?, ?, ?, ?, ?)
2025-11-20T15:41:45.066+05:30 DEBUG 33892 --- [Starter Project] [           main] org.hibernate.SQL                        : 
    insert 
    into
        otp_audit_entries
        (created_by, created_date, expires_on, issued_on, last_modified_by, last_modified_date, partner_expiry, username, id) 
    values
        (?, ?, ?, ?, ?, ?, ?, ?, ?)
Hibernate: 
    insert 
    into
        otp_audit_entries
        (created_by, created_date, expires_on, issued_on, last_modified_by, last_modified_date, partner_expiry, username, id) 
    values
        (?, ?, ?, ?, ?, ?, ?, ?, ?)
2025-11-20T15:41:45.068+05:30 DEBUG 33892 --- [Starter Project] [           main] org.hibernate.SQL                        : 
    select
        oae1_0.id,
        oae1_0.created_by,
        oae1_0.created_date,
        oae1_0.expires_on,
        oae1_0.issued_on,
        oae1_0.last_modified_by,
        oae1_0.last_modified_date,
        oae1_0.partner_expiry,
        oae1_0.username 
    from
        otp_audit_entries oae1_0 
    where
        oae1_0.id=?
Hibernate: 
    select
        oae1_0.id,
        oae1_0.created_by,
        oae1_0.created_date,
        oae1_0.expires_on,
        oae1_0.issued_on,
        oae1_0.last_modified_by,
        oae1_0.last_modified_date,
        oae1_0.partner_expiry,
        oae1_0.username 
    from
        otp_audit_entries oae1_0 
    where
        oae1_0.id=?
2025-11-20T15:41:45.082+05:30 DEBUG 33892 --- [Starter Project] [           main] org.hibernate.SQL                        : 
    select
        oae1_0.id,
        oae1_0.created_by,
        oae1_0.created_date,
        oae1_0.expires_on,
        oae1_0.issued_on,
        oae1_0.last_modified_by,
        oae1_0.last_modified_date,
        oae1_0.partner_expiry,
        oae1_0.username 
    from
        otp_audit_entries oae1_0
Hibernate: 
    select
        oae1_0.id,
        oae1_0.created_by,
        oae1_0.created_date,
        oae1_0.expires_on,
        oae1_0.issued_on,
        oae1_0.last_modified_by,
        oae1_0.last_modified_date,
        oae1_0.partner_expiry,
        oae1_0.username 
    from
        otp_audit_entries oae1_0
2025-11-20T15:41:45.085+05:30 DEBUG 33892 --- [Starter Project] [           main] org.hibernate.SQL                        : 
    insert 
    into
        otp_audit_entries
        (created_by, created_date, expires_on, issued_on, last_modified_by, last_modified_date, partner_expiry, username, id) 
    values
        (?, ?, ?, ?, ?, ?, ?, ?, ?)
Hibernate: 
    insert 
    into
        otp_audit_entries
        (created_by, created_date, expires_on, issued_on, last_modified_by, last_modified_date, partner_expiry, username, id) 
    values
        (?, ?, ?, ?, ?, ?, ?, ?, ?)
2025-11-20T15:41:45.087+05:30 DEBUG 33892 --- [Starter Project] [           main] org.hibernate.SQL                        : 
    insert 
    into
        otp_audit_entries
        (created_by, created_date, expires_on, issued_on, last_modified_by, last_modified_date, partner_expiry, username, id) 
    values
        (?, ?, ?, ?, ?, ?, ?, ?, ?)
Hibernate: 
    insert 
    into
        otp_audit_entries
        (created_by, created_date, expires_on, issued_on, last_modified_by, last_modified_date, partner_expiry, username, id) 
    values
        (?, ?, ?, ?, ?, ?, ?, ?, ?)
2025-11-20T15:41:45.088+05:30 DEBUG 33892 --- [Starter Project] [           main] org.hibernate.SQL                        : 
    insert 
    into
        otp_audit_entries
        (created_by, created_date, expires_on, issued_on, last_modified_by, last_modified_date, partner_expiry, username, id) 
    values
        (?, ?, ?, ?, ?, ?, ?, ?, ?)
Hibernate: 
    insert 
    into
        otp_audit_entries
        (created_by, created_date, expires_on, issued_on, last_modified_by, last_modified_date, partner_expiry, username, id) 
    values
        (?, ?, ?, ?, ?, ?, ?, ?, ?)
2025-11-20T15:41:45.091+05:30 DEBUG 33892 --- [Starter Project] [           main] org.hibernate.SQL                        : 
    select
        oae1_0.id,
        oae1_0.created_by,
        oae1_0.created_date,
        oae1_0.expires_on,
        oae1_0.issued_on,
        oae1_0.last_modified_by,
        oae1_0.last_modified_date,
        oae1_0.partner_expiry,
        oae1_0.username 
    from
        otp_audit_entries oae1_0 
    where
        oae1_0.expires_on<?
Hibernate: 
    select
        oae1_0.id,
        oae1_0.created_by,
        oae1_0.created_date,
        oae1_0.expires_on,
        oae1_0.issued_on,
        oae1_0.last_modified_by,
        oae1_0.last_modified_date,
        oae1_0.partner_expiry,
        oae1_0.username 
    from
        otp_audit_entries oae1_0 
    where
        oae1_0.expires_on<?
2025-11-20T15:41:45.100+05:30 DEBUG 33892 --- [Starter Project] [           main] org.hibernate.SQL                        : 
    select
        oae1_0.id,
        oae1_0.created_by,
        oae1_0.created_date,
        oae1_0.expires_on,
        oae1_0.issued_on,
        oae1_0.last_modified_by,
        oae1_0.last_modified_date,
        oae1_0.partner_expiry,
        oae1_0.username 
    from
        otp_audit_entries oae1_0
Hibernate: 
    select
        oae1_0.id,
        oae1_0.created_by,
        oae1_0.created_date,
        oae1_0.expires_on,
        oae1_0.issued_on,
        oae1_0.last_modified_by,
        oae1_0.last_modified_date,
        oae1_0.partner_expiry,
        oae1_0.username 
    from
        otp_audit_entries oae1_0
2025-11-20T15:41:45.104+05:30 DEBUG 33892 --- [Starter Project] [           main] org.hibernate.SQL                        : 
    insert 
    into
        otp_audit_entries
        (created_by, created_date, expires_on, issued_on, last_modified_by, last_modified_date, partner_expiry, username, id) 
    values
        (?, ?, ?, ?, ?, ?, ?, ?, ?)
Hibernate: 
    insert 
    into
        otp_audit_entries
        (created_by, created_date, expires_on, issued_on, last_modified_by, last_modified_date, partner_expiry, username, id) 
    values
        (?, ?, ?, ?, ?, ?, ?, ?, ?)
2025-11-20T15:41:45.106+05:30 DEBUG 33892 --- [Starter Project] [           main] org.hibernate.SQL                        : 
    insert 
    into
        otp_audit_entries
        (created_by, created_date, expires_on, issued_on, last_modified_by, last_modified_date, partner_expiry, username, id) 
    values
        (?, ?, ?, ?, ?, ?, ?, ?, ?)
Hibernate: 
    insert 
    into
        otp_audit_entries
        (created_by, created_date, expires_on, issued_on, last_modified_by, last_modified_date, partner_expiry, username, id) 
    values
        (?, ?, ?, ?, ?, ?, ?, ?, ?)
2025-11-20T15:41:45.108+05:30 DEBUG 33892 --- [Starter Project] [           main] org.hibernate.SQL                        : 
    insert 
    into
        otp_audit_entries
        (created_by, created_date, expires_on, issued_on, last_modified_by, last_modified_date, partner_expiry, username, id) 
    values
        (?, ?, ?, ?, ?, ?, ?, ?, ?)
Hibernate: 
    insert 
    into
        otp_audit_entries
        (created_by, created_date, expires_on, issued_on, last_modified_by, last_modified_date, partner_expiry, username, id) 
    values
        (?, ?, ?, ?, ?, ?, ?, ?, ?)
2025-11-20T15:41:45.110+05:30 DEBUG 33892 --- [Starter Project] [           main] org.hibernate.SQL                        : 
    insert 
    into
        otp_audit_entries
        (created_by, created_date, expires_on, issued_on, last_modified_by, last_modified_date, partner_expiry, username, id) 
    values
        (?, ?, ?, ?, ?, ?, ?, ?, ?)
Hibernate: 
    insert 
    into
        otp_audit_entries
        (created_by, created_date, expires_on, issued_on, last_modified_by, last_modified_date, partner_expiry, username, id) 
    values
        (?, ?, ?, ?, ?, ?, ?, ?, ?)
2025-11-20T15:41:45.113+05:30 DEBUG 33892 --- [Starter Project] [           main] org.hibernate.SQL                        : 
    select
        oae1_0.id,
        oae1_0.created_by,
        oae1_0.created_date,
        oae1_0.expires_on,
        oae1_0.issued_on,
        oae1_0.last_modified_by,
        oae1_0.last_modified_date,
        oae1_0.partner_expiry,
        oae1_0.username 
    from
        otp_audit_entries oae1_0 
    where
        oae1_0.expires_on<?
Hibernate: 
    select
        oae1_0.id,
        oae1_0.created_by,
        oae1_0.created_date,
        oae1_0.expires_on,
        oae1_0.issued_on,
        oae1_0.last_modified_by,
        oae1_0.last_modified_date,
        oae1_0.partner_expiry,
        oae1_0.username 
    from
        otp_audit_entries oae1_0 
    where
        oae1_0.expires_on<?
2025-11-20T15:41:45.115+05:30 DEBUG 33892 --- [Starter Project] [           main] org.hibernate.SQL                        : 
    delete 
    from
        otp_audit_entries 
    where
        id=?
Hibernate: 
    delete 
    from
        otp_audit_entries 
    where
        id=?
2025-11-20T15:41:45.116+05:30 DEBUG 33892 --- [Starter Project] [           main] org.hibernate.SQL                        : 
    delete 
    from
        otp_audit_entries 
    where
        id=?
Hibernate: 
    delete 
    from
        otp_audit_entries 
    where
        id=?
2025-11-20T15:41:45.117+05:30 DEBUG 33892 --- [Starter Project] [           main] org.hibernate.SQL                        : 
    select
        count(*) 
    from
        otp_audit_entries oae1_0
Hibernate: 
    select
        count(*) 
    from
        otp_audit_entries oae1_0
2025-11-20T15:41:45.128+05:30 DEBUG 33892 --- [Starter Project] [           main] org.hibernate.SQL                        : 
    select
        oae1_0.id,
        oae1_0.created_by,
        oae1_0.created_date,
        oae1_0.expires_on,
        oae1_0.issued_on,
        oae1_0.last_modified_by,
        oae1_0.last_modified_date,
        oae1_0.partner_expiry,
        oae1_0.username 
    from
        otp_audit_entries oae1_0
Hibernate: 
    select
        oae1_0.id,
        oae1_0.created_by,
        oae1_0.created_date,
        oae1_0.expires_on,
        oae1_0.issued_on,
        oae1_0.last_modified_by,
        oae1_0.last_modified_date,
        oae1_0.partner_expiry,
        oae1_0.username 
    from
        otp_audit_entries oae1_0
2025-11-20T15:41:45.132+05:30 DEBUG 33892 --- [Starter Project] [           main] org.hibernate.SQL                        : 
    insert 
    into
        otp_audit_entries
        (created_by, created_date, expires_on, issued_on, last_modified_by, last_modified_date, partner_expiry, username, id) 
    values
        (?, ?, ?, ?, ?, ?, ?, ?, ?)
Hibernate: 
    insert 
    into
        otp_audit_entries
        (created_by, created_date, expires_on, issued_on, last_modified_by, last_modified_date, partner_expiry, username, id) 
    values
        (?, ?, ?, ?, ?, ?, ?, ?, ?)
2025-11-20T15:41:45.133+05:30 DEBUG 33892 --- [Starter Project] [           main] org.hibernate.SQL                        : 
    insert 
    into
        otp_audit_entries
        (created_by, created_date, expires_on, issued_on, last_modified_by, last_modified_date, partner_expiry, username, id) 
    values
        (?, ?, ?, ?, ?, ?, ?, ?, ?)
Hibernate: 
    insert 
    into
        otp_audit_entries
        (created_by, created_date, expires_on, issued_on, last_modified_by, last_modified_date, partner_expiry, username, id) 
    values
        (?, ?, ?, ?, ?, ?, ?, ?, ?)
2025-11-20T15:41:45.134+05:30 DEBUG 33892 --- [Starter Project] [           main] org.hibernate.SQL                        : 
    insert 
    into
        otp_audit_entries
        (created_by, created_date, expires_on, issued_on, last_modified_by, last_modified_date, partner_expiry, username, id) 
    values
        (?, ?, ?, ?, ?, ?, ?, ?, ?)
Hibernate: 
    insert 
    into
        otp_audit_entries
        (created_by, created_date, expires_on, issued_on, last_modified_by, last_modified_date, partner_expiry, username, id) 
    values
        (?, ?, ?, ?, ?, ?, ?, ?, ?)
2025-11-20T15:41:45.146+05:30 DEBUG 33892 --- [Starter Project] [           main] org.hibernate.SQL                        : 
    select
        oae1_0.id,
        oae1_0.created_by,
        oae1_0.created_date,
        oae1_0.expires_on,
        oae1_0.issued_on,
        oae1_0.last_modified_by,
        oae1_0.last_modified_date,
        oae1_0.partner_expiry,
        oae1_0.username 
    from
        otp_audit_entries oae1_0
Hibernate: 
    select
        oae1_0.id,
        oae1_0.created_by,
        oae1_0.created_date,
        oae1_0.expires_on,
        oae1_0.issued_on,
        oae1_0.last_modified_by,
        oae1_0.last_modified_date,
        oae1_0.partner_expiry,
        oae1_0.username 
    from
        otp_audit_entries oae1_0
2025-11-20T15:41:45.150+05:30 DEBUG 33892 --- [Starter Project] [           main] org.hibernate.SQL                        : 
    insert 
    into
        otp_audit_entries
        (created_by, created_date, expires_on, issued_on, last_modified_by, last_modified_date, partner_expiry, username, id) 
    values
        (?, ?, ?, ?, ?, ?, ?, ?, ?)
Hibernate: 
    insert 
    into
        otp_audit_entries
        (created_by, created_date, expires_on, issued_on, last_modified_by, last_modified_date, partner_expiry, username, id) 
    values
        (?, ?, ?, ?, ?, ?, ?, ?, ?)
2025-11-20T15:41:45.152+05:30 DEBUG 33892 --- [Starter Project] [           main] org.hibernate.SQL                        : 
    insert 
    into
        otp_audit_entries
        (created_by, created_date, expires_on, issued_on, last_modified_by, last_modified_date, partner_expiry, username, id) 
    values
        (?, ?, ?, ?, ?, ?, ?, ?, ?)
Hibernate: 
    insert 
    into
        otp_audit_entries
        (created_by, created_date, expires_on, issued_on, last_modified_by, last_modified_date, partner_expiry, username, id) 
    values
        (?, ?, ?, ?, ?, ?, ?, ?, ?)
2025-11-20T15:41:45.153+05:30 DEBUG 33892 --- [Starter Project] [           main] org.hibernate.SQL                        : 
    insert 
    into
        otp_audit_entries
        (created_by, created_date, expires_on, issued_on, last_modified_by, last_modified_date, partner_expiry, username, id) 
    values
        (?, ?, ?, ?, ?, ?, ?, ?, ?)
Hibernate: 
    insert 
    into
        otp_audit_entries
        (created_by, created_date, expires_on, issued_on, last_modified_by, last_modified_date, partner_expiry, username, id) 
    values
        (?, ?, ?, ?, ?, ?, ?, ?, ?)
2025-11-20T15:41:45.156+05:30 DEBUG 33892 --- [Starter Project] [           main] org.hibernate.SQL                        : 
    delete 
    from
        otp_audit_entries 
    where
        id=?
Hibernate: 
    delete 
    from
        otp_audit_entries 
    where
        id=?
2025-11-20T15:41:45.157+05:30 DEBUG 33892 --- [Starter Project] [           main] org.hibernate.SQL                        : 
    select
        oae1_0.id,
        oae1_0.created_by,
        oae1_0.created_date,
        oae1_0.expires_on,
        oae1_0.issued_on,
        oae1_0.last_modified_by,
        oae1_0.last_modified_date,
        oae1_0.partner_expiry,
        oae1_0.username 
    from
        otp_audit_entries oae1_0 
    where
        oae1_0.id=?
Hibernate: 
    select
        oae1_0.id,
        oae1_0.created_by,
        oae1_0.created_date,
        oae1_0.expires_on,
        oae1_0.issued_on,
        oae1_0.last_modified_by,
        oae1_0.last_modified_date,
        oae1_0.partner_expiry,
        oae1_0.username 
    from
        otp_audit_entries oae1_0 
    where
        oae1_0.id=?
2025-11-20T15:41:45.167+05:30 DEBUG 33892 --- [Starter Project] [           main] org.hibernate.SQL                        : 
    select
        oae1_0.id,
        oae1_0.created_by,
        oae1_0.created_date,
        oae1_0.expires_on,
        oae1_0.issued_on,
        oae1_0.last_modified_by,
        oae1_0.last_modified_date,
        oae1_0.partner_expiry,
        oae1_0.username 
    from
        otp_audit_entries oae1_0
Hibernate: 
    select
        oae1_0.id,
        oae1_0.created_by,
        oae1_0.created_date,
        oae1_0.expires_on,
        oae1_0.issued_on,
        oae1_0.last_modified_by,
        oae1_0.last_modified_date,
        oae1_0.partner_expiry,
        oae1_0.username 
    from
        otp_audit_entries oae1_0
2025-11-20T15:41:45.170+05:30 DEBUG 33892 --- [Starter Project] [           main] org.hibernate.SQL                        : 
    insert 
    into
        otp_audit_entries
        (created_by, created_date, expires_on, issued_on, last_modified_by, last_modified_date, partner_expiry, username, id) 
    values
        (?, ?, ?, ?, ?, ?, ?, ?, ?)
Hibernate: 
    insert 
    into
        otp_audit_entries
        (created_by, created_date, expires_on, issued_on, last_modified_by, last_modified_date, partner_expiry, username, id) 
    values
        (?, ?, ?, ?, ?, ?, ?, ?, ?)
2025-11-20T15:41:45.173+05:30 DEBUG 33892 --- [Starter Project] [           main] org.hibernate.SQL                        : 
    insert 
    into
        otp_audit_entries
        (created_by, created_date, expires_on, issued_on, last_modified_by, last_modified_date, partner_expiry, username, id) 
    values
        (?, ?, ?, ?, ?, ?, ?, ?, ?)
Hibernate: 
    insert 
    into
        otp_audit_entries
        (created_by, created_date, expires_on, issued_on, last_modified_by, last_modified_date, partner_expiry, username, id) 
    values
        (?, ?, ?, ?, ?, ?, ?, ?, ?)
2025-11-20T15:41:45.175+05:30 DEBUG 33892 --- [Starter Project] [           main] org.hibernate.SQL                        : 
    insert 
    into
        otp_audit_entries
        (created_by, created_date, expires_on, issued_on, last_modified_by, last_modified_date, partner_expiry, username, id) 
    values
        (?, ?, ?, ?, ?, ?, ?, ?, ?)
Hibernate: 
    insert 
    into
        otp_audit_entries
        (created_by, created_date, expires_on, issued_on, last_modified_by, last_modified_date, partner_expiry, username, id) 
    values
        (?, ?, ?, ?, ?, ?, ?, ?, ?)
2025-11-20T15:41:45.178+05:30 DEBUG 33892 --- [Starter Project] [           main] org.hibernate.SQL                        : 
    select
        oae1_0.id,
        oae1_0.created_by,
        oae1_0.created_date,
        oae1_0.expires_on,
        oae1_0.issued_on,
        oae1_0.last_modified_by,
        oae1_0.last_modified_date,
        oae1_0.partner_expiry,
        oae1_0.username 
    from
        otp_audit_entries oae1_0 
    where
        oae1_0.expires_on<?
Hibernate: 
    select
        oae1_0.id,
        oae1_0.created_by,
        oae1_0.created_date,
        oae1_0.expires_on,
        oae1_0.issued_on,
        oae1_0.last_modified_by,
        oae1_0.last_modified_date,
        oae1_0.partner_expiry,
        oae1_0.username 
    from
        otp_audit_entries oae1_0 
    where
        oae1_0.expires_on<?
2025-11-20T15:41:45.179+05:30 DEBUG 33892 --- [Starter Project] [           main] org.hibernate.SQL                        : 
    delete 
    from
        otp_audit_entries 
    where
        id=?
Hibernate: 
    delete 
    from
        otp_audit_entries 
    where
        id=?
2025-11-20T15:41:45.180+05:30 DEBUG 33892 --- [Starter Project] [           main] org.hibernate.SQL                        : 
    select
        oae1_0.id,
        oae1_0.created_by,
        oae1_0.created_date,
        oae1_0.expires_on,
        oae1_0.issued_on,
        oae1_0.last_modified_by,
        oae1_0.last_modified_date,
        oae1_0.partner_expiry,
        oae1_0.username 
    from
        otp_audit_entries oae1_0 
    where
        oae1_0.id=?
Hibernate: 
    select
        oae1_0.id,
        oae1_0.created_by,
        oae1_0.created_date,
        oae1_0.expires_on,
        oae1_0.issued_on,
        oae1_0.last_modified_by,
        oae1_0.last_modified_date,
        oae1_0.partner_expiry,
        oae1_0.username 
    from
        otp_audit_entries oae1_0 
    where
        oae1_0.id=?
[INFO] Tests run: 10, Failures: 0, Errors: 0, Skipped: 0, Time elapsed: 0.229 s -- in com.starter.springboot.repository.OtpAuditEntryRepositoryTest
[INFO] Running com.starter.springboot.repository.RefreshTokenRepositoryTest
2025-11-20T15:41:45.189+05:30 DEBUG 33892 --- [Starter Project] [           main] b.t.a.o.j.DataJpaTestContextBootstrapper : Neither @ContextConfiguration nor @ContextHierarchy found for test class [RefreshTokenRepositoryTest]: using SpringBootContextLoader
2025-11-20T15:41:45.190+05:30  INFO 33892 --- [Starter Project] [           main] t.c.s.AnnotationConfigContextLoaderUtils : Could not detect default configuration classes for test class [com.starter.springboot.repository.RefreshTokenRepositoryTest]: RefreshTokenRepositoryTest does not declare any static, non-private, non-final, nested classes annotated with @Configuration.
2025-11-20T15:41:45.191+05:30 DEBUG 33892 --- [Starter Project] [           main] b.t.a.o.j.DataJpaTestContextBootstrapper : Using ContextCustomizerFactory implementations for test class [RefreshTokenRepositoryTest]: [ImportsContextCustomizerFactory, ExcludeFilterContextCustomizerFactory, HttpGraphQlTesterContextCustomizerFactory, DuplicateJsonObjectContextCustomizerFactory, MockitoContextCustomizerFactory, TestRestTemplateContextCustomizerFactory, WebTestClientContextCustomizerFactory, OverrideAutoConfigurationContextCustomizerFactory, ObservabilityContextCustomizerFactory, TypeExcludeFiltersContextCustomizerFactory, PropertyMappingContextCustomizerFactory, WebDriverContextCustomizerFactory, MockServerContainerContextCustomizerFactory, DynamicPropertiesContextCustomizerFactory]
2025-11-20T15:41:45.207+05:30 DEBUG 33892 --- [Starter Project] [           main] b.t.a.o.j.DataJpaTestContextBootstrapper : Using ContextCustomizers for test class [RefreshTokenRepositoryTest]: [ImportsContextCustomizer, ExcludeFilterContextCustomizer, DuplicateJsonObjectContextCustomizer, MockitoContextCustomizer, DisableAutoConfigurationContextCustomizer, DisableObservabilityContextCustomizer, TypeExcludeFiltersContextCustomizer, PropertyMappingContextCustomizer, WebDriverContextCustomizer]
2025-11-20T15:41:45.208+05:30  INFO 33892 --- [Starter Project] [           main] .b.t.c.SpringBootTestContextBootstrapper : Found @SpringBootConfiguration com.starter.springboot.Application for test class com.starter.springboot.repository.RefreshTokenRepositoryTest
2025-11-20T15:41:45.208+05:30 DEBUG 33892 --- [Starter Project] [           main] b.t.a.o.j.DataJpaTestContextBootstrapper : Using TestExecutionListeners for test class [RefreshTokenRepositoryTest]: [ServletTestExecutionListener, DirtiesContextBeforeModesTestExecutionListener, ApplicationEventsTestExecutionListener, MockitoTestExecutionListener, DependencyInjectionTestExecutionListener, DirtiesContextTestExecutionListener, TransactionalTestExecutionListener, SqlScriptsTestExecutionListener, EventPublishingTestExecutionListener, WithSecurityContextTestExecutionListener, ReactorContextTestExecutionListener, ResetMocksTestExecutionListener, RestDocsTestExecutionListener, MockRestServiceServerResetTestExecutionListener, MockMvcPrintOnlyOnFailureTestExecutionListener, WebDriverTestExecutionListener, MockWebServiceServerTestExecutionListener]
2025-11-20T15:41:45.216+05:30 DEBUG 33892 --- [Starter Project] [           main] org.hibernate.SQL                        : 
    select
        rt1_0.id,
        rt1_0.created_at,
        rt1_0.expires_at,
        rt1_0.replaced_by_token,
        rt1_0.revoked_at,
        rt1_0.token,
        rt1_0.user_id 
    from
        refresh_tokens rt1_0
Hibernate: 
    select
        rt1_0.id,
        rt1_0.created_at,
        rt1_0.expires_at,
        rt1_0.replaced_by_token,
        rt1_0.revoked_at,
        rt1_0.token,
        rt1_0.user_id 
    from
        refresh_tokens rt1_0
2025-11-20T15:41:45.228+05:30 DEBUG 33892 --- [Starter Project] [           main] org.hibernate.SQL                        : 
    insert 
    into
        refresh_tokens
        (created_at, expires_at, replaced_by_token, revoked_at, token, user_id, id) 
    values
        (?, ?, ?, ?, ?, ?, default)
Hibernate: 
    insert 
    into
        refresh_tokens
        (created_at, expires_at, replaced_by_token, revoked_at, token, user_id, id) 
    values
        (?, ?, ?, ?, ?, ?, default)
2025-11-20T15:41:45.247+05:30 DEBUG 33892 --- [Starter Project] [           main] org.hibernate.SQL                        : 
    insert 
    into
        refresh_tokens
        (created_at, expires_at, replaced_by_token, revoked_at, token, user_id, id) 
    values
        (?, ?, ?, ?, ?, ?, default)
Hibernate: 
    insert 
    into
        refresh_tokens
        (created_at, expires_at, replaced_by_token, revoked_at, token, user_id, id) 
    values
        (?, ?, ?, ?, ?, ?, default)
2025-11-20T15:41:45.249+05:30 DEBUG 33892 --- [Starter Project] [           main] org.hibernate.SQL                        : 
    insert 
    into
        refresh_tokens
        (created_at, expires_at, replaced_by_token, revoked_at, token, user_id, id) 
    values
        (?, ?, ?, ?, ?, ?, default)
Hibernate: 
    insert 
    into
        refresh_tokens
        (created_at, expires_at, replaced_by_token, revoked_at, token, user_id, id) 
    values
        (?, ?, ?, ?, ?, ?, default)
2025-11-20T15:41:45.267+05:30 DEBUG 33892 --- [Starter Project] [           main] org.hibernate.SQL                        : 
    update
        refresh_tokens 
    set
        revoked_at=? 
    where
        user_id=? 
        and revoked_at is null 
        and expires_at>?
Hibernate: 
    update
        refresh_tokens 
    set
        revoked_at=? 
    where
        user_id=? 
        and revoked_at is null 
        and expires_at>?
2025-11-20T15:41:45.270+05:30 DEBUG 33892 --- [Starter Project] [           main] org.hibernate.SQL                        : 
    select
        rt1_0.id,
        rt1_0.created_at,
        rt1_0.expires_at,
        rt1_0.replaced_by_token,
        rt1_0.revoked_at,
        rt1_0.token,
        rt1_0.user_id 
    from
        refresh_tokens rt1_0 
    where
        rt1_0.id=?
Hibernate: 
    select
        rt1_0.id,
        rt1_0.created_at,
        rt1_0.expires_at,
        rt1_0.replaced_by_token,
        rt1_0.revoked_at,
        rt1_0.token,
        rt1_0.user_id 
    from
        refresh_tokens rt1_0 
    where
        rt1_0.id=?
2025-11-20T15:41:45.282+05:30 DEBUG 33892 --- [Starter Project] [           main] org.hibernate.SQL                        : 
    select
        rt1_0.id,
        rt1_0.created_at,
        rt1_0.expires_at,
        rt1_0.replaced_by_token,
        rt1_0.revoked_at,
        rt1_0.token,
        rt1_0.user_id 
    from
        refresh_tokens rt1_0
Hibernate: 
    select
        rt1_0.id,
        rt1_0.created_at,
        rt1_0.expires_at,
        rt1_0.replaced_by_token,
        rt1_0.revoked_at,
        rt1_0.token,
        rt1_0.user_id 
    from
        refresh_tokens rt1_0
2025-11-20T15:41:45.284+05:30 DEBUG 33892 --- [Starter Project] [           main] org.hibernate.SQL                        : 
    insert 
    into
        refresh_tokens
        (created_at, expires_at, replaced_by_token, revoked_at, token, user_id, id) 
    values
        (?, ?, ?, ?, ?, ?, default)
Hibernate: 
    insert 
    into
        refresh_tokens
        (created_at, expires_at, replaced_by_token, revoked_at, token, user_id, id) 
    values
        (?, ?, ?, ?, ?, ?, default)
2025-11-20T15:41:45.286+05:30 DEBUG 33892 --- [Starter Project] [           main] org.hibernate.SQL                        : 
    insert 
    into
        refresh_tokens
        (created_at, expires_at, replaced_by_token, revoked_at, token, user_id, id) 
    values
        (?, ?, ?, ?, ?, ?, default)
Hibernate: 
    insert 
    into
        refresh_tokens
        (created_at, expires_at, replaced_by_token, revoked_at, token, user_id, id) 
    values
        (?, ?, ?, ?, ?, ?, default)
2025-11-20T15:41:45.287+05:30 DEBUG 33892 --- [Starter Project] [           main] org.hibernate.SQL                        : 
    insert 
    into
        refresh_tokens
        (created_at, expires_at, replaced_by_token, revoked_at, token, user_id, id) 
    values
        (?, ?, ?, ?, ?, ?, default)
Hibernate: 
    insert 
    into
        refresh_tokens
        (created_at, expires_at, replaced_by_token, revoked_at, token, user_id, id) 
    values
        (?, ?, ?, ?, ?, ?, default)
2025-11-20T15:41:45.291+05:30 DEBUG 33892 --- [Starter Project] [           main] org.hibernate.SQL                        : 
    select
        rt1_0.id,
        rt1_0.created_at,
        rt1_0.expires_at,
        rt1_0.replaced_by_token,
        rt1_0.revoked_at,
        rt1_0.token,
        rt1_0.user_id 
    from
        refresh_tokens rt1_0 
    where
        rt1_0.token=? 
        and rt1_0.revoked_at is null 
        and rt1_0.expires_at>?
Hibernate: 
    select
        rt1_0.id,
        rt1_0.created_at,
        rt1_0.expires_at,
        rt1_0.replaced_by_token,
        rt1_0.revoked_at,
        rt1_0.token,
        rt1_0.user_id 
    from
        refresh_tokens rt1_0 
    where
        rt1_0.token=? 
        and rt1_0.revoked_at is null 
        and rt1_0.expires_at>?
2025-11-20T15:41:45.301+05:30 DEBUG 33892 --- [Starter Project] [           main] org.hibernate.SQL                        : 
    select
        rt1_0.id,
        rt1_0.created_at,
        rt1_0.expires_at,
        rt1_0.replaced_by_token,
        rt1_0.revoked_at,
        rt1_0.token,
        rt1_0.user_id 
    from
        refresh_tokens rt1_0
Hibernate: 
    select
        rt1_0.id,
        rt1_0.created_at,
        rt1_0.expires_at,
        rt1_0.replaced_by_token,
        rt1_0.revoked_at,
        rt1_0.token,
        rt1_0.user_id 
    from
        refresh_tokens rt1_0
2025-11-20T15:41:45.304+05:30 DEBUG 33892 --- [Starter Project] [           main] org.hibernate.SQL                        : 
    insert 
    into
        refresh_tokens
        (created_at, expires_at, replaced_by_token, revoked_at, token, user_id, id) 
    values
        (?, ?, ?, ?, ?, ?, default)
Hibernate: 
    insert 
    into
        refresh_tokens
        (created_at, expires_at, replaced_by_token, revoked_at, token, user_id, id) 
    values
        (?, ?, ?, ?, ?, ?, default)
2025-11-20T15:41:45.307+05:30 DEBUG 33892 --- [Starter Project] [           main] org.hibernate.SQL                        : 
    insert 
    into
        refresh_tokens
        (created_at, expires_at, replaced_by_token, revoked_at, token, user_id, id) 
    values
        (?, ?, ?, ?, ?, ?, default)
Hibernate: 
    insert 
    into
        refresh_tokens
        (created_at, expires_at, replaced_by_token, revoked_at, token, user_id, id) 
    values
        (?, ?, ?, ?, ?, ?, default)
2025-11-20T15:41:45.308+05:30 DEBUG 33892 --- [Starter Project] [           main] org.hibernate.SQL                        : 
    insert 
    into
        refresh_tokens
        (created_at, expires_at, replaced_by_token, revoked_at, token, user_id, id) 
    values
        (?, ?, ?, ?, ?, ?, default)
Hibernate: 
    insert 
    into
        refresh_tokens
        (created_at, expires_at, replaced_by_token, revoked_at, token, user_id, id) 
    values
        (?, ?, ?, ?, ?, ?, default)
2025-11-20T15:41:45.322+05:30 DEBUG 33892 --- [Starter Project] [           main] org.hibernate.SQL                        : 
    delete 
    from
        refresh_tokens 
    where
        expires_at<?
Hibernate: 
    delete 
    from
        refresh_tokens 
    where
        expires_at<?
2025-11-20T15:41:45.323+05:30 DEBUG 33892 --- [Starter Project] [           main] org.hibernate.SQL                        : 
    select
        rt1_0.id,
        rt1_0.created_at,
        rt1_0.expires_at,
        rt1_0.replaced_by_token,
        rt1_0.revoked_at,
        rt1_0.token,
        rt1_0.user_id 
    from
        refresh_tokens rt1_0 
    where
        rt1_0.id=?
Hibernate: 
    select
        rt1_0.id,
        rt1_0.created_at,
        rt1_0.expires_at,
        rt1_0.replaced_by_token,
        rt1_0.revoked_at,
        rt1_0.token,
        rt1_0.user_id 
    from
        refresh_tokens rt1_0 
    where
        rt1_0.id=?
2025-11-20T15:41:45.333+05:30 DEBUG 33892 --- [Starter Project] [           main] org.hibernate.SQL                        : 
    select
        rt1_0.id,
        rt1_0.created_at,
        rt1_0.expires_at,
        rt1_0.replaced_by_token,
        rt1_0.revoked_at,
        rt1_0.token,
        rt1_0.user_id 
    from
        refresh_tokens rt1_0
Hibernate: 
    select
        rt1_0.id,
        rt1_0.created_at,
        rt1_0.expires_at,
        rt1_0.replaced_by_token,
        rt1_0.revoked_at,
        rt1_0.token,
        rt1_0.user_id 
    from
        refresh_tokens rt1_0
2025-11-20T15:41:45.335+05:30 DEBUG 33892 --- [Starter Project] [           main] org.hibernate.SQL                        : 
    insert 
    into
        refresh_tokens
        (created_at, expires_at, replaced_by_token, revoked_at, token, user_id, id) 
    values
        (?, ?, ?, ?, ?, ?, default)
Hibernate: 
    insert 
    into
        refresh_tokens
        (created_at, expires_at, replaced_by_token, revoked_at, token, user_id, id) 
    values
        (?, ?, ?, ?, ?, ?, default)
2025-11-20T15:41:45.337+05:30 DEBUG 33892 --- [Starter Project] [           main] org.hibernate.SQL                        : 
    insert 
    into
        refresh_tokens
        (created_at, expires_at, replaced_by_token, revoked_at, token, user_id, id) 
    values
        (?, ?, ?, ?, ?, ?, default)
Hibernate: 
    insert 
    into
        refresh_tokens
        (created_at, expires_at, replaced_by_token, revoked_at, token, user_id, id) 
    values
        (?, ?, ?, ?, ?, ?, default)
2025-11-20T15:41:45.338+05:30 DEBUG 33892 --- [Starter Project] [           main] org.hibernate.SQL                        : 
    insert 
    into
        refresh_tokens
        (created_at, expires_at, replaced_by_token, revoked_at, token, user_id, id) 
    values
        (?, ?, ?, ?, ?, ?, default)
Hibernate: 
    insert 
    into
        refresh_tokens
        (created_at, expires_at, replaced_by_token, revoked_at, token, user_id, id) 
    values
        (?, ?, ?, ?, ?, ?, default)
2025-11-20T15:41:45.342+05:30 DEBUG 33892 --- [Starter Project] [           main] org.hibernate.SQL                        : 
    select
        rt1_0.id,
        rt1_0.created_at,
        rt1_0.expires_at,
        rt1_0.replaced_by_token,
        rt1_0.revoked_at,
        rt1_0.token,
        rt1_0.user_id 
    from
        refresh_tokens rt1_0 
    where
        rt1_0.token=? 
        and rt1_0.revoked_at is null 
        and rt1_0.expires_at>?
Hibernate: 
    select
        rt1_0.id,
        rt1_0.created_at,
        rt1_0.expires_at,
        rt1_0.replaced_by_token,
        rt1_0.revoked_at,
        rt1_0.token,
        rt1_0.user_id 
    from
        refresh_tokens rt1_0 
    where
        rt1_0.token=? 
        and rt1_0.revoked_at is null 
        and rt1_0.expires_at>?
2025-11-20T15:41:45.354+05:30 DEBUG 33892 --- [Starter Project] [           main] org.hibernate.SQL                        : 
    select
        rt1_0.id,
        rt1_0.created_at,
        rt1_0.expires_at,
        rt1_0.replaced_by_token,
        rt1_0.revoked_at,
        rt1_0.token,
        rt1_0.user_id 
    from
        refresh_tokens rt1_0
Hibernate: 
    select
        rt1_0.id,
        rt1_0.created_at,
        rt1_0.expires_at,
        rt1_0.replaced_by_token,
        rt1_0.revoked_at,
        rt1_0.token,
        rt1_0.user_id 
    from
        refresh_tokens rt1_0
2025-11-20T15:41:45.356+05:30 DEBUG 33892 --- [Starter Project] [           main] org.hibernate.SQL                        : 
    insert 
    into
        refresh_tokens
        (created_at, expires_at, replaced_by_token, revoked_at, token, user_id, id) 
    values
        (?, ?, ?, ?, ?, ?, default)
Hibernate: 
    insert 
    into
        refresh_tokens
        (created_at, expires_at, replaced_by_token, revoked_at, token, user_id, id) 
    values
        (?, ?, ?, ?, ?, ?, default)
2025-11-20T15:41:45.358+05:30 DEBUG 33892 --- [Starter Project] [           main] org.hibernate.SQL                        : 
    insert 
    into
        refresh_tokens
        (created_at, expires_at, replaced_by_token, revoked_at, token, user_id, id) 
    values
        (?, ?, ?, ?, ?, ?, default)
Hibernate: 
    insert 
    into
        refresh_tokens
        (created_at, expires_at, replaced_by_token, revoked_at, token, user_id, id) 
    values
        (?, ?, ?, ?, ?, ?, default)
2025-11-20T15:41:45.360+05:30 DEBUG 33892 --- [Starter Project] [           main] org.hibernate.SQL                        : 
    insert 
    into
        refresh_tokens
        (created_at, expires_at, replaced_by_token, revoked_at, token, user_id, id) 
    values
        (?, ?, ?, ?, ?, ?, default)
Hibernate: 
    insert 
    into
        refresh_tokens
        (created_at, expires_at, replaced_by_token, revoked_at, token, user_id, id) 
    values
        (?, ?, ?, ?, ?, ?, default)
2025-11-20T15:41:45.364+05:30 DEBUG 33892 --- [Starter Project] [           main] org.hibernate.SQL                        : 
    update
        refresh_tokens 
    set
        revoked_at=? 
    where
        user_id=? 
        and revoked_at is null 
        and expires_at>?
Hibernate: 
    update
        refresh_tokens 
    set
        revoked_at=? 
    where
        user_id=? 
        and revoked_at is null 
        and expires_at>?
2025-11-20T15:41:45.377+05:30 DEBUG 33892 --- [Starter Project] [           main] org.hibernate.SQL                        : 
    select
        rt1_0.id,
        rt1_0.created_at,
        rt1_0.expires_at,
        rt1_0.replaced_by_token,
        rt1_0.revoked_at,
        rt1_0.token,
        rt1_0.user_id 
    from
        refresh_tokens rt1_0
Hibernate: 
    select
        rt1_0.id,
        rt1_0.created_at,
        rt1_0.expires_at,
        rt1_0.replaced_by_token,
        rt1_0.revoked_at,
        rt1_0.token,
        rt1_0.user_id 
    from
        refresh_tokens rt1_0
2025-11-20T15:41:45.380+05:30 DEBUG 33892 --- [Starter Project] [           main] org.hibernate.SQL                        : 
    insert 
    into
        refresh_tokens
        (created_at, expires_at, replaced_by_token, revoked_at, token, user_id, id) 
    values
        (?, ?, ?, ?, ?, ?, default)
Hibernate: 
    insert 
    into
        refresh_tokens
        (created_at, expires_at, replaced_by_token, revoked_at, token, user_id, id) 
    values
        (?, ?, ?, ?, ?, ?, default)
2025-11-20T15:41:45.382+05:30 DEBUG 33892 --- [Starter Project] [           main] org.hibernate.SQL                        : 
    insert 
    into
        refresh_tokens
        (created_at, expires_at, replaced_by_token, revoked_at, token, user_id, id) 
    values
        (?, ?, ?, ?, ?, ?, default)
Hibernate: 
    insert 
    into
        refresh_tokens
        (created_at, expires_at, replaced_by_token, revoked_at, token, user_id, id) 
    values
        (?, ?, ?, ?, ?, ?, default)
2025-11-20T15:41:45.384+05:30 DEBUG 33892 --- [Starter Project] [           main] org.hibernate.SQL                        : 
    insert 
    into
        refresh_tokens
        (created_at, expires_at, replaced_by_token, revoked_at, token, user_id, id) 
    values
        (?, ?, ?, ?, ?, ?, default)
Hibernate: 
    insert 
    into
        refresh_tokens
        (created_at, expires_at, replaced_by_token, revoked_at, token, user_id, id) 
    values
        (?, ?, ?, ?, ?, ?, default)
2025-11-20T15:41:45.388+05:30 DEBUG 33892 --- [Starter Project] [           main] org.hibernate.SQL                        : 
    select
        rt1_0.id,
        rt1_0.created_at,
        rt1_0.expires_at,
        rt1_0.replaced_by_token,
        rt1_0.revoked_at,
        rt1_0.token,
        rt1_0.user_id 
    from
        refresh_tokens rt1_0 
    where
        rt1_0.token=? 
        and rt1_0.revoked_at is null 
        and rt1_0.expires_at>?
Hibernate: 
    select
        rt1_0.id,
        rt1_0.created_at,
        rt1_0.expires_at,
        rt1_0.replaced_by_token,
        rt1_0.revoked_at,
        rt1_0.token,
        rt1_0.user_id 
    from
        refresh_tokens rt1_0 
    where
        rt1_0.token=? 
        and rt1_0.revoked_at is null 
        and rt1_0.expires_at>?
2025-11-20T15:41:45.399+05:30 DEBUG 33892 --- [Starter Project] [           main] org.hibernate.SQL                        : 
    select
        rt1_0.id,
        rt1_0.created_at,
        rt1_0.expires_at,
        rt1_0.replaced_by_token,
        rt1_0.revoked_at,
        rt1_0.token,
        rt1_0.user_id 
    from
        refresh_tokens rt1_0
Hibernate: 
    select
        rt1_0.id,
        rt1_0.created_at,
        rt1_0.expires_at,
        rt1_0.replaced_by_token,
        rt1_0.revoked_at,
        rt1_0.token,
        rt1_0.user_id 
    from
        refresh_tokens rt1_0
2025-11-20T15:41:45.400+05:30 DEBUG 33892 --- [Starter Project] [           main] org.hibernate.SQL                        : 
    insert 
    into
        refresh_tokens
        (created_at, expires_at, replaced_by_token, revoked_at, token, user_id, id) 
    values
        (?, ?, ?, ?, ?, ?, default)
Hibernate: 
    insert 
    into
        refresh_tokens
        (created_at, expires_at, replaced_by_token, revoked_at, token, user_id, id) 
    values
        (?, ?, ?, ?, ?, ?, default)
2025-11-20T15:41:45.401+05:30 DEBUG 33892 --- [Starter Project] [           main] org.hibernate.SQL                        : 
    insert 
    into
        refresh_tokens
        (created_at, expires_at, replaced_by_token, revoked_at, token, user_id, id) 
    values
        (?, ?, ?, ?, ?, ?, default)
Hibernate: 
    insert 
    into
        refresh_tokens
        (created_at, expires_at, replaced_by_token, revoked_at, token, user_id, id) 
    values
        (?, ?, ?, ?, ?, ?, default)
2025-11-20T15:41:45.402+05:30 DEBUG 33892 --- [Starter Project] [           main] org.hibernate.SQL                        : 
    insert 
    into
        refresh_tokens
        (created_at, expires_at, replaced_by_token, revoked_at, token, user_id, id) 
    values
        (?, ?, ?, ?, ?, ?, default)
Hibernate: 
    insert 
    into
        refresh_tokens
        (created_at, expires_at, replaced_by_token, revoked_at, token, user_id, id) 
    values
        (?, ?, ?, ?, ?, ?, default)
2025-11-20T15:41:45.405+05:30 DEBUG 33892 --- [Starter Project] [           main] org.hibernate.SQL                        : 
    insert 
    into
        refresh_tokens
        (created_at, expires_at, replaced_by_token, revoked_at, token, user_id, id) 
    values
        (?, ?, ?, ?, ?, ?, default)
Hibernate: 
    insert 
    into
        refresh_tokens
        (created_at, expires_at, replaced_by_token, revoked_at, token, user_id, id) 
    values
        (?, ?, ?, ?, ?, ?, default)
2025-11-20T15:41:45.408+05:30 DEBUG 33892 --- [Starter Project] [           main] org.hibernate.SQL                        : 
    update
        refresh_tokens 
    set
        revoked_at=? 
    where
        user_id=? 
        and revoked_at is null 
        and expires_at>?
Hibernate: 
    update
        refresh_tokens 
    set
        revoked_at=? 
    where
        user_id=? 
        and revoked_at is null 
        and expires_at>?
2025-11-20T15:41:45.410+05:30 DEBUG 33892 --- [Starter Project] [           main] org.hibernate.SQL                        : 
    select
        rt1_0.id,
        rt1_0.created_at,
        rt1_0.expires_at,
        rt1_0.replaced_by_token,
        rt1_0.revoked_at,
        rt1_0.token,
        rt1_0.user_id 
    from
        refresh_tokens rt1_0 
    where
        rt1_0.id=?
Hibernate: 
    select
        rt1_0.id,
        rt1_0.created_at,
        rt1_0.expires_at,
        rt1_0.replaced_by_token,
        rt1_0.revoked_at,
        rt1_0.token,
        rt1_0.user_id 
    from
        refresh_tokens rt1_0 
    where
        rt1_0.id=?
2025-11-20T15:41:45.412+05:30 DEBUG 33892 --- [Starter Project] [           main] org.hibernate.SQL                        : 
    select
        rt1_0.id,
        rt1_0.created_at,
        rt1_0.expires_at,
        rt1_0.replaced_by_token,
        rt1_0.revoked_at,
        rt1_0.token,
        rt1_0.user_id 
    from
        refresh_tokens rt1_0 
    where
        rt1_0.id=?
Hibernate: 
    select
        rt1_0.id,
        rt1_0.created_at,
        rt1_0.expires_at,
        rt1_0.replaced_by_token,
        rt1_0.revoked_at,
        rt1_0.token,
        rt1_0.user_id 
    from
        refresh_tokens rt1_0 
    where
        rt1_0.id=?
2025-11-20T15:41:45.421+05:30 DEBUG 33892 --- [Starter Project] [           main] org.hibernate.SQL                        : 
    select
        rt1_0.id,
        rt1_0.created_at,
        rt1_0.expires_at,
        rt1_0.replaced_by_token,
        rt1_0.revoked_at,
        rt1_0.token,
        rt1_0.user_id 
    from
        refresh_tokens rt1_0
Hibernate: 
    select
        rt1_0.id,
        rt1_0.created_at,
        rt1_0.expires_at,
        rt1_0.replaced_by_token,
        rt1_0.revoked_at,
        rt1_0.token,
        rt1_0.user_id 
    from
        refresh_tokens rt1_0
2025-11-20T15:41:45.424+05:30 DEBUG 33892 --- [Starter Project] [           main] org.hibernate.SQL                        : 
    insert 
    into
        refresh_tokens
        (created_at, expires_at, replaced_by_token, revoked_at, token, user_id, id) 
    values
        (?, ?, ?, ?, ?, ?, default)
Hibernate: 
    insert 
    into
        refresh_tokens
        (created_at, expires_at, replaced_by_token, revoked_at, token, user_id, id) 
    values
        (?, ?, ?, ?, ?, ?, default)
2025-11-20T15:41:45.426+05:30 DEBUG 33892 --- [Starter Project] [           main] org.hibernate.SQL                        : 
    insert 
    into
        refresh_tokens
        (created_at, expires_at, replaced_by_token, revoked_at, token, user_id, id) 
    values
        (?, ?, ?, ?, ?, ?, default)
Hibernate: 
    insert 
    into
        refresh_tokens
        (created_at, expires_at, replaced_by_token, revoked_at, token, user_id, id) 
    values
        (?, ?, ?, ?, ?, ?, default)
2025-11-20T15:41:45.427+05:30 DEBUG 33892 --- [Starter Project] [           main] org.hibernate.SQL                        : 
    insert 
    into
        refresh_tokens
        (created_at, expires_at, replaced_by_token, revoked_at, token, user_id, id) 
    values
        (?, ?, ?, ?, ?, ?, default)
Hibernate: 
    insert 
    into
        refresh_tokens
        (created_at, expires_at, replaced_by_token, revoked_at, token, user_id, id) 
    values
        (?, ?, ?, ?, ?, ?, default)
2025-11-20T15:41:45.429+05:30 DEBUG 33892 --- [Starter Project] [           main] org.hibernate.SQL                        : 
    delete 
    from
        refresh_tokens 
    where
        expires_at<?
Hibernate: 
    delete 
    from
        refresh_tokens 
    where
        expires_at<?
2025-11-20T15:41:45.430+05:30 DEBUG 33892 --- [Starter Project] [           main] org.hibernate.SQL                        : 
    delete 
    from
        refresh_tokens 
    where
        expires_at<?
Hibernate: 
    delete 
    from
        refresh_tokens 
    where
        expires_at<?
2025-11-20T15:41:45.439+05:30 DEBUG 33892 --- [Starter Project] [           main] org.hibernate.SQL                        : 
    select
        rt1_0.id,
        rt1_0.created_at,
        rt1_0.expires_at,
        rt1_0.replaced_by_token,
        rt1_0.revoked_at,
        rt1_0.token,
        rt1_0.user_id 
    from
        refresh_tokens rt1_0
Hibernate: 
    select
        rt1_0.id,
        rt1_0.created_at,
        rt1_0.expires_at,
        rt1_0.replaced_by_token,
        rt1_0.revoked_at,
        rt1_0.token,
        rt1_0.user_id 
    from
        refresh_tokens rt1_0
2025-11-20T15:41:45.441+05:30 DEBUG 33892 --- [Starter Project] [           main] org.hibernate.SQL                        : 
    insert 
    into
        refresh_tokens
        (created_at, expires_at, replaced_by_token, revoked_at, token, user_id, id) 
    values
        (?, ?, ?, ?, ?, ?, default)
Hibernate: 
    insert 
    into
        refresh_tokens
        (created_at, expires_at, replaced_by_token, revoked_at, token, user_id, id) 
    values
        (?, ?, ?, ?, ?, ?, default)
2025-11-20T15:41:45.444+05:30 DEBUG 33892 --- [Starter Project] [           main] org.hibernate.SQL                        : 
    insert 
    into
        refresh_tokens
        (created_at, expires_at, replaced_by_token, revoked_at, token, user_id, id) 
    values
        (?, ?, ?, ?, ?, ?, default)
Hibernate: 
    insert 
    into
        refresh_tokens
        (created_at, expires_at, replaced_by_token, revoked_at, token, user_id, id) 
    values
        (?, ?, ?, ?, ?, ?, default)
2025-11-20T15:41:45.446+05:30 DEBUG 33892 --- [Starter Project] [           main] org.hibernate.SQL                        : 
    insert 
    into
        refresh_tokens
        (created_at, expires_at, replaced_by_token, revoked_at, token, user_id, id) 
    values
        (?, ?, ?, ?, ?, ?, default)
Hibernate: 
    insert 
    into
        refresh_tokens
        (created_at, expires_at, replaced_by_token, revoked_at, token, user_id, id) 
    values
        (?, ?, ?, ?, ?, ?, default)
2025-11-20T15:41:45.449+05:30 DEBUG 33892 --- [Starter Project] [           main] org.hibernate.SQL                        : 
    select
        rt1_0.id,
        rt1_0.created_at,
        rt1_0.expires_at,
        rt1_0.replaced_by_token,
        rt1_0.revoked_at,
        rt1_0.token,
        rt1_0.user_id 
    from
        refresh_tokens rt1_0 
    where
        rt1_0.token=? 
        and rt1_0.revoked_at is null 
        and rt1_0.expires_at>?
Hibernate: 
    select
        rt1_0.id,
        rt1_0.created_at,
        rt1_0.expires_at,
        rt1_0.replaced_by_token,
        rt1_0.revoked_at,
        rt1_0.token,
        rt1_0.user_id 
    from
        refresh_tokens rt1_0 
    where
        rt1_0.token=? 
        and rt1_0.revoked_at is null 
        and rt1_0.expires_at>?
2025-11-20T15:41:45.460+05:30 DEBUG 33892 --- [Starter Project] [           main] org.hibernate.SQL                        : 
    select
        rt1_0.id,
        rt1_0.created_at,
        rt1_0.expires_at,
        rt1_0.replaced_by_token,
        rt1_0.revoked_at,
        rt1_0.token,
        rt1_0.user_id 
    from
        refresh_tokens rt1_0
Hibernate: 
    select
        rt1_0.id,
        rt1_0.created_at,
        rt1_0.expires_at,
        rt1_0.replaced_by_token,
        rt1_0.revoked_at,
        rt1_0.token,
        rt1_0.user_id 
    from
        refresh_tokens rt1_0
2025-11-20T15:41:45.462+05:30 DEBUG 33892 --- [Starter Project] [           main] org.hibernate.SQL                        : 
    insert 
    into
        refresh_tokens
        (created_at, expires_at, replaced_by_token, revoked_at, token, user_id, id) 
    values
        (?, ?, ?, ?, ?, ?, default)
Hibernate: 
    insert 
    into
        refresh_tokens
        (created_at, expires_at, replaced_by_token, revoked_at, token, user_id, id) 
    values
        (?, ?, ?, ?, ?, ?, default)
2025-11-20T15:41:45.464+05:30 DEBUG 33892 --- [Starter Project] [           main] org.hibernate.SQL                        : 
    insert 
    into
        refresh_tokens
        (created_at, expires_at, replaced_by_token, revoked_at, token, user_id, id) 
    values
        (?, ?, ?, ?, ?, ?, default)
Hibernate: 
    insert 
    into
        refresh_tokens
        (created_at, expires_at, replaced_by_token, revoked_at, token, user_id, id) 
    values
        (?, ?, ?, ?, ?, ?, default)
2025-11-20T15:41:45.465+05:30 DEBUG 33892 --- [Starter Project] [           main] org.hibernate.SQL                        : 
    insert 
    into
        refresh_tokens
        (created_at, expires_at, replaced_by_token, revoked_at, token, user_id, id) 
    values
        (?, ?, ?, ?, ?, ?, default)
Hibernate: 
    insert 
    into
        refresh_tokens
        (created_at, expires_at, replaced_by_token, revoked_at, token, user_id, id) 
    values
        (?, ?, ?, ?, ?, ?, default)
2025-11-20T15:41:45.468+05:30 DEBUG 33892 --- [Starter Project] [           main] org.hibernate.SQL                        : 
    update
        refresh_tokens 
    set
        revoked_at=? 
    where
        user_id=? 
        and revoked_at is null 
        and expires_at>?
Hibernate: 
    update
        refresh_tokens 
    set
        revoked_at=? 
    where
        user_id=? 
        and revoked_at is null 
        and expires_at>?
2025-11-20T15:41:45.470+05:30 DEBUG 33892 --- [Starter Project] [           main] org.hibernate.SQL                        : 
    select
        rt1_0.id,
        rt1_0.created_at,
        rt1_0.expires_at,
        rt1_0.replaced_by_token,
        rt1_0.revoked_at,
        rt1_0.token,
        rt1_0.user_id 
    from
        refresh_tokens rt1_0 
    where
        rt1_0.id=?
Hibernate: 
    select
        rt1_0.id,
        rt1_0.created_at,
        rt1_0.expires_at,
        rt1_0.replaced_by_token,
        rt1_0.revoked_at,
        rt1_0.token,
        rt1_0.user_id 
    from
        refresh_tokens rt1_0 
    where
        rt1_0.id=?
2025-11-20T15:41:45.481+05:30 DEBUG 33892 --- [Starter Project] [           main] org.hibernate.SQL                        : 
    select
        rt1_0.id,
        rt1_0.created_at,
        rt1_0.expires_at,
        rt1_0.replaced_by_token,
        rt1_0.revoked_at,
        rt1_0.token,
        rt1_0.user_id 
    from
        refresh_tokens rt1_0
Hibernate: 
    select
        rt1_0.id,
        rt1_0.created_at,
        rt1_0.expires_at,
        rt1_0.replaced_by_token,
        rt1_0.revoked_at,
        rt1_0.token,
        rt1_0.user_id 
    from
        refresh_tokens rt1_0
2025-11-20T15:41:45.483+05:30 DEBUG 33892 --- [Starter Project] [           main] org.hibernate.SQL                        : 
    insert 
    into
        refresh_tokens
        (created_at, expires_at, replaced_by_token, revoked_at, token, user_id, id) 
    values
        (?, ?, ?, ?, ?, ?, default)
Hibernate: 
    insert 
    into
        refresh_tokens
        (created_at, expires_at, replaced_by_token, revoked_at, token, user_id, id) 
    values
        (?, ?, ?, ?, ?, ?, default)
2025-11-20T15:41:45.485+05:30 DEBUG 33892 --- [Starter Project] [           main] org.hibernate.SQL                        : 
    insert 
    into
        refresh_tokens
        (created_at, expires_at, replaced_by_token, revoked_at, token, user_id, id) 
    values
        (?, ?, ?, ?, ?, ?, default)
Hibernate: 
    insert 
    into
        refresh_tokens
        (created_at, expires_at, replaced_by_token, revoked_at, token, user_id, id) 
    values
        (?, ?, ?, ?, ?, ?, default)
2025-11-20T15:41:45.487+05:30 DEBUG 33892 --- [Starter Project] [           main] org.hibernate.SQL                        : 
    insert 
    into
        refresh_tokens
        (created_at, expires_at, replaced_by_token, revoked_at, token, user_id, id) 
    values
        (?, ?, ?, ?, ?, ?, default)
Hibernate: 
    insert 
    into
        refresh_tokens
        (created_at, expires_at, replaced_by_token, revoked_at, token, user_id, id) 
    values
        (?, ?, ?, ?, ?, ?, default)
2025-11-20T15:41:45.489+05:30 DEBUG 33892 --- [Starter Project] [           main] org.hibernate.SQL                        : 
    delete 
    from
        refresh_tokens 
    where
        expires_at<?
Hibernate: 
    delete 
    from
        refresh_tokens 
    where
        expires_at<?
2025-11-20T15:41:45.499+05:30 DEBUG 33892 --- [Starter Project] [           main] org.hibernate.SQL                        : 
    select
        rt1_0.id,
        rt1_0.created_at,
        rt1_0.expires_at,
        rt1_0.replaced_by_token,
        rt1_0.revoked_at,
        rt1_0.token,
        rt1_0.user_id 
    from
        refresh_tokens rt1_0
Hibernate: 
    select
        rt1_0.id,
        rt1_0.created_at,
        rt1_0.expires_at,
        rt1_0.replaced_by_token,
        rt1_0.revoked_at,
        rt1_0.token,
        rt1_0.user_id 
    from
        refresh_tokens rt1_0
2025-11-20T15:41:45.502+05:30 DEBUG 33892 --- [Starter Project] [           main] org.hibernate.SQL                        : 
    insert 
    into
        refresh_tokens
        (created_at, expires_at, replaced_by_token, revoked_at, token, user_id, id) 
    values
        (?, ?, ?, ?, ?, ?, default)
Hibernate: 
    insert 
    into
        refresh_tokens
        (created_at, expires_at, replaced_by_token, revoked_at, token, user_id, id) 
    values
        (?, ?, ?, ?, ?, ?, default)
2025-11-20T15:41:45.504+05:30 DEBUG 33892 --- [Starter Project] [           main] org.hibernate.SQL                        : 
    insert 
    into
        refresh_tokens
        (created_at, expires_at, replaced_by_token, revoked_at, token, user_id, id) 
    values
        (?, ?, ?, ?, ?, ?, default)
Hibernate: 
    insert 
    into
        refresh_tokens
        (created_at, expires_at, replaced_by_token, revoked_at, token, user_id, id) 
    values
        (?, ?, ?, ?, ?, ?, default)
2025-11-20T15:41:45.506+05:30 DEBUG 33892 --- [Starter Project] [           main] org.hibernate.SQL                        : 
    insert 
    into
        refresh_tokens
        (created_at, expires_at, replaced_by_token, revoked_at, token, user_id, id) 
    values
        (?, ?, ?, ?, ?, ?, default)
Hibernate: 
    insert 
    into
        refresh_tokens
        (created_at, expires_at, replaced_by_token, revoked_at, token, user_id, id) 
    values
        (?, ?, ?, ?, ?, ?, default)
2025-11-20T15:41:45.509+05:30 DEBUG 33892 --- [Starter Project] [           main] org.hibernate.SQL                        : 
    delete 
    from
        refresh_tokens 
    where
        expires_at<?
Hibernate: 
    delete 
    from
        refresh_tokens 
    where
        expires_at<?
[INFO] Tests run: 12, Failures: 0, Errors: 0, Skipped: 0, Time elapsed: 0.328 s -- in com.starter.springboot.repository.RefreshTokenRepositoryTest
[INFO] Running com.starter.springboot.repository.RoleRepositoryTest
2025-11-20T15:41:45.519+05:30 DEBUG 33892 --- [Starter Project] [           main] b.t.a.o.j.DataJpaTestContextBootstrapper : Neither @ContextConfiguration nor @ContextHierarchy found for test class [RoleRepositoryTest]: using SpringBootContextLoader
2025-11-20T15:41:45.520+05:30  INFO 33892 --- [Starter Project] [           main] t.c.s.AnnotationConfigContextLoaderUtils : Could not detect default configuration classes for test class [com.starter.springboot.repository.RoleRepositoryTest]: RoleRepositoryTest does not declare any static, non-private, non-final, nested classes annotated with @Configuration.
2025-11-20T15:41:45.520+05:30 DEBUG 33892 --- [Starter Project] [           main] b.t.a.o.j.DataJpaTestContextBootstrapper : Using ContextCustomizerFactory implementations for test class [RoleRepositoryTest]: [ImportsContextCustomizerFactory, ExcludeFilterContextCustomizerFactory, HttpGraphQlTesterContextCustomizerFactory, DuplicateJsonObjectContextCustomizerFactory, MockitoContextCustomizerFactory, TestRestTemplateContextCustomizerFactory, WebTestClientContextCustomizerFactory, OverrideAutoConfigurationContextCustomizerFactory, ObservabilityContextCustomizerFactory, TypeExcludeFiltersContextCustomizerFactory, PropertyMappingContextCustomizerFactory, WebDriverContextCustomizerFactory, MockServerContainerContextCustomizerFactory, DynamicPropertiesContextCustomizerFactory]
2025-11-20T15:41:45.535+05:30 DEBUG 33892 --- [Starter Project] [           main] b.t.a.o.j.DataJpaTestContextBootstrapper : Using ContextCustomizers for test class [RoleRepositoryTest]: [ImportsContextCustomizer, ExcludeFilterContextCustomizer, DuplicateJsonObjectContextCustomizer, MockitoContextCustomizer, DisableAutoConfigurationContextCustomizer, DisableObservabilityContextCustomizer, TypeExcludeFiltersContextCustomizer, PropertyMappingContextCustomizer, WebDriverContextCustomizer]
2025-11-20T15:41:45.536+05:30  INFO 33892 --- [Starter Project] [           main] .b.t.c.SpringBootTestContextBootstrapper : Found @SpringBootConfiguration com.starter.springboot.Application for test class com.starter.springboot.repository.RoleRepositoryTest
2025-11-20T15:41:45.537+05:30 DEBUG 33892 --- [Starter Project] [           main] b.t.a.o.j.DataJpaTestContextBootstrapper : Using TestExecutionListeners for test class [RoleRepositoryTest]: [ServletTestExecutionListener, DirtiesContextBeforeModesTestExecutionListener, ApplicationEventsTestExecutionListener, MockitoTestExecutionListener, DependencyInjectionTestExecutionListener, DirtiesContextTestExecutionListener, TransactionalTestExecutionListener, SqlScriptsTestExecutionListener, EventPublishingTestExecutionListener, WithSecurityContextTestExecutionListener, ReactorContextTestExecutionListener, ResetMocksTestExecutionListener, RestDocsTestExecutionListener, MockRestServiceServerResetTestExecutionListener, MockMvcPrintOnlyOnFailureTestExecutionListener, WebDriverTestExecutionListener, MockWebServiceServerTestExecutionListener]
2025-11-20T15:41:45.554+05:30 DEBUG 33892 --- [Starter Project] [           main] org.hibernate.SQL                        : 
    select
        r1_0.id,
        r1_0.created_by,
        r1_0.created_date,
        r1_0.description,
        r1_0.last_modified_by,
        r1_0.last_modified_date,
        r1_0.name 
    from
        role r1_0
Hibernate: 
    select
        r1_0.id,
        r1_0.created_by,
        r1_0.created_date,
        r1_0.description,
        r1_0.last_modified_by,
        r1_0.last_modified_date,
        r1_0.name 
    from
        role r1_0
2025-11-20T15:41:45.581+05:30 DEBUG 33892 --- [Starter Project] [           main] org.hibernate.SQL                        : 
    insert 
    into
        role
        (created_date, description, last_modified_date, name, id) 
    values
        (?, ?, ?, ?, ?)
Hibernate: 
    insert 
    into
        role
        (created_date, description, last_modified_date, name, id) 
    values
        (?, ?, ?, ?, ?)
2025-11-20T15:41:45.583+05:30 DEBUG 33892 --- [Starter Project] [           main] org.hibernate.SQL                        : 
    insert 
    into
        role
        (created_date, description, last_modified_date, name, id) 
    values
        (?, ?, ?, ?, ?)
Hibernate: 
    insert 
    into
        role
        (created_date, description, last_modified_date, name, id) 
    values
        (?, ?, ?, ?, ?)
2025-11-20T15:41:45.593+05:30 DEBUG 33892 --- [Starter Project] [           main] org.hibernate.SQL                        : 
    select
        r1_0.id,
        r1_0.created_by,
        r1_0.created_date,
        r1_0.description,
        r1_0.last_modified_by,
        r1_0.last_modified_date,
        r1_0.name 
    from
        role r1_0 
    where
        r1_0.name=?
Hibernate: 
    select
        r1_0.id,
        r1_0.created_by,
        r1_0.created_date,
        r1_0.description,
        r1_0.last_modified_by,
        r1_0.last_modified_date,
        r1_0.name 
    from
        role r1_0 
    where
        r1_0.name=?
2025-11-20T15:41:45.608+05:30 DEBUG 33892 --- [Starter Project] [           main] org.hibernate.SQL                        : 
    select
        r1_0.id,
        r1_0.created_by,
        r1_0.created_date,
        r1_0.description,
        r1_0.last_modified_by,
        r1_0.last_modified_date,
        r1_0.name 
    from
        role r1_0
Hibernate: 
    select
        r1_0.id,
        r1_0.created_by,
        r1_0.created_date,
        r1_0.description,
        r1_0.last_modified_by,
        r1_0.last_modified_date,
        r1_0.name 
    from
        role r1_0
2025-11-20T15:41:45.613+05:30 DEBUG 33892 --- [Starter Project] [           main] org.hibernate.SQL                        : 
    insert 
    into
        role
        (created_date, description, last_modified_date, name, id) 
    values
        (?, ?, ?, ?, ?)
Hibernate: 
    insert 
    into
        role
        (created_date, description, last_modified_date, name, id) 
    values
        (?, ?, ?, ?, ?)
2025-11-20T15:41:45.615+05:30 DEBUG 33892 --- [Starter Project] [           main] org.hibernate.SQL                        : 
    insert 
    into
        role
        (created_date, description, last_modified_date, name, id) 
    values
        (?, ?, ?, ?, ?)
Hibernate: 
    insert 
    into
        role
        (created_date, description, last_modified_date, name, id) 
    values
        (?, ?, ?, ?, ?)
2025-11-20T15:41:45.618+05:30 DEBUG 33892 --- [Starter Project] [           main] org.hibernate.SQL                        : 
    select
        r1_0.id,
        r1_0.created_by,
        r1_0.created_date,
        r1_0.description,
        r1_0.last_modified_by,
        r1_0.last_modified_date,
        r1_0.name 
    from
        role r1_0 
    where
        r1_0.id=?
Hibernate: 
    select
        r1_0.id,
        r1_0.created_by,
        r1_0.created_date,
        r1_0.description,
        r1_0.last_modified_by,
        r1_0.last_modified_date,
        r1_0.name 
    from
        role r1_0 
    where
        r1_0.id=?
2025-11-20T15:41:45.629+05:30 DEBUG 33892 --- [Starter Project] [           main] org.hibernate.SQL                        : 
    select
        r1_0.id,
        r1_0.created_by,
        r1_0.created_date,
        r1_0.description,
        r1_0.last_modified_by,
        r1_0.last_modified_date,
        r1_0.name 
    from
        role r1_0
Hibernate: 
    select
        r1_0.id,
        r1_0.created_by,
        r1_0.created_date,
        r1_0.description,
        r1_0.last_modified_by,
        r1_0.last_modified_date,
        r1_0.name 
    from
        role r1_0
2025-11-20T15:41:45.631+05:30 DEBUG 33892 --- [Starter Project] [           main] org.hibernate.SQL                        : 
    insert 
    into
        role
        (created_date, description, last_modified_date, name, id) 
    values
        (?, ?, ?, ?, ?)
Hibernate: 
    insert 
    into
        role
        (created_date, description, last_modified_date, name, id) 
    values
        (?, ?, ?, ?, ?)
2025-11-20T15:41:45.632+05:30 DEBUG 33892 --- [Starter Project] [           main] org.hibernate.SQL                        : 
    insert 
    into
        role
        (created_date, description, last_modified_date, name, id) 
    values
        (?, ?, ?, ?, ?)
Hibernate: 
    insert 
    into
        role
        (created_date, description, last_modified_date, name, id) 
    values
        (?, ?, ?, ?, ?)
2025-11-20T15:41:45.634+05:30 DEBUG 33892 --- [Starter Project] [           main] org.hibernate.SQL                        : 
    select
        r1_0.id,
        r1_0.created_by,
        r1_0.created_date,
        r1_0.description,
        r1_0.last_modified_by,
        r1_0.last_modified_date,
        r1_0.name 
    from
        role r1_0 
    where
        r1_0.name=?
Hibernate: 
    select
        r1_0.id,
        r1_0.created_by,
        r1_0.created_date,
        r1_0.description,
        r1_0.last_modified_by,
        r1_0.last_modified_date,
        r1_0.name 
    from
        role r1_0 
    where
        r1_0.name=?
2025-11-20T15:41:45.643+05:30 DEBUG 33892 --- [Starter Project] [           main] org.hibernate.SQL                        : 
    select
        r1_0.id,
        r1_0.created_by,
        r1_0.created_date,
        r1_0.description,
        r1_0.last_modified_by,
        r1_0.last_modified_date,
        r1_0.name 
    from
        role r1_0
Hibernate: 
    select
        r1_0.id,
        r1_0.created_by,
        r1_0.created_date,
        r1_0.description,
        r1_0.last_modified_by,
        r1_0.last_modified_date,
        r1_0.name 
    from
        role r1_0
2025-11-20T15:41:45.645+05:30 DEBUG 33892 --- [Starter Project] [           main] org.hibernate.SQL                        : 
    insert 
    into
        role
        (created_date, description, last_modified_date, name, id) 
    values
        (?, ?, ?, ?, ?)
Hibernate: 
    insert 
    into
        role
        (created_date, description, last_modified_date, name, id) 
    values
        (?, ?, ?, ?, ?)
2025-11-20T15:41:45.647+05:30 DEBUG 33892 --- [Starter Project] [           main] org.hibernate.SQL                        : 
    insert 
    into
        role
        (created_date, description, last_modified_date, name, id) 
    values
        (?, ?, ?, ?, ?)
Hibernate: 
    insert 
    into
        role
        (created_date, description, last_modified_date, name, id) 
    values
        (?, ?, ?, ?, ?)
2025-11-20T15:41:45.650+05:30 DEBUG 33892 --- [Starter Project] [           main] org.hibernate.SQL                        : 
    select
        r1_0.id,
        r1_0.created_by,
        r1_0.created_date,
        r1_0.description,
        r1_0.last_modified_by,
        r1_0.last_modified_date,
        r1_0.name 
    from
        role r1_0 
    where
        r1_0.name=?
Hibernate: 
    select
        r1_0.id,
        r1_0.created_by,
        r1_0.created_date,
        r1_0.description,
        r1_0.last_modified_by,
        r1_0.last_modified_date,
        r1_0.name 
    from
        role r1_0 
    where
        r1_0.name=?
2025-11-20T15:41:45.654+05:30 DEBUG 33892 --- [Starter Project] [           main] org.hibernate.SQL                        : 
    update
        role 
    set
        description=?,
        last_modified_date=? 
    where
        id=?
Hibernate: 
    update
        role 
    set
        description=?,
        last_modified_date=? 
    where
        id=?
2025-11-20T15:41:45.657+05:30 DEBUG 33892 --- [Starter Project] [           main] org.hibernate.SQL                        : 
    select
        r1_0.id,
        r1_0.created_by,
        r1_0.created_date,
        r1_0.description,
        r1_0.last_modified_by,
        r1_0.last_modified_date,
        r1_0.name 
    from
        role r1_0 
    where
        r1_0.name=?
Hibernate: 
    select
        r1_0.id,
        r1_0.created_by,
        r1_0.created_date,
        r1_0.description,
        r1_0.last_modified_by,
        r1_0.last_modified_date,
        r1_0.name 
    from
        role r1_0 
    where
        r1_0.name=?
2025-11-20T15:41:45.668+05:30 DEBUG 33892 --- [Starter Project] [           main] org.hibernate.SQL                        : 
    select
        r1_0.id,
        r1_0.created_by,
        r1_0.created_date,
        r1_0.description,
        r1_0.last_modified_by,
        r1_0.last_modified_date,
        r1_0.name 
    from
        role r1_0
Hibernate: 
    select
        r1_0.id,
        r1_0.created_by,
        r1_0.created_date,
        r1_0.description,
        r1_0.last_modified_by,
        r1_0.last_modified_date,
        r1_0.name 
    from
        role r1_0
2025-11-20T15:41:45.672+05:30 DEBUG 33892 --- [Starter Project] [           main] org.hibernate.SQL                        : 
    insert 
    into
        role
        (created_date, description, last_modified_date, name, id) 
    values
        (?, ?, ?, ?, ?)
Hibernate: 
    insert 
    into
        role
        (created_date, description, last_modified_date, name, id) 
    values
        (?, ?, ?, ?, ?)
2025-11-20T15:41:45.674+05:30 DEBUG 33892 --- [Starter Project] [           main] org.hibernate.SQL                        : 
    insert 
    into
        role
        (created_date, description, last_modified_date, name, id) 
    values
        (?, ?, ?, ?, ?)
Hibernate: 
    insert 
    into
        role
        (created_date, description, last_modified_date, name, id) 
    values
        (?, ?, ?, ?, ?)
2025-11-20T15:41:45.677+05:30 DEBUG 33892 --- [Starter Project] [           main] org.hibernate.SQL                        : 
    select
        r1_0.id,
        r1_0.created_by,
        r1_0.created_date,
        r1_0.description,
        r1_0.last_modified_by,
        r1_0.last_modified_date,
        r1_0.name 
    from
        role r1_0
Hibernate: 
    select
        r1_0.id,
        r1_0.created_by,
        r1_0.created_date,
        r1_0.description,
        r1_0.last_modified_by,
        r1_0.last_modified_date,
        r1_0.name 
    from
        role r1_0
2025-11-20T15:41:45.687+05:30 DEBUG 33892 --- [Starter Project] [           main] org.hibernate.SQL                        : 
    select
        r1_0.id,
        r1_0.created_by,
        r1_0.created_date,
        r1_0.description,
        r1_0.last_modified_by,
        r1_0.last_modified_date,
        r1_0.name 
    from
        role r1_0
Hibernate: 
    select
        r1_0.id,
        r1_0.created_by,
        r1_0.created_date,
        r1_0.description,
        r1_0.last_modified_by,
        r1_0.last_modified_date,
        r1_0.name 
    from
        role r1_0
2025-11-20T15:41:45.690+05:30 DEBUG 33892 --- [Starter Project] [           main] org.hibernate.SQL                        : 
    insert 
    into
        role
        (created_date, description, last_modified_date, name, id) 
    values
        (?, ?, ?, ?, ?)
Hibernate: 
    insert 
    into
        role
        (created_date, description, last_modified_date, name, id) 
    values
        (?, ?, ?, ?, ?)
2025-11-20T15:41:45.692+05:30 DEBUG 33892 --- [Starter Project] [           main] org.hibernate.SQL                        : 
    insert 
    into
        role
        (created_date, description, last_modified_date, name, id) 
    values
        (?, ?, ?, ?, ?)
Hibernate: 
    insert 
    into
        role
        (created_date, description, last_modified_date, name, id) 
    values
        (?, ?, ?, ?, ?)
2025-11-20T15:41:45.697+05:30 DEBUG 33892 --- [Starter Project] [           main] org.hibernate.SQL                        : 
    delete 
    from
        role 
    where
        id=?
Hibernate: 
    delete 
    from
        role 
    where
        id=?
2025-11-20T15:41:45.698+05:30 DEBUG 33892 --- [Starter Project] [           main] org.hibernate.SQL                        : 
    select
        r1_0.id,
        r1_0.created_by,
        r1_0.created_date,
        r1_0.description,
        r1_0.last_modified_by,
        r1_0.last_modified_date,
        r1_0.name 
    from
        role r1_0 
    where
        r1_0.id=?
Hibernate: 
    select
        r1_0.id,
        r1_0.created_by,
        r1_0.created_date,
        r1_0.description,
        r1_0.last_modified_by,
        r1_0.last_modified_date,
        r1_0.name 
    from
        role r1_0 
    where
        r1_0.id=?
2025-11-20T15:41:45.706+05:30 DEBUG 33892 --- [Starter Project] [           main] org.hibernate.SQL                        : 
    select
        r1_0.id,
        r1_0.created_by,
        r1_0.created_date,
        r1_0.description,
        r1_0.last_modified_by,
        r1_0.last_modified_date,
        r1_0.name 
    from
        role r1_0
Hibernate: 
    select
        r1_0.id,
        r1_0.created_by,
        r1_0.created_date,
        r1_0.description,
        r1_0.last_modified_by,
        r1_0.last_modified_date,
        r1_0.name 
    from
        role r1_0
2025-11-20T15:41:45.709+05:30 DEBUG 33892 --- [Starter Project] [           main] org.hibernate.SQL                        : 
    insert 
    into
        role
        (created_date, description, last_modified_date, name, id) 
    values
        (?, ?, ?, ?, ?)
Hibernate: 
    insert 
    into
        role
        (created_date, description, last_modified_date, name, id) 
    values
        (?, ?, ?, ?, ?)
2025-11-20T15:41:45.710+05:30 DEBUG 33892 --- [Starter Project] [           main] org.hibernate.SQL                        : 
    insert 
    into
        role
        (created_date, description, last_modified_date, name, id) 
    values
        (?, ?, ?, ?, ?)
Hibernate: 
    insert 
    into
        role
        (created_date, description, last_modified_date, name, id) 
    values
        (?, ?, ?, ?, ?)
2025-11-20T15:41:45.718+05:30 DEBUG 33892 --- [Starter Project] [           main] org.hibernate.SQL                        : 
    select
        r1_0.id,
        r1_0.created_by,
        r1_0.created_date,
        r1_0.description,
        r1_0.last_modified_by,
        r1_0.last_modified_date,
        r1_0.name 
    from
        role r1_0
Hibernate: 
    select
        r1_0.id,
        r1_0.created_by,
        r1_0.created_date,
        r1_0.description,
        r1_0.last_modified_by,
        r1_0.last_modified_date,
        r1_0.name 
    from
        role r1_0
2025-11-20T15:41:45.721+05:30 DEBUG 33892 --- [Starter Project] [           main] org.hibernate.SQL                        : 
    insert 
    into
        role
        (created_date, description, last_modified_date, name, id) 
    values
        (?, ?, ?, ?, ?)
Hibernate: 
    insert 
    into
        role
        (created_date, description, last_modified_date, name, id) 
    values
        (?, ?, ?, ?, ?)
2025-11-20T15:41:45.722+05:30 DEBUG 33892 --- [Starter Project] [           main] org.hibernate.SQL                        : 
    insert 
    into
        role
        (created_date, description, last_modified_date, name, id) 
    values
        (?, ?, ?, ?, ?)
Hibernate: 
    insert 
    into
        role
        (created_date, description, last_modified_date, name, id) 
    values
        (?, ?, ?, ?, ?)
2025-11-20T15:41:45.724+05:30 DEBUG 33892 --- [Starter Project] [           main] org.hibernate.SQL                        : 
    select
        count(*) 
    from
        role r1_0
Hibernate: 
    select
        count(*) 
    from
        role r1_0
2025-11-20T15:41:45.725+05:30 DEBUG 33892 --- [Starter Project] [           main] org.hibernate.SQL                        : 
    select
        r1_0.id,
        r1_0.created_by,
        r1_0.created_date,
        r1_0.description,
        r1_0.last_modified_by,
        r1_0.last_modified_date,
        r1_0.name 
    from
        role r1_0 
    where
        r1_0.id=?
Hibernate: 
    select
        r1_0.id,
        r1_0.created_by,
        r1_0.created_date,
        r1_0.description,
        r1_0.last_modified_by,
        r1_0.last_modified_date,
        r1_0.name 
    from
        role r1_0 
    where
        r1_0.id=?
2025-11-20T15:41:45.727+05:30 DEBUG 33892 --- [Starter Project] [           main] org.hibernate.SQL                        : 
    insert 
    into
        role
        (created_date, description, last_modified_date, name, id) 
    values
        (?, ?, ?, ?, ?)
Hibernate: 
    insert 
    into
        role
        (created_date, description, last_modified_date, name, id) 
    values
        (?, ?, ?, ?, ?)
2025-11-20T15:41:45.728+05:30 DEBUG 33892 --- [Starter Project] [           main] org.hibernate.SQL                        : 
    select
        count(*) 
    from
        role r1_0
Hibernate: 
    select
        count(*) 
    from
        role r1_0
[INFO] Tests run: 8, Failures: 0, Errors: 0, Skipped: 0, Time elapsed: 0.212 s -- in com.starter.springboot.repository.RoleRepositoryTest
[INFO] Running com.starter.springboot.repository.UserRepositoryTest
2025-11-20T15:41:45.733+05:30 DEBUG 33892 --- [Starter Project] [           main] b.t.a.o.j.DataJpaTestContextBootstrapper : Neither @ContextConfiguration nor @ContextHierarchy found for test class [UserRepositoryTest]: using SpringBootContextLoader
2025-11-20T15:41:45.734+05:30  INFO 33892 --- [Starter Project] [           main] t.c.s.AnnotationConfigContextLoaderUtils : Could not detect default configuration classes for test class [com.starter.springboot.repository.UserRepositoryTest]: UserRepositoryTest does not declare any static, non-private, non-final, nested classes annotated with @Configuration.
2025-11-20T15:41:45.734+05:30 DEBUG 33892 --- [Starter Project] [           main] b.t.a.o.j.DataJpaTestContextBootstrapper : Using ContextCustomizerFactory implementations for test class [UserRepositoryTest]: [ImportsContextCustomizerFactory, ExcludeFilterContextCustomizerFactory, HttpGraphQlTesterContextCustomizerFactory, DuplicateJsonObjectContextCustomizerFactory, MockitoContextCustomizerFactory, TestRestTemplateContextCustomizerFactory, WebTestClientContextCustomizerFactory, OverrideAutoConfigurationContextCustomizerFactory, ObservabilityContextCustomizerFactory, TypeExcludeFiltersContextCustomizerFactory, PropertyMappingContextCustomizerFactory, WebDriverContextCustomizerFactory, MockServerContainerContextCustomizerFactory, DynamicPropertiesContextCustomizerFactory]
2025-11-20T15:41:45.748+05:30 DEBUG 33892 --- [Starter Project] [           main] b.t.a.o.j.DataJpaTestContextBootstrapper : Using ContextCustomizers for test class [UserRepositoryTest]: [ImportsContextCustomizer, ExcludeFilterContextCustomizer, DuplicateJsonObjectContextCustomizer, MockitoContextCustomizer, DisableAutoConfigurationContextCustomizer, DisableObservabilityContextCustomizer, TypeExcludeFiltersContextCustomizer, PropertyMappingContextCustomizer, WebDriverContextCustomizer]
2025-11-20T15:41:45.749+05:30  INFO 33892 --- [Starter Project] [           main] .b.t.c.SpringBootTestContextBootstrapper : Found @SpringBootConfiguration com.starter.springboot.Application for test class com.starter.springboot.repository.UserRepositoryTest
2025-11-20T15:41:45.750+05:30 DEBUG 33892 --- [Starter Project] [           main] b.t.a.o.j.DataJpaTestContextBootstrapper : Using TestExecutionListeners for test class [UserRepositoryTest]: [ServletTestExecutionListener, DirtiesContextBeforeModesTestExecutionListener, ApplicationEventsTestExecutionListener, MockitoTestExecutionListener, DependencyInjectionTestExecutionListener, DirtiesContextTestExecutionListener, TransactionalTestExecutionListener, SqlScriptsTestExecutionListener, EventPublishingTestExecutionListener, WithSecurityContextTestExecutionListener, ReactorContextTestExecutionListener, ResetMocksTestExecutionListener, RestDocsTestExecutionListener, MockRestServiceServerResetTestExecutionListener, MockMvcPrintOnlyOnFailureTestExecutionListener, WebDriverTestExecutionListener, MockWebServiceServerTestExecutionListener]
2025-11-20T15:41:45.763+05:30 DEBUG 33892 --- [Starter Project] [           main] org.hibernate.SQL                        : 
    select
        u1_0.id,
        u1_0.authority_id,
        u1_0.created_by,
        u1_0.created_date,
        u1_0.email,
        u1_0.enabled,
        u1_0.first_name,
        u1_0.is_otp_required,
        u1_0.last_modified_by,
        u1_0.last_modified_date,
        u1_0.last_name,
        u1_0.last_password_reset_date,
        u1_0.password,
        u1_0.role_id,
        u1_0.status,
        u1_0.username 
    from
        user_account u1_0
Hibernate: 
    select
        u1_0.id,
        u1_0.authority_id,
        u1_0.created_by,
        u1_0.created_date,
        u1_0.email,
        u1_0.enabled,
        u1_0.first_name,
        u1_0.is_otp_required,
        u1_0.last_modified_by,
        u1_0.last_modified_date,
        u1_0.last_name,
        u1_0.last_password_reset_date,
        u1_0.password,
        u1_0.role_id,
        u1_0.status,
        u1_0.username 
    from
        user_account u1_0
2025-11-20T15:41:45.773+05:30 DEBUG 33892 --- [Starter Project] [           main] org.hibernate.SQL                        : 
    insert 
    into
        role
        (created_date, description, last_modified_date, name, id) 
    values
        (?, ?, ?, ?, ?)
Hibernate: 
    insert 
    into
        role
        (created_date, description, last_modified_date, name, id) 
    values
        (?, ?, ?, ?, ?)
2025-11-20T15:41:45.775+05:30 DEBUG 33892 --- [Starter Project] [           main] org.hibernate.SQL                        : 
    insert 
    into
        authority
        (created_by, created_date, description, last_modified_by, last_modified_date, name, id) 
    values
        (?, ?, ?, ?, ?, ?, ?)
Hibernate: 
    insert 
    into
        authority
        (created_by, created_date, description, last_modified_by, last_modified_date, name, id) 
    values
        (?, ?, ?, ?, ?, ?, ?)
2025-11-20T15:41:45.777+05:30 DEBUG 33892 --- [Starter Project] [           main] org.hibernate.SQL                        : 
    insert 
    into
        user_account
        (authority_id, created_by, created_date, email, enabled, first_name, is_otp_required, last_modified_by, last_modified_date, last_name, last_password_reset_date, password, role_id, status, username, id) 
    values
        (?, ?, ?, ?, ?, ?, ?, ?, ?, ?, ?, ?, ?, ?, ?, ?)
Hibernate: 
    insert 
    into
        user_account
        (authority_id, created_by, created_date, email, enabled, first_name, is_otp_required, last_modified_by, last_modified_date, last_name, last_password_reset_date, password, role_id, status, username, id) 
    values
        (?, ?, ?, ?, ?, ?, ?, ?, ?, ?, ?, ?, ?, ?, ?, ?)
2025-11-20T15:41:45.784+05:30 DEBUG 33892 --- [Starter Project] [           main] org.hibernate.SQL                        : 
    select
        u1_0.id,
        u1_0.authority_id,
        u1_0.created_by,
        u1_0.created_date,
        u1_0.email,
        u1_0.enabled,
        u1_0.first_name,
        u1_0.is_otp_required,
        u1_0.last_modified_by,
        u1_0.last_modified_date,
        u1_0.last_name,
        u1_0.last_password_reset_date,
        u1_0.password,
        u1_0.role_id,
        u1_0.status,
        u1_0.username 
    from
        user_account u1_0 
    where
        u1_0.username=?
Hibernate: 
    select
        u1_0.id,
        u1_0.authority_id,
        u1_0.created_by,
        u1_0.created_date,
        u1_0.email,
        u1_0.enabled,
        u1_0.first_name,
        u1_0.is_otp_required,
        u1_0.last_modified_by,
        u1_0.last_modified_date,
        u1_0.last_name,
        u1_0.last_password_reset_date,
        u1_0.password,
        u1_0.role_id,
        u1_0.status,
        u1_0.username 
    from
        user_account u1_0 
    where
        u1_0.username=?
2025-11-20T15:41:45.786+05:30 DEBUG 33892 --- [Starter Project] [           main] org.hibernate.SQL                        : 
    update
        user_account 
    set
        authority_id=?,
        email=?,
        enabled=?,
        first_name=?,
        is_otp_required=?,
        last_modified_by=?,
        last_modified_date=?,
        last_name=?,
        last_password_reset_date=?,
        password=?,
        role_id=?,
        status=?,
        username=? 
    where
        id=?
Hibernate: 
    update
        user_account 
    set
        authority_id=?,
        email=?,
        enabled=?,
        first_name=?,
        is_otp_required=?,
        last_modified_by=?,
        last_modified_date=?,
        last_name=?,
        last_password_reset_date=?,
        password=?,
        role_id=?,
        status=?,
        username=? 
    where
        id=?
2025-11-20T15:41:45.789+05:30 DEBUG 33892 --- [Starter Project] [           main] org.hibernate.SQL                        : 
    select
        u1_0.id,
        u1_0.authority_id,
        u1_0.created_by,
        u1_0.created_date,
        u1_0.email,
        u1_0.enabled,
        u1_0.first_name,
        u1_0.is_otp_required,
        u1_0.last_modified_by,
        u1_0.last_modified_date,
        u1_0.last_name,
        u1_0.last_password_reset_date,
        u1_0.password,
        u1_0.role_id,
        u1_0.status,
        u1_0.username 
    from
        user_account u1_0 
    where
        u1_0.username=?
Hibernate: 
    select
        u1_0.id,
        u1_0.authority_id,
        u1_0.created_by,
        u1_0.created_date,
        u1_0.email,
        u1_0.enabled,
        u1_0.first_name,
        u1_0.is_otp_required,
        u1_0.last_modified_by,
        u1_0.last_modified_date,
        u1_0.last_name,
        u1_0.last_password_reset_date,
        u1_0.password,
        u1_0.role_id,
        u1_0.status,
        u1_0.username 
    from
        user_account u1_0 
    where
        u1_0.username=?
2025-11-20T15:41:45.790+05:30 DEBUG 33892 --- [Starter Project] [           main] org.hibernate.SQL                        : 
    select
        a1_0.id,
        a1_0.created_by,
        a1_0.created_date,
        a1_0.description,
        a1_0.last_modified_by,
        a1_0.last_modified_date,
        a1_0.name 
    from
        authority a1_0 
    where
        a1_0.id=?
Hibernate: 
    select
        a1_0.id,
        a1_0.created_by,
        a1_0.created_date,
        a1_0.description,
        a1_0.last_modified_by,
        a1_0.last_modified_date,
        a1_0.name 
    from
        authority a1_0 
    where
        a1_0.id=?
2025-11-20T15:41:45.791+05:30 DEBUG 33892 --- [Starter Project] [           main] org.hibernate.SQL                        : 
    select
        r1_0.id,
        r1_0.created_by,
        r1_0.created_date,
        r1_0.description,
        r1_0.last_modified_by,
        r1_0.last_modified_date,
        r1_0.name 
    from
        role r1_0 
    where
        r1_0.id=?
Hibernate: 
    select
        r1_0.id,
        r1_0.created_by,
        r1_0.created_date,
        r1_0.description,
        r1_0.last_modified_by,
        r1_0.last_modified_date,
        r1_0.name 
    from
        role r1_0 
    where
        r1_0.id=?
2025-11-20T15:41:45.800+05:30 DEBUG 33892 --- [Starter Project] [           main] org.hibernate.SQL                        : 
    select
        u1_0.id,
        u1_0.authority_id,
        u1_0.created_by,
        u1_0.created_date,
        u1_0.email,
        u1_0.enabled,
        u1_0.first_name,
        u1_0.is_otp_required,
        u1_0.last_modified_by,
        u1_0.last_modified_date,
        u1_0.last_name,
        u1_0.last_password_reset_date,
        u1_0.password,
        u1_0.role_id,
        u1_0.status,
        u1_0.username 
    from
        user_account u1_0
Hibernate: 
    select
        u1_0.id,
        u1_0.authority_id,
        u1_0.created_by,
        u1_0.created_date,
        u1_0.email,
        u1_0.enabled,
        u1_0.first_name,
        u1_0.is_otp_required,
        u1_0.last_modified_by,
        u1_0.last_modified_date,
        u1_0.last_name,
        u1_0.last_password_reset_date,
        u1_0.password,
        u1_0.role_id,
        u1_0.status,
        u1_0.username 
    from
        user_account u1_0
2025-11-20T15:41:45.804+05:30 DEBUG 33892 --- [Starter Project] [           main] org.hibernate.SQL                        : 
    insert 
    into
        role
        (created_date, description, last_modified_date, name, id) 
    values
        (?, ?, ?, ?, ?)
Hibernate: 
    insert 
    into
        role
        (created_date, description, last_modified_date, name, id) 
    values
        (?, ?, ?, ?, ?)
2025-11-20T15:41:45.806+05:30 DEBUG 33892 --- [Starter Project] [           main] org.hibernate.SQL                        : 
    insert 
    into
        authority
        (created_by, created_date, description, last_modified_by, last_modified_date, name, id) 
    values
        (?, ?, ?, ?, ?, ?, ?)
Hibernate: 
    insert 
    into
        authority
        (created_by, created_date, description, last_modified_by, last_modified_date, name, id) 
    values
        (?, ?, ?, ?, ?, ?, ?)
2025-11-20T15:41:45.807+05:30 DEBUG 33892 --- [Starter Project] [           main] org.hibernate.SQL                        : 
    insert 
    into
        user_account
        (authority_id, created_by, created_date, email, enabled, first_name, is_otp_required, last_modified_by, last_modified_date, last_name, last_password_reset_date, password, role_id, status, username, id) 
    values
        (?, ?, ?, ?, ?, ?, ?, ?, ?, ?, ?, ?, ?, ?, ?, ?)
Hibernate: 
    insert 
    into
        user_account
        (authority_id, created_by, created_date, email, enabled, first_name, is_otp_required, last_modified_by, last_modified_date, last_name, last_password_reset_date, password, role_id, status, username, id) 
    values
        (?, ?, ?, ?, ?, ?, ?, ?, ?, ?, ?, ?, ?, ?, ?, ?)
2025-11-20T15:41:45.811+05:30 DEBUG 33892 --- [Starter Project] [           main] org.hibernate.SQL                        : 
    select
        u1_0.id,
        u1_0.authority_id,
        u1_0.created_by,
        u1_0.created_date,
        u1_0.email,
        u1_0.enabled,
        u1_0.first_name,
        u1_0.is_otp_required,
        u1_0.last_modified_by,
        u1_0.last_modified_date,
        u1_0.last_name,
        u1_0.last_password_reset_date,
        u1_0.password,
        u1_0.role_id,
        u1_0.status,
        u1_0.username 
    from
        user_account u1_0 
    where
        u1_0.username=?
Hibernate: 
    select
        u1_0.id,
        u1_0.authority_id,
        u1_0.created_by,
        u1_0.created_date,
        u1_0.email,
        u1_0.enabled,
        u1_0.first_name,
        u1_0.is_otp_required,
        u1_0.last_modified_by,
        u1_0.last_modified_date,
        u1_0.last_name,
        u1_0.last_password_reset_date,
        u1_0.password,
        u1_0.role_id,
        u1_0.status,
        u1_0.username 
    from
        user_account u1_0 
    where
        u1_0.username=?
2025-11-20T15:41:45.820+05:30 DEBUG 33892 --- [Starter Project] [           main] org.hibernate.SQL                        : 
    select
        u1_0.id,
        u1_0.authority_id,
        u1_0.created_by,
        u1_0.created_date,
        u1_0.email,
        u1_0.enabled,
        u1_0.first_name,
        u1_0.is_otp_required,
        u1_0.last_modified_by,
        u1_0.last_modified_date,
        u1_0.last_name,
        u1_0.last_password_reset_date,
        u1_0.password,
        u1_0.role_id,
        u1_0.status,
        u1_0.username 
    from
        user_account u1_0
Hibernate: 
    select
        u1_0.id,
        u1_0.authority_id,
        u1_0.created_by,
        u1_0.created_date,
        u1_0.email,
        u1_0.enabled,
        u1_0.first_name,
        u1_0.is_otp_required,
        u1_0.last_modified_by,
        u1_0.last_modified_date,
        u1_0.last_name,
        u1_0.last_password_reset_date,
        u1_0.password,
        u1_0.role_id,
        u1_0.status,
        u1_0.username 
    from
        user_account u1_0
2025-11-20T15:41:45.822+05:30 DEBUG 33892 --- [Starter Project] [           main] org.hibernate.SQL                        : 
    insert 
    into
        role
        (created_date, description, last_modified_date, name, id) 
    values
        (?, ?, ?, ?, ?)
Hibernate: 
    insert 
    into
        role
        (created_date, description, last_modified_date, name, id) 
    values
        (?, ?, ?, ?, ?)
2025-11-20T15:41:45.824+05:30 DEBUG 33892 --- [Starter Project] [           main] org.hibernate.SQL                        : 
    insert 
    into
        authority
        (created_by, created_date, description, last_modified_by, last_modified_date, name, id) 
    values
        (?, ?, ?, ?, ?, ?, ?)
Hibernate: 
    insert 
    into
        authority
        (created_by, created_date, description, last_modified_by, last_modified_date, name, id) 
    values
        (?, ?, ?, ?, ?, ?, ?)
2025-11-20T15:41:45.826+05:30 DEBUG 33892 --- [Starter Project] [           main] org.hibernate.SQL                        : 
    insert 
    into
        user_account
        (authority_id, created_by, created_date, email, enabled, first_name, is_otp_required, last_modified_by, last_modified_date, last_name, last_password_reset_date, password, role_id, status, username, id) 
    values
        (?, ?, ?, ?, ?, ?, ?, ?, ?, ?, ?, ?, ?, ?, ?, ?)
Hibernate: 
    insert 
    into
        user_account
        (authority_id, created_by, created_date, email, enabled, first_name, is_otp_required, last_modified_by, last_modified_date, last_name, last_password_reset_date, password, role_id, status, username, id) 
    values
        (?, ?, ?, ?, ?, ?, ?, ?, ?, ?, ?, ?, ?, ?, ?, ?)
2025-11-20T15:41:45.830+05:30 DEBUG 33892 --- [Starter Project] [           main] org.hibernate.SQL                        : 
    select
        u1_0.id,
        u1_0.authority_id,
        u1_0.created_by,
        u1_0.created_date,
        u1_0.email,
        u1_0.enabled,
        u1_0.first_name,
        u1_0.is_otp_required,
        u1_0.last_modified_by,
        u1_0.last_modified_date,
        u1_0.last_name,
        u1_0.last_password_reset_date,
        u1_0.password,
        u1_0.role_id,
        u1_0.status,
        u1_0.username 
    from
        user_account u1_0 
    where
        u1_0.username=?
Hibernate: 
    select
        u1_0.id,
        u1_0.authority_id,
        u1_0.created_by,
        u1_0.created_date,
        u1_0.email,
        u1_0.enabled,
        u1_0.first_name,
        u1_0.is_otp_required,
        u1_0.last_modified_by,
        u1_0.last_modified_date,
        u1_0.last_name,
        u1_0.last_password_reset_date,
        u1_0.password,
        u1_0.role_id,
        u1_0.status,
        u1_0.username 
    from
        user_account u1_0 
    where
        u1_0.username=?
2025-11-20T15:41:45.839+05:30 DEBUG 33892 --- [Starter Project] [           main] org.hibernate.SQL                        : 
    select
        u1_0.id,
        u1_0.authority_id,
        u1_0.created_by,
        u1_0.created_date,
        u1_0.email,
        u1_0.enabled,
        u1_0.first_name,
        u1_0.is_otp_required,
        u1_0.last_modified_by,
        u1_0.last_modified_date,
        u1_0.last_name,
        u1_0.last_password_reset_date,
        u1_0.password,
        u1_0.role_id,
        u1_0.status,
        u1_0.username 
    from
        user_account u1_0
Hibernate: 
    select
        u1_0.id,
        u1_0.authority_id,
        u1_0.created_by,
        u1_0.created_date,
        u1_0.email,
        u1_0.enabled,
        u1_0.first_name,
        u1_0.is_otp_required,
        u1_0.last_modified_by,
        u1_0.last_modified_date,
        u1_0.last_name,
        u1_0.last_password_reset_date,
        u1_0.password,
        u1_0.role_id,
        u1_0.status,
        u1_0.username 
    from
        user_account u1_0
2025-11-20T15:41:45.844+05:30 DEBUG 33892 --- [Starter Project] [           main] org.hibernate.SQL                        : 
    insert 
    into
        role
        (created_date, description, last_modified_date, name, id) 
    values
        (?, ?, ?, ?, ?)
Hibernate: 
    insert 
    into
        role
        (created_date, description, last_modified_date, name, id) 
    values
        (?, ?, ?, ?, ?)
2025-11-20T15:41:45.845+05:30 DEBUG 33892 --- [Starter Project] [           main] org.hibernate.SQL                        : 
    insert 
    into
        authority
        (created_by, created_date, description, last_modified_by, last_modified_date, name, id) 
    values
        (?, ?, ?, ?, ?, ?, ?)
Hibernate: 
    insert 
    into
        authority
        (created_by, created_date, description, last_modified_by, last_modified_date, name, id) 
    values
        (?, ?, ?, ?, ?, ?, ?)
2025-11-20T15:41:45.846+05:30 DEBUG 33892 --- [Starter Project] [           main] org.hibernate.SQL                        : 
    insert 
    into
        user_account
        (authority_id, created_by, created_date, email, enabled, first_name, is_otp_required, last_modified_by, last_modified_date, last_name, last_password_reset_date, password, role_id, status, username, id) 
    values
        (?, ?, ?, ?, ?, ?, ?, ?, ?, ?, ?, ?, ?, ?, ?, ?)
Hibernate: 
    insert 
    into
        user_account
        (authority_id, created_by, created_date, email, enabled, first_name, is_otp_required, last_modified_by, last_modified_date, last_name, last_password_reset_date, password, role_id, status, username, id) 
    values
        (?, ?, ?, ?, ?, ?, ?, ?, ?, ?, ?, ?, ?, ?, ?, ?)
2025-11-20T15:41:45.855+05:30 DEBUG 33892 --- [Starter Project] [           main] org.hibernate.SQL                        : 
    select
        u1_0.id,
        u1_0.authority_id,
        u1_0.created_by,
        u1_0.created_date,
        u1_0.email,
        u1_0.enabled,
        u1_0.first_name,
        u1_0.is_otp_required,
        u1_0.last_modified_by,
        u1_0.last_modified_date,
        u1_0.last_name,
        u1_0.last_password_reset_date,
        u1_0.password,
        u1_0.role_id,
        u1_0.status,
        u1_0.username 
    from
        user_account u1_0
Hibernate: 
    select
        u1_0.id,
        u1_0.authority_id,
        u1_0.created_by,
        u1_0.created_date,
        u1_0.email,
        u1_0.enabled,
        u1_0.first_name,
        u1_0.is_otp_required,
        u1_0.last_modified_by,
        u1_0.last_modified_date,
        u1_0.last_name,
        u1_0.last_password_reset_date,
        u1_0.password,
        u1_0.role_id,
        u1_0.status,
        u1_0.username 
    from
        user_account u1_0
2025-11-20T15:41:45.860+05:30 DEBUG 33892 --- [Starter Project] [           main] org.hibernate.SQL                        : 
    insert 
    into
        role
        (created_date, description, last_modified_date, name, id) 
    values
        (?, ?, ?, ?, ?)
Hibernate: 
    insert 
    into
        role
        (created_date, description, last_modified_date, name, id) 
    values
        (?, ?, ?, ?, ?)
2025-11-20T15:41:45.861+05:30 DEBUG 33892 --- [Starter Project] [           main] org.hibernate.SQL                        : 
    insert 
    into
        authority
        (created_by, created_date, description, last_modified_by, last_modified_date, name, id) 
    values
        (?, ?, ?, ?, ?, ?, ?)
Hibernate: 
    insert 
    into
        authority
        (created_by, created_date, description, last_modified_by, last_modified_date, name, id) 
    values
        (?, ?, ?, ?, ?, ?, ?)
2025-11-20T15:41:45.862+05:30 DEBUG 33892 --- [Starter Project] [           main] org.hibernate.SQL                        : 
    insert 
    into
        user_account
        (authority_id, created_by, created_date, email, enabled, first_name, is_otp_required, last_modified_by, last_modified_date, last_name, last_password_reset_date, password, role_id, status, username, id) 
    values
        (?, ?, ?, ?, ?, ?, ?, ?, ?, ?, ?, ?, ?, ?, ?, ?)
Hibernate: 
    insert 
    into
        user_account
        (authority_id, created_by, created_date, email, enabled, first_name, is_otp_required, last_modified_by, last_modified_date, last_name, last_password_reset_date, password, role_id, status, username, id) 
    values
        (?, ?, ?, ?, ?, ?, ?, ?, ?, ?, ?, ?, ?, ?, ?, ?)
2025-11-20T15:41:45.866+05:30 DEBUG 33892 --- [Starter Project] [           main] org.hibernate.SQL                        : 
    delete 
    from
        user_account 
    where
        id=?
Hibernate: 
    delete 
    from
        user_account 
    where
        id=?
2025-11-20T15:41:45.868+05:30 DEBUG 33892 --- [Starter Project] [           main] org.hibernate.SQL                        : 
    select
        u1_0.id,
        a1_0.id,
        a1_0.created_by,
        a1_0.created_date,
        a1_0.description,
        a1_0.last_modified_by,
        a1_0.last_modified_date,
        a1_0.name,
        u1_0.created_by,
        u1_0.created_date,
        u1_0.email,
        u1_0.enabled,
        u1_0.first_name,
        u1_0.is_otp_required,
        u1_0.last_modified_by,
        u1_0.last_modified_date,
        u1_0.last_name,
        u1_0.last_password_reset_date,
        u1_0.password,
        r1_0.id,
        r1_0.created_by,
        r1_0.created_date,
        r1_0.description,
        r1_0.last_modified_by,
        r1_0.last_modified_date,
        r1_0.name,
        u1_0.status,
        u1_0.username 
    from
        user_account u1_0 
    left join
        authority a1_0 
            on a1_0.id=u1_0.authority_id 
    left join
        role r1_0 
            on r1_0.id=u1_0.role_id 
    where
        u1_0.id=?
Hibernate: 
    select
        u1_0.id,
        a1_0.id,
        a1_0.created_by,
        a1_0.created_date,
        a1_0.description,
        a1_0.last_modified_by,
        a1_0.last_modified_date,
        a1_0.name,
        u1_0.created_by,
        u1_0.created_date,
        u1_0.email,
        u1_0.enabled,
        u1_0.first_name,
        u1_0.is_otp_required,
        u1_0.last_modified_by,
        u1_0.last_modified_date,
        u1_0.last_name,
        u1_0.last_password_reset_date,
        u1_0.password,
        r1_0.id,
        r1_0.created_by,
        r1_0.created_date,
        r1_0.description,
        r1_0.last_modified_by,
        r1_0.last_modified_date,
        r1_0.name,
        u1_0.status,
        u1_0.username 
    from
        user_account u1_0 
    left join
        authority a1_0 
            on a1_0.id=u1_0.authority_id 
    left join
        role r1_0 
            on r1_0.id=u1_0.role_id 
    where
        u1_0.id=?
2025-11-20T15:41:45.880+05:30 DEBUG 33892 --- [Starter Project] [           main] org.hibernate.SQL                        : 
    select
        u1_0.id,
        u1_0.authority_id,
        u1_0.created_by,
        u1_0.created_date,
        u1_0.email,
        u1_0.enabled,
        u1_0.first_name,
        u1_0.is_otp_required,
        u1_0.last_modified_by,
        u1_0.last_modified_date,
        u1_0.last_name,
        u1_0.last_password_reset_date,
        u1_0.password,
        u1_0.role_id,
        u1_0.status,
        u1_0.username 
    from
        user_account u1_0
Hibernate: 
    select
        u1_0.id,
        u1_0.authority_id,
        u1_0.created_by,
        u1_0.created_date,
        u1_0.email,
        u1_0.enabled,
        u1_0.first_name,
        u1_0.is_otp_required,
        u1_0.last_modified_by,
        u1_0.last_modified_date,
        u1_0.last_name,
        u1_0.last_password_reset_date,
        u1_0.password,
        u1_0.role_id,
        u1_0.status,
        u1_0.username 
    from
        user_account u1_0
2025-11-20T15:41:45.883+05:30 DEBUG 33892 --- [Starter Project] [           main] org.hibernate.SQL                        : 
    insert 
    into
        role
        (created_date, description, last_modified_date, name, id) 
    values
        (?, ?, ?, ?, ?)
Hibernate: 
    insert 
    into
        role
        (created_date, description, last_modified_date, name, id) 
    values
        (?, ?, ?, ?, ?)
2025-11-20T15:41:45.884+05:30 DEBUG 33892 --- [Starter Project] [           main] org.hibernate.SQL                        : 
    insert 
    into
        authority
        (created_by, created_date, description, last_modified_by, last_modified_date, name, id) 
    values
        (?, ?, ?, ?, ?, ?, ?)
Hibernate: 
    insert 
    into
        authority
        (created_by, created_date, description, last_modified_by, last_modified_date, name, id) 
    values
        (?, ?, ?, ?, ?, ?, ?)
2025-11-20T15:41:45.884+05:30 DEBUG 33892 --- [Starter Project] [           main] org.hibernate.SQL                        : 
    insert 
    into
        user_account
        (authority_id, created_by, created_date, email, enabled, first_name, is_otp_required, last_modified_by, last_modified_date, last_name, last_password_reset_date, password, role_id, status, username, id) 
    values
        (?, ?, ?, ?, ?, ?, ?, ?, ?, ?, ?, ?, ?, ?, ?, ?)
Hibernate: 
    insert 
    into
        user_account
        (authority_id, created_by, created_date, email, enabled, first_name, is_otp_required, last_modified_by, last_modified_date, last_name, last_password_reset_date, password, role_id, status, username, id) 
    values
        (?, ?, ?, ?, ?, ?, ?, ?, ?, ?, ?, ?, ?, ?, ?, ?)
2025-11-20T15:41:45.886+05:30 DEBUG 33892 --- [Starter Project] [           main] org.hibernate.SQL                        : 
    select
        u1_0.id,
        u1_0.authority_id,
        u1_0.created_by,
        u1_0.created_date,
        u1_0.email,
        u1_0.enabled,
        u1_0.first_name,
        u1_0.is_otp_required,
        u1_0.last_modified_by,
        u1_0.last_modified_date,
        u1_0.last_name,
        u1_0.last_password_reset_date,
        u1_0.password,
        u1_0.role_id,
        u1_0.status,
        u1_0.username 
    from
        user_account u1_0 
    where
        u1_0.username=?
Hibernate: 
    select
        u1_0.id,
        u1_0.authority_id,
        u1_0.created_by,
        u1_0.created_date,
        u1_0.email,
        u1_0.enabled,
        u1_0.first_name,
        u1_0.is_otp_required,
        u1_0.last_modified_by,
        u1_0.last_modified_date,
        u1_0.last_name,
        u1_0.last_password_reset_date,
        u1_0.password,
        u1_0.role_id,
        u1_0.status,
        u1_0.username 
    from
        user_account u1_0 
    where
        u1_0.username=?
2025-11-20T15:41:45.889+05:30 DEBUG 33892 --- [Starter Project] [           main] org.hibernate.SQL                        : 
    update
        user_account 
    set
        authority_id=?,
        email=?,
        enabled=?,
        first_name=?,
        is_otp_required=?,
        last_modified_by=?,
        last_modified_date=?,
        last_name=?,
        last_password_reset_date=?,
        password=?,
        role_id=?,
        status=?,
        username=? 
    where
        id=?
Hibernate: 
    update
        user_account 
    set
        authority_id=?,
        email=?,
        enabled=?,
        first_name=?,
        is_otp_required=?,
        last_modified_by=?,
        last_modified_date=?,
        last_name=?,
        last_password_reset_date=?,
        password=?,
        role_id=?,
        status=?,
        username=? 
    where
        id=?
2025-11-20T15:41:45.892+05:30 DEBUG 33892 --- [Starter Project] [           main] org.hibernate.SQL                        : 
    select
        u1_0.id,
        u1_0.authority_id,
        u1_0.created_by,
        u1_0.created_date,
        u1_0.email,
        u1_0.enabled,
        u1_0.first_name,
        u1_0.is_otp_required,
        u1_0.last_modified_by,
        u1_0.last_modified_date,
        u1_0.last_name,
        u1_0.last_password_reset_date,
        u1_0.password,
        u1_0.role_id,
        u1_0.status,
        u1_0.username 
    from
        user_account u1_0 
    where
        u1_0.username=?
Hibernate: 
    select
        u1_0.id,
        u1_0.authority_id,
        u1_0.created_by,
        u1_0.created_date,
        u1_0.email,
        u1_0.enabled,
        u1_0.first_name,
        u1_0.is_otp_required,
        u1_0.last_modified_by,
        u1_0.last_modified_date,
        u1_0.last_name,
        u1_0.last_password_reset_date,
        u1_0.password,
        u1_0.role_id,
        u1_0.status,
        u1_0.username 
    from
        user_account u1_0 
    where
        u1_0.username=?
2025-11-20T15:41:45.893+05:30 DEBUG 33892 --- [Starter Project] [           main] org.hibernate.SQL                        : 
    select
        a1_0.id,
        a1_0.created_by,
        a1_0.created_date,
        a1_0.description,
        a1_0.last_modified_by,
        a1_0.last_modified_date,
        a1_0.name 
    from
        authority a1_0 
    where
        a1_0.id=?
Hibernate: 
    select
        a1_0.id,
        a1_0.created_by,
        a1_0.created_date,
        a1_0.description,
        a1_0.last_modified_by,
        a1_0.last_modified_date,
        a1_0.name 
    from
        authority a1_0 
    where
        a1_0.id=?
2025-11-20T15:41:45.894+05:30 DEBUG 33892 --- [Starter Project] [           main] org.hibernate.SQL                        : 
    select
        r1_0.id,
        r1_0.created_by,
        r1_0.created_date,
        r1_0.description,
        r1_0.last_modified_by,
        r1_0.last_modified_date,
        r1_0.name 
    from
        role r1_0 
    where
        r1_0.id=?
Hibernate: 
    select
        r1_0.id,
        r1_0.created_by,
        r1_0.created_date,
        r1_0.description,
        r1_0.last_modified_by,
        r1_0.last_modified_date,
        r1_0.name 
    from
        role r1_0 
    where
        r1_0.id=?
2025-11-20T15:41:45.900+05:30 DEBUG 33892 --- [Starter Project] [           main] org.hibernate.SQL                        : 
    select
        u1_0.id,
        u1_0.authority_id,
        u1_0.created_by,
        u1_0.created_date,
        u1_0.email,
        u1_0.enabled,
        u1_0.first_name,
        u1_0.is_otp_required,
        u1_0.last_modified_by,
        u1_0.last_modified_date,
        u1_0.last_name,
        u1_0.last_password_reset_date,
        u1_0.password,
        u1_0.role_id,
        u1_0.status,
        u1_0.username 
    from
        user_account u1_0
Hibernate: 
    select
        u1_0.id,
        u1_0.authority_id,
        u1_0.created_by,
        u1_0.created_date,
        u1_0.email,
        u1_0.enabled,
        u1_0.first_name,
        u1_0.is_otp_required,
        u1_0.last_modified_by,
        u1_0.last_modified_date,
        u1_0.last_name,
        u1_0.last_password_reset_date,
        u1_0.password,
        u1_0.role_id,
        u1_0.status,
        u1_0.username 
    from
        user_account u1_0
2025-11-20T15:41:45.903+05:30 DEBUG 33892 --- [Starter Project] [           main] org.hibernate.SQL                        : 
    insert 
    into
        role
        (created_date, description, last_modified_date, name, id) 
    values
        (?, ?, ?, ?, ?)
Hibernate: 
    insert 
    into
        role
        (created_date, description, last_modified_date, name, id) 
    values
        (?, ?, ?, ?, ?)
2025-11-20T15:41:45.904+05:30 DEBUG 33892 --- [Starter Project] [           main] org.hibernate.SQL                        : 
    insert 
    into
        authority
        (created_by, created_date, description, last_modified_by, last_modified_date, name, id) 
    values
        (?, ?, ?, ?, ?, ?, ?)
Hibernate: 
    insert 
    into
        authority
        (created_by, created_date, description, last_modified_by, last_modified_date, name, id) 
    values
        (?, ?, ?, ?, ?, ?, ?)
2025-11-20T15:41:45.905+05:30 DEBUG 33892 --- [Starter Project] [           main] org.hibernate.SQL                        : 
    insert 
    into
        user_account
        (authority_id, created_by, created_date, email, enabled, first_name, is_otp_required, last_modified_by, last_modified_date, last_name, last_password_reset_date, password, role_id, status, username, id) 
    values
        (?, ?, ?, ?, ?, ?, ?, ?, ?, ?, ?, ?, ?, ?, ?, ?)
Hibernate: 
    insert 
    into
        user_account
        (authority_id, created_by, created_date, email, enabled, first_name, is_otp_required, last_modified_by, last_modified_date, last_name, last_password_reset_date, password, role_id, status, username, id) 
    values
        (?, ?, ?, ?, ?, ?, ?, ?, ?, ?, ?, ?, ?, ?, ?, ?)
2025-11-20T15:41:45.908+05:30 DEBUG 33892 --- [Starter Project] [           main] org.hibernate.SQL                        : 
    select
        u1_0.id,
        a1_0.id,
        a1_0.created_by,
        a1_0.created_date,
        a1_0.description,
        a1_0.last_modified_by,
        a1_0.last_modified_date,
        a1_0.name,
        u1_0.created_by,
        u1_0.created_date,
        u1_0.email,
        u1_0.enabled,
        u1_0.first_name,
        u1_0.is_otp_required,
        u1_0.last_modified_by,
        u1_0.last_modified_date,
        u1_0.last_name,
        u1_0.last_password_reset_date,
        u1_0.password,
        r1_0.id,
        r1_0.created_by,
        r1_0.created_date,
        r1_0.description,
        r1_0.last_modified_by,
        r1_0.last_modified_date,
        r1_0.name,
        u1_0.status,
        u1_0.username 
    from
        user_account u1_0 
    left join
        authority a1_0 
            on a1_0.id=u1_0.authority_id 
    left join
        role r1_0 
            on r1_0.id=u1_0.role_id 
    where
        u1_0.id=?
Hibernate: 
    select
        u1_0.id,
        a1_0.id,
        a1_0.created_by,
        a1_0.created_date,
        a1_0.description,
        a1_0.last_modified_by,
        a1_0.last_modified_date,
        a1_0.name,
        u1_0.created_by,
        u1_0.created_date,
        u1_0.email,
        u1_0.enabled,
        u1_0.first_name,
        u1_0.is_otp_required,
        u1_0.last_modified_by,
        u1_0.last_modified_date,
        u1_0.last_name,
        u1_0.last_password_reset_date,
        u1_0.password,
        r1_0.id,
        r1_0.created_by,
        r1_0.created_date,
        r1_0.description,
        r1_0.last_modified_by,
        r1_0.last_modified_date,
        r1_0.name,
        u1_0.status,
        u1_0.username 
    from
        user_account u1_0 
    left join
        authority a1_0 
            on a1_0.id=u1_0.authority_id 
    left join
        role r1_0 
            on r1_0.id=u1_0.role_id 
    where
        u1_0.id=?
2025-11-20T15:41:45.915+05:30 DEBUG 33892 --- [Starter Project] [           main] org.hibernate.SQL                        : 
    select
        u1_0.id,
        u1_0.authority_id,
        u1_0.created_by,
        u1_0.created_date,
        u1_0.email,
        u1_0.enabled,
        u1_0.first_name,
        u1_0.is_otp_required,
        u1_0.last_modified_by,
        u1_0.last_modified_date,
        u1_0.last_name,
        u1_0.last_password_reset_date,
        u1_0.password,
        u1_0.role_id,
        u1_0.status,
        u1_0.username 
    from
        user_account u1_0
Hibernate: 
    select
        u1_0.id,
        u1_0.authority_id,
        u1_0.created_by,
        u1_0.created_date,
        u1_0.email,
        u1_0.enabled,
        u1_0.first_name,
        u1_0.is_otp_required,
        u1_0.last_modified_by,
        u1_0.last_modified_date,
        u1_0.last_name,
        u1_0.last_password_reset_date,
        u1_0.password,
        u1_0.role_id,
        u1_0.status,
        u1_0.username 
    from
        user_account u1_0
2025-11-20T15:41:45.918+05:30 DEBUG 33892 --- [Starter Project] [           main] org.hibernate.SQL                        : 
    insert 
    into
        role
        (created_date, description, last_modified_date, name, id) 
    values
        (?, ?, ?, ?, ?)
Hibernate: 
    insert 
    into
        role
        (created_date, description, last_modified_date, name, id) 
    values
        (?, ?, ?, ?, ?)
2025-11-20T15:41:45.918+05:30 DEBUG 33892 --- [Starter Project] [           main] org.hibernate.SQL                        : 
    insert 
    into
        authority
        (created_by, created_date, description, last_modified_by, last_modified_date, name, id) 
    values
        (?, ?, ?, ?, ?, ?, ?)
Hibernate: 
    insert 
    into
        authority
        (created_by, created_date, description, last_modified_by, last_modified_date, name, id) 
    values
        (?, ?, ?, ?, ?, ?, ?)
2025-11-20T15:41:45.919+05:30 DEBUG 33892 --- [Starter Project] [           main] org.hibernate.SQL                        : 
    insert 
    into
        user_account
        (authority_id, created_by, created_date, email, enabled, first_name, is_otp_required, last_modified_by, last_modified_date, last_name, last_password_reset_date, password, role_id, status, username, id) 
    values
        (?, ?, ?, ?, ?, ?, ?, ?, ?, ?, ?, ?, ?, ?, ?, ?)
Hibernate: 
    insert 
    into
        user_account
        (authority_id, created_by, created_date, email, enabled, first_name, is_otp_required, last_modified_by, last_modified_date, last_name, last_password_reset_date, password, role_id, status, username, id) 
    values
        (?, ?, ?, ?, ?, ?, ?, ?, ?, ?, ?, ?, ?, ?, ?, ?)
2025-11-20T15:41:45.921+05:30 DEBUG 33892 --- [Starter Project] [           main] org.hibernate.SQL                        : 
    select
        u1_0.id,
        a1_0.id,
        a1_0.created_by,
        a1_0.created_date,
        a1_0.description,
        a1_0.last_modified_by,
        a1_0.last_modified_date,
        a1_0.name,
        u1_0.created_by,
        u1_0.created_date,
        u1_0.email,
        u1_0.enabled,
        u1_0.first_name,
        u1_0.is_otp_required,
        u1_0.last_modified_by,
        u1_0.last_modified_date,
        u1_0.last_name,
        u1_0.last_password_reset_date,
        u1_0.password,
        r1_0.id,
        r1_0.created_by,
        r1_0.created_date,
        r1_0.description,
        r1_0.last_modified_by,
        r1_0.last_modified_date,
        r1_0.name,
        u1_0.status,
        u1_0.username 
    from
        user_account u1_0 
    left join
        authority a1_0 
            on a1_0.id=u1_0.authority_id 
    left join
        role r1_0 
            on r1_0.id=u1_0.role_id 
    where
        u1_0.id=?
Hibernate: 
    select
        u1_0.id,
        a1_0.id,
        a1_0.created_by,
        a1_0.created_date,
        a1_0.description,
        a1_0.last_modified_by,
        a1_0.last_modified_date,
        a1_0.name,
        u1_0.created_by,
        u1_0.created_date,
        u1_0.email,
        u1_0.enabled,
        u1_0.first_name,
        u1_0.is_otp_required,
        u1_0.last_modified_by,
        u1_0.last_modified_date,
        u1_0.last_name,
        u1_0.last_password_reset_date,
        u1_0.password,
        r1_0.id,
        r1_0.created_by,
        r1_0.created_date,
        r1_0.description,
        r1_0.last_modified_by,
        r1_0.last_modified_date,
        r1_0.name,
        u1_0.status,
        u1_0.username 
    from
        user_account u1_0 
    left join
        authority a1_0 
            on a1_0.id=u1_0.authority_id 
    left join
        role r1_0 
            on r1_0.id=u1_0.role_id 
    where
        u1_0.id=?
[ERROR] Tests run: 8, Failures: 0, Errors: 1, Skipped: 0, Time elapsed: 0.210 s <<< FAILURE! -- in com.starter.springboot.repository.UserRepositoryTest
[ERROR] com.starter.springboot.repository.UserRepositoryTest.shouldCountTotalUsers -- Time elapsed: 0.023 s <<< ERROR!
jakarta.validation.ConstraintViolationException: 
Validation failed for classes [com.starter.springboot.entity.User] during persist time for groups [jakarta.validation.groups.Default, ]
List of constraint violations:[
	ConstraintViolationImpl{interpolatedMessage='size must be between 4 and 50', propertyPath=firstName, rootBeanClass=class com.starter.springboot.entity.User, messageTemplate='{jakarta.validation.constraints.Size.message}'}
]
	at org.hibernate.boot.beanvalidation.BeanValidationEventListener.validate(BeanValidationEventListener.java:151)
	at org.hibernate.boot.beanvalidation.BeanValidationEventListener.onPreInsert(BeanValidationEventListener.java:81)
	at org.hibernate.action.internal.EntityInsertAction.preInsert(EntityInsertAction.java:230)
	at org.hibernate.action.internal.EntityInsertAction.execute(EntityInsertAction.java:100)
	at org.hibernate.engine.spi.ActionQueue.executeActions(ActionQueue.java:632)
	at org.hibernate.engine.spi.ActionQueue.executeActions(ActionQueue.java:499)
	at org.hibernate.event.internal.AbstractFlushingEventListener.performExecutions(AbstractFlushingEventListener.java:363)
	at org.hibernate.event.internal.DefaultFlushEventListener.onFlush(DefaultFlushEventListener.java:41)
	at org.hibernate.event.service.internal.EventListenerGroupImpl.fireEventOnEachListener(EventListenerGroupImpl.java:127)
	at org.hibernate.internal.SessionImpl.doFlush(SessionImpl.java:1403)
	at org.hibernate.internal.SessionImpl.flush(SessionImpl.java:1389)
	at org.springframework.boot.test.autoconfigure.orm.jpa.TestEntityManager.flush(TestEntityManager.java:171)
	at com.starter.springboot.repository.UserRepositoryTest.shouldCountTotalUsers(UserRepositoryTest.java:184)
	at java.base/java.lang.reflect.Method.invoke(Method.java:568)
	at java.base/java.util.ArrayList.forEach(ArrayList.java:1511)
	at java.base/java.util.ArrayList.forEach(ArrayList.java:1511)

[INFO] Running com.starter.springboot.security.jwt.TokenProviderTest
2025-11-20T15:41:46.197+05:30  WARN 33892 --- [Starter Project] [           main] c.s.s.security.jwt.TokenProvider         : Failed to create refresh token: Cannot invoke "com.starter.springboot.service.IRefreshTokenService.createRefreshToken(java.lang.Long, long)" because "<local4>.refreshTokenService" is null
2025-11-20T15:41:46.210+05:30  WARN 33892 --- [Starter Project] [           main] c.s.s.security.jwt.TokenProvider         : Redis whitelist check failed: Redis connection failed
2025-11-20T15:41:46.220+05:30  WARN 33892 --- [Starter Project] [           main] c.s.s.security.jwt.TokenProvider         : Failed to create refresh token: Cannot invoke "com.starter.springboot.service.IRefreshTokenService.createRefreshToken(java.lang.Long, long)" because "<local4>.refreshTokenService" is null
2025-11-20T15:41:46.253+05:30  INFO 33892 --- [Starter Project] [           main] c.s.s.security.jwt.TokenProvider         : Rejecting JWT for user testuser: issuedAt=Thu Nov 20 15:41:46 IST 2025 <= lastPasswordResetDate=Thu Nov 20 15:42:46 IST 2025
2025-11-20T15:41:46.266+05:30  WARN 33892 --- [Starter Project] [           main] c.s.s.security.jwt.TokenProvider         : Failed to create refresh token: Cannot invoke "com.starter.springboot.service.IRefreshTokenService.createRefreshToken(java.lang.Long, long)" because "<local4>.refreshTokenService" is null
2025-11-20T15:41:46.266+05:30  WARN 33892 --- [Starter Project] [           main] c.s.s.security.jwt.TokenProvider         : Failed to register jti in redis whitelist: Redis connection failed
2025-11-20T15:41:46.312+05:30 ERROR 33892 --- [Starter Project] [           main] c.s.s.security.jwt.TokenProvider         : Invalid JWT token: Malformed JWT JSON: ?{?'
2025-11-20T15:41:46.322+05:30  WARN 33892 --- [Starter Project] [           main] c.s.s.security.jwt.TokenProvider         : Failed to create refresh token: Cannot invoke "com.starter.springboot.service.IRefreshTokenService.createRefreshToken(java.lang.Long, long)" because "<local4>.refreshTokenService" is null
2025-11-20T15:41:46.351+05:30  WARN 33892 --- [Starter Project] [           main] c.s.s.security.jwt.TokenProvider         : Failed to cache user details for OTP: Redis connection failed
2025-11-20T15:41:46.359+05:30  WARN 33892 --- [Starter Project] [           main] c.s.s.security.jwt.TokenProvider         : User not found while validating JWT: testuser
2025-11-20T15:41:46.368+05:30  INFO 33892 --- [Starter Project] [           main] c.s.s.security.jwt.TokenProvider         : JTI for user testuser is not whitelisted in redis
2025-11-20T15:41:46.378+05:30  WARN 33892 --- [Starter Project] [           main] c.s.s.security.jwt.TokenProvider         : Failed to retrieve cached user details for OTP: Unexpected character ('i' (code 105)): was expecting double-quote to start field name
 at [Source: (String)"{invalid json}"; line: 1, column: 3]
[INFO] Tests run: 23, Failures: 0, Errors: 0, Skipped: 0, Time elapsed: 0.435 s -- in com.starter.springboot.security.jwt.TokenProviderTest
[INFO] Running com.starter.springboot.security.OtpAwareAuthenticationProviderTest
2025-11-20T15:41:46.451+05:30  WARN 33892 --- [Starter Project] [           main] c.s.s.s.OtpAwareAuthenticationProvider   : Invalid password for 'diona.smith'
2025-11-20T15:41:46.459+05:30  INFO 33892 --- [Starter Project] [           main] c.s.s.s.OtpAwareAuthenticationProvider   : User 'diona.smith' authenticated. OTP Required: true
2025-11-20T15:41:46.471+05:30  WARN 33892 --- [Starter Project] [           main] c.s.s.s.OtpAwareAuthenticationProvider   : User 'diona.smith' is not activated
2025-11-20T15:41:46.478+05:30  INFO 33892 --- [Starter Project] [           main] c.s.s.s.OtpAwareAuthenticationProvider   : User 'diona.smith' authenticated. OTP Required: true
2025-11-20T15:41:46.486+05:30  INFO 33892 --- [Starter Project] [           main] c.s.s.s.OtpAwareAuthenticationProvider   : User 'testuser' authenticated. OTP Required: true
2025-11-20T15:41:46.494+05:30  WARN 33892 --- [Starter Project] [           main] c.s.s.s.OtpAwareAuthenticationProvider   : User 'diona.smith' not found
2025-11-20T15:41:46.500+05:30  INFO 33892 --- [Starter Project] [           main] c.s.s.s.OtpAwareAuthenticationProvider   : User 'diona.smith' authenticated. OTP Required: false
2025-11-20T15:41:46.505+05:30  INFO 33892 --- [Starter Project] [           main] c.s.s.s.OtpAwareAuthenticationProvider   : User 'diona.smith' authenticated. OTP Required: true
2025-11-20T15:41:46.514+05:30  INFO 33892 --- [Starter Project] [           main] c.s.s.s.OtpAwareAuthenticationProvider   : User 'diona.smith' authenticated. OTP Required: true
2025-11-20T15:41:46.519+05:30  WARN 33892 --- [Starter Project] [           main] c.s.s.s.OtpAwareAuthenticationProvider   : User 'diona.smith' is not activated
2025-11-20T15:41:46.525+05:30  INFO 33892 --- [Starter Project] [           main] c.s.s.s.OtpAwareAuthenticationProvider   : User 'diona.smith' authenticated. OTP Required: true
[INFO] Tests run: 13, Failures: 0, Errors: 0, Skipped: 0, Time elapsed: 0.144 s -- in com.starter.springboot.security.OtpAwareAuthenticationProviderTest
[INFO] Running com.starter.springboot.service.AuthCacheServiceTest
2025-11-20T15:41:46.542+05:30  INFO 33892 --- [Starter Project] [           main] c.s.s.service.impl.AuthCacheService      : Cleared authentication cache for user: testuser
2025-11-20T15:41:46.545+05:30  INFO 33892 --- [Starter Project] [           main] c.s.s.service.impl.AuthCacheService      : Cleared authentication cache for user: testuser
2025-11-20T15:41:46.550+05:30  INFO 33892 --- [Starter Project] [           main] c.s.s.service.impl.AuthCacheService      : Cleared authentication cache for user: testuser
2025-11-20T15:41:46.551+05:30  WARN 33892 --- [Starter Project] [           main] c.s.s.service.impl.AuthCacheService      : Failed to remove token whitelist for user testuser (ID: 1): Token removal failed
2025-11-20T15:41:46.555+05:30  WARN 33892 --- [Starter Project] [           main] c.s.s.service.impl.AuthCacheService      : Failed to clear authentication cache for user testuser: Redis connection failed
2025-11-20T15:41:46.559+05:30  INFO 33892 --- [Starter Project] [           main] c.s.s.service.impl.AuthCacheService      : Cleared authentication cache for user: TESTUSER
2025-11-20T15:41:46.564+05:30  WARN 33892 --- [Starter Project] [           main] c.s.s.service.impl.AuthCacheService      : Failed to clear all authentication caches: Redis connection failed
2025-11-20T15:41:46.574+05:30  WARN 33892 --- [Starter Project] [           main] c.s.s.service.impl.AuthCacheService      : Failed to clear authentication cache for user testuser: Redis connection failed
2025-11-20T15:41:46.574+05:30  INFO 33892 --- [Starter Project] [           main] c.s.s.service.impl.AuthCacheService      : Cleared token whitelist for user: testuser (ID: 1)
2025-11-20T15:41:46.577+05:30  WARN 33892 --- [Starter Project] [           main] c.s.s.service.impl.AuthCacheService      : Cannot clear auth cache for empty username
2025-11-20T15:41:46.583+05:30  INFO 33892 --- [Starter Project] [           main] c.s.s.service.impl.AuthCacheService      : Cleared authentication cache for user: TESTUSER
2025-11-20T15:41:46.583+05:30  INFO 33892 --- [Starter Project] [           main] c.s.s.service.impl.AuthCacheService      : Cleared token whitelist for user: TESTUSER (ID: 1)
2025-11-20T15:41:46.586+05:30  INFO 33892 --- [Starter Project] [           main] c.s.s.service.impl.AuthCacheService      : Cleared authentication cache for 3 users
2025-11-20T15:41:46.592+05:30  WARN 33892 --- [Starter Project] [           main] c.s.s.service.impl.AuthCacheService      : Cannot clear auth cache for empty username
2025-11-20T15:41:46.595+05:30  INFO 33892 --- [Starter Project] [           main] c.s.s.service.impl.AuthCacheService      : Cleared authentication cache for user: testuser
2025-11-20T15:41:46.595+05:30  INFO 33892 --- [Starter Project] [           main] c.s.s.service.impl.AuthCacheService      : Cleared token whitelist for user: testuser (ID: 1)
[INFO] Tests run: 14, Failures: 0, Errors: 0, Skipped: 0, Time elapsed: 0.067 s -- in com.starter.springboot.service.AuthCacheServiceTest
[INFO] Running com.starter.springboot.service.EmailServiceTest
2025-11-20T15:41:46.685+05:30 ERROR 33892 --- [Starter Project] [           main] c.s.s.service.impl.EmailService          : Sending e-mail error: Mail server error
2025-11-20T15:41:46.688+05:30  INFO 33892 --- [Starter Project] [           main] c.s.s.service.impl.EmailService          : Email successfully sent to: test1@example.com,test2@example.com,test3@example.com
2025-11-20T15:41:46.691+05:30  INFO 33892 --- [Starter Project] [           main] c.s.s.service.impl.EmailService          : Email successfully sent to: test@example.com
2025-11-20T15:41:46.695+05:30  INFO 33892 --- [Starter Project] [           main] c.s.s.service.impl.EmailService          : Email successfully sent to: test@example.com,user@example.com
2025-11-20T15:41:46.697+05:30  INFO 33892 --- [Starter Project] [           main] c.s.s.service.impl.EmailService          : Email successfully sent to: test@example.com
2025-11-20T15:41:46.701+05:30 ERROR 33892 --- [Starter Project] [           main] c.s.s.service.impl.EmailService          : No recipients provided for email with subject: Test Subject
2025-11-20T15:41:46.703+05:30 ERROR 33892 --- [Starter Project] [           main] c.s.s.service.impl.EmailService          : No recipients provided for email with subject: Test Subject
2025-11-20T15:41:46.708+05:30  INFO 33892 --- [Starter Project] [           main] c.s.s.service.impl.EmailService          : Email successfully sent to: test@example.com
2025-11-20T15:41:46.712+05:30 ERROR 33892 --- [Starter Project] [           main] c.s.s.service.impl.EmailService          : Sending e-mail error: Unexpected error
2025-11-20T15:41:46.715+05:30  INFO 33892 --- [Starter Project] [           main] c.s.s.service.impl.EmailService          : Email successfully sent to: test@example.com
[INFO] Tests run: 10, Failures: 0, Errors: 0, Skipped: 0, Time elapsed: 0.118 s -- in com.starter.springboot.service.EmailServiceTest
[INFO] Running com.starter.springboot.service.OtpAuditRetentionServiceTest
2025-11-20T15:41:46.941+05:30  INFO 33892 --- [Starter Project] [           main] c.s.s.s.impl.OtpAuditRetentionService    : Purged 5 OTP audit entries with expiry before 2025-10-21
[INFO] Tests run: 3, Failures: 0, Errors: 0, Skipped: 0, Time elapsed: 0.232 s -- in com.starter.springboot.service.OtpAuditRetentionServiceTest
[INFO] Running com.starter.springboot.service.OtpAuditServiceImplTest
[INFO] Tests run: 3, Failures: 0, Errors: 0, Skipped: 0, Time elapsed: 0.018 s -- in com.starter.springboot.service.OtpAuditServiceImplTest
[INFO] Running com.starter.springboot.service.OtpGeneratorTest
2025-11-20T15:41:46.989+05:30 ERROR 33892 --- [Starter Project] [           main] c.s.s.service.impl.OtpGenerator          : Failed to store OTP for key test@example.com: Redis connection failed
[INFO] Tests run: 16, Failures: 0, Errors: 0, Skipped: 0, Time elapsed: 0.110 s -- in com.starter.springboot.service.OtpGeneratorTest
[INFO] Running com.starter.springboot.service.OtpNotificationServiceImplTest
2025-11-20T15:41:47.154+05:30 ERROR 33892 --- [Starter Project] [           main] c.s.s.s.impl.OtpNotificationServiceImpl  : No email found for username: testUser
2025-11-20T15:41:47.164+05:30 ERROR 33892 --- [Starter Project] [           main] c.s.s.s.impl.OtpNotificationServiceImpl  : Error initiating OTP email dispatch to: test@example.com

java.lang.RuntimeException: Email service error
	at com.starter.springboot.service.impl.OtpNotificationServiceImpl.sendOtpEmailAsync(OtpNotificationServiceImpl.java:62) ~[classes/:na]
	at com.starter.springboot.service.OtpNotificationServiceImplTest.shouldHandleEmailServiceException(OtpNotificationServiceImplTest.java:106) ~[test-classes/:na]
	at java.base/jdk.internal.reflect.NativeMethodAccessorImpl.invoke0(Native Method) ~[na:na]
	at java.base/jdk.internal.reflect.NativeMethodAccessorImpl.invoke(NativeMethodAccessorImpl.java:77) ~[na:na]
	at java.base/jdk.internal.reflect.DelegatingMethodAccessorImpl.invoke(DelegatingMethodAccessorImpl.java:43) ~[na:na]
	at java.base/java.lang.reflect.Method.invoke(Method.java:568) ~[na:na]
	at org.junit.platform.commons.util.ReflectionUtils.invokeMethod(ReflectionUtils.java:728) ~[junit-platform-commons-1.10.2.jar:1.10.2]
	at org.junit.jupiter.engine.execution.MethodInvocation.proceed(MethodInvocation.java:60) ~[junit-jupiter-engine-5.10.2.jar:5.10.2]
	at org.junit.jupiter.engine.execution.InvocationInterceptorChain$ValidatingInvocation.proceed(InvocationInterceptorChain.java:131) ~[junit-jupiter-engine-5.10.2.jar:5.10.2]
	at org.junit.jupiter.engine.extension.TimeoutExtension.intercept(TimeoutExtension.java:156) ~[junit-jupiter-engine-5.10.2.jar:5.10.2]
	at org.junit.jupiter.engine.extension.TimeoutExtension.interceptTestableMethod(TimeoutExtension.java:147) ~[junit-jupiter-engine-5.10.2.jar:5.10.2]
	at org.junit.jupiter.engine.extension.TimeoutExtension.interceptTestMethod(TimeoutExtension.java:86) ~[junit-jupiter-engine-5.10.2.jar:5.10.2]
	at org.junit.jupiter.engine.execution.InterceptingExecutableInvoker$ReflectiveInterceptorCall.lambda$ofVoidMethod$0(InterceptingExecutableInvoker.java:103) ~[junit-jupiter-engine-5.10.2.jar:5.10.2]
	at org.junit.jupiter.engine.execution.InterceptingExecutableInvoker.lambda$invoke$0(InterceptingExecutableInvoker.java:93) ~[junit-jupiter-engine-5.10.2.jar:5.10.2]
	at org.junit.jupiter.engine.execution.InvocationInterceptorChain$InterceptedInvocation.proceed(InvocationInterceptorChain.java:106) ~[junit-jupiter-engine-5.10.2.jar:5.10.2]
	at org.junit.jupiter.engine.execution.InvocationInterceptorChain.proceed(InvocationInterceptorChain.java:64) ~[junit-jupiter-engine-5.10.2.jar:5.10.2]
	at org.junit.jupiter.engine.execution.InvocationInterceptorChain.chainAndInvoke(InvocationInterceptorChain.java:45) ~[junit-jupiter-engine-5.10.2.jar:5.10.2]
	at org.junit.jupiter.engine.execution.InvocationInterceptorChain.invoke(InvocationInterceptorChain.java:37) ~[junit-jupiter-engine-5.10.2.jar:5.10.2]
	at org.junit.jupiter.engine.execution.InterceptingExecutableInvoker.invoke(InterceptingExecutableInvoker.java:92) ~[junit-jupiter-engine-5.10.2.jar:5.10.2]
	at org.junit.jupiter.engine.execution.InterceptingExecutableInvoker.invoke(InterceptingExecutableInvoker.java:86) ~[junit-jupiter-engine-5.10.2.jar:5.10.2]
	at org.junit.jupiter.engine.descriptor.TestMethodTestDescriptor.lambda$invokeTestMethod$7(TestMethodTestDescriptor.java:218) ~[junit-jupiter-engine-5.10.2.jar:5.10.2]
	at org.junit.platform.engine.support.hierarchical.ThrowableCollector.execute(ThrowableCollector.java:73) ~[junit-platform-engine-1.10.2.jar:1.10.2]
	at org.junit.jupiter.engine.descriptor.TestMethodTestDescriptor.invokeTestMethod(TestMethodTestDescriptor.java:214) ~[junit-jupiter-engine-5.10.2.jar:5.10.2]
	at org.junit.jupiter.engine.descriptor.TestMethodTestDescriptor.execute(TestMethodTestDescriptor.java:139) ~[junit-jupiter-engine-5.10.2.jar:5.10.2]
	at org.junit.jupiter.engine.descriptor.TestMethodTestDescriptor.execute(TestMethodTestDescriptor.java:69) ~[junit-jupiter-engine-5.10.2.jar:5.10.2]
	at org.junit.platform.engine.support.hierarchical.NodeTestTask.lambda$executeRecursively$6(NodeTestTask.java:151) ~[junit-platform-engine-1.10.2.jar:1.10.2]
	at org.junit.platform.engine.support.hierarchical.ThrowableCollector.execute(ThrowableCollector.java:73) ~[junit-platform-engine-1.10.2.jar:1.10.2]
	at org.junit.platform.engine.support.hierarchical.NodeTestTask.lambda$executeRecursively$8(NodeTestTask.java:141) ~[junit-platform-engine-1.10.2.jar:1.10.2]
	at org.junit.platform.engine.support.hierarchical.Node.around(Node.java:137) ~[junit-platform-engine-1.10.2.jar:1.10.2]
	at org.junit.platform.engine.support.hierarchical.NodeTestTask.lambda$executeRecursively$9(NodeTestTask.java:139) ~[junit-platform-engine-1.10.2.jar:1.10.2]
	at org.junit.platform.engine.support.hierarchical.ThrowableCollector.execute(ThrowableCollector.java:73) ~[junit-platform-engine-1.10.2.jar:1.10.2]
	at org.junit.platform.engine.support.hierarchical.NodeTestTask.executeRecursively(NodeTestTask.java:138) ~[junit-platform-engine-1.10.2.jar:1.10.2]
	at org.junit.platform.engine.support.hierarchical.NodeTestTask.execute(NodeTestTask.java:95) ~[junit-platform-engine-1.10.2.jar:1.10.2]
	at java.base/java.util.ArrayList.forEach(ArrayList.java:1511) ~[na:na]
	at org.junit.platform.engine.support.hierarchical.SameThreadHierarchicalTestExecutorService.invokeAll(SameThreadHierarchicalTestExecutorService.java:41) ~[junit-platform-engine-1.10.2.jar:1.10.2]
	at org.junit.platform.engine.support.hierarchical.NodeTestTask.lambda$executeRecursively$6(NodeTestTask.java:155) ~[junit-platform-engine-1.10.2.jar:1.10.2]
	at org.junit.platform.engine.support.hierarchical.ThrowableCollector.execute(ThrowableCollector.java:73) ~[junit-platform-engine-1.10.2.jar:1.10.2]
	at org.junit.platform.engine.support.hierarchical.NodeTestTask.lambda$executeRecursively$8(NodeTestTask.java:141) ~[junit-platform-engine-1.10.2.jar:1.10.2]
	at org.junit.platform.engine.support.hierarchical.Node.around(Node.java:137) ~[junit-platform-engine-1.10.2.jar:1.10.2]
	at org.junit.platform.engine.support.hierarchical.NodeTestTask.lambda$executeRecursively$9(NodeTestTask.java:139) ~[junit-platform-engine-1.10.2.jar:1.10.2]
	at org.junit.platform.engine.support.hierarchical.ThrowableCollector.execute(ThrowableCollector.java:73) ~[junit-platform-engine-1.10.2.jar:1.10.2]
	at org.junit.platform.engine.support.hierarchical.NodeTestTask.executeRecursively(NodeTestTask.java:138) ~[junit-platform-engine-1.10.2.jar:1.10.2]
	at org.junit.platform.engine.support.hierarchical.NodeTestTask.execute(NodeTestTask.java:95) ~[junit-platform-engine-1.10.2.jar:1.10.2]
	at java.base/java.util.ArrayList.forEach(ArrayList.java:1511) ~[na:na]
	at org.junit.platform.engine.support.hierarchical.SameThreadHierarchicalTestExecutorService.invokeAll(SameThreadHierarchicalTestExecutorService.java:41) ~[junit-platform-engine-1.10.2.jar:1.10.2]
	at org.junit.platform.engine.support.hierarchical.NodeTestTask.lambda$executeRecursively$6(NodeTestTask.java:155) ~[junit-platform-engine-1.10.2.jar:1.10.2]
	at org.junit.platform.engine.support.hierarchical.ThrowableCollector.execute(ThrowableCollector.java:73) ~[junit-platform-engine-1.10.2.jar:1.10.2]
	at org.junit.platform.engine.support.hierarchical.NodeTestTask.lambda$executeRecursively$8(NodeTestTask.java:141) ~[junit-platform-engine-1.10.2.jar:1.10.2]
	at org.junit.platform.engine.support.hierarchical.Node.around(Node.java:137) ~[junit-platform-engine-1.10.2.jar:1.10.2]
	at org.junit.platform.engine.support.hierarchical.NodeTestTask.lambda$executeRecursively$9(NodeTestTask.java:139) ~[junit-platform-engine-1.10.2.jar:1.10.2]
	at org.junit.platform.engine.support.hierarchical.ThrowableCollector.execute(ThrowableCollector.java:73) ~[junit-platform-engine-1.10.2.jar:1.10.2]
	at org.junit.platform.engine.support.hierarchical.NodeTestTask.executeRecursively(NodeTestTask.java:138) ~[junit-platform-engine-1.10.2.jar:1.10.2]
	at org.junit.platform.engine.support.hierarchical.NodeTestTask.execute(NodeTestTask.java:95) ~[junit-platform-engine-1.10.2.jar:1.10.2]
	at org.junit.platform.engine.support.hierarchical.SameThreadHierarchicalTestExecutorService.submit(SameThreadHierarchicalTestExecutorService.java:35) ~[junit-platform-engine-1.10.2.jar:1.10.2]
	at org.junit.platform.engine.support.hierarchical.HierarchicalTestExecutor.execute(HierarchicalTestExecutor.java:57) ~[junit-platform-engine-1.10.2.jar:1.10.2]
	at org.junit.platform.engine.support.hierarchical.HierarchicalTestEngine.execute(HierarchicalTestEngine.java:54) ~[junit-platform-engine-1.10.2.jar:1.10.2]
	at org.junit.platform.launcher.core.EngineExecutionOrchestrator.execute(EngineExecutionOrchestrator.java:198) ~[junit-platform-launcher-1.10.2.jar:1.10.2]
	at org.junit.platform.launcher.core.EngineExecutionOrchestrator.execute(EngineExecutionOrchestrator.java:169) ~[junit-platform-launcher-1.10.2.jar:1.10.2]
	at org.junit.platform.launcher.core.EngineExecutionOrchestrator.execute(EngineExecutionOrchestrator.java:93) ~[junit-platform-launcher-1.10.2.jar:1.10.2]
	at org.junit.platform.launcher.core.EngineExecutionOrchestrator.lambda$execute$0(EngineExecutionOrchestrator.java:58) ~[junit-platform-launcher-1.10.2.jar:1.10.2]
	at org.junit.platform.launcher.core.EngineExecutionOrchestrator.withInterceptedStreams(EngineExecutionOrchestrator.java:141) ~[junit-platform-launcher-1.10.2.jar:1.10.2]
	at org.junit.platform.launcher.core.EngineExecutionOrchestrator.execute(EngineExecutionOrchestrator.java:57) ~[junit-platform-launcher-1.10.2.jar:1.10.2]
	at org.junit.platform.launcher.core.DefaultLauncher.execute(DefaultLauncher.java:103) ~[junit-platform-launcher-1.10.2.jar:1.10.2]
	at org.junit.platform.launcher.core.DefaultLauncher.execute(DefaultLauncher.java:85) ~[junit-platform-launcher-1.10.2.jar:1.10.2]
	at org.junit.platform.launcher.core.DelegatingLauncher.execute(DelegatingLauncher.java:47) ~[junit-platform-launcher-1.10.2.jar:1.10.2]
	at org.apache.maven.surefire.junitplatform.LazyLauncher.execute(LazyLauncher.java:56) ~[surefire-junit-platform-3.1.2.jar:3.1.2]
	at org.apache.maven.surefire.junitplatform.JUnitPlatformProvider.execute(JUnitPlatformProvider.java:184) ~[surefire-junit-platform-3.1.2.jar:3.1.2]
	at org.apache.maven.surefire.junitplatform.JUnitPlatformProvider.invokeAllTests(JUnitPlatformProvider.java:148) ~[surefire-junit-platform-3.1.2.jar:3.1.2]
	at org.apache.maven.surefire.junitplatform.JUnitPlatformProvider.invoke(JUnitPlatformProvider.java:122) ~[surefire-junit-platform-3.1.2.jar:3.1.2]
	at org.apache.maven.surefire.booter.ForkedBooter.runSuitesInProcess(ForkedBooter.java:385) ~[surefire-booter-3.1.2.jar:3.1.2]
	at org.apache.maven.surefire.booter.ForkedBooter.execute(ForkedBooter.java:162) ~[surefire-booter-3.1.2.jar:3.1.2]
	at org.apache.maven.surefire.booter.ForkedBooter.run(ForkedBooter.java:507) ~[surefire-booter-3.1.2.jar:3.1.2]
	at org.apache.maven.surefire.booter.ForkedBooter.main(ForkedBooter.java:495) ~[surefire-booter-3.1.2.jar:3.1.2]

2025-11-20T15:41:47.171+05:30 ERROR 33892 --- [Starter Project] [           main] c.s.s.s.impl.OtpNotificationServiceImpl  : No email found for username: testUser
[INFO] Tests run: 10, Failures: 0, Errors: 0, Skipped: 0, Time elapsed: 0.100 s -- in com.starter.springboot.service.OtpNotificationServiceImplTest
[INFO] Running com.starter.springboot.service.OtpRateLimiterImplTest
2025-11-20T15:41:47.202+05:30  WARN 33892 --- [Starter Project] [           main] c.s.s.service.impl.OtpRateLimiterImpl    : Invalid timestamp format in Redis for key: otp:testUser:last_sent
2025-11-20T15:41:47.209+05:30  WARN 33892 --- [Starter Project] [           main] c.s.s.service.impl.OtpRateLimiterImpl    : OTP rate limit exceeded for key: testUser. Last sent 5 seconds ago, 10 seconds remaining
2025-11-20T15:41:47.229+05:30  WARN 33892 --- [Starter Project] [           main] c.s.s.service.impl.OtpRateLimiterImpl    : OTP request limit exceeded for key: testUser
[INFO] Tests run: 9, Failures: 0, Errors: 0, Skipped: 0, Time elapsed: 0.050 s -- in com.starter.springboot.service.OtpRateLimiterImplTest
[INFO] Running com.starter.springboot.service.OtpServiceTest
2025-11-20T15:41:47.524+05:30 ERROR 33892 --- [Starter Project] [           main] c.s.springboot.service.impl.OtpService   : Failed to send OTP email to: test@example.com
2025-11-20T15:41:47.547+05:30 ERROR 33892 --- [Starter Project] [           main] c.s.springboot.service.impl.OtpService   : OTP generator returned error code for key: testuser
[INFO] Tests run: 15, Failures: 0, Errors: 0, Skipped: 0, Time elapsed: 0.308 s -- in com.starter.springboot.service.OtpServiceTest
[INFO] Running com.starter.springboot.service.PasswordChangeAuthorizationServiceTest
2025-11-20T15:41:47.691+05:30  WARN 33892 --- [Starter Project] [           main] s.s.i.PasswordChangeAuthorizationService : Unauthorized password change attempt: User authenticatedUser attempted to change password for user targetUser
2025-11-20T15:41:47.699+05:30 ERROR 33892 --- [Starter Project] [           main] s.s.i.PasswordChangeAuthorizationService : Authenticated user has no username
2025-11-20T15:41:47.719+05:30 ERROR 33892 --- [Starter Project] [           main] s.s.i.PasswordChangeAuthorizationService : No authenticated user found in security context
2025-11-20T15:41:47.732+05:30 ERROR 33892 --- [Starter Project] [           main] s.s.i.PasswordChangeAuthorizationService : No authenticated user found in security context
2025-11-20T15:41:47.736+05:30  WARN 33892 --- [Starter Project] [           main] s.s.i.PasswordChangeAuthorizationService : Unauthorized password change attempt: User authenticatedUser attempted to change password for user targetUser
[INFO] Tests run: 17, Failures: 0, Errors: 0, Skipped: 0, Time elapsed: 0.191 s -- in com.starter.springboot.service.PasswordChangeAuthorizationServiceTest
[INFO] Running com.starter.springboot.service.RedisTokenServiceTest
2025-11-20T15:41:47.755+05:30 ERROR 33892 --- [Starter Project] [           main] c.s.s.service.impl.RedisTokenService     : Failed to remove whitelist for user 123: Redis connection failed
2025-11-20T15:41:47.763+05:30 ERROR 33892 --- [Starter Project] [           main] c.s.s.service.impl.RedisTokenService     : Failed to register jti for user 123: Redis connection failed
2025-11-20T15:41:47.785+05:30 ERROR 33892 --- [Starter Project] [           main] c.s.s.service.impl.RedisTokenService     : Failed to check jti whitelist for user 123: Redis connection failed
[INFO] Tests run: 17, Failures: 0, Errors: 0, Skipped: 0, Time elapsed: 0.057 s -- in com.starter.springboot.service.RedisTokenServiceTest
[INFO] Running com.starter.springboot.service.RefreshTokenServiceTest
2025-11-20T15:41:47.904+05:30  WARN 33892 --- [Starter Project] [           main] c.s.s.service.impl.RefreshTokenService   : Invalid or expired refresh token
2025-11-20T15:41:47.917+05:30  WARN 33892 --- [Starter Project] [           main] c.s.s.service.impl.RefreshTokenService   : Invalid or expired refresh token
2025-11-20T15:41:47.925+05:30  WARN 33892 --- [Starter Project] [           main] c.s.s.service.impl.RefreshTokenService   : Invalid or expired refresh token
2025-11-20T15:41:47.931+05:30  INFO 33892 --- [Starter Project] [           main] c.s.s.service.impl.RefreshTokenService   : Cleaned up 10 expired refresh tokens
[INFO] Tests run: 19, Failures: 0, Errors: 0, Skipped: 0, Time elapsed: 0.128 s -- in com.starter.springboot.service.RefreshTokenServiceTest
[INFO] Running com.starter.springboot.service.UserServiceTest
2025-11-20T15:41:48.215+05:30  WARN 33892 --- [Starter Project] [           main] c.s.springboot.service.impl.UserService  : Failed to clear caches for user testuser: Cannot invoke "com.starter.springboot.service.IRefreshTokenService.revokeAllUserRefreshTokens(java.lang.Long)" because "this.refreshTokenService" is null
2025-11-20T15:41:48.237+05:30  WARN 33892 --- [Starter Project] [           main] c.s.springboot.service.impl.UserService  : Failed to clear caches for user testuser: Cannot invoke "com.starter.springboot.service.IRefreshTokenService.revokeAllUserRefreshTokens(java.lang.Long)" because "this.refreshTokenService" is null
2025-11-20T15:41:48.242+05:30  WARN 33892 --- [Starter Project] [           main] c.s.springboot.service.impl.UserService  : Failed to clear caches for user testuser: Redis connection failed
[INFO] Tests run: 18, Failures: 0, Errors: 0, Skipped: 0, Time elapsed: 0.328 s -- in com.starter.springboot.service.UserServiceTest
[INFO] 
[INFO] Results:
[INFO] 
[ERROR] Errors: 
[ERROR]   UserRepositoryTest.shouldCountTotalUsers:184 » ConstraintViolation Validation failed for classes [com.starter.springboot.entity.User] during persist time for groups [jakarta.validation.groups.Default, ]
List of constraint violations:[
	ConstraintViolationImpl{interpolatedMessage='size must be between 4 and 50', propertyPath=firstName, rootBeanClass=class com.starter.springboot.entity.User, messageTemplate='{jakarta.validation.constraints.Size.message}'}
]
[INFO] 
[ERROR] Tests run: 283, Failures: 0, Errors: 1, Skipped: 0
[INFO] 
[INFO] ------------------------------------------------------------------------
[INFO] BUILD FAILURE
[INFO] ------------------------------------------------------------------------
[INFO] Total time:  28.193 s
[INFO] Finished at: 2025-11-20T15:41:48+05:30
[INFO] ------------------------------------------------------------------------
[ERROR] Failed to execute goal org.apache.maven.plugins:maven-surefire-plugin:3.1.2:test (default-test) on project spring-boot: 
[ERROR] 
[ERROR] Please refer to C:\Users\Rahul.S\OneDrive\Desktop\spring-boot-otp\target\surefire-reports for the individual test results.
[ERROR] Please refer to dump files (if any exist) [date].dump, [date]-jvmRun[N].dump and [date].dumpstream.
[ERROR] -> [Help 1]
[ERROR] 
[ERROR] To see the full stack trace of the errors, re-run Maven with the -e switch.
[ERROR] Re-run Maven using the -X switch to enable full debug logging.
[ERROR] 
[ERROR] For more information about the errors and possible solutions, please read the following articles:
[ERROR] [Help 1] http://cwiki.apache.org/confluence/display/MAVEN/MojoFailureException
